Archive member included because of file (symbol)

c:/program files (x86)/gnu tools arm embedded/4.9 2014q4/bin/../lib/gcc/arm-none-eabi/4.9.3/armv7-m\libgcc.a(_arm_addsubdf3.o)
                              ./src/Drivers/LCD/stm322xg_eval_lcd.o (__aeabi_ui2d)
c:/program files (x86)/gnu tools arm embedded/4.9 2014q4/bin/../lib/gcc/arm-none-eabi/4.9.3/armv7-m\libgcc.a(_arm_cmpdf2.o)
                              ./src/Drivers/LCD/stm322xg_eval_lcd.o (__aeabi_dcmplt)
c:/program files (x86)/gnu tools arm embedded/4.9 2014q4/bin/../lib/gcc/arm-none-eabi/4.9.3/../../../../arm-none-eabi/lib/armv7-m\libg.a(lib_a-errno.o)
                              ./system/src/newlib/_sbrk.o (__errno)
c:/program files (x86)/gnu tools arm embedded/4.9 2014q4/bin/../lib/gcc/arm-none-eabi/4.9.3/../../../../arm-none-eabi/lib/armv7-m\libg.a(lib_a-impure.o)
                              c:/program files (x86)/gnu tools arm embedded/4.9 2014q4/bin/../lib/gcc/arm-none-eabi/4.9.3/../../../../arm-none-eabi/lib/armv7-m\libg.a(lib_a-errno.o) (_impure_ptr)
c:/program files (x86)/gnu tools arm embedded/4.9 2014q4/bin/../lib/gcc/arm-none-eabi/4.9.3/../../../../arm-none-eabi/lib/armv7-m\libg.a(lib_a-memcpy.o)
                              ./system/src/newlib/_startup.o (memcpy)
c:/program files (x86)/gnu tools arm embedded/4.9 2014q4/bin/../lib/gcc/arm-none-eabi/4.9.3/../../../../arm-none-eabi/lib/armv7-m\libg.a(lib_a-memset.o)
                              ./system/src/newlib/_startup.o (memset)
c:/program files (x86)/gnu tools arm embedded/4.9 2014q4/bin/../lib/gcc/arm-none-eabi/4.9.3/../../../../arm-none-eabi/lib/armv7-m\libg.a(lib_a-snprintf.o)
                              ./system/src/newlib/assert.o (snprintf)
c:/program files (x86)/gnu tools arm embedded/4.9 2014q4/bin/../lib/gcc/arm-none-eabi/4.9.3/../../../../arm-none-eabi/lib/armv7-m\libg.a(lib_a-strlen.o)
                              ./system/src/diag/Trace.o (strlen)
c:/program files (x86)/gnu tools arm embedded/4.9 2014q4/bin/../lib/gcc/arm-none-eabi/4.9.3/../../../../arm-none-eabi/lib/armv7-m\libg.a(lib_a-svfprintf.o)
                              c:/program files (x86)/gnu tools arm embedded/4.9 2014q4/bin/../lib/gcc/arm-none-eabi/4.9.3/../../../../arm-none-eabi/lib/armv7-m\libg.a(lib_a-snprintf.o) (_svfprintf_r)
c:/program files (x86)/gnu tools arm embedded/4.9 2014q4/bin/../lib/gcc/arm-none-eabi/4.9.3/../../../../arm-none-eabi/lib/armv7-m\libg.a(lib_a-vsnprintf.o)
                              ./system/src/diag/Trace.o (vsnprintf)
c:/program files (x86)/gnu tools arm embedded/4.9 2014q4/bin/../lib/gcc/arm-none-eabi/4.9.3/../../../../arm-none-eabi/lib/armv7-m\libg.a(lib_a-dtoa.o)
                              c:/program files (x86)/gnu tools arm embedded/4.9 2014q4/bin/../lib/gcc/arm-none-eabi/4.9.3/../../../../arm-none-eabi/lib/armv7-m\libg.a(lib_a-svfprintf.o) (_dtoa_r)
c:/program files (x86)/gnu tools arm embedded/4.9 2014q4/bin/../lib/gcc/arm-none-eabi/4.9.3/../../../../arm-none-eabi/lib/armv7-m\libg.a(lib_a-locale.o)
                              c:/program files (x86)/gnu tools arm embedded/4.9 2014q4/bin/../lib/gcc/arm-none-eabi/4.9.3/../../../../arm-none-eabi/lib/armv7-m\libg.a(lib_a-svfprintf.o) (_localeconv_r)
c:/program files (x86)/gnu tools arm embedded/4.9 2014q4/bin/../lib/gcc/arm-none-eabi/4.9.3/../../../../arm-none-eabi/lib/armv7-m\libg.a(lib_a-mallocr.o)
                              c:/program files (x86)/gnu tools arm embedded/4.9 2014q4/bin/../lib/gcc/arm-none-eabi/4.9.3/../../../../arm-none-eabi/lib/armv7-m\libg.a(lib_a-svfprintf.o) (_malloc_r)
c:/program files (x86)/gnu tools arm embedded/4.9 2014q4/bin/../lib/gcc/arm-none-eabi/4.9.3/../../../../arm-none-eabi/lib/armv7-m\libg.a(lib_a-memchr.o)
                              c:/program files (x86)/gnu tools arm embedded/4.9 2014q4/bin/../lib/gcc/arm-none-eabi/4.9.3/../../../../arm-none-eabi/lib/armv7-m\libg.a(lib_a-svfprintf.o) (memchr)
c:/program files (x86)/gnu tools arm embedded/4.9 2014q4/bin/../lib/gcc/arm-none-eabi/4.9.3/../../../../arm-none-eabi/lib/armv7-m\libg.a(lib_a-mlock.o)
                              c:/program files (x86)/gnu tools arm embedded/4.9 2014q4/bin/../lib/gcc/arm-none-eabi/4.9.3/../../../../arm-none-eabi/lib/armv7-m\libg.a(lib_a-mallocr.o) (__malloc_lock)
c:/program files (x86)/gnu tools arm embedded/4.9 2014q4/bin/../lib/gcc/arm-none-eabi/4.9.3/../../../../arm-none-eabi/lib/armv7-m\libg.a(lib_a-mprec.o)
                              c:/program files (x86)/gnu tools arm embedded/4.9 2014q4/bin/../lib/gcc/arm-none-eabi/4.9.3/../../../../arm-none-eabi/lib/armv7-m\libg.a(lib_a-dtoa.o) (_Balloc)
c:/program files (x86)/gnu tools arm embedded/4.9 2014q4/bin/../lib/gcc/arm-none-eabi/4.9.3/../../../../arm-none-eabi/lib/armv7-m\libg.a(lib_a-s_fpclassify.o)
[...]
Memory Configuration

Name             Origin             Length             Attributes
RAM              0x20000000         0x00005000         xrw
CCMRAM           0x00000000         0x00000000         xrw
FLASH            0x08000000         0x00020000         xr
FLASHB1          0x00000000         0x00000000         xr
EXTMEMB0         0x00000000         0x00000000         xr
EXTMEMB1         0x00000000         0x00000000         xr
EXTMEMB2         0x00000000         0x00000000         xr
EXTMEMB3         0x00000000         0x00000000         xr
MEMORY_ARRAY     0x00000000         0x00000000         xrw
*default*        0x00000000         0xffffffff

Linker script and memory map

LOAD ./system/src/stm32f2-stdperiph/misc.o
LOAD ./system/src/stm32f2-stdperiph/stm32f2xx_exti.o
LOAD ./system/src/stm32f2-stdperiph/stm32f2xx_gpio.o
LOAD ./system/src/stm32f2-stdperiph/stm32f2xx_i2c.o
LOAD ./system/src/stm32f2-stdperiph/stm32f2xx_pwr.o
LOAD ./system/src/stm32f2-stdperiph/stm32f2xx_rcc.o
LOAD ./system/src/stm32f2-stdperiph/stm32f2xx_rtc.o
LOAD ./system/src/stm32f2-stdperiph/stm32f2xx_syscfg.o
LOAD ./system/src/newlib/_cxx.o
LOAD ./system/src/newlib/_exit.o
LOAD ./system/src/newlib/_sbrk.o
LOAD ./system/src/newlib/_startup.o
LOAD ./system/src/newlib/_syscalls.o
LOAD ./system/src/newlib/assert.o
LOAD ./system/src/diag/Trace.o
LOAD ./system/src/diag/trace_impl.o
LOAD ./system/src/cortexm/_initialize_hardware.o
LOAD ./system/src/cortexm/_reset_hardware.o
LOAD ./system/src/cortexm/exception_handlers.o
LOAD ./system/src/cmsis/system_stm32f2xx.o
LOAD ./system/src/cmsis/vectors_stm32f2xx.o
LOAD ./src/Drivers/i2c/i2c.o
LOAD ./src/Drivers/gpio/gpio.o
LOAD ./src/Drivers/LCD/fonts.o
LOAD ./src/Drivers/LCD/lcd_log.o
LOAD ./src/Drivers/LCD/stm322xg_eval.o
LOAD ./src/Drivers/LCD/stm322xg_eval_lcd.o
LOAD ./src/Drivers/LCD/stm32f2xx_fsmc.o
LOAD ./src/_write.o
LOAD ./src/main.o
LOAD ./src/utils.o
LOAD c:/program files (x86)/gnu tools arm embedded/4.9 2014q4/bin/../lib/gcc/arm-none-eabi/4.9.3/../../../../arm-none-eabi/lib/armv7-m\libstdc++.a
LOAD c:/program files (x86)/gnu tools arm embedded/4.9 2014q4/bin/../lib/gcc/arm-none-eabi/4.9.3/../../../../arm-none-eabi/lib/armv7-m\libm.a
START GROUP
LOAD c:/program files (x86)/gnu tools arm embedded/4.9 2014q4/bin/../lib/gcc/arm-none-eabi/4.9.3/armv7-m\libgcc.a
LOAD c:/program files (x86)/gnu tools arm embedded/4.9 2014q4/bin/../lib/gcc/arm-none-eabi/4.9.3/../../../../arm-none-eabi/lib/armv7-m\libg.a
LOAD c:/program files (x86)/gnu tools arm embedded/4.9 2014q4/bin/../lib/gcc/arm-none-eabi/4.9.3/../../../../arm-none-eabi/lib/armv7-m\libc.a
END GROUP
                0x20005000                __stack = (ORIGIN (RAM) + 0x5000)
                0x20005000                _estack = __stack
                0x00000400                __Main_Stack_Size = 0x400
                0x00000400                PROVIDE (_Main_Stack_Size, __Main_Stack_Size)
                0x20004c00                __Main_Stack_Limit = (__stack - __Main_Stack_Size)
                0x20004c00                PROVIDE (_Main_Stack_Limit, __Main_Stack_Limit)
                0x00000100                _Minimum_Stack_Size = 0x100
                0x2000124c                PROVIDE (_Heap_Begin, _end_noinit)
                0x20004c00                PROVIDE (_Heap_Limit, (__stack - __Main_Stack_Size))

.isr_vector     0x08000000      0x2cc
                0x08000000                . = ALIGN (0x4)
 *(.isr_vector)
 .isr_vector    0x08000000      0x184 ./system/src/cmsis/vectors_stm32f2xx.o
                0x08000000                __isr_vectors
 *(.cfmconfig)
 *(.after_vectors .after_vectors.*)
 .after_vectors
                0x08000184      0x118 ./system/src/newlib/_startup.o
                0x08000184                _start
 .after_vectors
                0x0800029c       0x2c ./system/src/cortexm/exception_handlers.o
                0x0800029c                Reset_Handler
                0x080002a4                NMI_Handler
                0x080002a8                HardFault_Handler
                0x080002ac                MemManage_Handler
                0x080002b0                BusFault_Handler
                0x080002b4                UsageFault_Handler
                0x080002b8                SVC_Handler
                0x080002bc                DebugMon_Handler
                0x080002c0                PendSV_Handler
                0x080002c4                SysTick_Handler
 .after_vectors
                0x080002c8        0x4 ./system/src/cmsis/vectors_stm32f2xx.o
                0x080002c8                RTC_Alarm_IRQHandler
                0x080002c8                HASH_RNG_IRQHandler
                0x080002c8                TIM8_CC_IRQHandler
                0x080002c8                TIM1_CC_IRQHandler
                0x080002c8                DMA2_Stream5_IRQHandler
                0x080002c8                DMA1_Stream5_IRQHandler
                0x080002c8                PVD_IRQHandler
                0x080002c8                SDIO_IRQHandler
                0x080002c8                TAMP_STAMP_IRQHandler
                0x080002c8                CAN2_RX1_IRQHandler
                0x080002c8                EXTI3_IRQHandler
                0x080002c8                TIM8_TRG_COM_TIM14_IRQHandler
                0x080002c8                TIM1_UP_TIM10_IRQHandler
                0x080002c8                TIM8_UP_TIM13_IRQHandler
                0x080002c8                I2C3_ER_IRQHandler
                0x080002c8                I2C2_EV_IRQHandler
                0x080002c8                DMA1_Stream2_IRQHandler
                0x080002c8                CAN1_RX0_IRQHandler
                0x080002c8                OTG_HS_WKUP_IRQHandler
                0x080002c8                CAN2_SCE_IRQHandler
                0x080002c8                DMA2_Stream2_IRQHandler
                0x080002c8                SPI1_IRQHandler
                0x080002c8                TIM6_DAC_IRQHandler
                0x080002c8                TIM1_BRK_TIM9_IRQHandler
                0x080002c8                DCMI_IRQHandler
                0x080002c8                CAN2_RX0_IRQHandler
                0x080002c8                DMA2_Stream3_IRQHandler
                0x080002c8                USART6_IRQHandler
                0x080002c8                USART3_IRQHandler
                0x080002c8                CRYP_IRQHandler
                0x080002c8                CAN1_RX1_IRQHandler
                0x080002c8                UART5_IRQHandler
                0x080002c8                DMA2_Stream0_IRQHandler
                0x080002c8                TIM4_IRQHandler
                0x080002c8                I2C1_EV_IRQHandler
                0x080002c8                DMA1_Stream6_IRQHandler
                0x080002c8                DMA1_Stream1_IRQHandler
                0x080002c8                UART4_IRQHandler
                0x080002c8                TIM3_IRQHandler
                0x080002c8                RCC_IRQHandler
                0x080002c8                TIM8_BRK_TIM12_IRQHandler
                0x080002c8                TIM1_TRG_COM_IRQHandler
                0x080002c8                Default_Handler
                0x080002c8                ADC_IRQHandler
                0x080002c8                DMA1_Stream7_IRQHandler
                0x080002c8                TIM7_IRQHandler
                0x080002c8                CAN2_TX_IRQHandler
                0x080002c8                TIM5_IRQHandler
                0x080002c8                DMA2_Stream7_IRQHandler
                0x080002c8                I2C3_EV_IRQHandler
                0x080002c8                EXTI9_5_IRQHandler
                0x080002c8                RTC_WKUP_IRQHandler
                0x080002c8                ETH_WKUP_IRQHandler
                0x080002c8                SPI2_IRQHandler
                0x080002c8                OTG_HS_EP1_IN_IRQHandler
                0x080002c8                DMA1_Stream0_IRQHandler
                0x080002c8                CAN1_TX_IRQHandler
                0x080002c8                EXTI4_IRQHandler
                0x080002c8                FSMC_IRQHandler
                0x080002c8                ETH_IRQHandler
                0x080002c8                OTG_HS_EP1_OUT_IRQHandler
                0x080002c8                WWDG_IRQHandler
                0x080002c8                TIM2_IRQHandler
                0x080002c8                OTG_FS_WKUP_IRQHandler
                0x080002c8                TIM1_TRG_COM_TIM11_IRQHandler
                0x080002c8                OTG_HS_IRQHandler
                0x080002c8                EXTI1_IRQHandler
                0x080002c8                USART2_IRQHandler
                0x080002c8                I2C2_ER_IRQHandler
                0x080002c8                DMA2_Stream1_IRQHandler
                0x080002c8                CAN1_SCE_IRQHandler
                0x080002c8                FLASH_IRQHandler
                0x080002c8                DMA2_Stream4_IRQHandler
                0x080002c8                USART1_IRQHandler
                0x080002c8                OTG_FS_IRQHandler
                0x080002c8                SPI3_IRQHandler
                0x080002c8                DMA1_Stream4_IRQHandler
                0x080002c8                I2C1_ER_IRQHandler
                0x080002c8                DMA2_Stream6_IRQHandler
                0x080002c8                DMA1_Stream3_IRQHandler
                0x080002cc                . = ALIGN (0x4)

.inits          0x080002cc        0x0
                0x080002cc                . = ALIGN (0x4)
 *(.init)
 *(.fini)
                0x080002cc                . = ALIGN (0x4)
                0x080002cc                PROVIDE (__preinit_array_start, .)
 *(.preinit_array_sysinit .preinit_array_sysinit.*)
 *(.preinit_array_platform .preinit_array_platform.*)
 *(.preinit_array .preinit_array.*)
                0x080002cc                PROVIDE (__preinit_array_end, .)
                0x080002cc                . = ALIGN (0x4)
                0x080002cc                PROVIDE (__init_array_start, .)
 *(SORT(.init_array.*))
 *(.init_array)
                0x080002cc                PROVIDE (__init_array_end, .)
                0x080002cc                . = ALIGN (0x4)
                0x080002cc                PROVIDE (__fini_array_start, .)
 *(SORT(.fini_array.*))
 *(.fini_array)
                0x080002cc                PROVIDE (__fini_array_end, .)
                0x080002cc                . = ALIGN (0x4)

.flashtext      0x080002cc        0x0
                0x080002cc                . = ALIGN (0x4)
 *(.flashtext .flashtext.*)
                0x080002cc                . = ALIGN (0x4)

.text           0x080002d0     0x8c8c
                0x080002d0                . = ALIGN (0x4)
 *(.text .text.*)
 .text.NVIC_Init
                0x080002d0       0xa0 ./system/src/stm32f2-stdperiph/misc.o
                0x080002d0                NVIC_Init
 .text.EXTI_Init
                0x08000370       0xcc ./system/src/stm32f2-stdperiph/stm32f2xx_exti.o
                0x08000370                EXTI_Init
 .text.EXTI_ClearFlag
                0x0800043c       0x24 ./system/src/stm32f2-stdperiph/stm32f2xx_exti.o
                0x0800043c                EXTI_ClearFlag
 .text.GPIO_Init
                0x08000460      0x14c ./system/src/stm32f2-stdperiph/stm32f2xx_gpio.o
                0x08000460                GPIO_Init
 .text.GPIO_PinAFConfig
                0x080005ac       0xa4 ./system/src/stm32f2-stdperiph/stm32f2xx_gpio.o
                0x080005ac                GPIO_PinAFConfig
 .text.RCC_AHB1PeriphClockCmd
                0x08000650       0x50 ./system/src/stm32f2-stdperiph/stm32f2xx_rcc.o
                0x08000650                RCC_AHB1PeriphClockCmd
 .text.RCC_AHB3PeriphClockCmd
                0x080006a0       0x4c ./system/src/stm32f2-stdperiph/stm32f2xx_rcc.o
                0x080006a0                RCC_AHB3PeriphClockCmd
 .text.RCC_APB2PeriphClockCmd
                0x080006ec       0x50 ./system/src/stm32f2-stdperiph/stm32f2xx_rcc.o
                0x080006ec                RCC_APB2PeriphClockCmd
 .text.SYSCFG_EXTILineConfig
                0x0800073c       0x4c ./system/src/stm32f2-stdperiph/stm32f2xx_syscfg.o
                0x0800073c                SYSCFG_EXTILineConfig
 .text._exit    0x08000788        0x4 ./system/src/newlib/_exit.o
                0x08000788                _exit
 .text.abort    0x0800078c       0x14 ./system/src/newlib/_exit.o
                0x0800078c                abort
 .text._sbrk    0x080007a0       0x40 ./system/src/newlib/_sbrk.o
                0x080007a0                _sbrk
 .text.__initialize_args
                0x080007e0       0x10 ./system/src/newlib/_syscalls.o
                0x080007e0                __initialize_args
 .text.assert_failed
                0x080007f0       0x18 ./system/src/newlib/assert.o
                0x080007f0                assert_failed
 .text.trace_printf
                0x08000808       0x34 ./system/src/diag/Trace.o
                0x08000808                trace_printf
 .text.trace_puts
                0x0800083c       0x20 ./system/src/diag/Trace.o
                0x0800083c                trace_puts
 .text.trace_write
                0x0800085c       0x58 ./system/src/diag/trace_impl.o
                0x0800085c                trace_write
 .text.__initialize_hardware_early
                0x080008b4        0x4 ./system/src/cortexm/_initialize_hardware.o
                0x080008b4                __initialize_hardware_early
 .text.__initialize_hardware
                0x080008b8        0x4 ./system/src/cortexm/_initialize_hardware.o
                0x080008b8                __initialize_hardware
 .text.SystemInit
                0x080008bc       0xdc ./system/src/cmsis/system_stm32f2xx.o
                0x080008bc                SystemInit
 .text.SystemCoreClockUpdate
                0x08000998       0x84 ./system/src/cmsis/system_stm32f2xx.o
                0x08000998                SystemCoreClockUpdate
 .text._Z45init_gpio_port_interrupts_and_connect_to_nvichh19EXTITrigger_TypeDef
                0x08000a1c       0xa8 ./src/Drivers/gpio/gpio.o
                0x08000a1c                init_gpio_port_interrupts_and_connect_to_nvic(unsigned char, unsigned char, EXTITrigger_TypeDef)
 .text._Z9init_portmm17GPIOSpeed_TypeDef16GPIOMode_TypeDef17GPIOOType_TypeDef16GPIOPuPd_TypeDef
                0x08000ac4       0x4c ./src/Drivers/gpio/gpio.o
                0x08000ac4                init_port(unsigned long, unsigned long, GPIOSpeed_TypeDef, GPIOMode_TypeDef, GPIOOType_TypeDef, GPIOPuPd_TypeDef)
 .text._Z12LCD_LOG_Initv
                0x08000b10       0x84 ./src/Drivers/LCD/lcd_log.o
                0x08000b10                LCD_LOG_Init()
 .text._Z17LCD_LOG_SetHeaderPh
                0x08000b94       0x9c ./src/Drivers/LCD/lcd_log.o
                0x08000b94                LCD_LOG_SetHeader(unsigned char*)
 .text.STM_EVAL_PBInit
                0x08000c30       0xb0 ./src/Drivers/LCD/stm322xg_eval.o
                0x08000c30                STM_EVAL_PBInit
 .text.LCD_SetTextColor
                0x08000ce0       0x18 ./src/Drivers/LCD/stm322xg_eval_lcd.o
                0x08000ce0                LCD_SetTextColor
 .text.LCD_SetBackColor
                0x08000cf8       0x18 ./src/Drivers/LCD/stm322xg_eval_lcd.o
                0x08000cf8                LCD_SetBackColor
 .text.LCD_SetFont
                0x08000d10        0xc ./src/Drivers/LCD/stm322xg_eval_lcd.o
                0x08000d10                LCD_SetFont
 .text.LCD_GetFont
                0x08000d1c        0xc ./src/Drivers/LCD/stm322xg_eval_lcd.o
                0x08000d1c                LCD_GetFont
 .text.LCD_ClearLine
                0x08000d28      0x110 ./src/Drivers/LCD/stm322xg_eval_lcd.o
                0x08000d28                LCD_ClearLine
 .text.LCD_Clear
                0x08000e38       0x30 ./src/Drivers/LCD/stm322xg_eval_lcd.o
                0x08000e38                LCD_Clear
 .text.LCD_DisplayStringLine
                0x08000e68      0x138 ./src/Drivers/LCD/stm322xg_eval_lcd.o
                0x08000e68                LCD_DisplayStringLine
 .text.LCD_CtrlLinesConfig
                0x08000fa0      0x138 ./src/Drivers/LCD/stm322xg_eval_lcd.o
                0x08000fa0                LCD_CtrlLinesConfig
 .text.STM322xG_LCD_Init
                0x080010d8      0x5d8 ./src/Drivers/LCD/stm322xg_eval_lcd.o
                0x080010d8                STM322xG_LCD_Init
 .text.FSMC_NORSRAMInit
                0x080016b0      0x280 ./src/Drivers/LCD/stm32f2xx_fsmc.o
                0x080016b0                FSMC_NORSRAMInit
 .text.FSMC_NORSRAMCmd
                0x08001930       0x50 ./src/Drivers/LCD/stm32f2xx_fsmc.o
                0x08001930                FSMC_NORSRAMCmd
 .text._Z8init_lcdv
                0x08001980       0x18 ./src/main.o
                0x08001980                init_lcd()
 .text.EXTI15_10_IRQHandler
                0x08001998       0x20 ./src/main.o
                0x08001998                EXTI15_10_IRQHandler
 .text.EXTI0_IRQHandler
                0x080019b8       0x58 ./src/main.o
                0x080019b8                EXTI0_IRQHandler
 .text.EXTI2_IRQHandler
                0x08001a10      0x320 ./src/main.o
                0x08001a10                EXTI2_IRQHandler
 .text.startup.main
                0x08001d30       0x60 ./src/main.o
                0x08001d30                main
 .text          0x08001d90      0x370 c:/program files (x86)/gnu tools arm embedded/4.9 2014q4/bin/../lib/gcc/arm-none-eabi/4.9.3/armv7-m\libgcc.a(_arm_addsubdf3.o)
                0x08001d90                __aeabi_drsub
                0x08001d98                __aeabi_dsub
                0x08001d98                __subdf3
                0x08001d9c                __aeabi_dadd
                0x08001d9c                __adddf3
                0x08002014                __floatunsidf
                0x08002014                __aeabi_ui2d
                0x08002034                __floatsidf
                0x08002034                __aeabi_i2d
                0x08002058                __aeabi_f2d
                0x08002058                __extendsfdf2
                0x08002094                __floatundidf
                0x08002094                __aeabi_ul2d
                0x080020a4                __floatdidf
                0x080020a4                __aeabi_l2d
 .text          0x08002100      0x110 c:/program files (x86)/gnu tools arm embedded/4.9 2014q4/bin/../lib/gcc/arm-none-eabi/4.9.3/armv7-m\libgcc.a(_arm_cmpdf2.o)
                0x08002100                __gtdf2
                0x08002100                __gedf2
                0x08002108                __ltdf2
                0x08002108                __ledf2
                0x08002110                __nedf2
                0x08002110                __eqdf2
                0x08002110                __cmpdf2
                0x0800218c                __aeabi_cdrcmple
                0x0800219c                __aeabi_cdcmpeq
                0x0800219c                __aeabi_cdcmple
                0x080021ac                __aeabi_dcmpeq
                0x080021c0                __aeabi_dcmplt
                0x080021d4                __aeabi_dcmple
                0x080021e8                __aeabi_dcmpge
                0x080021fc                __aeabi_dcmpgt
 .text.__errno  0x08002210        0xc c:/program files (x86)/gnu tools arm embedded/4.9 2014q4/bin/../lib/gcc/arm-none-eabi/4.9.3/../../../../arm-none-eabi/lib/armv7-m\libg.a(lib_a-errno.o)
                0x08002210                __errno
 .text          0x0800221c       0xec c:/program files (x86)/gnu tools arm embedded/4.9 2014q4/bin/../lib/gcc/arm-none-eabi/4.9.3/../../../../arm-none-eabi/lib/armv7-m\libg.a(lib_a-memcpy.o)
                0x0800221c                memcpy
 .text.memset   0x08002308       0x9c c:/program files (x86)/gnu tools arm embedded/4.9 2014q4/bin/../lib/gcc/arm-none-eabi/4.9.3/../../../../arm-none-eabi/lib/armv7-m\libg.a(lib_a-memset.o)
                0x08002308                memset
 .text.strlen   0x080023a4       0x5c c:/program files (x86)/gnu tools arm embedded/4.9 2014q4/bin/../lib/gcc/arm-none-eabi/4.9.3/../../../../arm-none-eabi/lib/armv7-m\libg.a(lib_a-strlen.o)
                0x080023a4                strlen
 .text._svfprintf_r
                0x08002400     0x14f4 c:/program files (x86)/gnu tools arm embedded/4.9 2014q4/bin/../lib/gcc/arm-none-eabi/4.9.3/../../../../arm-none-eabi/lib/armv7-m\libg.a(lib_a-svfprintf.o)
                0x08002400                _svfprintf_r
 .text._vsnprintf_r
                0x080038f4       0x70 c:/program files (x86)/gnu tools arm embedded/4.9 2014q4/bin/../lib/gcc/arm-none-eabi/4.9.3/../../../../arm-none-eabi/lib/armv7-m\libg.a(lib_a-vsnprintf.o)
                0x080038f4                _vsnprintf_r
 .text.vsnprintf
                0x08003964       0x20 c:/program files (x86)/gnu tools arm embedded/4.9 2014q4/bin/../lib/gcc/arm-none-eabi/4.9.3/../../../../arm-none-eabi/lib/armv7-m\libg.a(lib_a-vsnprintf.o)
                0x08003964                vsnprintf
 .text.quorem   0x08003984      0x130 c:/program files (x86)/gnu tools arm embedded/4.9 2014q4/bin/../lib/gcc/arm-none-eabi/4.9.3/../../../../arm-none-eabi/lib/armv7-m\libg.a(lib_a-dtoa.o)
 *fill*         0x08003ab4        0x4 
 .text._dtoa_r  0x08003ab8      0xea8 c:/program files (x86)/gnu tools arm embedded/4.9 2014q4/bin/../lib/gcc/arm-none-eabi/4.9.3/../../../../arm-none-eabi/lib/armv7-m\libg.a(lib_a-dtoa.o)
                0x08003ab8                _dtoa_r
 .text._localeconv_r
                0x08004960        0x8 c:/program files (x86)/gnu tools arm embedded/4.9 2014q4/bin/../lib/gcc/arm-none-eabi/4.9.3/../../../../arm-none-eabi/lib/armv7-m\libg.a(lib_a-locale.o)
                0x08004960                _localeconv_r
 .text._malloc_r
                0x08004968      0x504 c:/program files (x86)/gnu tools arm embedded/4.9 2014q4/bin/../lib/gcc/arm-none-eabi/4.9.3/../../../../arm-none-eabi/lib/armv7-m\libg.a(lib_a-mallocr.o)
                0x08004968                _malloc_r
 .text.memchr   0x08004e6c       0x94 c:/program files (x86)/gnu tools arm embedded/4.9 2014q4/bin/../lib/gcc/arm-none-eabi/4.9.3/../../../../arm-none-eabi/lib/armv7-m\libg.a(lib_a-memchr.o)
                0x08004e6c                memchr
 .text.__malloc_lock
                0x08004f00        0x4 c:/program files (x86)/gnu tools arm embedded/4.9 2014q4/bin/../lib/gcc/arm-none-eabi/4.9.3/../../../../arm-none-eabi/lib/armv7-m\libg.a(lib_a-mlock.o)
                0x08004f00                __malloc_lock
 .text.__malloc_unlock
                0x08004f04        0x4 c:/program files (x86)/gnu tools arm embedded/4.9 2014q4/bin/../lib/gcc/arm-none-eabi/4.9.3/../../../../arm-none-eabi/lib/armv7-m\libg.a(lib_a-mlock.o)
                0x08004f04                __malloc_unlock
 .text._Balloc  0x08004f08       0x50 c:/program files (x86)/gnu tools arm embedded/4.9 2014q4/bin/../lib/gcc/arm-none-eabi/4.9.3/../../../../arm-none-eabi/lib/armv7-m\libg.a(lib_a-mprec.o)
                0x08004f08                _Balloc
 .text._Bfree   0x08004f58       0x14 c:/program files (x86)/gnu tools arm embedded/4.9 2014q4/bin/../lib/gcc/arm-none-eabi/4.9.3/../../../../arm-none-eabi/lib/armv7-m\libg.a(lib_a-mprec.o)
                0x08004f58                _Bfree
 .text.__multadd
                0x08004f6c       0x84 c:/program files (x86)/gnu tools arm embedded/4.9 2014q4/bin/../lib/gcc/arm-none-eabi/4.9.3/../../../../arm-none-eabi/lib/armv7-m\libg.a(lib_a-mprec.o)
                0x08004f6c                __multadd
 .text.__hi0bits
                0x08004ff0       0x40 c:/program files (x86)/gnu tools arm embedded/4.9 2014q4/bin/../lib/gcc/arm-none-eabi/4.9.3/../../../../arm-none-eabi/lib/armv7-m\libg.a(lib_a-mprec.o)
                0x08004ff0                __hi0bits
 .text.__lo0bits
                0x08005030       0x5c c:/program files (x86)/gnu tools arm embedded/4.9 2014q4/bin/../lib/gcc/arm-none-eabi/4.9.3/../../../../arm-none-eabi/lib/armv7-m\libg.a(lib_a-mprec.o)
                0x08005030                __lo0bits
 .text.__i2b    0x0800508c       0x14 c:/program files (x86)/gnu tools arm embedded/4.9 2014q4/bin/../lib/gcc/arm-none-eabi/4.9.3/../../../../arm-none-eabi/lib/armv7-m\libg.a(lib_a-mprec.o)
                0x0800508c                __i2b
 .text.__multiply
                0x080050a0      0x140 c:/program files (x86)/gnu tools arm embedded/4.9 2014q4/bin/../lib/gcc/arm-none-eabi/4.9.3/../../../../arm-none-eabi/lib/armv7-m\libg.a(lib_a-mprec.o)
                0x080050a0                __multiply
 .text.__pow5mult
                0x080051e0       0xa0 c:/program files (x86)/gnu tools arm embedded/4.9 2014q4/bin/../lib/gcc/arm-none-eabi/4.9.3/../../../../arm-none-eabi/lib/armv7-m\libg.a(lib_a-mprec.o)
                0x080051e0                __pow5mult
 .text.__lshift
                0x08005280       0xb0 c:/program files (x86)/gnu tools arm embedded/4.9 2014q4/bin/../lib/gcc/arm-none-eabi/4.9.3/../../../../arm-none-eabi/lib/armv7-m\libg.a(lib_a-mprec.o)
                0x08005280                __lshift
 .text.__mcmp   0x08005330       0x48 c:/program files (x86)/gnu tools arm embedded/4.9 2014q4/bin/../lib/gcc/arm-none-eabi/4.9.3/../../../../arm-none-eabi/lib/armv7-m\libg.a(lib_a-mprec.o)
                0x08005330                __mcmp
 .text.__mdiff  0x08005378       0xe4 c:/program files (x86)/gnu tools arm embedded/4.9 2014q4/bin/../lib/gcc/arm-none-eabi/4.9.3/../../../../arm-none-eabi/lib/armv7-m\libg.a(lib_a-mprec.o)
                0x08005378                __mdiff
 .text.__d2b    0x0800545c       0xa8 c:/program files (x86)/gnu tools arm embedded/4.9 2014q4/bin/../lib/gcc/arm-none-eabi/4.9.3/../../../../arm-none-eabi/lib/armv7-m\libg.a(lib_a-mprec.o)
                0x0800545c                __d2b
 .text.__fpclassifyd
                0x08005504       0x58 c:/program files (x86)/gnu tools arm embedded/4.9 2014q4/bin/../lib/gcc/arm-none-eabi/4.9.3/../../../../arm-none-eabi/lib/armv7-m\libg.a(lib_a-s_fpclassify.o)
                0x08005504                __fpclassifyd
 .text._sbrk_r  0x0800555c       0x24 c:/program files (x86)/gnu tools arm embedded/4.9 2014q4/bin/../lib/gcc/arm-none-eabi/4.9.3/../../../../arm-none-eabi/lib/armv7-m\libg.a(lib_a-sbrkr.o)
                0x0800555c                _sbrk_r
 .text.__ssprint_r
                0x08005580      0x104 c:/program files (x86)/gnu tools arm embedded/4.9 2014q4/bin/../lib/gcc/arm-none-eabi/4.9.3/../../../../arm-none-eabi/lib/armv7-m\libg.a(lib_a-svfiprintf.o)
                0x08005580                __ssprint_r
 .text._calloc_r
                0x08005684       0x60 c:/program files (x86)/gnu tools arm embedded/4.9 2014q4/bin/../lib/gcc/arm-none-eabi/4.9.3/../../../../arm-none-eabi/lib/armv7-m\libg.a(lib_a-callocr.o)
                0x08005684                _calloc_r
 .text._malloc_trim_r
                0x080056e4       0x9c c:/program files (x86)/gnu tools arm embedded/4.9 2014q4/bin/../lib/gcc/arm-none-eabi/4.9.3/../../../../arm-none-eabi/lib/armv7-m\libg.a(lib_a-freer.o)
                0x080056e4                _malloc_trim_r
 .text._free_r  0x08005780      0x1b0 c:/program files (x86)/gnu tools arm embedded/4.9 2014q4/bin/../lib/gcc/arm-none-eabi/4.9.3/../../../../arm-none-eabi/lib/armv7-m\libg.a(lib_a-freer.o)
                0x08005780                _free_r
 .text.memmove  0x08005930       0xc8 c:/program files (x86)/gnu tools arm embedded/4.9 2014q4/bin/../lib/gcc/arm-none-eabi/4.9.3/../../../../arm-none-eabi/lib/armv7-m\libg.a(lib_a-memmove.o)
                0x08005930                memmove
 .text._realloc_r
                0x080059f8      0x3e0 c:/program files (x86)/gnu tools arm embedded/4.9 2014q4/bin/../lib/gcc/arm-none-eabi/4.9.3/../../../../arm-none-eabi/lib/armv7-m\libg.a(lib_a-reallocr.o)
                0x080059f8                _realloc_r
 .text          0x08005dd8      0x424 c:/program files (x86)/gnu tools arm embedded/4.9 2014q4/bin/../lib/gcc/arm-none-eabi/4.9.3/armv7-m\libgcc.a(_arm_muldivdf3.o)
                0x08005dd8                __aeabi_dmul
                0x08005dd8                __muldf3
                0x0800602c                __divdf3
                0x0800602c                __aeabi_ddiv
 .text          0x080061fc       0x50 c:/program files (x86)/gnu tools arm embedded/4.9 2014q4/bin/../lib/gcc/arm-none-eabi/4.9.3/armv7-m\libgcc.a(_arm_fixdfsi.o)
                0x080061fc                __aeabi_d2iz
                0x080061fc                __fixdfsi
 .text          0x0800624c       0x2c c:/program files (x86)/gnu tools arm embedded/4.9 2014q4/bin/../lib/gcc/arm-none-eabi/4.9.3/armv7-m\libgcc.a(_aeabi_uldivmod.o)
                0x0800624c                __aeabi_uldivmod
 .text          0x08006278       0x60 c:/program files (x86)/gnu tools arm embedded/4.9 2014q4/bin/../lib/gcc/arm-none-eabi/4.9.3/armv7-m\libgcc.a(bpabi.o)
                0x08006278                __gnu_ldivmod_helper
                0x080062a8                __gnu_uldivmod_helper
 .text          0x080062d8        0x4 c:/program files (x86)/gnu tools arm embedded/4.9 2014q4/bin/../lib/gcc/arm-none-eabi/4.9.3/armv7-m\libgcc.a(_dvmd_tls.o)
                0x080062d8                __aeabi_idiv0
                0x080062d8                __aeabi_ldiv0
 .text          0x080062dc      0x2ac c:/program files (x86)/gnu tools arm embedded/4.9 2014q4/bin/../lib/gcc/arm-none-eabi/4.9.3/armv7-m\libgcc.a(_divdi3.o)
                0x080062dc                __divdi3
 .text          0x08006588      0x270 c:/program files (x86)/gnu tools arm embedded/4.9 2014q4/bin/../lib/gcc/arm-none-eabi/4.9.3/armv7-m\libgcc.a(_udivdi3.o)
                0x08006588                __udivdi3
 *(.rodata .rodata.*)
 .rodata.str1.4
                0x080067f8       0x27 ./system/src/stm32f2-stdperiph/misc.o
                                 0x28 (size before relaxing)
 *fill*         0x0800681f        0x1 
 .rodata.str1.4
                0x08006820       0x31 ./system/src/stm32f2-stdperiph/stm32f2xx_exti.o
                                 0x34 (size before relaxing)
 *fill*         0x08006851        0x3 
 .rodata.str1.4
                0x08006854       0x31 ./system/src/stm32f2-stdperiph/stm32f2xx_gpio.o
                                 0x34 (size before relaxing)
 *fill*         0x08006885        0x3 
 .rodata.str1.4
                0x08006888       0x30 ./system/src/stm32f2-stdperiph/stm32f2xx_rcc.o
 .rodata.str1.4
                0x080068b8       0x33 ./system/src/stm32f2-stdperiph/stm32f2xx_syscfg.o
                                 0x34 (size before relaxing)
 *fill*         0x080068eb        0x1 
 .rodata.str1.4
                0x080068ec       0x14 ./system/src/newlib/_exit.o
 .rodata.str1.4
                0x08006900       0x6b ./system/src/newlib/assert.o
                                 0x70 (size before relaxing)
 *fill*         0x0800696b        0x1 
 .rodata.str1.4
                0x0800696c       0x2d ./system/src/diag/Trace.o
                                 0x30 (size before relaxing)
 *fill*         0x08006999        0x3 
 .rodata        0x0800699c       0x10 ./src/Drivers/gpio/gpio.o
 .rodata._ZL16ASCII16x24_Table
                0x080069ac     0x11d0 ./src/Drivers/LCD/fonts.o
 .rodata._ZL15ASCII8x12_Table
                0x08007b7c      0x900 ./src/Drivers/LCD/fonts.o
 .rodata._ZL16ASCII12x12_Table
                0x0800847c      0x900 ./src/Drivers/LCD/fonts.o
 .rodata._ZL17BUTTON_PIN_SOURCE
                0x08008d7c        0x4 ./src/Drivers/LCD/stm322xg_eval.o
 .rodata._ZL10BUTTON_CLK
                0x08008d80        0xc ./src/Drivers/LCD/stm322xg_eval.o
 .rodata._ZL16BUTTON_EXTI_LINE
                0x08008d8c        0x8 ./src/Drivers/LCD/stm322xg_eval.o
 .rodata._ZL10BUTTON_PIN
                0x08008d94        0x8 ./src/Drivers/LCD/stm322xg_eval.o
 .rodata._ZL11BUTTON_IRQn
                0x08008d9c        0x4 ./src/Drivers/LCD/stm322xg_eval.o
 .rodata._ZL18BUTTON_PORT_SOURCE
                0x08008da0        0x4 ./src/Drivers/LCD/stm322xg_eval.o
 .rodata.str1.4
                0x08008da4       0x24 ./src/Drivers/LCD/stm32f2xx_fsmc.o
 .rodata.str1.4
                0x08008dc8       0x11 ./src/main.o
                                 0x14 (size before relaxing)
 *fill*         0x08008dd9        0x3 
 .rodata.str1.4
                0x08008ddc        0x2 c:/program files (x86)/gnu tools arm embedded/4.9 2014q4/bin/../lib/gcc/arm-none-eabi/4.9.3/../../../../arm-none-eabi/lib/armv7-m\libg.a(lib_a-impure.o)
                                  0x4 (size before relaxing)
 *fill*         0x08008dde        0x2 
 .rodata.blanks.6794
                0x08008de0       0x10 c:/program files (x86)/gnu tools arm embedded/4.9 2014q4/bin/../lib/gcc/arm-none-eabi/4.9.3/../../../../arm-none-eabi/lib/armv7-m\libg.a(lib_a-svfprintf.o)
 .rodata.str1.4
                0x08008df0       0x42 c:/program files (x86)/gnu tools arm embedded/4.9 2014q4/bin/../lib/gcc/arm-none-eabi/4.9.3/../../../../arm-none-eabi/lib/armv7-m\libg.a(lib_a-svfprintf.o)
                                 0x44 (size before relaxing)
 *fill*         0x08008e32        0x2 
 .rodata.zeroes.6795
                0x08008e34       0x10 c:/program files (x86)/gnu tools arm embedded/4.9 2014q4/bin/../lib/gcc/arm-none-eabi/4.9.3/../../../../arm-none-eabi/lib/armv7-m\libg.a(lib_a-svfprintf.o)
 .rodata.str1.4
                0x08008e44       0x10 c:/program files (x86)/gnu tools arm embedded/4.9 2014q4/bin/../lib/gcc/arm-none-eabi/4.9.3/../../../../arm-none-eabi/lib/armv7-m\libg.a(lib_a-dtoa.o)
                                 0x14 (size before relaxing)
 .rodata.str1.4
                0x08008e54        0xc c:/program files (x86)/gnu tools arm embedded/4.9 2014q4/bin/../lib/gcc/arm-none-eabi/4.9.3/../../../../arm-none-eabi/lib/armv7-m\libg.a(lib_a-locale.o)
                                 0x14 (size before relaxing)
 .rodata.__mprec_tens
                0x08008e60       0xc8 c:/program files (x86)/gnu tools arm embedded/4.9 2014q4/bin/../lib/gcc/arm-none-eabi/4.9.3/../../../../arm-none-eabi/lib/armv7-m\libg.a(lib_a-mprec.o)
                0x08008e60                __mprec_tens
 .rodata.__mprec_bigtens
                0x08008f28       0x28 c:/program files (x86)/gnu tools arm embedded/4.9 2014q4/bin/../lib/gcc/arm-none-eabi/4.9.3/../../../../arm-none-eabi/lib/armv7-m\libg.a(lib_a-mprec.o)
                0x08008f28                __mprec_bigtens
 .rodata.p05.5265
                0x08008f50        0xc c:/program files (x86)/gnu tools arm embedded/4.9 2014q4/bin/../lib/gcc/arm-none-eabi/4.9.3/../../../../arm-none-eabi/lib/armv7-m\libg.a(lib_a-mprec.o)
 *(vtable)
 *(.eh_frame*)
 .eh_frame      0x08008f5c        0x0 c:/program files (x86)/gnu tools arm embedded/4.9 2014q4/bin/../lib/gcc/arm-none-eabi/4.9.3/../../../../arm-none-eabi/lib/armv7-m\libg.a(lib_a-strcmp.o)
                                 0x38 (size before relaxing)
 *(.glue_7)
 .glue_7        0x00000000        0x0 linker stubs
 *(.glue_7t)
 .glue_7t       0x00000000        0x0 linker stubs

.vfp11_veneer   0x08008f5c        0x0
 .vfp11_veneer  0x00000000        0x0 linker stubs

.v4_bx          0x08008f5c        0x0
 .v4_bx         0x00000000        0x0 linker stubs

.iplt           0x08008f5c        0x0
 .iplt          0x00000000        0x0 ./system/src/stm32f2-stdperiph/misc.o

.ARM.extab
 *(.ARM.extab* .gnu.linkonce.armextab.*)
                0x08008f5c                __exidx_start = .

.ARM.exidx      0x08008f5c        0x8
 *(.ARM.exidx* .gnu.linkonce.armexidx.*)
 .ARM.exidx     0x08008f5c        0x8 c:/program files (x86)/gnu tools arm embedded/4.9 2014q4/bin/../lib/gcc/arm-none-eabi/4.9.3/armv7-m\libgcc.a(_divdi3.o)
 .ARM.exidx     0x08008f64        0x0 c:/program files (x86)/gnu tools arm embedded/4.9 2014q4/bin/../lib/gcc/arm-none-eabi/4.9.3/armv7-m\libgcc.a(_udivdi3.o)
                                  0x8 (size before relaxing)
                0x08008f64                __exidx_end = .

.rel.dyn        0x08008f64        0x0
 .rel.iplt      0x00000000        0x0 ./system/src/stm32f2-stdperiph/misc.o
                0x08008f64                . = ALIGN (0x4)
                0x08008f64                _etext = .
                0x08008f64                __etext = .
                0x08008f64                _sidata = _etext

.data           0x20000000      0x930 load address 0x08008f64
                0x20000000                . = ALIGN (0x4)
                0x20000000                _sdata = .
                0x20000000                __data_start__ = .
 *(.data_begin .data_begin.*)
 .data_begin    0x20000000        0x4 ./system/src/newlib/_startup.o
 *(.data .data.*)
 .data.argv.4510
                0x20000004        0x8 ./system/src/newlib/_syscalls.o
 .data.AHBPrescTable
                0x2000000c       0x10 ./system/src/cmsis/system_stm32f2xx.o
                0x2000000c                AHBPrescTable
 .data.SystemCoreClock
                0x2000001c        0x4 ./system/src/cmsis/system_stm32f2xx.o
                0x2000001c                SystemCoreClock
 .data.Font8x12
                0x20000020        0x8 ./src/Drivers/LCD/fonts.o
                0x20000020                Font8x12
 .data.Font12x12
                0x20000028        0x8 ./src/Drivers/LCD/fonts.o
                0x20000028                Font12x12
 .data.Font16x24
                0x20000030        0x8 ./src/Drivers/LCD/fonts.o
                0x20000030                Font16x24
 .data.BUTTON_PORT
                0x20000038        0xc ./src/Drivers/LCD/stm322xg_eval.o
                0x20000038                BUTTON_PORT
 .data.BackColor
                0x20000044        0x2 ./src/Drivers/LCD/stm322xg_eval_lcd.o
                0x20000044                BackColor
 *fill*         0x20000046        0x2 
 .data.vals     0x20000048       0x60 ./src/main.o
                0x20000048                vals
 .data.address_to_intercept
                0x200000a8        0x8 ./src/main.o
                0x200000a8                address_to_intercept
 .data._ZZ16EXTI2_IRQHandlerE12byte_to_send
                0x200000b0        0x4 ./src/main.o
 *fill*         0x200000b4        0x4 
 .data.impure_data
                0x200000b8      0x428 c:/program files (x86)/gnu tools arm embedded/4.9 2014q4/bin/../lib/gcc/arm-none-eabi/4.9.3/../../../../arm-none-eabi/lib/armv7-m\libg.a(lib_a-impure.o)
 .data._impure_ptr
                0x200004e0        0x4 c:/program files (x86)/gnu tools arm embedded/4.9 2014q4/bin/../lib/gcc/arm-none-eabi/4.9.3/../../../../arm-none-eabi/lib/armv7-m\libg.a(lib_a-impure.o)
                0x200004e0                _impure_ptr
 .data.lconv    0x200004e4       0x38 c:/program files (x86)/gnu tools arm embedded/4.9 2014q4/bin/../lib/gcc/arm-none-eabi/4.9.3/../../../../arm-none-eabi/lib/armv7-m\libg.a(lib_a-locale.o)
 .data.__malloc_av_
                0x2000051c      0x408 c:/program files (x86)/gnu tools arm embedded/4.9 2014q4/bin/../lib/gcc/arm-none-eabi/4.9.3/../../../../arm-none-eabi/lib/armv7-m\libg.a(lib_a-mallocr.o)
                0x2000051c                __malloc_av_
 .data.__malloc_trim_threshold
                0x20000924        0x4 c:/program files (x86)/gnu tools arm embedded/4.9 2014q4/bin/../lib/gcc/arm-none-eabi/4.9.3/../../../../arm-none-eabi/lib/armv7-m\libg.a(lib_a-mallocr.o)
                0x20000924                __malloc_trim_threshold
 .data.__malloc_sbrk_base
                0x20000928        0x4 c:/program files (x86)/gnu tools arm embedded/4.9 2014q4/bin/../lib/gcc/arm-none-eabi/4.9.3/../../../../arm-none-eabi/lib/armv7-m\libg.a(lib_a-mallocr.o)
                0x20000928                __malloc_sbrk_base
 *(.data_end .data_end.*)
 .data_end      0x2000092c        0x4 ./system/src/newlib/_startup.o
                0x20000930                . = ALIGN (0x4)
                0x20000930                _edata = .
                0x20000930                __data_end__ = .

.igot.plt       0x20000930        0x0 load address 0x08009894
 .igot.plt      0x00000000        0x0 ./system/src/stm32f2-stdperiph/misc.o

.bss            0x20000930      0x91c load address 0x08009894
                0x20000930                . = ALIGN (0x4)
                0x20000930                __bss_start__ = .
                0x20000930                _sbss = .
 *(.bss_begin .bss_begin.*)
 .bss_begin     0x20000930        0x4 ./system/src/newlib/_startup.o
 *(.bss .bss.*)
 .bss.current_heap_end.4304
                0x20000934        0x4 ./system/src/newlib/_sbrk.o
 .bss.name.4509
                0x20000938        0x4 ./system/src/newlib/_syscalls.o
 .bss.buf.5385  0x2000093c       0x80 ./system/src/diag/Trace.o
 .bss.LCD_Scrolled
                0x200009bc        0x1 ./src/Drivers/LCD/lcd_log.o
                0x200009bc                LCD_Scrolled
 *fill*         0x200009bd        0x1 
 .bss.LCD_CacheBuffer_yptr_top
                0x200009be        0x2 ./src/Drivers/LCD/lcd_log.o
                0x200009be                LCD_CacheBuffer_yptr_top
 .bss.LCD_CacheBuffer_yptr_bottom_bak
                0x200009c0        0x2 ./src/Drivers/LCD/lcd_log.o
                0x200009c0                LCD_CacheBuffer_yptr_bottom_bak
 .bss.LCD_CacheBuffer_yptr_top_bak
                0x200009c2        0x2 ./src/Drivers/LCD/lcd_log.o
                0x200009c2                LCD_CacheBuffer_yptr_top_bak
 .bss.LCD_CacheBuffer_yptr_invert
                0x200009c4        0x1 ./src/Drivers/LCD/lcd_log.o
                0x200009c4                LCD_CacheBuffer_yptr_invert
 .bss.LCD_Lock  0x200009c5        0x1 ./src/Drivers/LCD/lcd_log.o
                0x200009c5                LCD_Lock
 .bss.LCD_CacheBuffer_yptr_bottom
                0x200009c6        0x2 ./src/Drivers/LCD/lcd_log.o
                0x200009c6                LCD_CacheBuffer_yptr_bottom
 .bss.LCD_ScrollActive
                0x200009c8        0x1 ./src/Drivers/LCD/lcd_log.o
                0x200009c8                LCD_ScrollActive
 *fill*         0x200009c9        0x1 
 .bss.LCD_CacheBuffer_xptr
                0x200009ca        0x2 ./src/Drivers/LCD/lcd_log.o
                0x200009ca                LCD_CacheBuffer_xptr
 .bss.LCD_LineColor
                0x200009cc        0x2 ./src/Drivers/LCD/lcd_log.o
                0x200009cc                LCD_LineColor
 .bss.LCD_ScrollBackStep
                0x200009ce        0x2 ./src/Drivers/LCD/lcd_log.o
                0x200009ce                LCD_ScrollBackStep
 .bss._ZL16LCD_Currentfonts
                0x200009d0        0x4 ./src/Drivers/LCD/stm322xg_eval_lcd.o
 .bss.TextColor
                0x200009d4        0x2 ./src/Drivers/LCD/stm322xg_eval_lcd.o
                0x200009d4                TextColor
 .bss._ZZ16EXTI2_IRQHandlerE9bit_count
                0x200009d6        0x1 ./src/main.o
 *fill*         0x200009d7        0x1 
 .bss.missmatched_prefix
                0x200009d8        0x4 ./src/main.o
                0x200009d8                missmatched_prefix
 .bss._ZZ16EXTI2_IRQHandlerE7is_read
                0x200009dc        0x1 ./src/main.o
 *fill*         0x200009dd        0x3 
 .bss._ZZ16EXTI2_IRQHandlerE10read_index
                0x200009e0        0x4 ./src/main.o
 .bss.state     0x200009e4        0x1 ./src/main.o
                0x200009e4                state
 .bss.match_index
                0x200009e5        0x1 ./src/main.o
                0x200009e5                match_index
 *fill*         0x200009e6        0x2 
 .bss.matched_prefix
                0x200009e8        0x4 ./src/main.o
                0x200009e8                matched_prefix
 .bss.bread     0x200009ec        0x4 ./src/main.o
                0x200009ec                bread
 .bss.read_address_matches
                0x200009f0        0x4 ./src/main.o
                0x200009f0                read_address_matches
 .bss.tt        0x200009f4        0x4 ./src/main.o
                0x200009f4                tt
 .bss._ZZ16EXTI2_IRQHandlerE17last_byte_written
                0x200009f8        0x4 ./src/main.o
 .bss.bytes_written
                0x200009fc      0x800 ./src/main.o
                0x200009fc                bytes_written
 .bss.write_address_matches
                0x200011fc        0x4 ./src/main.o
                0x200011fc                write_address_matches
 .bss._ZZ16EXTI2_IRQHandlerE12byte_to_recv
                0x20001200        0x4 ./src/main.o
 .bss.write_byte_nacks
                0x20001204        0x4 ./src/main.o
                0x20001204                write_byte_nacks
 .bss.address_nacked
                0x20001208        0x4 ./src/main.o
                0x20001208                address_nacked
 .bss.bwrite    0x2000120c        0x4 ./src/main.o
                0x2000120c                bwrite
 .bss.__malloc_max_total_mem
                0x20001210        0x4 c:/program files (x86)/gnu tools arm embedded/4.9 2014q4/bin/../lib/gcc/arm-none-eabi/4.9.3/../../../../arm-none-eabi/lib/armv7-m\libg.a(lib_a-mallocr.o)
                0x20001210                __malloc_max_total_mem
 .bss.__malloc_max_sbrked_mem
                0x20001214        0x4 c:/program files (x86)/gnu tools arm embedded/4.9 2014q4/bin/../lib/gcc/arm-none-eabi/4.9.3/../../../../arm-none-eabi/lib/armv7-m\libg.a(lib_a-mallocr.o)
                0x20001214                __malloc_max_sbrked_mem
 .bss.__malloc_top_pad
                0x20001218        0x4 c:/program files (x86)/gnu tools arm embedded/4.9 2014q4/bin/../lib/gcc/arm-none-eabi/4.9.3/../../../../arm-none-eabi/lib/armv7-m\libg.a(lib_a-mallocr.o)
                0x20001218                __malloc_top_pad
 .bss.__malloc_current_mallinfo
                0x2000121c       0x28 c:/program files (x86)/gnu tools arm embedded/4.9 2014q4/bin/../lib/gcc/arm-none-eabi/4.9.3/../../../../arm-none-eabi/lib/armv7-m\libg.a(lib_a-mallocr.o)
                0x2000121c                __malloc_current_mallinfo
 *(COMMON)
 COMMON         0x20001244        0x4 ./system/src/newlib/_syscalls.o
                0x20001244                errno
 *(.bss_end .bss_end.*)
 .bss_end       0x20001248        0x4 ./system/src/newlib/_startup.o
                0x2000124c                . = ALIGN (0x4)
                0x2000124c                __bss_end__ = .
                0x2000124c                _ebss = .

.noinit         0x2000124c        0x0
                0x2000124c                . = ALIGN (0x4)
                0x2000124c                _noinit = .
 *(.noinit .noinit.*)
                0x2000124c                . = ALIGN (0x4)
                0x2000124c                _end_noinit = .
                0x2000124c                PROVIDE (end, _end_noinit)
                0x2000124c                PROVIDE (_end, _end_noinit)
                0x2000124c                PROVIDE (__end, _end_noinit)
                0x2000124c                PROVIDE (__end__, _end_noinit)

._check_stack   0x2000124c      0x100 load address 0x0800a1b0
                0x2000124c                . = ALIGN (0x4)
                0x2000134c                . = (. + _Minimum_Stack_Size)
 *fill*         0x2000124c      0x100 
                0x2000134c                . = ALIGN (0x4)

.bss_CCMRAM
 *(.bss.CCMRAM .bss.CCMRAM.*)

.b1text
 *(.b1text)
 *(.b1rodata)
 *(.b1rodata.*)

.eb0text
 *(.eb0text)
 *(.eb0rodata)
 *(.eb0rodata.*)

.eb1text
 *(.eb1text)
 *(.eb1rodata)
 *(.eb1rodata.*)

.eb2text
 *(.eb2text)
 *(.eb2rodata)
 *(.eb2rodata.*)

.eb3text
 *(.eb3text)
 *(.eb3rodata)
 *(.eb3rodata.*)

.stab
 *(.stab)

.stabstr
 *(.stabstr)

.stab.excl
 *(.stab.excl)

.stab.exclstr
 *(.stab.exclstr)

.stab.index
 *(.stab.index)

.stab.indexstr
 *(.stab.indexstr)

.comment        0x00000000       0x70
 *(.comment)
 .comment       0x00000000       0x70 ./system/src/stm32f2-stdperiph/misc.o
                                 0x71 (size before relaxing)
 .comment       0x00000000       0x71 ./system/src/stm32f2-stdperiph/stm32f2xx_exti.o
 .comment       0x00000000       0x71 ./system/src/stm32f2-stdperiph/stm32f2xx_gpio.o
 .comment       0x00000000       0x71 ./system/src/stm32f2-stdperiph/stm32f2xx_rcc.o
 .comment       0x00000000       0x71 ./system/src/stm32f2-stdperiph/stm32f2xx_syscfg.o
 .comment       0x00000000       0x71 ./system/src/newlib/_exit.o
 .comment       0x00000000       0x71 ./system/src/newlib/_sbrk.o
 .comment       0x00000000       0x71 ./system/src/newlib/_startup.o
 .comment       0x00000000       0x71 ./system/src/newlib/_syscalls.o
 .comment       0x00000000       0x71 ./system/src/newlib/assert.o
 .comment       0x00000000       0x71 ./system/src/diag/Trace.o
 .comment       0x00000000       0x71 ./system/src/diag/trace_impl.o
 .comment       0x00000000       0x71 ./system/src/cortexm/_initialize_hardware.o
 .comment       0x00000000       0x71 ./system/src/cortexm/exception_handlers.o
 .comment       0x00000000       0x71 ./system/src/cmsis/system_stm32f2xx.o
 .comment       0x00000000       0x71 ./system/src/cmsis/vectors_stm32f2xx.o
 .comment       0x00000000       0x71 ./src/Drivers/gpio/gpio.o
 .comment       0x00000000       0x71 ./src/Drivers/LCD/fonts.o
 .comment       0x00000000       0x71 ./src/Drivers/LCD/lcd_log.o
 .comment       0x00000000       0x71 ./src/Drivers/LCD/stm322xg_eval.o
 .comment       0x00000000       0x71 ./src/Drivers/LCD/stm322xg_eval_lcd.o
 .comment       0x00000000       0x71 ./src/Drivers/LCD/stm32f2xx_fsmc.o
 .comment       0x00000000       0x71 ./src/main.o

.ARM.attributes
                0x00000000       0x31
 .ARM.attributes
                0x00000000       0x33 ./system/src/stm32f2-stdperiph/misc.o
 .ARM.attributes
                0x00000033       0x33 ./system/src/stm32f2-stdperiph/stm32f2xx_exti.o
 .ARM.attributes
                0x00000066       0x33 ./system/src/stm32f2-stdperiph/stm32f2xx_gpio.o
 .ARM.attributes
                0x00000099       0x33 ./system/src/stm32f2-stdperiph/stm32f2xx_rcc.o
 .ARM.attributes
                0x000000cc       0x33 ./system/src/stm32f2-stdperiph/stm32f2xx_syscfg.o
 .ARM.attributes
                0x000000ff       0x33 ./system/src/newlib/_exit.o
 .ARM.attributes
                0x00000132       0x33 ./system/src/newlib/_sbrk.o
 .ARM.attributes
                0x00000165       0x33 ./system/src/newlib/_startup.o
 .ARM.attributes
                0x00000198       0x33 ./system/src/newlib/_syscalls.o
 .ARM.attributes
                0x000001cb       0x33 ./system/src/newlib/assert.o
 .ARM.attributes
                0x000001fe       0x33 ./system/src/diag/Trace.o
 .ARM.attributes
                0x00000231       0x33 ./system/src/diag/trace_impl.o
 .ARM.attributes
                0x00000264       0x33 ./system/src/cortexm/_initialize_hardware.o
 .ARM.attributes
                0x00000297       0x33 ./system/src/cortexm/exception_handlers.o
 .ARM.attributes
                0x000002ca       0x33 ./system/src/cmsis/system_stm32f2xx.o
 .ARM.attributes
                0x000002fd       0x33 ./system/src/cmsis/vectors_stm32f2xx.o
 .ARM.attributes
                0x00000330       0x33 ./src/Drivers/gpio/gpio.o
 .ARM.attributes
                0x00000363       0x33 ./src/Drivers/LCD/fonts.o
 .ARM.attributes
                0x00000396       0x33 ./src/Drivers/LCD/lcd_log.o
 .ARM.attributes
                0x000003c9       0x33 ./src/Drivers/LCD/stm322xg_eval.o
 .ARM.attributes
                0x000003fc       0x33 ./src/Drivers/LCD/stm322xg_eval_lcd.o
 .ARM.attributes
                0x0000042f       0x33 ./src/Drivers/LCD/stm32f2xx_fsmc.o
 .ARM.attributes
                0x00000462       0x33 ./src/main.o
 .ARM.attributes
                0x00000495       0x1d c:/program files (x86)/gnu tools arm embedded/4.9 2014q4/bin/../lib/gcc/arm-none-eabi/4.9.3/armv7-m\libgcc.a(_arm_addsubdf3.o)
 .ARM.attributes
                0x000004b2       0x1d c:/program files (x86)/gnu tools arm embedded/4.9 2014q4/bin/../lib/gcc/arm-none-eabi/4.9.3/armv7-m\libgcc.a(_arm_cmpdf2.o)
 .ARM.attributes
                0x000004cf       0x2d c:/program files (x86)/gnu tools arm embedded/4.9 2014q4/bin/../lib/gcc/arm-none-eabi/4.9.3/../../../../arm-none-eabi/lib/armv7-m\libg.a(lib_a-errno.o)
 .ARM.attributes
                0x000004fc       0x2d c:/program files (x86)/gnu tools arm embedded/4.9 2014q4/bin/../lib/gcc/arm-none-eabi/4.9.3/../../../../arm-none-eabi/lib/armv7-m\libg.a(lib_a-impure.o)
 .ARM.attributes
                0x00000529       0x1b c:/program files (x86)/gnu tools arm embedded/4.9 2014q4/bin/../lib/gcc/arm-none-eabi/4.9.3/../../../../arm-none-eabi/lib/armv7-m\libg.a(lib_a-memcpy.o)
 .ARM.attributes
                0x00000544       0x2d c:/program files (x86)/gnu tools arm embedded/4.9 2014q4/bin/../lib/gcc/arm-none-eabi/4.9.3/../../../../arm-none-eabi/lib/armv7-m\libg.a(lib_a-memset.o)
 .ARM.attributes
                0x00000571       0x2d c:/program files (x86)/gnu tools arm embedded/4.9 2014q4/bin/../lib/gcc/arm-none-eabi/4.9.3/../../../../arm-none-eabi/lib/armv7-m\libg.a(lib_a-strlen.o)
 .ARM.attributes
                0x0000059e       0x2d c:/program files (x86)/gnu tools arm embedded/4.9 2014q4/bin/../lib/gcc/arm-none-eabi/4.9.3/../../../../arm-none-eabi/lib/armv7-m\libg.a(lib_a-svfprintf.o)
 .ARM.attributes
                0x000005cb       0x2d c:/program files (x86)/gnu tools arm embedded/4.9 2014q4/bin/../lib/gcc/arm-none-eabi/4.9.3/../../../../arm-none-eabi/lib/armv7-m\libg.a(lib_a-vsnprintf.o)
 .ARM.attributes
                0x000005f8       0x2d c:/program files (x86)/gnu tools arm embedded/4.9 2014q4/bin/../lib/gcc/arm-none-eabi/4.9.3/../../../../arm-none-eabi/lib/armv7-m\libg.a(lib_a-dtoa.o)
 .ARM.attributes
                0x00000625       0x2d c:/program files (x86)/gnu tools arm embedded/4.9 2014q4/bin/../lib/gcc/arm-none-eabi/4.9.3/../../../../arm-none-eabi/lib/armv7-m\libg.a(lib_a-locale.o)
 .ARM.attributes
                0x00000652       0x2d c:/program files (x86)/gnu tools arm embedded/4.9 2014q4/bin/../lib/gcc/arm-none-eabi/4.9.3/../../../../arm-none-eabi/lib/armv7-m\libg.a(lib_a-mallocr.o)
 .ARM.attributes
                0x0000067f       0x2d c:/program files (x86)/gnu tools arm embedded/4.9 2014q4/bin/../lib/gcc/arm-none-eabi/4.9.3/../../../../arm-none-eabi/lib/armv7-m\libg.a(lib_a-memchr.o)
 .ARM.attributes
                0x000006ac       0x2d c:/program files (x86)/gnu tools arm embedded/4.9 2014q4/bin/../lib/gcc/arm-none-eabi/4.9.3/../../../../arm-none-eabi/lib/armv7-m\libg.a(lib_a-mlock.o)
 .ARM.attributes
                0x000006d9       0x2d c:/program files (x86)/gnu tools arm embedded/4.9 2014q4/bin/../lib/gcc/arm-none-eabi/4.9.3/../../../../arm-none-eabi/lib/armv7-m\libg.a(lib_a-mprec.o)
 .ARM.attributes
                0x00000706       0x2d c:/program files (x86)/gnu tools arm embedded/4.9 2014q4/bin/../lib/gcc/arm-none-eabi/4.9.3/../../../../arm-none-eabi/lib/armv7-m\libg.a(lib_a-s_fpclassify.o)
 .ARM.attributes
                0x00000733       0x2d c:/program files (x86)/gnu tools arm embedded/4.9 2014q4/bin/../lib/gcc/arm-none-eabi/4.9.3/../../../../arm-none-eabi/lib/armv7-m\libg.a(lib_a-sbrkr.o)
 .ARM.attributes
                0x00000760       0x1b c:/program files (x86)/gnu tools arm embedded/4.9 2014q4/bin/../lib/gcc/arm-none-eabi/4.9.3/../../../../arm-none-eabi/lib/armv7-m\libg.a(lib_a-strcmp.o)
 .ARM.attributes
                0x0000077b       0x2d c:/program files (x86)/gnu tools arm embedded/4.9 2014q4/bin/../lib/gcc/arm-none-eabi/4.9.3/../../../../arm-none-eabi/lib/armv7-m\libg.a(lib_a-svfiprintf.o)
 .ARM.attributes
                0x000007a8       0x2d c:/program files (x86)/gnu tools arm embedded/4.9 2014q4/bin/../lib/gcc/arm-none-eabi/4.9.3/../../../../arm-none-eabi/lib/armv7-m\libg.a(lib_a-callocr.o)
 .ARM.attributes
                0x000007d5       0x2d c:/program files (x86)/gnu tools arm embedded/4.9 2014q4/bin/../lib/gcc/arm-none-eabi/4.9.3/../../../../arm-none-eabi/lib/armv7-m\libg.a(lib_a-freer.o)
 .ARM.attributes
                0x00000802       0x2d c:/program files (x86)/gnu tools arm embedded/4.9 2014q4/bin/../lib/gcc/arm-none-eabi/4.9.3/../../../../arm-none-eabi/lib/armv7-m\libg.a(lib_a-memmove.o)
 .ARM.attributes
                0x0000082f       0x2d c:/program files (x86)/gnu tools arm embedded/4.9 2014q4/bin/../lib/gcc/arm-none-eabi/4.9.3/../../../../arm-none-eabi/lib/armv7-m\libg.a(lib_a-reallocr.o)
 .ARM.attributes
                0x0000085c       0x1d c:/program files (x86)/gnu tools arm embedded/4.9 2014q4/bin/../lib/gcc/arm-none-eabi/4.9.3/armv7-m\libgcc.a(_arm_muldivdf3.o)
 .ARM.attributes
                0x00000879       0x1d c:/program files (x86)/gnu tools arm embedded/4.9 2014q4/bin/../lib/gcc/arm-none-eabi/4.9.3/armv7-m\libgcc.a(_arm_fixdfsi.o)
 .ARM.attributes
                0x00000896       0x1d c:/program files (x86)/gnu tools arm embedded/4.9 2014q4/bin/../lib/gcc/arm-none-eabi/4.9.3/armv7-m\libgcc.a(_aeabi_uldivmod.o)
 .ARM.attributes
                0x000008b3       0x2d c:/program files (x86)/gnu tools arm embedded/4.9 2014q4/bin/../lib/gcc/arm-none-eabi/4.9.3/armv7-m\libgcc.a(bpabi.o)
 .ARM.attributes
                0x000008e0       0x1d c:/program files (x86)/gnu tools arm embedded/4.9 2014q4/bin/../lib/gcc/arm-none-eabi/4.9.3/armv7-m\libgcc.a(_dvmd_tls.o)
 .ARM.attributes
                0x000008fd       0x2d c:/program files (x86)/gnu tools arm embedded/4.9 2014q4/bin/../lib/gcc/arm-none-eabi/4.9.3/armv7-m\libgcc.a(_divdi3.o)
 .ARM.attributes
                0x0000092a       0x2d c:/program files (x86)/gnu tools arm embedded/4.9 2014q4/bin/../lib/gcc/arm-none-eabi/4.9.3/armv7-m\libgcc.a(_udivdi3.o)

.debug
 *(.debug)

.line
 *(.line)

.debug_srcinfo
 *(.debug_srcinfo)

.debug_sfnames
 *(.debug_sfnames)

.debug_aranges  0x00000000      0x910
 *(.debug_aranges)
 .debug_aranges
                0x00000000       0x40 ./system/src/stm32f2-stdperiph/misc.o
 .debug_aranges
                0x00000040       0x58 ./system/src/stm32f2-stdperiph/stm32f2xx_exti.o
 .debug_aranges
                0x00000098       0x88 ./system/src/stm32f2-stdperiph/stm32f2xx_gpio.o
 .debug_aranges
                0x00000120      0x178 ./system/src/stm32f2-stdperiph/stm32f2xx_rcc.o
 .debug_aranges
                0x00000298       0x48 ./system/src/stm32f2-stdperiph/stm32f2xx_syscfg.o
 .debug_aranges
                0x000002e0       0x28 ./system/src/newlib/_exit.o
 .debug_aranges
                0x00000308       0x20 ./system/src/newlib/_sbrk.o
 .debug_aranges
                0x00000328       0x40 ./system/src/newlib/_startup.o
 .debug_aranges
                0x00000368       0xd0 ./system/src/newlib/_syscalls.o
 .debug_aranges
                0x00000438       0x28 ./system/src/newlib/assert.o
 .debug_aranges
                0x00000460       0x48 ./system/src/diag/Trace.o
 .debug_aranges
                0x000004a8       0x28 ./system/src/diag/trace_impl.o
 .debug_aranges
                0x000004d0       0x28 ./system/src/cortexm/_initialize_hardware.o
 .debug_aranges
                0x000004f8       0x68 ./system/src/cortexm/exception_handlers.o
 .debug_aranges
                0x00000560       0x28 ./system/src/cmsis/system_stm32f2xx.o
 .debug_aranges
                0x00000588       0x20 ./system/src/cmsis/vectors_stm32f2xx.o
 .debug_aranges
                0x000005a8       0x28 ./src/Drivers/gpio/gpio.o
 .debug_aranges
                0x000005d0       0x18 ./src/Drivers/LCD/fonts.o
 .debug_aranges
                0x000005e8       0x58 ./src/Drivers/LCD/lcd_log.o
 .debug_aranges
                0x00000640       0x88 ./src/Drivers/LCD/stm322xg_eval.o
 .debug_aranges
                0x000006c8      0x150 ./src/Drivers/LCD/stm322xg_eval_lcd.o
 .debug_aranges
                0x00000818       0xb0 ./src/Drivers/LCD/stm32f2xx_fsmc.o
 .debug_aranges
                0x000008c8       0x48 ./src/main.o

.debug_pubnames
 *(.debug_pubnames)

.debug_info     0x00000000     0xfd5e
 *(.debug_info .gnu.linkonce.wi.*)
 .debug_info    0x00000000      0x65c ./system/src/stm32f2-stdperiph/misc.o
 .debug_info    0x0000065c      0x48a ./system/src/stm32f2-stdperiph/stm32f2xx_exti.o
 .debug_info    0x00000ae6      0xb10 ./system/src/stm32f2-stdperiph/stm32f2xx_gpio.o
 .debug_info    0x000015f6     0x13f6 ./system/src/stm32f2-stdperiph/stm32f2xx_rcc.o
 .debug_info    0x000029ec      0x364 ./system/src/stm32f2-stdperiph/stm32f2xx_syscfg.o
 .debug_info    0x00002d50      0x100 ./system/src/newlib/_exit.o
 .debug_info    0x00002e50      0x125 ./system/src/newlib/_sbrk.o
 .debug_info    0x00002f75      0x4f3 ./system/src/newlib/_startup.o
 .debug_info    0x00003468      0x8f3 ./system/src/newlib/_syscalls.o
 .debug_info    0x00003d5b      0x250 ./system/src/newlib/assert.o
 .debug_info    0x00003fab      0x445 ./system/src/diag/Trace.o
 .debug_info    0x000043f0      0x3f8 ./system/src/diag/trace_impl.o
 .debug_info    0x000047e8       0xea ./system/src/cortexm/_initialize_hardware.o
 .debug_info    0x000048d2       0xe9 ./system/src/cortexm/exception_handlers.o
 .debug_info    0x000049bb      0x58c ./system/src/cmsis/system_stm32f2xx.o
 .debug_info    0x00004f47       0xa8 ./system/src/cmsis/vectors_stm32f2xx.o
 .debug_info    0x00004fef      0x8bb ./src/Drivers/gpio/gpio.o
 .debug_info    0x000058aa      0x1a2 ./src/Drivers/LCD/fonts.o
 .debug_info    0x00005a4c      0x97e ./src/Drivers/LCD/lcd_log.o
 .debug_info    0x000063ca     0x1af5 ./src/Drivers/LCD/stm322xg_eval.o
 .debug_info    0x00007ebf     0x5d17 ./src/Drivers/LCD/stm322xg_eval_lcd.o
 .debug_info    0x0000dbd6     0x11e0 ./src/Drivers/LCD/stm32f2xx_fsmc.o
 .debug_info    0x0000edb6      0xfa8 ./src/main.o

.debug_abbrev   0x00000000     0x28c4
 *(.debug_abbrev)
 .debug_abbrev  0x00000000      0x188 ./system/src/stm32f2-stdperiph/misc.o
 .debug_abbrev  0x00000188      0x1cc ./system/src/stm32f2-stdperiph/stm32f2xx_exti.o
 .debug_abbrev  0x00000354      0x20a ./system/src/stm32f2-stdperiph/stm32f2xx_gpio.o
 .debug_abbrev  0x0000055e      0x2ca ./system/src/stm32f2-stdperiph/stm32f2xx_rcc.o
 .debug_abbrev  0x00000828      0x186 ./system/src/stm32f2-stdperiph/stm32f2xx_syscfg.o
 .debug_abbrev  0x000009ae       0xa4 ./system/src/newlib/_exit.o
 .debug_abbrev  0x00000a52       0xbb ./system/src/newlib/_sbrk.o
 .debug_abbrev  0x00000b0d      0x22e ./system/src/newlib/_startup.o
 .debug_abbrev  0x00000d3b      0x178 ./system/src/newlib/_syscalls.o
 .debug_abbrev  0x00000eb3      0x112 ./system/src/newlib/assert.o
 .debug_abbrev  0x00000fc5      0x1cf ./system/src/diag/Trace.o
 .debug_abbrev  0x00001194      0x1a0 ./system/src/diag/trace_impl.o
 .debug_abbrev  0x00001334       0x8b ./system/src/cortexm/_initialize_hardware.o
 .debug_abbrev  0x000013bf       0x65 ./system/src/cortexm/exception_handlers.o
 .debug_abbrev  0x00001424      0x162 ./system/src/cmsis/system_stm32f2xx.o
 .debug_abbrev  0x00001586       0xac ./system/src/cmsis/vectors_stm32f2xx.o
 .debug_abbrev  0x00001632      0x1a5 ./src/Drivers/gpio/gpio.o
 .debug_abbrev  0x000017d7       0xa5 ./src/Drivers/LCD/fonts.o
 .debug_abbrev  0x0000187c      0x317 ./src/Drivers/LCD/lcd_log.o
 .debug_abbrev  0x00001b93      0x285 ./src/Drivers/LCD/stm322xg_eval.o
 .debug_abbrev  0x00001e18      0x3d3 ./src/Drivers/LCD/stm322xg_eval_lcd.o
 .debug_abbrev  0x000021eb      0x1e0 ./src/Drivers/LCD/stm32f2xx_fsmc.o
 .debug_abbrev  0x000023cb      0x4f9 ./src/main.o

.debug_line     0x00000000     0x8f91
 *(.debug_line)
 .debug_line    0x00000000      0x578 ./system/src/stm32f2-stdperiph/misc.o
 .debug_line    0x00000578      0x693 ./system/src/stm32f2-stdperiph/stm32f2xx_exti.o
 .debug_line    0x00000c0b      0xa17 ./system/src/stm32f2-stdperiph/stm32f2xx_gpio.o
 .debug_line    0x00001622      0xc2c ./system/src/stm32f2-stdperiph/stm32f2xx_rcc.o
 .debug_line    0x0000224e      0x53a ./system/src/stm32f2-stdperiph/stm32f2xx_syscfg.o
 .debug_line    0x00002788      0x2c1 ./system/src/newlib/_exit.o
 .debug_line    0x00002a49      0x26d ./system/src/newlib/_sbrk.o
 .debug_line    0x00002cb6      0x338 ./system/src/newlib/_startup.o
 .debug_line    0x00002fee      0x4db ./system/src/newlib/_syscalls.o
 .debug_line    0x000034c9      0x33e ./system/src/newlib/assert.o
 .debug_line    0x00003807      0x35f ./system/src/diag/Trace.o
 .debug_line    0x00003b66      0x595 ./system/src/diag/trace_impl.o
 .debug_line    0x000040fb      0x4c6 ./system/src/cortexm/_initialize_hardware.o
 .debug_line    0x000045c1       0xbf ./system/src/cortexm/exception_handlers.o
 .debug_line    0x00004680      0x501 ./system/src/cmsis/system_stm32f2xx.o
 .debug_line    0x00004b81       0x8e ./system/src/cmsis/vectors_stm32f2xx.o
 .debug_line    0x00004c0f      0x4fd ./src/Drivers/gpio/gpio.o
 .debug_line    0x0000510c      0x1f0 ./src/Drivers/LCD/fonts.o
 .debug_line    0x000052fc      0x7e3 ./src/Drivers/LCD/lcd_log.o
 .debug_line    0x00005adf      0x75e ./src/Drivers/LCD/stm322xg_eval.o
 .debug_line    0x0000623d     0x16b0 ./src/Drivers/LCD/stm322xg_eval_lcd.o
 .debug_line    0x000078ed      0x9fe ./src/Drivers/LCD/stm32f2xx_fsmc.o
 .debug_line    0x000082eb      0xca6 ./src/main.o

.debug_frame    0x00000000     0x21d8
 *(.debug_frame)
 .debug_frame   0x00000000       0x94 ./system/src/stm32f2-stdperiph/misc.o
 .debug_frame   0x00000094       0xc4 ./system/src/stm32f2-stdperiph/stm32f2xx_exti.o
 .debug_frame   0x00000158      0x1e4 ./system/src/stm32f2-stdperiph/stm32f2xx_gpio.o
 .debug_frame   0x0000033c      0x474 ./system/src/stm32f2-stdperiph/stm32f2xx_rcc.o
 .debug_frame   0x000007b0       0xa0 ./system/src/stm32f2-stdperiph/stm32f2xx_syscfg.o
 .debug_frame   0x00000850       0x38 ./system/src/newlib/_exit.o
 .debug_frame   0x00000888       0x28 ./system/src/newlib/_sbrk.o
 .debug_frame   0x000008b0       0x80 ./system/src/newlib/_startup.o
 .debug_frame   0x00000930      0x230 ./system/src/newlib/_syscalls.o
 .debug_frame   0x00000b60       0x44 ./system/src/newlib/assert.o
 .debug_frame   0x00000ba4      0x108 ./system/src/diag/Trace.o
 .debug_frame   0x00000cac       0x48 ./system/src/diag/trace_impl.o
 .debug_frame   0x00000cf4       0x30 ./system/src/cortexm/_initialize_hardware.o
 .debug_frame   0x00000d24       0xb8 ./system/src/cortexm/exception_handlers.o
 .debug_frame   0x00000ddc       0x48 ./system/src/cmsis/system_stm32f2xx.o
 .debug_frame   0x00000e24       0x20 ./system/src/cmsis/vectors_stm32f2xx.o
 .debug_frame   0x00000e44       0x64 ./src/Drivers/gpio/gpio.o
 .debug_frame   0x00000ea8      0x154 ./src/Drivers/LCD/lcd_log.o
 .debug_frame   0x00000ffc      0x1d4 ./src/Drivers/LCD/stm322xg_eval.o
 .debug_frame   0x000011d0      0x518 ./src/Drivers/LCD/stm322xg_eval_lcd.o
 .debug_frame   0x000016e8      0x214 ./src/Drivers/LCD/stm32f2xx_fsmc.o
 .debug_frame   0x000018fc       0xa0 ./src/main.o
 .debug_frame   0x0000199c       0x20 c:/program files (x86)/gnu tools arm embedded/4.9 2014q4/bin/../lib/gcc/arm-none-eabi/4.9.3/../../../../arm-none-eabi/lib/armv7-m\libg.a(lib_a-errno.o)
 .debug_frame   0x000019bc       0x34 c:/program files (x86)/gnu tools arm embedded/4.9 2014q4/bin/../lib/gcc/arm-none-eabi/4.9.3/../../../../arm-none-eabi/lib/armv7-m\libg.a(lib_a-memset.o)
 .debug_frame   0x000019f0       0x20 c:/program files (x86)/gnu tools arm embedded/4.9 2014q4/bin/../lib/gcc/arm-none-eabi/4.9.3/../../../../arm-none-eabi/lib/armv7-m\libg.a(lib_a-strlen.o)
 .debug_frame   0x00001a10       0x40 c:/program files (x86)/gnu tools arm embedded/4.9 2014q4/bin/../lib/gcc/arm-none-eabi/4.9.3/../../../../arm-none-eabi/lib/armv7-m\libg.a(lib_a-svfprintf.o)
 .debug_frame   0x00001a50       0x60 c:/program files (x86)/gnu tools arm embedded/4.9 2014q4/bin/../lib/gcc/arm-none-eabi/4.9.3/../../../../arm-none-eabi/lib/armv7-m\libg.a(lib_a-vsnprintf.o)
 .debug_frame   0x00001ab0       0x84 c:/program files (x86)/gnu tools arm embedded/4.9 2014q4/bin/../lib/gcc/arm-none-eabi/4.9.3/../../../../arm-none-eabi/lib/armv7-m\libg.a(lib_a-dtoa.o)
 .debug_frame   0x00001b34       0x9c c:/program files (x86)/gnu tools arm embedded/4.9 2014q4/bin/../lib/gcc/arm-none-eabi/4.9.3/../../../../arm-none-eabi/lib/armv7-m\libg.a(lib_a-locale.o)
 .debug_frame   0x00001bd0       0x54 c:/program files (x86)/gnu tools arm embedded/4.9 2014q4/bin/../lib/gcc/arm-none-eabi/4.9.3/../../../../arm-none-eabi/lib/armv7-m\libg.a(lib_a-mallocr.o)
 .debug_frame   0x00001c24       0x3c c:/program files (x86)/gnu tools arm embedded/4.9 2014q4/bin/../lib/gcc/arm-none-eabi/4.9.3/../../../../arm-none-eabi/lib/armv7-m\libg.a(lib_a-memchr.o)
 .debug_frame   0x00001c60       0x30 c:/program files (x86)/gnu tools arm embedded/4.9 2014q4/bin/../lib/gcc/arm-none-eabi/4.9.3/../../../../arm-none-eabi/lib/armv7-m\libg.a(lib_a-mlock.o)
 .debug_frame   0x00001c90      0x268 c:/program files (x86)/gnu tools arm embedded/4.9 2014q4/bin/../lib/gcc/arm-none-eabi/4.9.3/../../../../arm-none-eabi/lib/armv7-m\libg.a(lib_a-mprec.o)
 .debug_frame   0x00001ef8       0x34 c:/program files (x86)/gnu tools arm embedded/4.9 2014q4/bin/../lib/gcc/arm-none-eabi/4.9.3/../../../../arm-none-eabi/lib/armv7-m\libg.a(lib_a-s_fpclassify.o)
 .debug_frame   0x00001f2c       0x2c c:/program files (x86)/gnu tools arm embedded/4.9 2014q4/bin/../lib/gcc/arm-none-eabi/4.9.3/../../../../arm-none-eabi/lib/armv7-m\libg.a(lib_a-sbrkr.o)
 .debug_frame   0x00001f58       0x78 c:/program files (x86)/gnu tools arm embedded/4.9 2014q4/bin/../lib/gcc/arm-none-eabi/4.9.3/../../../../arm-none-eabi/lib/armv7-m\libg.a(lib_a-svfiprintf.o)
 .debug_frame   0x00001fd0       0x28 c:/program files (x86)/gnu tools arm embedded/4.9 2014q4/bin/../lib/gcc/arm-none-eabi/4.9.3/../../../../arm-none-eabi/lib/armv7-m\libg.a(lib_a-callocr.o)
 .debug_frame   0x00001ff8       0x74 c:/program files (x86)/gnu tools arm embedded/4.9 2014q4/bin/../lib/gcc/arm-none-eabi/4.9.3/../../../../arm-none-eabi/lib/armv7-m\libg.a(lib_a-freer.o)
 .debug_frame   0x0000206c       0x30 c:/program files (x86)/gnu tools arm embedded/4.9 2014q4/bin/../lib/gcc/arm-none-eabi/4.9.3/../../../../arm-none-eabi/lib/armv7-m\libg.a(lib_a-memmove.o)
 .debug_frame   0x0000209c       0x58 c:/program files (x86)/gnu tools arm embedded/4.9 2014q4/bin/../lib/gcc/arm-none-eabi/4.9.3/../../../../arm-none-eabi/lib/armv7-m\libg.a(lib_a-reallocr.o)
 .debug_frame   0x000020f4       0x28 c:/program files (x86)/gnu tools arm embedded/4.9 2014q4/bin/../lib/gcc/arm-none-eabi/4.9.3/armv7-m\libgcc.a(_aeabi_uldivmod.o)
 .debug_frame   0x0000211c       0x54 c:/program files (x86)/gnu tools arm embedded/4.9 2014q4/bin/../lib/gcc/arm-none-eabi/4.9.3/armv7-m\libgcc.a(bpabi.o)
 .debug_frame   0x00002170       0x34 c:/program files (x86)/gnu tools arm embedded/4.9 2014q4/bin/../lib/gcc/arm-none-eabi/4.9.3/armv7-m\libgcc.a(_divdi3.o)
 .debug_frame   0x000021a4       0x34 c:/program files (x86)/gnu tools arm embedded/4.9 2014q4/bin/../lib/gcc/arm-none-eabi/4.9.3/armv7-m\libgcc.a(_udivdi3.o)

.debug_str      0x00000000    0x62afc
 *(.debug_str)
 .debug_str     0x00000000    0x54bf1 ./system/src/stm32f2-stdperiph/misc.o
                              0x54d99 (size before relaxing)
 .debug_str     0x00054bf1      0x1b5 ./system/src/stm32f2-stdperiph/stm32f2xx_exti.o
                              0x54d42 (size before relaxing)
 .debug_str     0x00054da6      0x2af ./system/src/stm32f2-stdperiph/stm32f2xx_gpio.o
                              0x54e6b (size before relaxing)
 .debug_str     0x00055055      0xae8 ./system/src/stm32f2-stdperiph/stm32f2xx_rcc.o
                              0x556c5 (size before relaxing)
 .debug_str     0x00055b3d      0x2aa ./system/src/stm32f2-stdperiph/stm32f2xx_syscfg.o
                              0x54e0c (size before relaxing)
 .debug_str     0x00055de7     0x3617 ./system/src/newlib/_exit.o
                               0x5db9 (size before relaxing)
 .debug_str     0x000593fe      0x4d6 ./system/src/newlib/_sbrk.o
                               0x452b (size before relaxing)
 .debug_str     0x000598d4      0x267 ./system/src/newlib/_startup.o
                               0x3fd3 (size before relaxing)
 .debug_str     0x00059b3b      0xe3b ./system/src/newlib/_syscalls.o
                               0x622e (size before relaxing)
 .debug_str     0x0005a976      0x833 ./system/src/newlib/assert.o
                               0x6f09 (size before relaxing)
 .debug_str     0x0005b1a9      0x178 ./system/src/diag/Trace.o
                               0x65f9 (size before relaxing)
 .debug_str     0x0005b321       0xd2 ./system/src/diag/trace_impl.o
                              0x575d7 (size before relaxing)
 .debug_str     0x0005b3f3       0x4e ./system/src/cortexm/_initialize_hardware.o
                              0x54b6d (size before relaxing)
 .debug_str     0x0005b441       0xe8 ./system/src/cortexm/exception_handlers.o
                               0x25b1 (size before relaxing)
 .debug_str     0x0005b529       0xb0 ./system/src/cmsis/system_stm32f2xx.o
                              0x54d63 (size before relaxing)
 .debug_str     0x0005b5d9       0x57 ./system/src/cmsis/vectors_stm32f2xx.o
                               0x254e (size before relaxing)
 .debug_str     0x0005b630      0xbeb ./src/Drivers/gpio/gpio.o
                              0x558fc (size before relaxing)
 .debug_str     0x0005c21b       0xd1 ./src/Drivers/LCD/fonts.o
                               0x331b (size before relaxing)
 .debug_str     0x0005c2ec     0x2b1d ./src/Drivers/LCD/lcd_log.o
                              0x5a7ef (size before relaxing)
 .debug_str     0x0005ee09      0x596 ./src/Drivers/LCD/stm322xg_eval.o
                              0x5760f (size before relaxing)
 .debug_str     0x0005f39f      0x6b0 ./src/Drivers/LCD/stm322xg_eval_lcd.o
                              0x57b45 (size before relaxing)
 .debug_str     0x0005fa4f      0x4d3 ./src/Drivers/LCD/stm32f2xx_fsmc.o
                              0x55265 (size before relaxing)
 .debug_str     0x0005ff22     0x2bda ./src/main.o
                              0x5d7c1 (size before relaxing)

.debug_loc      0x00000000     0x91f4
 *(.debug_loc)
 .debug_loc     0x00000000      0x1c9 ./system/src/stm32f2-stdperiph/misc.o
 .debug_loc     0x000001c9      0x254 ./system/src/stm32f2-stdperiph/stm32f2xx_exti.o
 .debug_loc     0x0000041d      0x624 ./system/src/stm32f2-stdperiph/stm32f2xx_gpio.o
 .debug_loc     0x00000a41     0x11ef ./system/src/stm32f2-stdperiph/stm32f2xx_rcc.o
 .debug_loc     0x00001c30      0x150 ./system/src/stm32f2-stdperiph/stm32f2xx_syscfg.o
 .debug_loc     0x00001d80       0x6a ./system/src/newlib/_sbrk.o
 .debug_loc     0x00001dea      0x1ab ./system/src/newlib/_startup.o
 .debug_loc     0x00001f95      0x549 ./system/src/newlib/_syscalls.o
 .debug_loc     0x000024de      0x12f ./system/src/newlib/assert.o
 .debug_loc     0x0000260d      0x161 ./system/src/diag/Trace.o
 .debug_loc     0x0000276e       0xe3 ./system/src/diag/trace_impl.o
 .debug_loc     0x00002851      0x155 ./system/src/cmsis/system_stm32f2xx.o
 .debug_loc     0x000029a6       0xe1 ./src/Drivers/gpio/gpio.o
 .debug_loc     0x00002a87      0x537 ./src/Drivers/LCD/lcd_log.o
 .debug_loc     0x00002fbe      0x254 ./src/Drivers/LCD/stm322xg_eval.o
 .debug_loc     0x00003212     0x56b2 ./src/Drivers/LCD/stm322xg_eval_lcd.o
 .debug_loc     0x000088c4      0x714 ./src/Drivers/LCD/stm32f2xx_fsmc.o
 .debug_loc     0x00008fd8      0x21c ./src/main.o

.debug_macinfo
 *(.debug_macinfo)

.debug_weaknames
 *(.debug_weaknames)

.debug_funcnames
 *(.debug_funcnames)

.debug_typenames
 *(.debug_typenames)

.debug_varnames
 *(.debug_varnames)
OUTPUT(i2c_sniff.elf elf32-littlearm)

.debug_ranges   0x00000000     0x32a0
 .debug_ranges  0x00000000       0x30 ./system/src/stm32f2-stdperiph/misc.o
 .debug_ranges  0x00000030       0x48 ./system/src/stm32f2-stdperiph/stm32f2xx_exti.o
 .debug_ranges  0x00000078       0x78 ./system/src/stm32f2-stdperiph/stm32f2xx_gpio.o
 .debug_ranges  0x000000f0      0x180 ./system/src/stm32f2-stdperiph/stm32f2xx_rcc.o
 .debug_ranges  0x00000270       0x38 ./system/src/stm32f2-stdperiph/stm32f2xx_syscfg.o
 .debug_ranges  0x000002a8       0x18 ./system/src/newlib/_exit.o
 .debug_ranges  0x000002c0       0x10 ./system/src/newlib/_sbrk.o
 .debug_ranges  0x000002d0       0x88 ./system/src/newlib/_startup.o
 .debug_ranges  0x00000358       0xc0 ./system/src/newlib/_syscalls.o
 .debug_ranges  0x00000418       0x18 ./system/src/newlib/assert.o
 .debug_ranges  0x00000430       0x38 ./system/src/diag/Trace.o
 .debug_ranges  0x00000468       0x58 ./system/src/diag/trace_impl.o
 .debug_ranges  0x000004c0       0x18 ./system/src/cortexm/_initialize_hardware.o
 .debug_ranges  0x000004d8       0x58 ./system/src/cortexm/exception_handlers.o
 .debug_ranges  0x00000530       0x30 ./system/src/cmsis/system_stm32f2xx.o
 .debug_ranges  0x00000560       0x10 ./system/src/cmsis/vectors_stm32f2xx.o
 .debug_ranges  0x00000570       0x50 ./src/Drivers/gpio/gpio.o
 .debug_ranges  0x000005c0       0xf8 ./src/Drivers/LCD/lcd_log.o
 .debug_ranges  0x000006b8      0x140 ./src/Drivers/LCD/stm322xg_eval.o
 .debug_ranges  0x000007f8     0x28a8 ./src/Drivers/LCD/stm322xg_eval_lcd.o
 .debug_ranges  0x000030a0       0xa0 ./src/Drivers/LCD/stm32f2xx_fsmc.o
 .debug_ranges  0x00003140      0x160 ./src/main.o

.debug_macro    0x00000000    0x12331
 .debug_macro   0x00000000      0x1a4 ./system/src/stm32f2-stdperiph/misc.o
 .debug_macro   0x000001a4      0x88c ./system/src/stm32f2-stdperiph/misc.o
 .debug_macro   0x00000a30       0x50 ./system/src/stm32f2-stdperiph/misc.o
 .debug_macro   0x00000a80       0x3a ./system/src/stm32f2-stdperiph/misc.o
 .debug_macro   0x00000aba       0x22 ./system/src/stm32f2-stdperiph/misc.o
 .debug_macro   0x00000adc       0x44 ./system/src/stm32f2-stdperiph/misc.o
 .debug_macro   0x00000b20       0x1c ./system/src/stm32f2-stdperiph/misc.o
 .debug_macro   0x00000b3c      0x1f7 ./system/src/stm32f2-stdperiph/misc.o
 .debug_macro   0x00000d33       0x2d ./system/src/stm32f2-stdperiph/misc.o
 .debug_macro   0x00000d60      0xbb1 ./system/src/stm32f2-stdperiph/misc.o
 .debug_macro   0x00001911     0x7f9a ./system/src/stm32f2-stdperiph/misc.o
 .debug_macro   0x000098ab      0x455 ./system/src/stm32f2-stdperiph/misc.o
 .debug_macro   0x00009d00      0x3cf ./system/src/stm32f2-stdperiph/misc.o
 .debug_macro   0x0000a0cf      0x111 ./system/src/stm32f2-stdperiph/misc.o
 .debug_macro   0x0000a1e0      0x188 ./system/src/stm32f2-stdperiph/misc.o
 .debug_macro   0x0000a368       0xb2 ./system/src/stm32f2-stdperiph/misc.o
 .debug_macro   0x0000a41a      0x149 ./system/src/stm32f2-stdperiph/misc.o
 .debug_macro   0x0000a563      0x477 ./system/src/stm32f2-stdperiph/misc.o
 .debug_macro   0x0000a9da       0xb4 ./system/src/stm32f2-stdperiph/misc.o
 .debug_macro   0x0000aa8e      0x242 ./system/src/stm32f2-stdperiph/misc.o
 .debug_macro   0x0000acd0      0x279 ./system/src/stm32f2-stdperiph/misc.o
 .debug_macro   0x0000af49       0xb5 ./system/src/stm32f2-stdperiph/misc.o
 .debug_macro   0x0000affe      0x25e ./system/src/stm32f2-stdperiph/misc.o
 .debug_macro   0x0000b25c      0x2b4 ./system/src/stm32f2-stdperiph/misc.o
 .debug_macro   0x0000b510       0x64 ./system/src/stm32f2-stdperiph/misc.o
 .debug_macro   0x0000b574       0x88 ./system/src/stm32f2-stdperiph/misc.o
 .debug_macro   0x0000b5fc      0x575 ./system/src/stm32f2-stdperiph/misc.o
 .debug_macro   0x0000bb71       0x40 ./system/src/stm32f2-stdperiph/misc.o
 .debug_macro   0x0000bbb1      0x3f3 ./system/src/stm32f2-stdperiph/misc.o
 .debug_macro   0x0000bfa4      0x344 ./system/src/stm32f2-stdperiph/misc.o
 .debug_macro   0x0000c2e8      0x358 ./system/src/stm32f2-stdperiph/misc.o
 .debug_macro   0x0000c640       0xe1 ./system/src/stm32f2-stdperiph/misc.o
 .debug_macro   0x0000c721      0x73b ./system/src/stm32f2-stdperiph/misc.o
 .debug_macro   0x0000ce5c      0x223 ./system/src/stm32f2-stdperiph/misc.o
 .debug_macro   0x0000d07f       0x34 ./system/src/stm32f2-stdperiph/misc.o
 .debug_macro   0x0000d0b3       0x35 ./system/src/stm32f2-stdperiph/misc.o
 .debug_macro   0x0000d0e8       0x7c ./system/src/stm32f2-stdperiph/misc.o
 .debug_macro   0x0000d164      0x1a4 ./system/src/stm32f2-stdperiph/stm32f2xx_exti.o
 .debug_macro   0x0000d308       0x82 ./system/src/stm32f2-stdperiph/stm32f2xx_exti.o
 .debug_macro   0x0000d38a       0xae ./system/src/stm32f2-stdperiph/stm32f2xx_exti.o
 .debug_macro   0x0000d438      0x19e ./system/src/stm32f2-stdperiph/stm32f2xx_gpio.o
 .debug_macro   0x0000d5d6      0x258 ./system/src/stm32f2-stdperiph/stm32f2xx_gpio.o
 .debug_macro   0x0000d82e      0x247 ./system/src/stm32f2-stdperiph/stm32f2xx_rcc.o
 .debug_macro   0x0000da75      0x56f ./system/src/stm32f2-stdperiph/stm32f2xx_rcc.o
 .debug_macro   0x0000dfe4      0x1c8 ./system/src/stm32f2-stdperiph/stm32f2xx_syscfg.o
 .debug_macro   0x0000e1ac       0xdb ./system/src/stm32f2-stdperiph/stm32f2xx_syscfg.o
 .debug_macro   0x0000e287      0x128 ./system/src/newlib/_exit.o
 .debug_macro   0x0000e3af       0x9c ./system/src/newlib/_exit.o
 .debug_macro   0x0000e44b      0x10e ./system/src/newlib/_exit.o
 .debug_macro   0x0000e559       0x86 ./system/src/newlib/_exit.o
 .debug_macro   0x0000e5df       0x43 ./system/src/newlib/_exit.o
 .debug_macro   0x0000e622       0x35 ./system/src/newlib/_exit.o
 .debug_macro   0x0000e657      0x27a ./system/src/newlib/_exit.o
 .debug_macro   0x0000e8d1       0xd1 ./system/src/newlib/_sbrk.o
 .debug_macro   0x0000e9a2       0x19 ./system/src/newlib/_sbrk.o
 .debug_macro   0x0000e9bb      0x16d ./system/src/newlib/_sbrk.o
 .debug_macro   0x0000eb28       0x10 ./system/src/newlib/_sbrk.o
 .debug_macro   0x0000eb38      0x23b ./system/src/newlib/_sbrk.o
 .debug_macro   0x0000ed73       0xf0 ./system/src/newlib/_startup.o
 .debug_macro   0x0000ee63      0x17c ./system/src/newlib/_syscalls.o
 .debug_macro   0x0000efdf       0x1c ./system/src/newlib/_syscalls.o
 .debug_macro   0x0000effb       0x10 ./system/src/newlib/_syscalls.o
 .debug_macro   0x0000f00b       0x10 ./system/src/newlib/_syscalls.o
 .debug_macro   0x0000f01b       0x10 ./system/src/newlib/_syscalls.o
 .debug_macro   0x0000f02b       0x35 ./system/src/newlib/_syscalls.o
 .debug_macro   0x0000f060      0x121 ./system/src/newlib/_syscalls.o
 .debug_macro   0x0000f181       0x22 ./system/src/newlib/_syscalls.o
 .debug_macro   0x0000f1a3       0x2b ./system/src/newlib/_syscalls.o
 .debug_macro   0x0000f1ce      0x118 ./system/src/newlib/_syscalls.o
 .debug_macro   0x0000f2e6      0x13e ./system/src/newlib/_syscalls.o
 .debug_macro   0x0000f424       0x16 ./system/src/newlib/_syscalls.o
 .debug_macro   0x0000f43a      0x19f ./system/src/newlib/assert.o
 .debug_macro   0x0000f5d9       0x1c ./system/src/newlib/assert.o
 .debug_macro   0x0000f5f5       0x10 ./system/src/newlib/assert.o
 .debug_macro   0x0000f605       0x1c ./system/src/newlib/assert.o
 .debug_macro   0x0000f621       0x10 ./system/src/newlib/assert.o
 .debug_macro   0x0000f631       0x16 ./system/src/newlib/assert.o
 .debug_macro   0x0000f647      0x16d ./system/src/newlib/assert.o
 .debug_macro   0x0000f7b4      0x14f ./system/src/diag/Trace.o
 .debug_macro   0x0000f903       0x16 ./system/src/diag/Trace.o
 .debug_macro   0x0000f919       0x97 ./system/src/diag/Trace.o
 .debug_macro   0x0000f9b0       0xf6 ./system/src/diag/Trace.o
 .debug_macro   0x0000faa6       0x52 ./system/src/diag/Trace.o
 .debug_macro   0x0000faf8       0x16 ./system/src/diag/Trace.o
 .debug_macro   0x0000fb0e      0x26b ./system/src/diag/trace_impl.o
 .debug_macro   0x0000fd79       0x10 ./system/src/diag/trace_impl.o
 .debug_macro   0x0000fd89       0xc8 ./system/src/diag/trace_impl.o
 .debug_macro   0x0000fe51       0xbe ./system/src/diag/trace_impl.o
 .debug_macro   0x0000ff0f      0x19e ./system/src/cortexm/_initialize_hardware.o
 .debug_macro   0x000100ad       0x1b ./system/src/cortexm/exception_handlers.o
 .debug_macro   0x000100c8      0x1b7 ./system/src/cmsis/system_stm32f2xx.o
 .debug_macro   0x0001027f       0x1b ./system/src/cmsis/vectors_stm32f2xx.o
 .debug_macro   0x0001029a      0x1a2 ./src/Drivers/gpio/gpio.o
 .debug_macro   0x0001043c       0x40 ./src/Drivers/gpio/gpio.o
 .debug_macro   0x0001047c       0x60 ./src/Drivers/LCD/fonts.o
 .debug_macro   0x000104dc      0x2c2 ./src/Drivers/LCD/lcd_log.o
 .debug_macro   0x0001079e      0x3d4 ./src/Drivers/LCD/lcd_log.o
 .debug_macro   0x00010b72      0x2ea ./src/Drivers/LCD/lcd_log.o
 .debug_macro   0x00010e5c       0x10 ./src/Drivers/LCD/lcd_log.o
 .debug_macro   0x00010e6c      0x423 ./src/Drivers/LCD/lcd_log.o
 .debug_macro   0x0001128f       0x97 ./src/Drivers/LCD/lcd_log.o
 .debug_macro   0x00011326       0xfd ./src/Drivers/LCD/lcd_log.o
 .debug_macro   0x00011423       0x28 ./src/Drivers/LCD/lcd_log.o
 .debug_macro   0x0001144b       0x2e ./src/Drivers/LCD/lcd_log.o
 .debug_macro   0x00011479      0x1b1 ./src/Drivers/LCD/stm322xg_eval.o
 .debug_macro   0x0001162a      0x1ed ./src/Drivers/LCD/stm322xg_eval_lcd.o
 .debug_macro   0x00011817      0x1ce ./src/Drivers/LCD/stm32f2xx_fsmc.o
 .debug_macro   0x000119e5      0x273 ./src/Drivers/LCD/stm32f2xx_fsmc.o
 .debug_macro   0x00011c58      0x4db ./src/main.o
 .debug_macro   0x00012133       0x1c ./src/main.o
 .debug_macro   0x0001214f       0x6e ./src/main.o
 .debug_macro   0x000121bd       0x28 ./src/main.o
 .debug_macro   0x000121e5       0x11 ./src/main.o
 .debug_macro   0x000121f6       0x12 ./src/main.o
 .debug_macro   0x00012208       0x82 ./src/main.o
 .debug_macro   0x0001228a       0x12 ./src/main.o
 .debug_macro   0x0001229c       0x12 ./src/main.o
 .debug_macro   0x000122ae       0x46 ./src/main.o
 .debug_macro   0x000122f4       0x17 ./src/main.o
 .debug_macro   0x0001230b       0x10 ./src/main.o
 .debug_macro   0x0001231b       0x16 ./src/main.o
