Archive member included because of file (symbol)

c:/program files (x86)/gnu tools arm embedded/4.9 2014q4/bin/../lib/gcc/arm-none-eabi/4.9.3/../../../../arm-none-eabi/lib/armv7-m\libstdc++.a(del_op.o)
                              ./src/Drivers/I2C/i2c.o (operator delete(void*))
c:/program files (x86)/gnu tools arm embedded/4.9 2014q4/bin/../lib/gcc/arm-none-eabi/4.9.3/../../../../arm-none-eabi/lib/armv7-m\libstdc++.a(del_opv.o)
                              ./src/Drivers/I2C/i2c.o (operator delete[](void*))
c:/program files (x86)/gnu tools arm embedded/4.9 2014q4/bin/../lib/gcc/arm-none-eabi/4.9.3/../../../../arm-none-eabi/lib/armv7-m\libstdc++.a(new_opv.o)
                              ./src/Drivers/I2C/i2c.o (operator new[](unsigned int))
c:/program files (x86)/gnu tools arm embedded/4.9 2014q4/bin/../lib/gcc/arm-none-eabi/4.9.3/../../../../arm-none-eabi/lib/armv7-m\libstdc++.a(eh_call.o)
                              c:/program files (x86)/gnu tools arm embedded/4.9 2014q4/bin/../lib/gcc/arm-none-eabi/4.9.3/../../../../arm-none-eabi/lib/armv7-m\libstdc++.a(new_opv.o) (__cxa_call_unexpected)
c:/program files (x86)/gnu tools arm embedded/4.9 2014q4/bin/../lib/gcc/arm-none-eabi/4.9.3/../../../../arm-none-eabi/lib/armv7-m\libstdc++.a(eh_arm.o)
                              c:/program files (x86)/gnu tools arm embedded/4.9 2014q4/bin/../lib/gcc/arm-none-eabi/4.9.3/../../../../arm-none-eabi/lib/armv7-m\libstdc++.a(new_opv.o) (__cxa_end_cleanup)
c:/program files (x86)/gnu tools arm embedded/4.9 2014q4/bin/../lib/gcc/arm-none-eabi/4.9.3/../../../../arm-none-eabi/lib/armv7-m\libstdc++.a(eh_terminate.o)
                              c:/program files (x86)/gnu tools arm embedded/4.9 2014q4/bin/../lib/gcc/arm-none-eabi/4.9.3/../../../../arm-none-eabi/lib/armv7-m\libstdc++.a(eh_call.o) (__cxxabiv1::__terminate(void (*)()))
c:/program files (x86)/gnu tools arm embedded/4.9 2014q4/bin/../lib/gcc/arm-none-eabi/4.9.3/../../../../arm-none-eabi/lib/armv7-m\libstdc++.a(bad_alloc.o)
                              c:/program files (x86)/gnu tools arm embedded/4.9 2014q4/bin/../lib/gcc/arm-none-eabi/4.9.3/../../../../arm-none-eabi/lib/armv7-m\libstdc++.a(new_opv.o) (typeinfo for std::bad_alloc)
c:/program files (x86)/gnu tools arm embedded/4.9 2014q4/bin/../lib/gcc/arm-none-eabi/4.9.3/../../../../arm-none-eabi/lib/armv7-m\libstdc++.a(eh_catch.o)
                              c:/program files (x86)/gnu tools arm embedded/4.9 2014q4/bin/../lib/gcc/arm-none-eabi/4.9.3/../../../../arm-none-eabi/lib/armv7-m\libstdc++.a(eh_call.o) (__cxa_begin_catch)
c:/program files (x86)/gnu tools arm embedded/4.9 2014q4/bin/../lib/gcc/arm-none-eabi/4.9.3/../../../../arm-none-eabi/lib/armv7-m\libstdc++.a(new_op.o)
                              c:/program files (x86)/gnu tools arm embedded/4.9 2014q4/bin/../lib/gcc/arm-none-eabi/4.9.3/../../../../arm-none-eabi/lib/armv7-m\libstdc++.a(new_opv.o) (operator new(unsigned int))
c:/program files (x86)/gnu tools arm embedded/4.9 2014q4/bin/../lib/gcc/arm-none-eabi/4.9.3/../../../../arm-none-eabi/lib/armv7-m\libstdc++.a(new_handler.o)
                              c:/program files (x86)/gnu tools arm embedded/4.9 2014q4/bin/../lib/gcc/arm-none-eabi/4.9.3/../../../../arm-none-eabi/lib/armv7-m\libstdc++.a(new_op.o) (std::get_new_handler())
c:/program files (x86)/gnu tools arm embedded/4.9 2014q4/bin/../lib/gcc/arm-none-eabi/4.9.3/../../../../arm-none-eabi/lib/armv7-m\libstdc++.a(eh_throw.o)
                              c:/program files (x86)/gnu tools arm embedded/4.9 2014q4/bin/../lib/gcc/arm-none-eabi/4.9.3/../../../../arm-none-eabi/lib/armv7-m\libstdc++.a(eh_call.o) (__cxa_throw)
c:/program files (x86)/gnu tools arm embedded/4.9 2014q4/bin/../lib/gcc/arm-none-eabi/4.9.3/../../../../arm-none-eabi/lib/armv7-m\libstdc++.a(eh_alloc.o)
                              c:/program files (x86)/gnu tools arm embedded/4.9 2014q4/bin/../lib/gcc/arm-none-eabi/4.9.3/../../../../arm-none-eabi/lib/armv7-m\libstdc++.a(eh_call.o) (__cxa_allocate_exception)
c:/program files (x86)/gnu tools arm embedded/4.9 2014q4/bin/../lib/gcc/arm-none-eabi/4.9.3/../../../../arm-none-eabi/lib/armv7-m\libstdc++.a(eh_unex_handler.o)
                              c:/program files (x86)/gnu tools arm embedded/4.9 2014q4/bin/../lib/gcc/arm-none-eabi/4.9.3/../../../../arm-none-eabi/lib/armv7-m\libstdc++.a(eh_terminate.o) (__cxxabiv1::__unexpected_handler)
c:/program files (x86)/gnu tools arm embedded/4.9 2014q4/bin/../lib/gcc/arm-none-eabi/4.9.3/../../../../arm-none-eabi/lib/armv7-m\libstdc++.a(eh_personality.o)
                              c:/program files (x86)/gnu tools arm embedded/4.9 2014q4/bin/../lib/gcc/arm-none-eabi/4.9.3/../../../../arm-none-eabi/lib/armv7-m\libstdc++.a(new_opv.o) (__gxx_personality_v0)
c:/program files (x86)/gnu tools arm embedded/4.9 2014q4/bin/../lib/gcc/arm-none-eabi/4.9.3/../../../../arm-none-eabi/lib/armv7-m\libstdc++.a(eh_globals.o)
[...]
Memory Configuration

Name             Origin             Length             Attributes
RAM              0x20000000         0x00005000         xrw
CCMRAM           0x00000000         0x00000000         xrw
FLASH            0x08000000         0x00020000         xr
FLASHB1          0x00000000         0x00000000         xr
EXTMEMB0         0x00000000         0x00000000         xr
EXTMEMB1         0x00000000         0x00000000         xr
EXTMEMB2         0x00000000         0x00000000         xr
EXTMEMB3         0x00000000         0x00000000         xr
MEMORY_ARRAY     0x00000000         0x00000000         xrw
*default*        0x00000000         0xffffffff

Linker script and memory map

LOAD ./system/src/stm32f2-stdperiph/misc.o
LOAD ./system/src/stm32f2-stdperiph/stm32f2xx_exti.o
LOAD ./system/src/stm32f2-stdperiph/stm32f2xx_gpio.o
LOAD ./system/src/stm32f2-stdperiph/stm32f2xx_rcc.o
LOAD ./system/src/stm32f2-stdperiph/stm32f2xx_syscfg.o
LOAD ./system/src/newlib/_cxx.o
LOAD ./system/src/newlib/_exit.o
LOAD ./system/src/newlib/_sbrk.o
LOAD ./system/src/newlib/_startup.o
LOAD ./system/src/newlib/_syscalls.o
LOAD ./system/src/newlib/assert.o
LOAD ./system/src/diag/Trace.o
LOAD ./system/src/diag/trace_impl.o
LOAD ./system/src/cortexm/_initialize_hardware.o
LOAD ./system/src/cortexm/_reset_hardware.o
LOAD ./system/src/cortexm/exception_handlers.o
LOAD ./system/src/cmsis/system_stm32f2xx.o
LOAD ./system/src/cmsis/vectors_stm32f2xx.o
LOAD ./src/Drivers/LCD/fonts.o
LOAD ./src/Drivers/LCD/lcd_log.o
LOAD ./src/Drivers/LCD/stm322xg_eval.o
LOAD ./src/Drivers/LCD/stm322xg_eval_lcd.o
LOAD ./src/Drivers/LCD/stm32f2xx_fsmc.o
LOAD ./src/Drivers/I2C/i2c.o
LOAD ./src/Drivers/Ether/ether.o
LOAD ./src/Drivers/port.o
LOAD ./src/BlinkLed.o
LOAD ./src/Timer.o
LOAD ./src/_write.o
LOAD ./src/main.o
LOAD c:/program files (x86)/gnu tools arm embedded/4.9 2014q4/bin/../lib/gcc/arm-none-eabi/4.9.3/../../../../arm-none-eabi/lib/armv7-m\libstdc++.a
LOAD c:/program files (x86)/gnu tools arm embedded/4.9 2014q4/bin/../lib/gcc/arm-none-eabi/4.9.3/../../../../arm-none-eabi/lib/armv7-m\libm.a
START GROUP
LOAD c:/program files (x86)/gnu tools arm embedded/4.9 2014q4/bin/../lib/gcc/arm-none-eabi/4.9.3/armv7-m\libgcc.a
LOAD c:/program files (x86)/gnu tools arm embedded/4.9 2014q4/bin/../lib/gcc/arm-none-eabi/4.9.3/../../../../arm-none-eabi/lib/armv7-m\libg.a
LOAD c:/program files (x86)/gnu tools arm embedded/4.9 2014q4/bin/../lib/gcc/arm-none-eabi/4.9.3/../../../../arm-none-eabi/lib/armv7-m\libc.a
END GROUP
                0x20005000                __stack = (ORIGIN (RAM) + 0x5000)
                0x20005000                _estack = __stack
                0x00000400                __Main_Stack_Size = 0x400
                0x00000400                PROVIDE (_Main_Stack_Size, __Main_Stack_Size)
                0x20004c00                __Main_Stack_Limit = (__stack - __Main_Stack_Size)
                0x20004c00                PROVIDE (_Main_Stack_Limit, __Main_Stack_Limit)
                0x00000100                _Minimum_Stack_Size = 0x100
                0x20001e98                PROVIDE (_Heap_Begin, _end_noinit)
                0x20004c00                PROVIDE (_Heap_Limit, (__stack - __Main_Stack_Size))

.isr_vector     0x08000000      0x2c8
                0x08000000                . = ALIGN (0x4)
 *(.isr_vector)
 .isr_vector    0x08000000      0x184 ./system/src/cmsis/vectors_stm32f2xx.o
                0x08000000                __isr_vectors
 *(.cfmconfig)
 *(.after_vectors .after_vectors.*)
 .after_vectors
                0x08000184      0x114 ./system/src/newlib/_startup.o
                0x08000184                _start
 .after_vectors
                0x08000298       0x2c ./system/src/cortexm/exception_handlers.o
                0x08000298                Reset_Handler
                0x080002a0                NMI_Handler
                0x080002a4                HardFault_Handler
                0x080002a8                MemManage_Handler
                0x080002ac                BusFault_Handler
                0x080002b0                UsageFault_Handler
                0x080002b4                SVC_Handler
                0x080002b8                DebugMon_Handler
                0x080002bc                PendSV_Handler
 .after_vectors
                0x080002c4        0x4 ./system/src/cmsis/vectors_stm32f2xx.o
                0x080002c4                RTC_Alarm_IRQHandler
                0x080002c4                HASH_RNG_IRQHandler
                0x080002c4                EXTI2_IRQHandler
                0x080002c4                TIM8_CC_IRQHandler
                0x080002c4                TIM1_CC_IRQHandler
                0x080002c4                DMA2_Stream5_IRQHandler
                0x080002c4                DMA1_Stream5_IRQHandler
                0x080002c4                PVD_IRQHandler
                0x080002c4                SDIO_IRQHandler
                0x080002c4                TAMP_STAMP_IRQHandler
                0x080002c4                CAN2_RX1_IRQHandler
                0x080002c4                EXTI3_IRQHandler
                0x080002c4                TIM8_TRG_COM_TIM14_IRQHandler
                0x080002c4                TIM1_UP_TIM10_IRQHandler
                0x080002c4                TIM8_UP_TIM13_IRQHandler
                0x080002c4                I2C3_ER_IRQHandler
                0x080002c4                EXTI0_IRQHandler
                0x080002c4                I2C2_EV_IRQHandler
                0x080002c4                DMA1_Stream2_IRQHandler
                0x080002c4                CAN1_RX0_IRQHandler
                0x080002c4                OTG_HS_WKUP_IRQHandler
                0x080002c4                CAN2_SCE_IRQHandler
                0x080002c4                DMA2_Stream2_IRQHandler
                0x080002c4                SPI1_IRQHandler
                0x080002c4                TIM6_DAC_IRQHandler
                0x080002c4                TIM1_BRK_TIM9_IRQHandler
                0x080002c4                DCMI_IRQHandler
                0x080002c4                CAN2_RX0_IRQHandler
                0x080002c4                DMA2_Stream3_IRQHandler
                0x080002c4                USART6_IRQHandler
                0x080002c4                USART3_IRQHandler
                0x080002c4                CRYP_IRQHandler
                0x080002c4                CAN1_RX1_IRQHandler
                0x080002c4                UART5_IRQHandler
                0x080002c4                DMA2_Stream0_IRQHandler
                0x080002c4                TIM4_IRQHandler
                0x080002c4                I2C1_EV_IRQHandler
                0x080002c4                DMA1_Stream6_IRQHandler
                0x080002c4                DMA1_Stream1_IRQHandler
                0x080002c4                UART4_IRQHandler
                0x080002c4                TIM3_IRQHandler
                0x080002c4                RCC_IRQHandler
                0x080002c4                TIM8_BRK_TIM12_IRQHandler
                0x080002c4                TIM1_TRG_COM_IRQHandler
                0x080002c4                Default_Handler
                0x080002c4                ADC_IRQHandler
                0x080002c4                DMA1_Stream7_IRQHandler
                0x080002c4                TIM7_IRQHandler
                0x080002c4                CAN2_TX_IRQHandler
                0x080002c4                TIM5_IRQHandler
                0x080002c4                DMA2_Stream7_IRQHandler
                0x080002c4                I2C3_EV_IRQHandler
                0x080002c4                EXTI9_5_IRQHandler
                0x080002c4                RTC_WKUP_IRQHandler
                0x080002c4                ETH_WKUP_IRQHandler
                0x080002c4                SPI2_IRQHandler
                0x080002c4                OTG_HS_EP1_IN_IRQHandler
                0x080002c4                DMA1_Stream0_IRQHandler
                0x080002c4                CAN1_TX_IRQHandler
                0x080002c4                EXTI4_IRQHandler
                0x080002c4                FSMC_IRQHandler
                0x080002c4                ETH_IRQHandler
                0x080002c4                OTG_HS_EP1_OUT_IRQHandler
                0x080002c4                WWDG_IRQHandler
                0x080002c4                TIM2_IRQHandler
                0x080002c4                OTG_FS_WKUP_IRQHandler
                0x080002c4                TIM1_TRG_COM_TIM11_IRQHandler
                0x080002c4                OTG_HS_IRQHandler
                0x080002c4                EXTI1_IRQHandler
                0x080002c4                USART2_IRQHandler
                0x080002c4                I2C2_ER_IRQHandler
                0x080002c4                DMA2_Stream1_IRQHandler
                0x080002c4                CAN1_SCE_IRQHandler
                0x080002c4                FLASH_IRQHandler
                0x080002c4                DMA2_Stream4_IRQHandler
                0x080002c4                USART1_IRQHandler
                0x080002c4                OTG_FS_IRQHandler
                0x080002c4                SPI3_IRQHandler
                0x080002c4                DMA1_Stream4_IRQHandler
                0x080002c4                I2C1_ER_IRQHandler
                0x080002c4                DMA2_Stream6_IRQHandler
                0x080002c4                DMA1_Stream3_IRQHandler
                0x080002c8                . = ALIGN (0x4)

.inits          0x080002c8        0x8
                0x080002c8                . = ALIGN (0x4)
 *(.init)
 *(.fini)
                0x080002c8                . = ALIGN (0x4)
                0x080002c8                PROVIDE (__preinit_array_start, .)
 *(.preinit_array_sysinit .preinit_array_sysinit.*)
 *(.preinit_array_platform .preinit_array_platform.*)
 *(.preinit_array .preinit_array.*)
                0x080002c8                PROVIDE (__preinit_array_end, .)
                0x080002c8                . = ALIGN (0x4)
                0x080002c8                PROVIDE (__init_array_start, .)
 *(SORT(.init_array.*))
 *(.init_array)
 .init_array    0x080002c8        0x4 ./src/main.o
                0x080002cc                PROVIDE (__init_array_end, .)
                0x080002cc                . = ALIGN (0x4)
                0x080002cc                PROVIDE (__fini_array_start, .)
 *(SORT(.fini_array.*))
 *(.fini_array)
 .fini_array    0x080002cc        0x4 ./src/main.o
                0x080002d0                PROVIDE (__fini_array_end, .)
                0x080002d0                . = ALIGN (0x4)

.flashtext      0x080002d0        0x0
                0x080002d0                . = ALIGN (0x4)
 *(.flashtext .flashtext.*)
                0x080002d0                . = ALIGN (0x4)

.text           0x080002d0     0xb1dc
                0x080002d0                . = ALIGN (0x4)
 *(.text .text.*)
 .text.NVIC_Init
                0x080002d0       0x9c ./system/src/stm32f2-stdperiph/misc.o
                0x080002d0                NVIC_Init
 .text.EXTI_Init
                0x0800036c       0xd8 ./system/src/stm32f2-stdperiph/stm32f2xx_exti.o
                0x0800036c                EXTI_Init
 .text.EXTI_ClearFlag
                0x08000444       0x24 ./system/src/stm32f2-stdperiph/stm32f2xx_exti.o
                0x08000444                EXTI_ClearFlag
 .text.GPIO_Init
                0x08000468      0x12c ./system/src/stm32f2-stdperiph/stm32f2xx_gpio.o
                0x08000468                GPIO_Init
 .text.GPIO_ReadInputDataBit
                0x08000594       0xc8 ./system/src/stm32f2-stdperiph/stm32f2xx_gpio.o
                0x08000594                GPIO_ReadInputDataBit
 .text.GPIO_PinAFConfig
                0x0800065c       0xec ./system/src/stm32f2-stdperiph/stm32f2xx_gpio.o
                0x0800065c                GPIO_PinAFConfig
 .text.RCC_AHB1PeriphClockCmd
                0x08000748       0x4c ./system/src/stm32f2-stdperiph/stm32f2xx_rcc.o
                0x08000748                RCC_AHB1PeriphClockCmd
 .text.RCC_AHB3PeriphClockCmd
                0x08000794       0x48 ./system/src/stm32f2-stdperiph/stm32f2xx_rcc.o
                0x08000794                RCC_AHB3PeriphClockCmd
 .text.RCC_APB2PeriphClockCmd
                0x080007dc       0x4c ./system/src/stm32f2-stdperiph/stm32f2xx_rcc.o
                0x080007dc                RCC_APB2PeriphClockCmd
 .text.SYSCFG_EXTILineConfig
                0x08000828       0x50 ./system/src/stm32f2-stdperiph/stm32f2xx_syscfg.o
                0x08000828                SYSCFG_EXTILineConfig
 .text._ZN9__gnu_cxx27__verbose_terminate_handlerEv
                0x08000878       0x10 ./system/src/newlib/_cxx.o
                0x08000878                __gnu_cxx::__verbose_terminate_handler()
 .text._exit    0x08000888        0x4 ./system/src/newlib/_exit.o
                0x08000888                _exit
 .text.abort    0x0800088c       0x14 ./system/src/newlib/_exit.o
                0x0800088c                abort
 .text._sbrk    0x080008a0       0x44 ./system/src/newlib/_sbrk.o
                0x080008a0                _sbrk
 .text.__initialize_args
                0x080008e4       0x10 ./system/src/newlib/_syscalls.o
                0x080008e4                __initialize_args
 .text.assert_failed
                0x080008f4       0x18 ./system/src/newlib/assert.o
                0x080008f4                assert_failed
 .text.trace_printf
                0x0800090c       0x34 ./system/src/diag/Trace.o
                0x0800090c                trace_printf
 .text.trace_puts
                0x08000940       0x20 ./system/src/diag/Trace.o
                0x08000940                trace_puts
 .text._trace_write_itm
                0x08000960       0x48 ./system/src/diag/trace_impl.o
 .text.trace_write
                0x080009a8        0x8 ./system/src/diag/trace_impl.o
                0x080009a8                trace_write
 .text.__initialize_hardware_early
                0x080009b0        0x8 ./system/src/cortexm/_initialize_hardware.o
                0x080009b0                __initialize_hardware_early
 .text.__initialize_hardware
                0x080009b8        0x8 ./system/src/cortexm/_initialize_hardware.o
                0x080009b8                __initialize_hardware
 .text.SetSysClock
                0x080009c0       0xac ./system/src/cmsis/system_stm32f2xx.o
 .text.SystemInit
                0x08000a6c       0x44 ./system/src/cmsis/system_stm32f2xx.o
                0x08000a6c                SystemInit
 .text.SystemCoreClockUpdate
                0x08000ab0       0xa4 ./system/src/cmsis/system_stm32f2xx.o
                0x08000ab0                SystemCoreClockUpdate
 .text._ZL21LCD_LOG_UpdateDisplayv
                0x08000b54       0xa4 ./src/Drivers/LCD/lcd_log.o
 .text._ZL9_put_charc
                0x08000bf8      0x138 ./src/Drivers/LCD/lcd_log.o
 .text._Z14LCD_LOG_DeInitv
                0x08000d30       0x64 ./src/Drivers/LCD/lcd_log.o
                0x08000d30                LCD_LOG_DeInit()
 .text._Z12LCD_LOG_Initv
                0x08000d94       0x10 ./src/Drivers/LCD/lcd_log.o
                0x08000d94                LCD_LOG_Init()
 .text._Z17LCD_LOG_SetHeaderPh
                0x08000da4       0xa0 ./src/Drivers/LCD/lcd_log.o
                0x08000da4                LCD_LOG_SetHeader(unsigned char*)
 .text.puts     0x08000e44       0x18 ./src/Drivers/LCD/lcd_log.o
                0x08000e44                puts
 .text.STM_EVAL_PBInit
                0x08000e5c       0xb4 ./src/Drivers/LCD/stm322xg_eval.o
                0x08000e5c                STM_EVAL_PBInit
 .text._ZL5delaym
                0x08000f10       0x28 ./src/Drivers/LCD/stm322xg_eval_lcd.o
 .text.LCD_SetTextColor
                0x08000f38       0x18 ./src/Drivers/LCD/stm322xg_eval_lcd.o
                0x08000f38                LCD_SetTextColor
 .text.LCD_SetBackColor
                0x08000f50       0x18 ./src/Drivers/LCD/stm322xg_eval_lcd.o
                0x08000f50                LCD_SetBackColor
 .text.LCD_SetFont
                0x08000f68        0xc ./src/Drivers/LCD/stm322xg_eval_lcd.o
                0x08000f68                LCD_SetFont
 .text.LCD_GetFont
                0x08000f74        0xc ./src/Drivers/LCD/stm322xg_eval_lcd.o
                0x08000f74                LCD_GetFont
 .text.LCD_WriteReg
                0x08000f80        0xc ./src/Drivers/LCD/stm322xg_eval_lcd.o
                0x08000f80                LCD_WriteReg
 .text.LCD_SetCursor
                0x08000f8c       0x18 ./src/Drivers/LCD/stm322xg_eval_lcd.o
                0x08000f8c                LCD_SetCursor
 .text.LCD_ReadReg
                0x08000fa4        0xc ./src/Drivers/LCD/stm322xg_eval_lcd.o
                0x08000fa4                LCD_ReadReg
 .text.LCD_WriteRAM_Prepare
                0x08000fb0        0xc ./src/Drivers/LCD/stm322xg_eval_lcd.o
                0x08000fb0                LCD_WriteRAM_Prepare
 .text.LCD_Clear
                0x08000fbc       0x28 ./src/Drivers/LCD/stm322xg_eval_lcd.o
                0x08000fbc                LCD_Clear
 .text.LCD_WriteRAM
                0x08000fe4        0x8 ./src/Drivers/LCD/stm322xg_eval_lcd.o
                0x08000fe4                LCD_WriteRAM
 .text.LCD_DrawChar
                0x08000fec       0x94 ./src/Drivers/LCD/stm322xg_eval_lcd.o
                0x08000fec                LCD_DrawChar
 .text.LCD_DisplayChar
                0x08001080       0x20 ./src/Drivers/LCD/stm322xg_eval_lcd.o
                0x08001080                LCD_DisplayChar
 .text.LCD_ClearLine
                0x080010a0       0x34 ./src/Drivers/LCD/stm322xg_eval_lcd.o
                0x080010a0                LCD_ClearLine
 .text.LCD_DisplayStringLine
                0x080010d4       0x38 ./src/Drivers/LCD/stm322xg_eval_lcd.o
                0x080010d4                LCD_DisplayStringLine
 .text.LCD_CtrlLinesConfig
                0x0800110c      0x134 ./src/Drivers/LCD/stm322xg_eval_lcd.o
                0x0800110c                LCD_CtrlLinesConfig
 .text.LCD_FSMCConfig
                0x08001240       0x5c ./src/Drivers/LCD/stm322xg_eval_lcd.o
                0x08001240                LCD_FSMCConfig
 .text.STM322xG_LCD_Init
                0x0800129c      0x420 ./src/Drivers/LCD/stm322xg_eval_lcd.o
                0x0800129c                STM322xG_LCD_Init
 .text.FSMC_NORSRAMInit
                0x080016bc      0x2ac ./src/Drivers/LCD/stm32f2xx_fsmc.o
                0x080016bc                FSMC_NORSRAMInit
 .text.FSMC_NORSRAMCmd
                0x08001968       0x5c ./src/Drivers/LCD/stm32f2xx_fsmc.o
                0x08001968                FSMC_NORSRAMCmd
 .text._ZN12CyclicBufferI4BITSED2Ev
                0x080019c4       0x18 ./src/Drivers/I2C/i2c.o
                0x080019c4                CyclicBuffer<BITS>::~CyclicBuffer()
                0x080019c4                CyclicBuffer<BITS>::~CyclicBuffer()
 .text._ZN12CyclicBufferI4BITSED0Ev
                0x080019dc       0x20 ./src/Drivers/I2C/i2c.o
                0x080019dc                CyclicBuffer<BITS>::~CyclicBuffer()
 .text._ZN10I2CSnifferC2Emmmmj
                0x080019fc       0x70 ./src/Drivers/I2C/i2c.o
                0x080019fc                I2CSniffer::I2CSniffer(unsigned long, unsigned long, unsigned long, unsigned long, unsigned int)
                0x080019fc                I2CSniffer::I2CSniffer(unsigned long, unsigned long, unsigned long, unsigned long, unsigned int)
 .text._ZN10I2CSniffer6UpdateEv
                0x08001a6c       0xe0 ./src/Drivers/I2C/i2c.o
                0x08001a6c                I2CSniffer::Update()
 .text._ZN4Port4initEv
                0x08001b4c       0x48 ./src/Drivers/port.o
                0x08001b4c                Port::init()
 .text._ZN6InPortC2Emm17GPIOSpeed_TypeDef17GPIOOType_TypeDef16GPIOPuPd_TypeDef
                0x08001b94       0x24 ./src/Drivers/port.o
                0x08001b94                InPort::InPort(unsigned long, unsigned long, GPIOSpeed_TypeDef, GPIOOType_TypeDef, GPIOPuPd_TypeDef)
                0x08001b94                InPort::InPort(unsigned long, unsigned long, GPIOSpeed_TypeDef, GPIOOType_TypeDef, GPIOPuPd_TypeDef)
 .text._ZN6InPort4readEv
                0x08001bb8       0x1c ./src/Drivers/port.o
                0x08001bb8                InPort::read()
 .text.SysTick_Handler
                0x08001bd4       0x14 ./src/Timer.o
                0x08001bd4                SysTick_Handler
 .text._Z41__static_initialization_and_destruction_0ii
                0x08001be8       0x4c ./src/main.o
 .text._Z9print_hexj
                0x08001c34       0x24 ./src/main.o
                0x08001c34                print_hex(unsigned int)
 .text._Z8init_lcdv
                0x08001c58       0x2c ./src/main.o
                0x08001c58                init_lcd()
 .text._Z8do_inputv
                0x08001c84       0x10 ./src/main.o
                0x08001c84                do_input()
 .text._Z12init_buttonsv
                0x08001c94        0xc ./src/main.o
                0x08001c94                init_buttons()
 .text._Z9pack_byteP4BITS
                0x08001ca0       0x44 ./src/main.o
                0x08001ca0                pack_byte(BITS*)
 .text.EXTI15_10_IRQHandler
                0x08001ce4      0x224 ./src/main.o
                0x08001ce4                EXTI15_10_IRQHandler
 .text.main     0x08001f08       0x10 ./src/main.o
                0x08001f08                main
 .text._GLOBAL__sub_I_i2c
                0x08001f18       0x10 ./src/main.o
 .text._GLOBAL__sub_D_i2c
                0x08001f28       0x10 ./src/main.o
 .text._ZdlPv   0x08001f38        0x4 c:/program files (x86)/gnu tools arm embedded/4.9 2014q4/bin/../lib/gcc/arm-none-eabi/4.9.3/../../../../arm-none-eabi/lib/armv7-m\libstdc++.a(del_op.o)
                0x08001f38                operator delete(void*)
 .text._ZdaPv   0x08001f3c        0x4 c:/program files (x86)/gnu tools arm embedded/4.9 2014q4/bin/../lib/gcc/arm-none-eabi/4.9.3/../../../../arm-none-eabi/lib/armv7-m\libstdc++.a(del_opv.o)
                0x08001f3c                operator delete[](void*)
 .text._Znaj    0x08001f40       0x14 c:/program files (x86)/gnu tools arm embedded/4.9 2014q4/bin/../lib/gcc/arm-none-eabi/4.9.3/../../../../arm-none-eabi/lib/armv7-m\libstdc++.a(new_opv.o)
                0x08001f40                operator new[](unsigned int)
 .text._ZN10__cxxabiv1L24__is_gxx_exception_classEPc
                0x08001f54       0x3c c:/program files (x86)/gnu tools arm embedded/4.9 2014q4/bin/../lib/gcc/arm-none-eabi/4.9.3/../../../../arm-none-eabi/lib/armv7-m\libstdc++.a(eh_call.o)
 .text.__cxa_call_terminate
                0x08001f90       0x20 c:/program files (x86)/gnu tools arm embedded/4.9 2014q4/bin/../lib/gcc/arm-none-eabi/4.9.3/../../../../arm-none-eabi/lib/armv7-m\libstdc++.a(eh_call.o)
                0x08001f90                __cxa_call_terminate
 .text.__cxa_call_unexpected
                0x08001fb0       0xdc c:/program files (x86)/gnu tools arm embedded/4.9 2014q4/bin/../lib/gcc/arm-none-eabi/4.9.3/../../../../arm-none-eabi/lib/armv7-m\libstdc++.a(eh_call.o)
                0x08001fb0                __cxa_call_unexpected
 .text.__cxa_end_cleanup
                0x0800208c        0xc c:/program files (x86)/gnu tools arm embedded/4.9 2014q4/bin/../lib/gcc/arm-none-eabi/4.9.3/../../../../arm-none-eabi/lib/armv7-m\libstdc++.a(eh_arm.o)
                0x0800208c                __cxa_end_cleanup
 .text.__cxa_type_match
                0x08002098       0xb0 c:/program files (x86)/gnu tools arm embedded/4.9 2014q4/bin/../lib/gcc/arm-none-eabi/4.9.3/../../../../arm-none-eabi/lib/armv7-m\libstdc++.a(eh_arm.o)
                0x08002098                __cxa_type_match
 .text.__cxa_begin_cleanup
                0x08002148       0x64 c:/program files (x86)/gnu tools arm embedded/4.9 2014q4/bin/../lib/gcc/arm-none-eabi/4.9.3/../../../../arm-none-eabi/lib/armv7-m\libstdc++.a(eh_arm.o)
                0x08002148                __cxa_begin_cleanup
 .text.__gnu_end_cleanup
                0x080021ac       0x70 c:/program files (x86)/gnu tools arm embedded/4.9 2014q4/bin/../lib/gcc/arm-none-eabi/4.9.3/../../../../arm-none-eabi/lib/armv7-m\libstdc++.a(eh_arm.o)
                0x080021ac                __gnu_end_cleanup
 .text._ZN10__cxxabiv111__terminateEPFvvE
                0x0800221c       0x28 c:/program files (x86)/gnu tools arm embedded/4.9 2014q4/bin/../lib/gcc/arm-none-eabi/4.9.3/../../../../arm-none-eabi/lib/armv7-m\libstdc++.a(eh_terminate.o)
                0x0800221c                __cxxabiv1::__terminate(void (*)())
 .text._ZSt9terminatev
                0x08002244       0x14 c:/program files (x86)/gnu tools arm embedded/4.9 2014q4/bin/../lib/gcc/arm-none-eabi/4.9.3/../../../../arm-none-eabi/lib/armv7-m\libstdc++.a(eh_terminate.o)
                0x08002244                std::terminate()
 .text._ZN10__cxxabiv112__unexpectedEPFvvE
                0x08002258        0x8 c:/program files (x86)/gnu tools arm embedded/4.9 2014q4/bin/../lib/gcc/arm-none-eabi/4.9.3/../../../../arm-none-eabi/lib/armv7-m\libstdc++.a(eh_terminate.o)
                0x08002258                __cxxabiv1::__unexpected(void (*)())
 .text._ZSt10unexpectedv
                0x08002260       0x14 c:/program files (x86)/gnu tools arm embedded/4.9 2014q4/bin/../lib/gcc/arm-none-eabi/4.9.3/../../../../arm-none-eabi/lib/armv7-m\libstdc++.a(eh_terminate.o)
                0x08002260                std::unexpected()
 .text._ZSt13get_terminatev
                0x08002274       0x10 c:/program files (x86)/gnu tools arm embedded/4.9 2014q4/bin/../lib/gcc/arm-none-eabi/4.9.3/../../../../arm-none-eabi/lib/armv7-m\libstdc++.a(eh_terminate.o)
                0x08002274                std::get_terminate()
 .text._ZSt14get_unexpectedv
                0x08002284       0x10 c:/program files (x86)/gnu tools arm embedded/4.9 2014q4/bin/../lib/gcc/arm-none-eabi/4.9.3/../../../../arm-none-eabi/lib/armv7-m\libstdc++.a(eh_terminate.o)
                0x08002284                std::get_unexpected()
 .text._ZNKSt9bad_alloc4whatEv
                0x08002294        0x8 c:/program files (x86)/gnu tools arm embedded/4.9 2014q4/bin/../lib/gcc/arm-none-eabi/4.9.3/../../../../arm-none-eabi/lib/armv7-m\libstdc++.a(bad_alloc.o)
                0x08002294                std::bad_alloc::what() const
 .text._ZNSt9bad_allocD2Ev
                0x0800229c       0x14 c:/program files (x86)/gnu tools arm embedded/4.9 2014q4/bin/../lib/gcc/arm-none-eabi/4.9.3/../../../../arm-none-eabi/lib/armv7-m\libstdc++.a(bad_alloc.o)
                0x0800229c                std::bad_alloc::~bad_alloc()
                0x0800229c                std::bad_alloc::~bad_alloc()
 .text._ZNSt9bad_allocD0Ev
                0x080022b0       0x1c c:/program files (x86)/gnu tools arm embedded/4.9 2014q4/bin/../lib/gcc/arm-none-eabi/4.9.3/../../../../arm-none-eabi/lib/armv7-m\libstdc++.a(bad_alloc.o)
                0x080022b0                std::bad_alloc::~bad_alloc()
 .text.__cxa_begin_catch
                0x080022cc       0x8c c:/program files (x86)/gnu tools arm embedded/4.9 2014q4/bin/../lib/gcc/arm-none-eabi/4.9.3/../../../../arm-none-eabi/lib/armv7-m\libstdc++.a(eh_catch.o)
                0x080022cc                __cxa_begin_catch
 .text.__cxa_end_catch
                0x08002358       0x8c c:/program files (x86)/gnu tools arm embedded/4.9 2014q4/bin/../lib/gcc/arm-none-eabi/4.9.3/../../../../arm-none-eabi/lib/armv7-m\libstdc++.a(eh_catch.o)
                0x08002358                __cxa_end_catch
 .text._Znwj    0x080023e4       0x44 c:/program files (x86)/gnu tools arm embedded/4.9 2014q4/bin/../lib/gcc/arm-none-eabi/4.9.3/../../../../arm-none-eabi/lib/armv7-m\libstdc++.a(new_op.o)
                0x080023e4                operator new(unsigned int)
 .text._ZSt15get_new_handlerv
                0x08002428       0x10 c:/program files (x86)/gnu tools arm embedded/4.9 2014q4/bin/../lib/gcc/arm-none-eabi/4.9.3/../../../../arm-none-eabi/lib/armv7-m\libstdc++.a(new_handler.o)
                0x08002428                std::get_new_handler()
 .text._ZL23__gxx_exception_cleanup19_Unwind_Reason_CodeP21_Unwind_Control_Block
                0x08002438       0x44 c:/program files (x86)/gnu tools arm embedded/4.9 2014q4/bin/../lib/gcc/arm-none-eabi/4.9.3/../../../../arm-none-eabi/lib/armv7-m\libstdc++.a(eh_throw.o)
 .text.__cxa_throw
                0x0800247c       0x80 c:/program files (x86)/gnu tools arm embedded/4.9 2014q4/bin/../lib/gcc/arm-none-eabi/4.9.3/../../../../arm-none-eabi/lib/armv7-m\libstdc++.a(eh_throw.o)
                0x0800247c                __cxa_throw
 .text.__cxa_rethrow
                0x080024fc       0x70 c:/program files (x86)/gnu tools arm embedded/4.9 2014q4/bin/../lib/gcc/arm-none-eabi/4.9.3/../../../../arm-none-eabi/lib/armv7-m\libstdc++.a(eh_throw.o)
                0x080024fc                __cxa_rethrow
 .text.__cxa_allocate_exception
                0x0800256c       0x58 c:/program files (x86)/gnu tools arm embedded/4.9 2014q4/bin/../lib/gcc/arm-none-eabi/4.9.3/../../../../arm-none-eabi/lib/armv7-m\libstdc++.a(eh_alloc.o)
                0x0800256c                __cxa_allocate_exception
 .text.__cxa_free_exception
                0x080025c4       0x30 c:/program files (x86)/gnu tools arm embedded/4.9 2014q4/bin/../lib/gcc/arm-none-eabi/4.9.3/../../../../arm-none-eabi/lib/armv7-m\libstdc++.a(eh_alloc.o)
                0x080025c4                __cxa_free_exception
 .text._ZL12read_sleb128PKhPl
                0x080025f4       0x30 c:/program files (x86)/gnu tools arm embedded/4.9 2014q4/bin/../lib/gcc/arm-none-eabi/4.9.3/../../../../arm-none-eabi/lib/armv7-m\libstdc++.a(eh_personality.o)
 .text._ZL28read_encoded_value_with_basehjPKhPj
                0x08002624       0xa8 c:/program files (x86)/gnu tools arm embedded/4.9 2014q4/bin/../lib/gcc/arm-none-eabi/4.9.3/../../../../arm-none-eabi/lib/armv7-m\libstdc++.a(eh_personality.o)
 .text._ZL21base_of_encoded_valuehP15_Unwind_Context
                0x080026cc       0x4c c:/program files (x86)/gnu tools arm embedded/4.9 2014q4/bin/../lib/gcc/arm-none-eabi/4.9.3/../../../../arm-none-eabi/lib/armv7-m\libstdc++.a(eh_personality.o)
 .text._ZL17parse_lsda_headerP15_Unwind_ContextPKhP16lsda_header_info
                0x08002718       0x94 c:/program files (x86)/gnu tools arm embedded/4.9 2014q4/bin/../lib/gcc/arm-none-eabi/4.9.3/../../../../arm-none-eabi/lib/armv7-m\libstdc++.a(eh_personality.o)
 .text.__gxx_personality_v0
                0x080027ac      0x3f4 c:/program files (x86)/gnu tools arm embedded/4.9 2014q4/bin/../lib/gcc/arm-none-eabi/4.9.3/../../../../arm-none-eabi/lib/armv7-m\libstdc++.a(eh_personality.o)
                0x080027ac                __gxx_personality_v0
 .text.__cxa_get_globals_fast
                0x08002ba0        0x8 c:/program files (x86)/gnu tools arm embedded/4.9 2014q4/bin/../lib/gcc/arm-none-eabi/4.9.3/../../../../arm-none-eabi/lib/armv7-m\libstdc++.a(eh_globals.o)
                0x08002ba0                __cxa_get_globals_fast
 .text.__cxa_get_globals
                0x08002ba8        0x8 c:/program files (x86)/gnu tools arm embedded/4.9 2014q4/bin/../lib/gcc/arm-none-eabi/4.9.3/../../../../arm-none-eabi/lib/armv7-m\libstdc++.a(eh_globals.o)
                0x08002ba8                __cxa_get_globals
 .text._ZN10__cxxabiv120__si_class_type_infoD2Ev
                0x08002bb0       0x14 c:/program files (x86)/gnu tools arm embedded/4.9 2014q4/bin/../lib/gcc/arm-none-eabi/4.9.3/../../../../arm-none-eabi/lib/armv7-m\libstdc++.a(si_class_type_info.o)
                0x08002bb0                __cxxabiv1::__si_class_type_info::~__si_class_type_info()
                0x08002bb0                __cxxabiv1::__si_class_type_info::~__si_class_type_info()
 .text._ZN10__cxxabiv120__si_class_type_infoD0Ev
                0x08002bc4       0x1c c:/program files (x86)/gnu tools arm embedded/4.9 2014q4/bin/../lib/gcc/arm-none-eabi/4.9.3/../../../../arm-none-eabi/lib/armv7-m\libstdc++.a(si_class_type_info.o)
                0x08002bc4                __cxxabiv1::__si_class_type_info::~__si_class_type_info()
 .text._ZNK10__cxxabiv120__si_class_type_info20__do_find_public_srcEiPKvPKNS_17__class_type_infoES2_
                0x08002be0       0x3c c:/program files (x86)/gnu tools arm embedded/4.9 2014q4/bin/../lib/gcc/arm-none-eabi/4.9.3/../../../../arm-none-eabi/lib/armv7-m\libstdc++.a(si_class_type_info.o)
                0x08002be0                __cxxabiv1::__si_class_type_info::__do_find_public_src(int, void const*, __cxxabiv1::__class_type_info const*, void const*) const
 .text._ZNK10__cxxabiv120__si_class_type_info12__do_dyncastEiNS_17__class_type_info10__sub_kindEPKS1_PKvS4_S6_RNS1_16__dyncast_resultE
                0x08002c1c       0x84 c:/program files (x86)/gnu tools arm embedded/4.9 2014q4/bin/../lib/gcc/arm-none-eabi/4.9.3/../../../../arm-none-eabi/lib/armv7-m\libstdc++.a(si_class_type_info.o)
                0x08002c1c                __cxxabiv1::__si_class_type_info::__do_dyncast(int, __cxxabiv1::__class_type_info::__sub_kind, __cxxabiv1::__class_type_info const*, void const*, __cxxabiv1::__class_type_info const*, void const*, __cxxabiv1::__class_type_info::__dyncast_result&) const
 .text._ZNK10__cxxabiv120__si_class_type_info11__do_upcastEPKNS_17__class_type_infoEPKvRNS1_15__upcast_resultE
                0x08002ca0       0x2c c:/program files (x86)/gnu tools arm embedded/4.9 2014q4/bin/../lib/gcc/arm-none-eabi/4.9.3/../../../../arm-none-eabi/lib/armv7-m\libstdc++.a(si_class_type_info.o)
                0x08002ca0                __cxxabiv1::__si_class_type_info::__do_upcast(__cxxabiv1::__class_type_info const*, void const*, __cxxabiv1::__class_type_info::__upcast_result&) const
 .text._ZNSt9exceptionD2Ev
                0x08002ccc        0x4 c:/program files (x86)/gnu tools arm embedded/4.9 2014q4/bin/../lib/gcc/arm-none-eabi/4.9.3/../../../../arm-none-eabi/lib/armv7-m\libstdc++.a(eh_exception.o)
                0x08002ccc                std::exception::~exception()
                0x08002ccc                std::exception::~exception()
 .text._ZNSt13bad_exceptionD2Ev
                0x08002cd0        0x4 c:/program files (x86)/gnu tools arm embedded/4.9 2014q4/bin/../lib/gcc/arm-none-eabi/4.9.3/../../../../arm-none-eabi/lib/armv7-m\libstdc++.a(eh_exception.o)
                0x08002cd0                std::bad_exception::~bad_exception()
                0x08002cd0                std::bad_exception::~bad_exception()
 .text._ZNKSt13bad_exception4whatEv
                0x08002cd4        0x8 c:/program files (x86)/gnu tools arm embedded/4.9 2014q4/bin/../lib/gcc/arm-none-eabi/4.9.3/../../../../arm-none-eabi/lib/armv7-m\libstdc++.a(eh_exception.o)
                0x08002cd4                std::bad_exception::what() const
 .text._ZNSt13bad_exceptionD0Ev
                0x08002cdc        0xc c:/program files (x86)/gnu tools arm embedded/4.9 2014q4/bin/../lib/gcc/arm-none-eabi/4.9.3/../../../../arm-none-eabi/lib/armv7-m\libstdc++.a(eh_exception.o)
                0x08002cdc                std::bad_exception::~bad_exception()
 .text._ZNSt9type_infoD2Ev
                0x08002ce8        0x4 c:/program files (x86)/gnu tools arm embedded/4.9 2014q4/bin/../lib/gcc/arm-none-eabi/4.9.3/../../../../arm-none-eabi/lib/armv7-m\libstdc++.a(tinfo.o)
                0x08002ce8                std::type_info::~type_info()
                0x08002ce8                std::type_info::~type_info()
 .text._ZNKSt9type_info14__is_pointer_pEv
                0x08002cec        0x4 c:/program files (x86)/gnu tools arm embedded/4.9 2014q4/bin/../lib/gcc/arm-none-eabi/4.9.3/../../../../arm-none-eabi/lib/armv7-m\libstdc++.a(tinfo.o)
                0x08002cec                std::type_info::__is_pointer_p() const
 .text._ZNKSt9type_info15__is_function_pEv
                0x08002cf0        0x4 c:/program files (x86)/gnu tools arm embedded/4.9 2014q4/bin/../lib/gcc/arm-none-eabi/4.9.3/../../../../arm-none-eabi/lib/armv7-m\libstdc++.a(tinfo.o)
                0x08002cf0                std::type_info::__is_function_p() const
 .text._ZNKSt9type_infoeqERKS_
                0x08002cf4       0x2c c:/program files (x86)/gnu tools arm embedded/4.9 2014q4/bin/../lib/gcc/arm-none-eabi/4.9.3/../../../../arm-none-eabi/lib/armv7-m\libstdc++.a(tinfo.o)
                0x08002cf4                std::type_info::operator==(std::type_info const&) const
 .text._ZNK10__cxxabiv117__class_type_info11__do_upcastEPKS0_PPv
                0x08002d20       0x38 c:/program files (x86)/gnu tools arm embedded/4.9 2014q4/bin/../lib/gcc/arm-none-eabi/4.9.3/../../../../arm-none-eabi/lib/armv7-m\libstdc++.a(class_type_info.o)
                0x08002d20                __cxxabiv1::__class_type_info::__do_upcast(__cxxabiv1::__class_type_info const*, void**) const
 .text._ZNK10__cxxabiv117__class_type_info20__do_find_public_srcEiPKvPKS0_S2_
                0x08002d58        0xc c:/program files (x86)/gnu tools arm embedded/4.9 2014q4/bin/../lib/gcc/arm-none-eabi/4.9.3/../../../../arm-none-eabi/lib/armv7-m\libstdc++.a(class_type_info.o)
                0x08002d58                __cxxabiv1::__class_type_info::__do_find_public_src(int, void const*, __cxxabiv1::__class_type_info const*, void const*) const
 .text._ZN10__cxxabiv117__class_type_infoD2Ev
                0x08002d64       0x14 c:/program files (x86)/gnu tools arm embedded/4.9 2014q4/bin/../lib/gcc/arm-none-eabi/4.9.3/../../../../arm-none-eabi/lib/armv7-m\libstdc++.a(class_type_info.o)
                0x08002d64                __cxxabiv1::__class_type_info::~__class_type_info()
                0x08002d64                __cxxabiv1::__class_type_info::~__class_type_info()
 .text._ZN10__cxxabiv117__class_type_infoD0Ev
                0x08002d78       0x1c c:/program files (x86)/gnu tools arm embedded/4.9 2014q4/bin/../lib/gcc/arm-none-eabi/4.9.3/../../../../arm-none-eabi/lib/armv7-m\libstdc++.a(class_type_info.o)
                0x08002d78                __cxxabiv1::__class_type_info::~__class_type_info()
 .text._ZNK10__cxxabiv117__class_type_info11__do_upcastEPKS0_PKvRNS0_15__upcast_resultE
                0x08002d94       0x18 c:/program files (x86)/gnu tools arm embedded/4.9 2014q4/bin/../lib/gcc/arm-none-eabi/4.9.3/../../../../arm-none-eabi/lib/armv7-m\libstdc++.a(class_type_info.o)
                0x08002d94                __cxxabiv1::__class_type_info::__do_upcast(__cxxabiv1::__class_type_info const*, void const*, __cxxabiv1::__class_type_info::__upcast_result&) const
 .text._ZNK10__cxxabiv117__class_type_info10__do_catchEPKSt9type_infoPPvj
                0x08002dac       0x2c c:/program files (x86)/gnu tools arm embedded/4.9 2014q4/bin/../lib/gcc/arm-none-eabi/4.9.3/../../../../arm-none-eabi/lib/armv7-m\libstdc++.a(class_type_info.o)
                0x08002dac                __cxxabiv1::__class_type_info::__do_catch(std::type_info const*, void**, unsigned int) const
 .text._ZNK10__cxxabiv117__class_type_info12__do_dyncastEiNS0_10__sub_kindEPKS0_PKvS3_S5_RNS0_16__dyncast_resultE
                0x08002dd8       0x40 c:/program files (x86)/gnu tools arm embedded/4.9 2014q4/bin/../lib/gcc/arm-none-eabi/4.9.3/../../../../arm-none-eabi/lib/armv7-m\libstdc++.a(class_type_info.o)
                0x08002dd8                __cxxabiv1::__class_type_info::__do_dyncast(int, __cxxabiv1::__class_type_info::__sub_kind, __cxxabiv1::__class_type_info const*, void const*, __cxxabiv1::__class_type_info const*, void const*, __cxxabiv1::__class_type_info::__dyncast_result&) const
 .text          0x08002e18      0x370 c:/program files (x86)/gnu tools arm embedded/4.9 2014q4/bin/../lib/gcc/arm-none-eabi/4.9.3/armv7-m\libgcc.a(_arm_addsubdf3.o)
                0x08002e18                __aeabi_drsub
                0x08002e20                __aeabi_dsub
                0x08002e20                __subdf3
                0x08002e24                __aeabi_dadd
                0x08002e24                __adddf3
                0x0800309c                __floatunsidf
                0x0800309c                __aeabi_ui2d
                0x080030bc                __floatsidf
                0x080030bc                __aeabi_i2d
                0x080030e0                __aeabi_f2d
                0x080030e0                __extendsfdf2
                0x0800311c                __floatundidf
                0x0800311c                __aeabi_ul2d
                0x0800312c                __floatdidf
                0x0800312c                __aeabi_l2d
 .text          0x08003188      0x110 c:/program files (x86)/gnu tools arm embedded/4.9 2014q4/bin/../lib/gcc/arm-none-eabi/4.9.3/armv7-m\libgcc.a(_arm_cmpdf2.o)
                0x08003188                __gtdf2
                0x08003188                __gedf2
                0x08003190                __ltdf2
                0x08003190                __ledf2
                0x08003198                __nedf2
                0x08003198                __eqdf2
                0x08003198                __cmpdf2
                0x08003214                __aeabi_cdrcmple
                0x08003224                __aeabi_cdcmpeq
                0x08003224                __aeabi_cdcmple
                0x08003234                __aeabi_dcmpeq
                0x08003248                __aeabi_dcmplt
                0x0800325c                __aeabi_dcmple
                0x08003270                __aeabi_dcmpge
                0x08003284                __aeabi_dcmpgt
 .text          0x08003298      0xa54 c:/program files (x86)/gnu tools arm embedded/4.9 2014q4/bin/../lib/gcc/arm-none-eabi/4.9.3/armv7-m\libgcc.a(unwind-arm.o)
                0x08003578                _Unwind_GetCFA
                0x0800357c                __gnu_Unwind_RaiseException
                0x080035dc                __gnu_Unwind_ForcedUnwind
                0x080035f0                __gnu_Unwind_Resume
                0x08003634                __gnu_Unwind_Resume_or_Rethrow
                0x08003648                _Unwind_Complete
                0x0800364c                _Unwind_DeleteException
                0x08003658                _Unwind_VRS_Get
                0x080036a8                _Unwind_VRS_Set
                0x080036f8                __gnu_Unwind_Backtrace
                0x08003a3c                __aeabi_unwind_cpp_pr0
                0x08003a40                __aeabi_unwind_cpp_pr1
                0x08003a44                __aeabi_unwind_cpp_pr2
                0x08003a48                _Unwind_VRS_Pop
 .text          0x08003cec      0x1ac c:/program files (x86)/gnu tools arm embedded/4.9 2014q4/bin/../lib/gcc/arm-none-eabi/4.9.3/armv7-m\libgcc.a(libunwind.o)
                0x08003cec                __restore_core_regs
                0x08003cec                restore_core_regs
                0x08003d04                __gnu_Unwind_Restore_VFP
                0x08003d0c                __gnu_Unwind_Save_VFP
                0x08003d14                __gnu_Unwind_Restore_VFP_D
                0x08003d1c                __gnu_Unwind_Save_VFP_D
                0x08003d24                __gnu_Unwind_Restore_VFP_D_16_to_31
                0x08003d2c                __gnu_Unwind_Save_VFP_D_16_to_31
                0x08003d34                __gnu_Unwind_Restore_WMMXD
                0x08003d78                __gnu_Unwind_Save_WMMXD
                0x08003dbc                __gnu_Unwind_Restore_WMMXC
                0x08003dd0                __gnu_Unwind_Save_WMMXC
                0x08003de4                ___Unwind_RaiseException
                0x08003de4                _Unwind_RaiseException
                0x08003e08                _Unwind_Resume
                0x08003e08                ___Unwind_Resume
                0x08003e2c                _Unwind_Resume_or_Rethrow
                0x08003e2c                ___Unwind_Resume_or_Rethrow
                0x08003e50                _Unwind_ForcedUnwind
                0x08003e50                ___Unwind_ForcedUnwind
                0x08003e74                ___Unwind_Backtrace
                0x08003e74                _Unwind_Backtrace
 .text          0x08003e98      0x37c c:/program files (x86)/gnu tools arm embedded/4.9 2014q4/bin/../lib/gcc/arm-none-eabi/4.9.3/armv7-m\libgcc.a(pr-support.o)
                0x08003ef0                __gnu_unwind_execute
                0x080041bc                __gnu_unwind_frame
                0x080041e4                _Unwind_GetRegionStart
                0x080041f0                _Unwind_GetLanguageSpecificData
                0x08004204                _Unwind_GetDataRelBase
                0x0800420c                _Unwind_GetTextRelBase
 .text.__errno  0x08004214        0xc c:/program files (x86)/gnu tools arm embedded/4.9 2014q4/bin/../lib/gcc/arm-none-eabi/4.9.3/../../../../arm-none-eabi/lib/armv7-m\libg.a(lib_a-errno.o)
                0x08004214                __errno
 .text.malloc   0x08004220       0x10 c:/program files (x86)/gnu tools arm embedded/4.9 2014q4/bin/../lib/gcc/arm-none-eabi/4.9.3/../../../../arm-none-eabi/lib/armv7-m\libg.a(lib_a-malloc.o)
                0x08004220                malloc
 .text.free     0x08004230       0x10 c:/program files (x86)/gnu tools arm embedded/4.9 2014q4/bin/../lib/gcc/arm-none-eabi/4.9.3/../../../../arm-none-eabi/lib/armv7-m\libg.a(lib_a-malloc.o)
                0x08004230                free
 .text._malloc_r
                0x08004240      0x504 c:/program files (x86)/gnu tools arm embedded/4.9 2014q4/bin/../lib/gcc/arm-none-eabi/4.9.3/../../../../arm-none-eabi/lib/armv7-m\libg.a(lib_a-mallocr.o)
                0x08004240                _malloc_r
 .text          0x08004744       0xec c:/program files (x86)/gnu tools arm embedded/4.9 2014q4/bin/../lib/gcc/arm-none-eabi/4.9.3/../../../../arm-none-eabi/lib/armv7-m\libg.a(lib_a-memcpy.o)
                0x08004744                memcpy
 .text.memset   0x08004830       0x9c c:/program files (x86)/gnu tools arm embedded/4.9 2014q4/bin/../lib/gcc/arm-none-eabi/4.9.3/../../../../arm-none-eabi/lib/armv7-m\libg.a(lib_a-memset.o)
                0x08004830                memset
 .text.__malloc_lock
                0x080048cc        0x4 c:/program files (x86)/gnu tools arm embedded/4.9 2014q4/bin/../lib/gcc/arm-none-eabi/4.9.3/../../../../arm-none-eabi/lib/armv7-m\libg.a(lib_a-mlock.o)
                0x080048cc                __malloc_lock
 .text.__malloc_unlock
                0x080048d0        0x4 c:/program files (x86)/gnu tools arm embedded/4.9 2014q4/bin/../lib/gcc/arm-none-eabi/4.9.3/../../../../arm-none-eabi/lib/armv7-m\libg.a(lib_a-mlock.o)
                0x080048d0                __malloc_unlock
 .text._sbrk_r  0x080048d4       0x24 c:/program files (x86)/gnu tools arm embedded/4.9 2014q4/bin/../lib/gcc/arm-none-eabi/4.9.3/../../../../arm-none-eabi/lib/armv7-m\libg.a(lib_a-sbrkr.o)
                0x080048d4                _sbrk_r
 .text.snprintf
                0x080048f8       0x98 c:/program files (x86)/gnu tools arm embedded/4.9 2014q4/bin/../lib/gcc/arm-none-eabi/4.9.3/../../../../arm-none-eabi/lib/armv7-m\libg.a(lib_a-snprintf.o)
                0x080048f8                snprintf
 .text          0x08004990      0x1bc c:/program files (x86)/gnu tools arm embedded/4.9 2014q4/bin/../lib/gcc/arm-none-eabi/4.9.3/../../../../arm-none-eabi/lib/armv7-m\libg.a(lib_a-strcmp.o)
                0x08004990                strcmp
 .text.strlen   0x08004b4c       0x5c c:/program files (x86)/gnu tools arm embedded/4.9 2014q4/bin/../lib/gcc/arm-none-eabi/4.9.3/../../../../arm-none-eabi/lib/armv7-m\libg.a(lib_a-strlen.o)
                0x08004b4c                strlen
 .text._svfprintf_r
                0x08004ba8     0x14f4 c:/program files (x86)/gnu tools arm embedded/4.9 2014q4/bin/../lib/gcc/arm-none-eabi/4.9.3/../../../../arm-none-eabi/lib/armv7-m\libg.a(lib_a-svfprintf.o)
                0x08004ba8                _svfprintf_r
 .text._vsnprintf_r
                0x0800609c       0x70 c:/program files (x86)/gnu tools arm embedded/4.9 2014q4/bin/../lib/gcc/arm-none-eabi/4.9.3/../../../../arm-none-eabi/lib/armv7-m\libg.a(lib_a-vsnprintf.o)
                0x0800609c                _vsnprintf_r
 .text.vsnprintf
                0x0800610c       0x20 c:/program files (x86)/gnu tools arm embedded/4.9 2014q4/bin/../lib/gcc/arm-none-eabi/4.9.3/../../../../arm-none-eabi/lib/armv7-m\libg.a(lib_a-vsnprintf.o)
                0x0800610c                vsnprintf
 .text.quorem   0x0800612c      0x130 c:/program files (x86)/gnu tools arm embedded/4.9 2014q4/bin/../lib/gcc/arm-none-eabi/4.9.3/../../../../arm-none-eabi/lib/armv7-m\libg.a(lib_a-dtoa.o)
 *fill*         0x0800625c        0x4 
 .text._dtoa_r  0x08006260      0xea8 c:/program files (x86)/gnu tools arm embedded/4.9 2014q4/bin/../lib/gcc/arm-none-eabi/4.9.3/../../../../arm-none-eabi/lib/armv7-m\libg.a(lib_a-dtoa.o)
                0x08006260                _dtoa_r
 .text._malloc_trim_r
                0x08007108       0x9c c:/program files (x86)/gnu tools arm embedded/4.9 2014q4/bin/../lib/gcc/arm-none-eabi/4.9.3/../../../../arm-none-eabi/lib/armv7-m\libg.a(lib_a-freer.o)
                0x08007108                _malloc_trim_r
 .text._free_r  0x080071a4      0x1b0 c:/program files (x86)/gnu tools arm embedded/4.9 2014q4/bin/../lib/gcc/arm-none-eabi/4.9.3/../../../../arm-none-eabi/lib/armv7-m\libg.a(lib_a-freer.o)
                0x080071a4                _free_r
 .text._localeconv_r
                0x08007354        0x8 c:/program files (x86)/gnu tools arm embedded/4.9 2014q4/bin/../lib/gcc/arm-none-eabi/4.9.3/../../../../arm-none-eabi/lib/armv7-m\libg.a(lib_a-locale.o)
                0x08007354                _localeconv_r
 .text.memchr   0x0800735c       0x94 c:/program files (x86)/gnu tools arm embedded/4.9 2014q4/bin/../lib/gcc/arm-none-eabi/4.9.3/../../../../arm-none-eabi/lib/armv7-m\libg.a(lib_a-memchr.o)
                0x0800735c                memchr
 .text._Balloc  0x080073f0       0x50 c:/program files (x86)/gnu tools arm embedded/4.9 2014q4/bin/../lib/gcc/arm-none-eabi/4.9.3/../../../../arm-none-eabi/lib/armv7-m\libg.a(lib_a-mprec.o)
                0x080073f0                _Balloc
 .text._Bfree   0x08007440       0x14 c:/program files (x86)/gnu tools arm embedded/4.9 2014q4/bin/../lib/gcc/arm-none-eabi/4.9.3/../../../../arm-none-eabi/lib/armv7-m\libg.a(lib_a-mprec.o)
                0x08007440                _Bfree
 .text.__multadd
                0x08007454       0x84 c:/program files (x86)/gnu tools arm embedded/4.9 2014q4/bin/../lib/gcc/arm-none-eabi/4.9.3/../../../../arm-none-eabi/lib/armv7-m\libg.a(lib_a-mprec.o)
                0x08007454                __multadd
 .text.__hi0bits
                0x080074d8       0x40 c:/program files (x86)/gnu tools arm embedded/4.9 2014q4/bin/../lib/gcc/arm-none-eabi/4.9.3/../../../../arm-none-eabi/lib/armv7-m\libg.a(lib_a-mprec.o)
                0x080074d8                __hi0bits
 .text.__lo0bits
                0x08007518       0x5c c:/program files (x86)/gnu tools arm embedded/4.9 2014q4/bin/../lib/gcc/arm-none-eabi/4.9.3/../../../../arm-none-eabi/lib/armv7-m\libg.a(lib_a-mprec.o)
                0x08007518                __lo0bits
 .text.__i2b    0x08007574       0x14 c:/program files (x86)/gnu tools arm embedded/4.9 2014q4/bin/../lib/gcc/arm-none-eabi/4.9.3/../../../../arm-none-eabi/lib/armv7-m\libg.a(lib_a-mprec.o)
                0x08007574                __i2b
 .text.__multiply
                0x08007588      0x140 c:/program files (x86)/gnu tools arm embedded/4.9 2014q4/bin/../lib/gcc/arm-none-eabi/4.9.3/../../../../arm-none-eabi/lib/armv7-m\libg.a(lib_a-mprec.o)
                0x08007588                __multiply
 .text.__pow5mult
                0x080076c8       0xa0 c:/program files (x86)/gnu tools arm embedded/4.9 2014q4/bin/../lib/gcc/arm-none-eabi/4.9.3/../../../../arm-none-eabi/lib/armv7-m\libg.a(lib_a-mprec.o)
                0x080076c8                __pow5mult
 .text.__lshift
                0x08007768       0xb0 c:/program files (x86)/gnu tools arm embedded/4.9 2014q4/bin/../lib/gcc/arm-none-eabi/4.9.3/../../../../arm-none-eabi/lib/armv7-m\libg.a(lib_a-mprec.o)
                0x08007768                __lshift
 .text.__mcmp   0x08007818       0x48 c:/program files (x86)/gnu tools arm embedded/4.9 2014q4/bin/../lib/gcc/arm-none-eabi/4.9.3/../../../../arm-none-eabi/lib/armv7-m\libg.a(lib_a-mprec.o)
                0x08007818                __mcmp
 .text.__mdiff  0x08007860       0xe4 c:/program files (x86)/gnu tools arm embedded/4.9 2014q4/bin/../lib/gcc/arm-none-eabi/4.9.3/../../../../arm-none-eabi/lib/armv7-m\libg.a(lib_a-mprec.o)
                0x08007860                __mdiff
 .text.__d2b    0x08007944       0xa8 c:/program files (x86)/gnu tools arm embedded/4.9 2014q4/bin/../lib/gcc/arm-none-eabi/4.9.3/../../../../arm-none-eabi/lib/armv7-m\libg.a(lib_a-mprec.o)
                0x08007944                __d2b
 .text.__fpclassifyd
                0x080079ec       0x58 c:/program files (x86)/gnu tools arm embedded/4.9 2014q4/bin/../lib/gcc/arm-none-eabi/4.9.3/../../../../arm-none-eabi/lib/armv7-m\libg.a(lib_a-s_fpclassify.o)
                0x080079ec                __fpclassifyd
 .text.__ssprint_r
                0x08007a44      0x104 c:/program files (x86)/gnu tools arm embedded/4.9 2014q4/bin/../lib/gcc/arm-none-eabi/4.9.3/../../../../arm-none-eabi/lib/armv7-m\libg.a(lib_a-svfiprintf.o)
                0x08007a44                __ssprint_r
 .text._calloc_r
                0x08007b48       0x60 c:/program files (x86)/gnu tools arm embedded/4.9 2014q4/bin/../lib/gcc/arm-none-eabi/4.9.3/../../../../arm-none-eabi/lib/armv7-m\libg.a(lib_a-callocr.o)
                0x08007b48                _calloc_r
 .text.memmove  0x08007ba8       0xc8 c:/program files (x86)/gnu tools arm embedded/4.9 2014q4/bin/../lib/gcc/arm-none-eabi/4.9.3/../../../../arm-none-eabi/lib/armv7-m\libg.a(lib_a-memmove.o)
                0x08007ba8                memmove
 .text._realloc_r
                0x08007c70      0x3e0 c:/program files (x86)/gnu tools arm embedded/4.9 2014q4/bin/../lib/gcc/arm-none-eabi/4.9.3/../../../../arm-none-eabi/lib/armv7-m\libg.a(lib_a-reallocr.o)
                0x08007c70                _realloc_r
 .text          0x08008050      0x424 c:/program files (x86)/gnu tools arm embedded/4.9 2014q4/bin/../lib/gcc/arm-none-eabi/4.9.3/armv7-m\libgcc.a(_arm_muldivdf3.o)
                0x08008050                __aeabi_dmul
                0x08008050                __muldf3
                0x080082a4                __divdf3
                0x080082a4                __aeabi_ddiv
 .text          0x08008474       0x50 c:/program files (x86)/gnu tools arm embedded/4.9 2014q4/bin/../lib/gcc/arm-none-eabi/4.9.3/armv7-m\libgcc.a(_arm_fixdfsi.o)
                0x08008474                __aeabi_d2iz
                0x08008474                __fixdfsi
 .text          0x080084c4       0x2c c:/program files (x86)/gnu tools arm embedded/4.9 2014q4/bin/../lib/gcc/arm-none-eabi/4.9.3/armv7-m\libgcc.a(_aeabi_uldivmod.o)
                0x080084c4                __aeabi_uldivmod
 .text          0x080084f0       0x60 c:/program files (x86)/gnu tools arm embedded/4.9 2014q4/bin/../lib/gcc/arm-none-eabi/4.9.3/armv7-m\libgcc.a(bpabi.o)
                0x080084f0                __gnu_ldivmod_helper
                0x08008520                __gnu_uldivmod_helper
 .text          0x08008550        0x4 c:/program files (x86)/gnu tools arm embedded/4.9 2014q4/bin/../lib/gcc/arm-none-eabi/4.9.3/armv7-m\libgcc.a(_dvmd_tls.o)
                0x08008550                __aeabi_idiv0
                0x08008550                __aeabi_ldiv0
 .text          0x08008554      0x2ac c:/program files (x86)/gnu tools arm embedded/4.9 2014q4/bin/../lib/gcc/arm-none-eabi/4.9.3/armv7-m\libgcc.a(_divdi3.o)
                0x08008554                __divdi3
 .text          0x08008800      0x270 c:/program files (x86)/gnu tools arm embedded/4.9 2014q4/bin/../lib/gcc/arm-none-eabi/4.9.3/armv7-m\libgcc.a(_udivdi3.o)
                0x08008800                __udivdi3
 *(.rodata .rodata.*)
 .rodata.str1.4
                0x08008a70       0x27 ./system/src/stm32f2-stdperiph/misc.o
                                 0x28 (size before relaxing)
 *fill*         0x08008a97        0x1 
 .rodata.str1.4
                0x08008a98       0x31 ./system/src/stm32f2-stdperiph/stm32f2xx_exti.o
                                 0x34 (size before relaxing)
 *fill*         0x08008ac9        0x3 
 .rodata.str1.4
                0x08008acc       0x31 ./system/src/stm32f2-stdperiph/stm32f2xx_gpio.o
                                 0x34 (size before relaxing)
 *fill*         0x08008afd        0x3 
 .rodata.str1.4
                0x08008b00       0x30 ./system/src/stm32f2-stdperiph/stm32f2xx_rcc.o
 .rodata.str1.4
                0x08008b30       0x33 ./system/src/stm32f2-stdperiph/stm32f2xx_syscfg.o
                                 0x34 (size before relaxing)
 *fill*         0x08008b63        0x1 
 .rodata._ZZN9__gnu_cxx27__verbose_terminate_handlerEvE8__func__
                0x08008b64       0x1c ./system/src/newlib/_cxx.o
 .rodata.str1.4
                0x08008b80       0x14 ./system/src/newlib/_exit.o
 .rodata.str1.4
                0x08008b94       0x6b ./system/src/newlib/assert.o
                                 0x70 (size before relaxing)
 *fill*         0x08008bff        0x1 
 .rodata.str1.4
                0x08008c00       0x2d ./system/src/diag/Trace.o
                                 0x30 (size before relaxing)
 *fill*         0x08008c2d        0x3 
 .rodata._ZL16ASCII16x24_Table
                0x08008c30     0x11d0 ./src/Drivers/LCD/fonts.o
 .rodata._ZL15ASCII8x12_Table
                0x08009e00      0x900 ./src/Drivers/LCD/fonts.o
 .rodata._ZL16ASCII12x12_Table
                0x0800a700      0x900 ./src/Drivers/LCD/fonts.o
 .rodata._ZL17BUTTON_PIN_SOURCE
                0x0800b000        0x4 ./src/Drivers/LCD/stm322xg_eval.o
 .rodata._ZL10BUTTON_CLK
                0x0800b004        0xc ./src/Drivers/LCD/stm322xg_eval.o
 .rodata._ZL16BUTTON_EXTI_LINE
                0x0800b010        0x8 ./src/Drivers/LCD/stm322xg_eval.o
 .rodata._ZL10BUTTON_PIN
                0x0800b018        0x8 ./src/Drivers/LCD/stm322xg_eval.o
 .rodata._ZL11BUTTON_IRQn
                0x0800b020        0x4 ./src/Drivers/LCD/stm322xg_eval.o
 .rodata._ZL18BUTTON_PORT_SOURCE
                0x0800b024        0x4 ./src/Drivers/LCD/stm322xg_eval.o
 .rodata.str1.4
                0x0800b028       0x24 ./src/Drivers/LCD/stm32f2xx_fsmc.o
 *fill*         0x0800b04c        0x4 
 .rodata._ZTV12CyclicBufferI4BITSE
                0x0800b050       0x10 ./src/Drivers/I2C/i2c.o
                0x0800b050                vtable for CyclicBuffer<BITS>
 .rodata.str1.4
                0x0800b060       0x9e ./src/main.o
                                 0xa4 (size before relaxing)
 *fill*         0x0800b0fe        0x2 
 .rodata._ZTVSt9bad_alloc
                0x0800b100       0x18 c:/program files (x86)/gnu tools arm embedded/4.9 2014q4/bin/../lib/gcc/arm-none-eabi/4.9.3/../../../../arm-none-eabi/lib/armv7-m\libstdc++.a(bad_alloc.o)
                0x0800b100                vtable for std::bad_alloc
 .rodata._ZTISt9bad_alloc
                0x0800b118        0xc c:/program files (x86)/gnu tools arm embedded/4.9 2014q4/bin/../lib/gcc/arm-none-eabi/4.9.3/../../../../arm-none-eabi/lib/armv7-m\libstdc++.a(bad_alloc.o)
                0x0800b118                typeinfo for std::bad_alloc
 .rodata.str1.4
                0x0800b124        0xf c:/program files (x86)/gnu tools arm embedded/4.9 2014q4/bin/../lib/gcc/arm-none-eabi/4.9.3/../../../../arm-none-eabi/lib/armv7-m\libstdc++.a(bad_alloc.o)
                                 0x10 (size before relaxing)
 *fill*         0x0800b133        0x1 
 .rodata._ZTSSt9bad_alloc
                0x0800b134       0x10 c:/program files (x86)/gnu tools arm embedded/4.9 2014q4/bin/../lib/gcc/arm-none-eabi/4.9.3/../../../../arm-none-eabi/lib/armv7-m\libstdc++.a(bad_alloc.o)
                0x0800b134                typeinfo name for std::bad_alloc
 *fill*         0x0800b144        0x4 
 .rodata._ZTVN10__cxxabiv120__si_class_type_infoE
                0x0800b148       0x30 c:/program files (x86)/gnu tools arm embedded/4.9 2014q4/bin/../lib/gcc/arm-none-eabi/4.9.3/../../../../arm-none-eabi/lib/armv7-m\libstdc++.a(si_class_type_info.o)
                0x0800b148                vtable for __cxxabiv1::__si_class_type_info
 .rodata._ZTIN10__cxxabiv120__si_class_type_infoE
                0x0800b178        0xc c:/program files (x86)/gnu tools arm embedded/4.9 2014q4/bin/../lib/gcc/arm-none-eabi/4.9.3/../../../../arm-none-eabi/lib/armv7-m\libstdc++.a(si_class_type_info.o)
                0x0800b178                typeinfo for __cxxabiv1::__si_class_type_info
 .rodata._ZTSN10__cxxabiv120__si_class_type_infoE
                0x0800b184       0x28 c:/program files (x86)/gnu tools arm embedded/4.9 2014q4/bin/../lib/gcc/arm-none-eabi/4.9.3/../../../../arm-none-eabi/lib/armv7-m\libstdc++.a(si_class_type_info.o)
                0x0800b184                typeinfo name for __cxxabiv1::__si_class_type_info
 .rodata._ZTSN10__cxxabiv115__forced_unwindE
                0x0800b1ac       0x20 c:/program files (x86)/gnu tools arm embedded/4.9 2014q4/bin/../lib/gcc/arm-none-eabi/4.9.3/../../../../arm-none-eabi/lib/armv7-m\libstdc++.a(eh_exception.o)
                0x0800b1ac                typeinfo name for __cxxabiv1::__forced_unwind
 .rodata._ZTIN10__cxxabiv115__forced_unwindE
                0x0800b1cc        0x8 c:/program files (x86)/gnu tools arm embedded/4.9 2014q4/bin/../lib/gcc/arm-none-eabi/4.9.3/../../../../arm-none-eabi/lib/armv7-m\libstdc++.a(eh_exception.o)
                0x0800b1cc                typeinfo for __cxxabiv1::__forced_unwind
 .rodata._ZTISt9exception
                0x0800b1d4        0x8 c:/program files (x86)/gnu tools arm embedded/4.9 2014q4/bin/../lib/gcc/arm-none-eabi/4.9.3/../../../../arm-none-eabi/lib/armv7-m\libstdc++.a(eh_exception.o)
                0x0800b1d4                typeinfo for std::exception
 .rodata._ZTSN10__cxxabiv119__foreign_exceptionE
                0x0800b1dc       0x24 c:/program files (x86)/gnu tools arm embedded/4.9 2014q4/bin/../lib/gcc/arm-none-eabi/4.9.3/../../../../arm-none-eabi/lib/armv7-m\libstdc++.a(eh_exception.o)
                0x0800b1dc                typeinfo name for __cxxabiv1::__foreign_exception
 .rodata.str1.4
                0x0800b200       0x23 c:/program files (x86)/gnu tools arm embedded/4.9 2014q4/bin/../lib/gcc/arm-none-eabi/4.9.3/../../../../arm-none-eabi/lib/armv7-m\libstdc++.a(eh_exception.o)
                                 0x24 (size before relaxing)
 *fill*         0x0800b223        0x1 
 .rodata._ZTIN10__cxxabiv119__foreign_exceptionE
                0x0800b224        0x8 c:/program files (x86)/gnu tools arm embedded/4.9 2014q4/bin/../lib/gcc/arm-none-eabi/4.9.3/../../../../arm-none-eabi/lib/armv7-m\libstdc++.a(eh_exception.o)
                0x0800b224                typeinfo for __cxxabiv1::__foreign_exception
 *fill*         0x0800b22c        0x4 
 .rodata._ZTVSt13bad_exception
                0x0800b230       0x18 c:/program files (x86)/gnu tools arm embedded/4.9 2014q4/bin/../lib/gcc/arm-none-eabi/4.9.3/../../../../arm-none-eabi/lib/armv7-m\libstdc++.a(eh_exception.o)
                0x0800b230                vtable for std::bad_exception
 .rodata._ZTSSt9exception
                0x0800b248       0x10 c:/program files (x86)/gnu tools arm embedded/4.9 2014q4/bin/../lib/gcc/arm-none-eabi/4.9.3/../../../../arm-none-eabi/lib/armv7-m\libstdc++.a(eh_exception.o)
                0x0800b248                typeinfo name for std::exception
 .rodata._ZTSSt13bad_exception
                0x0800b258       0x14 c:/program files (x86)/gnu tools arm embedded/4.9 2014q4/bin/../lib/gcc/arm-none-eabi/4.9.3/../../../../arm-none-eabi/lib/armv7-m\libstdc++.a(eh_exception.o)
                0x0800b258                typeinfo name for std::bad_exception
 .rodata._ZTISt13bad_exception
                0x0800b26c        0xc c:/program files (x86)/gnu tools arm embedded/4.9 2014q4/bin/../lib/gcc/arm-none-eabi/4.9.3/../../../../arm-none-eabi/lib/armv7-m\libstdc++.a(eh_exception.o)
                0x0800b26c                typeinfo for std::bad_exception
 .rodata._ZTISt9type_info
                0x0800b278        0x8 c:/program files (x86)/gnu tools arm embedded/4.9 2014q4/bin/../lib/gcc/arm-none-eabi/4.9.3/../../../../arm-none-eabi/lib/armv7-m\libstdc++.a(tinfo.o)
                0x0800b278                typeinfo for std::type_info
 .rodata._ZTSSt9type_info
                0x0800b280       0x10 c:/program files (x86)/gnu tools arm embedded/4.9 2014q4/bin/../lib/gcc/arm-none-eabi/4.9.3/../../../../arm-none-eabi/lib/armv7-m\libstdc++.a(tinfo.o)
                0x0800b280                typeinfo name for std::type_info
 .rodata._ZTVN10__cxxabiv117__class_type_infoE
                0x0800b290       0x30 c:/program files (x86)/gnu tools arm embedded/4.9 2014q4/bin/../lib/gcc/arm-none-eabi/4.9.3/../../../../arm-none-eabi/lib/armv7-m\libstdc++.a(class_type_info.o)
                0x0800b290                vtable for __cxxabiv1::__class_type_info
 .rodata._ZTIN10__cxxabiv117__class_type_infoE
                0x0800b2c0        0xc c:/program files (x86)/gnu tools arm embedded/4.9 2014q4/bin/../lib/gcc/arm-none-eabi/4.9.3/../../../../arm-none-eabi/lib/armv7-m\libstdc++.a(class_type_info.o)
                0x0800b2c0                typeinfo for __cxxabiv1::__class_type_info
 .rodata._ZTSN10__cxxabiv117__class_type_infoE
                0x0800b2cc       0x24 c:/program files (x86)/gnu tools arm embedded/4.9 2014q4/bin/../lib/gcc/arm-none-eabi/4.9.3/../../../../arm-none-eabi/lib/armv7-m\libstdc++.a(class_type_info.o)
                0x0800b2cc                typeinfo name for __cxxabiv1::__class_type_info
 .rodata.str1.4
                0x0800b2f0        0x2 c:/program files (x86)/gnu tools arm embedded/4.9 2014q4/bin/../lib/gcc/arm-none-eabi/4.9.3/../../../../arm-none-eabi/lib/armv7-m\libg.a(lib_a-impure.o)
                                  0x4 (size before relaxing)
 *fill*         0x0800b2f2        0x2 
 .rodata.blanks.6794
                0x0800b2f4       0x10 c:/program files (x86)/gnu tools arm embedded/4.9 2014q4/bin/../lib/gcc/arm-none-eabi/4.9.3/../../../../arm-none-eabi/lib/armv7-m\libg.a(lib_a-svfprintf.o)
 .rodata.str1.4
                0x0800b304       0x42 c:/program files (x86)/gnu tools arm embedded/4.9 2014q4/bin/../lib/gcc/arm-none-eabi/4.9.3/../../../../arm-none-eabi/lib/armv7-m\libg.a(lib_a-svfprintf.o)
                                 0x44 (size before relaxing)
 *fill*         0x0800b346        0x2 
 .rodata.zeroes.6795
                0x0800b348       0x10 c:/program files (x86)/gnu tools arm embedded/4.9 2014q4/bin/../lib/gcc/arm-none-eabi/4.9.3/../../../../arm-none-eabi/lib/armv7-m\libg.a(lib_a-svfprintf.o)
 .rodata.str1.4
                0x0800b358       0x10 c:/program files (x86)/gnu tools arm embedded/4.9 2014q4/bin/../lib/gcc/arm-none-eabi/4.9.3/../../../../arm-none-eabi/lib/armv7-m\libg.a(lib_a-dtoa.o)
                                 0x14 (size before relaxing)
 .rodata.str1.4
                0x0800b368        0xc c:/program files (x86)/gnu tools arm embedded/4.9 2014q4/bin/../lib/gcc/arm-none-eabi/4.9.3/../../../../arm-none-eabi/lib/armv7-m\libg.a(lib_a-locale.o)
                                 0x14 (size before relaxing)
 *fill*         0x0800b374        0x4 
 .rodata.__mprec_tens
                0x0800b378       0xc8 c:/program files (x86)/gnu tools arm embedded/4.9 2014q4/bin/../lib/gcc/arm-none-eabi/4.9.3/../../../../arm-none-eabi/lib/armv7-m\libg.a(lib_a-mprec.o)
                0x0800b378                __mprec_tens
 .rodata.__mprec_bigtens
                0x0800b440       0x28 c:/program files (x86)/gnu tools arm embedded/4.9 2014q4/bin/../lib/gcc/arm-none-eabi/4.9.3/../../../../arm-none-eabi/lib/armv7-m\libg.a(lib_a-mprec.o)
                0x0800b440                __mprec_bigtens
 .rodata.p05.5265
                0x0800b468        0xc c:/program files (x86)/gnu tools arm embedded/4.9 2014q4/bin/../lib/gcc/arm-none-eabi/4.9.3/../../../../arm-none-eabi/lib/armv7-m\libg.a(lib_a-mprec.o)
 *(vtable)
 *(.eh_frame*)
 .eh_frame      0x0800b474       0x38 c:/program files (x86)/gnu tools arm embedded/4.9 2014q4/bin/../lib/gcc/arm-none-eabi/4.9.3/../../../../arm-none-eabi/lib/armv7-m\libg.a(lib_a-strcmp.o)
 *(.glue_7)
 .glue_7        0x00000000        0x0 linker stubs
 *(.glue_7t)
 .glue_7t       0x00000000        0x0 linker stubs

.vfp11_veneer   0x0800b4ac        0x0
 .vfp11_veneer  0x00000000        0x0 linker stubs

.v4_bx          0x0800b4ac        0x0
 .v4_bx         0x00000000        0x0 linker stubs

.iplt           0x0800b4ac        0x0
 .iplt          0x00000000        0x0 ./system/src/stm32f2-stdperiph/misc.o

.ARM.extab      0x0800b4ac       0xf8
 *(.ARM.extab* .gnu.linkonce.armextab.*)
 .ARM.extab.text._Znaj
                0x0800b4ac       0x24 c:/program files (x86)/gnu tools arm embedded/4.9 2014q4/bin/../lib/gcc/arm-none-eabi/4.9.3/../../../../arm-none-eabi/lib/armv7-m\libstdc++.a(new_opv.o)
 .ARM.extab.text.__cxa_call_unexpected
                0x0800b4d0       0x28 c:/program files (x86)/gnu tools arm embedded/4.9 2014q4/bin/../lib/gcc/arm-none-eabi/4.9.3/../../../../arm-none-eabi/lib/armv7-m\libstdc++.a(eh_call.o)
 .ARM.extab.text._ZN10__cxxabiv111__terminateEPFvvE
                0x0800b4f8       0x2c c:/program files (x86)/gnu tools arm embedded/4.9 2014q4/bin/../lib/gcc/arm-none-eabi/4.9.3/../../../../arm-none-eabi/lib/armv7-m\libstdc++.a(eh_terminate.o)
 .ARM.extab.text._ZN10__cxxabiv112__unexpectedEPFvvE
                0x0800b524        0xc c:/program files (x86)/gnu tools arm embedded/4.9 2014q4/bin/../lib/gcc/arm-none-eabi/4.9.3/../../../../arm-none-eabi/lib/armv7-m\libstdc++.a(eh_terminate.o)
 .ARM.extab.text._ZSt10unexpectedv
                0x0800b530        0xc c:/program files (x86)/gnu tools arm embedded/4.9 2014q4/bin/../lib/gcc/arm-none-eabi/4.9.3/../../../../arm-none-eabi/lib/armv7-m\libstdc++.a(eh_terminate.o)
 .ARM.extab.text.__cxa_begin_catch
                0x0800b53c       0x20 c:/program files (x86)/gnu tools arm embedded/4.9 2014q4/bin/../lib/gcc/arm-none-eabi/4.9.3/../../../../arm-none-eabi/lib/armv7-m\libstdc++.a(eh_catch.o)
 .ARM.extab.text._ZL21base_of_encoded_valuehP15_Unwind_Context
                0x0800b55c        0xc c:/program files (x86)/gnu tools arm embedded/4.9 2014q4/bin/../lib/gcc/arm-none-eabi/4.9.3/../../../../arm-none-eabi/lib/armv7-m\libstdc++.a(eh_personality.o)
 .ARM.extab.text.__gxx_personality_v0
                0x0800b568       0x24 c:/program files (x86)/gnu tools arm embedded/4.9 2014q4/bin/../lib/gcc/arm-none-eabi/4.9.3/../../../../arm-none-eabi/lib/armv7-m\libstdc++.a(eh_personality.o)
 .ARM.extab     0x0800b58c       0x18 c:/program files (x86)/gnu tools arm embedded/4.9 2014q4/bin/../lib/gcc/arm-none-eabi/4.9.3/armv7-m\libgcc.a(pr-support.o)
                0x0800b5a4                __exidx_start = .

.ARM.exidx      0x0800b5a4      0x1d8
 *(.ARM.exidx* .gnu.linkonce.armexidx.*)
 .ARM.exidx.text._ZdlPv
                0x0800b5a4        0x8 c:/program files (x86)/gnu tools arm embedded/4.9 2014q4/bin/../lib/gcc/arm-none-eabi/4.9.3/../../../../arm-none-eabi/lib/armv7-m\libstdc++.a(del_op.o)
 .ARM.exidx.text._ZdaPv
                0x0800b5ac        0x0 c:/program files (x86)/gnu tools arm embedded/4.9 2014q4/bin/../lib/gcc/arm-none-eabi/4.9.3/../../../../arm-none-eabi/lib/armv7-m\libstdc++.a(del_opv.o)
                                  0x8 (size before relaxing)
 .ARM.exidx.text._Znaj
                0x0800b5ac        0x8 c:/program files (x86)/gnu tools arm embedded/4.9 2014q4/bin/../lib/gcc/arm-none-eabi/4.9.3/../../../../arm-none-eabi/lib/armv7-m\libstdc++.a(new_opv.o)
 .ARM.exidx.text._ZN10__cxxabiv1L24__is_gxx_exception_classEPc
                0x0800b5b4        0x8 c:/program files (x86)/gnu tools arm embedded/4.9 2014q4/bin/../lib/gcc/arm-none-eabi/4.9.3/../../../../arm-none-eabi/lib/armv7-m\libstdc++.a(eh_call.o)
 .ARM.exidx.text.__cxa_call_terminate
                0x0800b5bc        0x0 c:/program files (x86)/gnu tools arm embedded/4.9 2014q4/bin/../lib/gcc/arm-none-eabi/4.9.3/../../../../arm-none-eabi/lib/armv7-m\libstdc++.a(eh_call.o)
                                  0x8 (size before relaxing)
 .ARM.exidx.text.__cxa_call_unexpected
                0x0800b5bc       0x10 c:/program files (x86)/gnu tools arm embedded/4.9 2014q4/bin/../lib/gcc/arm-none-eabi/4.9.3/../../../../arm-none-eabi/lib/armv7-m\libstdc++.a(eh_call.o)
                                  0x8 (size before relaxing)
 .ARM.exidx.text.__cxa_type_match
                0x0800b5cc        0x8 c:/program files (x86)/gnu tools arm embedded/4.9 2014q4/bin/../lib/gcc/arm-none-eabi/4.9.3/../../../../arm-none-eabi/lib/armv7-m\libstdc++.a(eh_arm.o)
 .ARM.exidx.text.__cxa_begin_cleanup
                0x0800b5d4        0x8 c:/program files (x86)/gnu tools arm embedded/4.9 2014q4/bin/../lib/gcc/arm-none-eabi/4.9.3/../../../../arm-none-eabi/lib/armv7-m\libstdc++.a(eh_arm.o)
 .ARM.exidx.text.__gnu_end_cleanup
                0x0800b5dc        0x0 c:/program files (x86)/gnu tools arm embedded/4.9 2014q4/bin/../lib/gcc/arm-none-eabi/4.9.3/../../../../arm-none-eabi/lib/armv7-m\libstdc++.a(eh_arm.o)
                                  0x8 (size before relaxing)
 .ARM.exidx.text._ZN10__cxxabiv111__terminateEPFvvE
                0x0800b5dc        0x8 c:/program files (x86)/gnu tools arm embedded/4.9 2014q4/bin/../lib/gcc/arm-none-eabi/4.9.3/../../../../arm-none-eabi/lib/armv7-m\libstdc++.a(eh_terminate.o)
 .ARM.exidx.text._ZSt9terminatev
                0x0800b5e4        0x8 c:/program files (x86)/gnu tools arm embedded/4.9 2014q4/bin/../lib/gcc/arm-none-eabi/4.9.3/../../../../arm-none-eabi/lib/armv7-m\libstdc++.a(eh_terminate.o)
 .ARM.exidx.text._ZN10__cxxabiv112__unexpectedEPFvvE
                0x0800b5ec        0x8 c:/program files (x86)/gnu tools arm embedded/4.9 2014q4/bin/../lib/gcc/arm-none-eabi/4.9.3/../../../../arm-none-eabi/lib/armv7-m\libstdc++.a(eh_terminate.o)
 .ARM.exidx.text._ZSt10unexpectedv
                0x0800b5f4        0x8 c:/program files (x86)/gnu tools arm embedded/4.9 2014q4/bin/../lib/gcc/arm-none-eabi/4.9.3/../../../../arm-none-eabi/lib/armv7-m\libstdc++.a(eh_terminate.o)
 .ARM.exidx.text._ZSt13get_terminatev
                0x0800b5fc        0x8 c:/program files (x86)/gnu tools arm embedded/4.9 2014q4/bin/../lib/gcc/arm-none-eabi/4.9.3/../../../../arm-none-eabi/lib/armv7-m\libstdc++.a(eh_terminate.o)
 .ARM.exidx.text._ZSt14get_unexpectedv
                0x0800b604        0x0 c:/program files (x86)/gnu tools arm embedded/4.9 2014q4/bin/../lib/gcc/arm-none-eabi/4.9.3/../../../../arm-none-eabi/lib/armv7-m\libstdc++.a(eh_terminate.o)
                                  0x8 (size before relaxing)
 .ARM.exidx.text._ZNKSt9bad_alloc4whatEv
                0x0800b604        0x0 c:/program files (x86)/gnu tools arm embedded/4.9 2014q4/bin/../lib/gcc/arm-none-eabi/4.9.3/../../../../arm-none-eabi/lib/armv7-m\libstdc++.a(bad_alloc.o)
                                  0x8 (size before relaxing)
 .ARM.exidx.text._ZNSt9bad_allocD2Ev
                0x0800b604        0x0 c:/program files (x86)/gnu tools arm embedded/4.9 2014q4/bin/../lib/gcc/arm-none-eabi/4.9.3/../../../../arm-none-eabi/lib/armv7-m\libstdc++.a(bad_alloc.o)
                                  0x8 (size before relaxing)
 .ARM.exidx.text._ZNSt9bad_allocD0Ev
                0x0800b604        0x0 c:/program files (x86)/gnu tools arm embedded/4.9 2014q4/bin/../lib/gcc/arm-none-eabi/4.9.3/../../../../arm-none-eabi/lib/armv7-m\libstdc++.a(bad_alloc.o)
                                  0x8 (size before relaxing)
 .ARM.exidx.text.__cxa_begin_catch
                0x0800b604        0x8 c:/program files (x86)/gnu tools arm embedded/4.9 2014q4/bin/../lib/gcc/arm-none-eabi/4.9.3/../../../../arm-none-eabi/lib/armv7-m\libstdc++.a(eh_catch.o)
 .ARM.exidx.text.__cxa_end_catch
                0x0800b60c        0x8 c:/program files (x86)/gnu tools arm embedded/4.9 2014q4/bin/../lib/gcc/arm-none-eabi/4.9.3/../../../../arm-none-eabi/lib/armv7-m\libstdc++.a(eh_catch.o)
 .ARM.exidx.text._Znwj
                0x0800b614        0x8 c:/program files (x86)/gnu tools arm embedded/4.9 2014q4/bin/../lib/gcc/arm-none-eabi/4.9.3/../../../../arm-none-eabi/lib/armv7-m\libstdc++.a(new_op.o)
 .ARM.exidx.text._ZSt15get_new_handlerv
                0x0800b61c        0x8 c:/program files (x86)/gnu tools arm embedded/4.9 2014q4/bin/../lib/gcc/arm-none-eabi/4.9.3/../../../../arm-none-eabi/lib/armv7-m\libstdc++.a(new_handler.o)
 .ARM.exidx.text._ZL23__gxx_exception_cleanup19_Unwind_Reason_CodeP21_Unwind_Control_Block
                0x0800b624        0x8 c:/program files (x86)/gnu tools arm embedded/4.9 2014q4/bin/../lib/gcc/arm-none-eabi/4.9.3/../../../../arm-none-eabi/lib/armv7-m\libstdc++.a(eh_throw.o)
 .ARM.exidx.text.__cxa_throw
                0x0800b62c        0x8 c:/program files (x86)/gnu tools arm embedded/4.9 2014q4/bin/../lib/gcc/arm-none-eabi/4.9.3/../../../../arm-none-eabi/lib/armv7-m\libstdc++.a(eh_throw.o)
 .ARM.exidx.text.__cxa_rethrow
                0x0800b634        0x8 c:/program files (x86)/gnu tools arm embedded/4.9 2014q4/bin/../lib/gcc/arm-none-eabi/4.9.3/../../../../arm-none-eabi/lib/armv7-m\libstdc++.a(eh_throw.o)
 .ARM.exidx.text.__cxa_allocate_exception
                0x0800b63c        0x8 c:/program files (x86)/gnu tools arm embedded/4.9 2014q4/bin/../lib/gcc/arm-none-eabi/4.9.3/../../../../arm-none-eabi/lib/armv7-m\libstdc++.a(eh_alloc.o)
 .ARM.exidx.text.__cxa_free_exception
                0x0800b644        0x0 c:/program files (x86)/gnu tools arm embedded/4.9 2014q4/bin/../lib/gcc/arm-none-eabi/4.9.3/../../../../arm-none-eabi/lib/armv7-m\libstdc++.a(eh_alloc.o)
                                  0x8 (size before relaxing)
 .ARM.exidx.text._ZL12read_sleb128PKhPl
                0x0800b644        0x0 c:/program files (x86)/gnu tools arm embedded/4.9 2014q4/bin/../lib/gcc/arm-none-eabi/4.9.3/../../../../arm-none-eabi/lib/armv7-m\libstdc++.a(eh_personality.o)
                                  0x8 (size before relaxing)
 .ARM.exidx.text._ZL28read_encoded_value_with_basehjPKhPj
                0x0800b644        0x8 c:/program files (x86)/gnu tools arm embedded/4.9 2014q4/bin/../lib/gcc/arm-none-eabi/4.9.3/../../../../arm-none-eabi/lib/armv7-m\libstdc++.a(eh_personality.o)
 .ARM.exidx.text._ZL21base_of_encoded_valuehP15_Unwind_Context
                0x0800b64c        0x8 c:/program files (x86)/gnu tools arm embedded/4.9 2014q4/bin/../lib/gcc/arm-none-eabi/4.9.3/../../../../arm-none-eabi/lib/armv7-m\libstdc++.a(eh_personality.o)
 .ARM.exidx.text._ZL17parse_lsda_headerP15_Unwind_ContextPKhP16lsda_header_info
                0x0800b654        0x8 c:/program files (x86)/gnu tools arm embedded/4.9 2014q4/bin/../lib/gcc/arm-none-eabi/4.9.3/../../../../arm-none-eabi/lib/armv7-m\libstdc++.a(eh_personality.o)
 .ARM.exidx.text.__gxx_personality_v0
                0x0800b65c        0x8 c:/program files (x86)/gnu tools arm embedded/4.9 2014q4/bin/../lib/gcc/arm-none-eabi/4.9.3/../../../../arm-none-eabi/lib/armv7-m\libstdc++.a(eh_personality.o)
 .ARM.exidx.text.__cxa_get_globals_fast
                0x0800b664        0x8 c:/program files (x86)/gnu tools arm embedded/4.9 2014q4/bin/../lib/gcc/arm-none-eabi/4.9.3/../../../../arm-none-eabi/lib/armv7-m\libstdc++.a(eh_globals.o)
 .ARM.exidx.text.__cxa_get_globals
                0x0800b66c        0x0 c:/program files (x86)/gnu tools arm embedded/4.9 2014q4/bin/../lib/gcc/arm-none-eabi/4.9.3/../../../../arm-none-eabi/lib/armv7-m\libstdc++.a(eh_globals.o)
                                  0x8 (size before relaxing)
 .ARM.exidx.text._ZN10__cxxabiv120__si_class_type_infoD2Ev
                0x0800b66c        0x8 c:/program files (x86)/gnu tools arm embedded/4.9 2014q4/bin/../lib/gcc/arm-none-eabi/4.9.3/../../../../arm-none-eabi/lib/armv7-m\libstdc++.a(si_class_type_info.o)
 .ARM.exidx.text._ZN10__cxxabiv120__si_class_type_infoD0Ev
                0x0800b674        0x0 c:/program files (x86)/gnu tools arm embedded/4.9 2014q4/bin/../lib/gcc/arm-none-eabi/4.9.3/../../../../arm-none-eabi/lib/armv7-m\libstdc++.a(si_class_type_info.o)
                                  0x8 (size before relaxing)
 .ARM.exidx.text._ZNK10__cxxabiv120__si_class_type_info20__do_find_public_srcEiPKvPKNS_17__class_type_infoES2_
                0x0800b674        0x8 c:/program files (x86)/gnu tools arm embedded/4.9 2014q4/bin/../lib/gcc/arm-none-eabi/4.9.3/../../../../arm-none-eabi/lib/armv7-m\libstdc++.a(si_class_type_info.o)
 .ARM.exidx.text._ZNK10__cxxabiv120__si_class_type_info12__do_dyncastEiNS_17__class_type_info10__sub_kindEPKS1_PKvS4_S6_RNS1_16__dyncast_resultE
                0x0800b67c        0x8 c:/program files (x86)/gnu tools arm embedded/4.9 2014q4/bin/../lib/gcc/arm-none-eabi/4.9.3/../../../../arm-none-eabi/lib/armv7-m\libstdc++.a(si_class_type_info.o)
 .ARM.exidx.text._ZNK10__cxxabiv120__si_class_type_info11__do_upcastEPKNS_17__class_type_infoEPKvRNS1_15__upcast_resultE
                0x0800b684        0x8 c:/program files (x86)/gnu tools arm embedded/4.9 2014q4/bin/../lib/gcc/arm-none-eabi/4.9.3/../../../../arm-none-eabi/lib/armv7-m\libstdc++.a(si_class_type_info.o)
 .ARM.exidx.text._ZNSt9exceptionD2Ev
                0x0800b68c        0x8 c:/program files (x86)/gnu tools arm embedded/4.9 2014q4/bin/../lib/gcc/arm-none-eabi/4.9.3/../../../../arm-none-eabi/lib/armv7-m\libstdc++.a(eh_exception.o)
 .ARM.exidx.text._ZNSt13bad_exceptionD2Ev
                0x0800b694        0x0 c:/program files (x86)/gnu tools arm embedded/4.9 2014q4/bin/../lib/gcc/arm-none-eabi/4.9.3/../../../../arm-none-eabi/lib/armv7-m\libstdc++.a(eh_exception.o)
                                  0x8 (size before relaxing)
 .ARM.exidx.text._ZNKSt13bad_exception4whatEv
                0x0800b694        0x0 c:/program files (x86)/gnu tools arm embedded/4.9 2014q4/bin/../lib/gcc/arm-none-eabi/4.9.3/../../../../arm-none-eabi/lib/armv7-m\libstdc++.a(eh_exception.o)
                                  0x8 (size before relaxing)
 .ARM.exidx.text._ZNSt13bad_exceptionD0Ev
                0x0800b694        0x0 c:/program files (x86)/gnu tools arm embedded/4.9 2014q4/bin/../lib/gcc/arm-none-eabi/4.9.3/../../../../arm-none-eabi/lib/armv7-m\libstdc++.a(eh_exception.o)
                                  0x8 (size before relaxing)
 .ARM.exidx.text._ZNSt9type_infoD2Ev
                0x0800b694        0x0 c:/program files (x86)/gnu tools arm embedded/4.9 2014q4/bin/../lib/gcc/arm-none-eabi/4.9.3/../../../../arm-none-eabi/lib/armv7-m\libstdc++.a(tinfo.o)
                                  0x8 (size before relaxing)
 .ARM.exidx.text._ZNKSt9type_info14__is_pointer_pEv
                0x0800b694        0x0 c:/program files (x86)/gnu tools arm embedded/4.9 2014q4/bin/../lib/gcc/arm-none-eabi/4.9.3/../../../../arm-none-eabi/lib/armv7-m\libstdc++.a(tinfo.o)
                                  0x8 (size before relaxing)
 .ARM.exidx.text._ZNKSt9type_info15__is_function_pEv
                0x0800b694        0x0 c:/program files (x86)/gnu tools arm embedded/4.9 2014q4/bin/../lib/gcc/arm-none-eabi/4.9.3/../../../../arm-none-eabi/lib/armv7-m\libstdc++.a(tinfo.o)
                                  0x8 (size before relaxing)
 .ARM.exidx.text._ZNKSt9type_infoeqERKS_
                0x0800b694        0x0 c:/program files (x86)/gnu tools arm embedded/4.9 2014q4/bin/../lib/gcc/arm-none-eabi/4.9.3/../../../../arm-none-eabi/lib/armv7-m\libstdc++.a(tinfo.o)
                                  0x8 (size before relaxing)
 .ARM.exidx.text._ZNK10__cxxabiv117__class_type_info11__do_upcastEPKS0_PPv
                0x0800b694        0x8 c:/program files (x86)/gnu tools arm embedded/4.9 2014q4/bin/../lib/gcc/arm-none-eabi/4.9.3/../../../../arm-none-eabi/lib/armv7-m\libstdc++.a(class_type_info.o)
 .ARM.exidx.text._ZNK10__cxxabiv117__class_type_info20__do_find_public_srcEiPKvPKS0_S2_
                0x0800b69c        0x8 c:/program files (x86)/gnu tools arm embedded/4.9 2014q4/bin/../lib/gcc/arm-none-eabi/4.9.3/../../../../arm-none-eabi/lib/armv7-m\libstdc++.a(class_type_info.o)
 .ARM.exidx.text._ZN10__cxxabiv117__class_type_infoD2Ev
                0x0800b6a4        0x8 c:/program files (x86)/gnu tools arm embedded/4.9 2014q4/bin/../lib/gcc/arm-none-eabi/4.9.3/../../../../arm-none-eabi/lib/armv7-m\libstdc++.a(class_type_info.o)
 .ARM.exidx.text._ZN10__cxxabiv117__class_type_infoD0Ev
                0x0800b6ac        0x0 c:/program files (x86)/gnu tools arm embedded/4.9 2014q4/bin/../lib/gcc/arm-none-eabi/4.9.3/../../../../arm-none-eabi/lib/armv7-m\libstdc++.a(class_type_info.o)
                                  0x8 (size before relaxing)
 .ARM.exidx.text._ZNK10__cxxabiv117__class_type_info11__do_upcastEPKS0_PKvRNS0_15__upcast_resultE
                0x0800b6ac        0x8 c:/program files (x86)/gnu tools arm embedded/4.9 2014q4/bin/../lib/gcc/arm-none-eabi/4.9.3/../../../../arm-none-eabi/lib/armv7-m\libstdc++.a(class_type_info.o)
 .ARM.exidx.text._ZNK10__cxxabiv117__class_type_info10__do_catchEPKSt9type_infoPPvj
                0x0800b6b4        0x8 c:/program files (x86)/gnu tools arm embedded/4.9 2014q4/bin/../lib/gcc/arm-none-eabi/4.9.3/../../../../arm-none-eabi/lib/armv7-m\libstdc++.a(class_type_info.o)
 .ARM.exidx.text._ZNK10__cxxabiv117__class_type_info12__do_dyncastEiNS0_10__sub_kindEPKS0_PKvS3_S5_RNS0_16__dyncast_resultE
                0x0800b6bc       0x10 c:/program files (x86)/gnu tools arm embedded/4.9 2014q4/bin/../lib/gcc/arm-none-eabi/4.9.3/../../../../arm-none-eabi/lib/armv7-m\libstdc++.a(class_type_info.o)
                                  0x8 (size before relaxing)
 .ARM.exidx     0x0800b6cc       0x78 c:/program files (x86)/gnu tools arm embedded/4.9 2014q4/bin/../lib/gcc/arm-none-eabi/4.9.3/armv7-m\libgcc.a(unwind-arm.o)
                                 0xd8 (size before relaxing)
 .ARM.exidx     0x0800b744       0x38 c:/program files (x86)/gnu tools arm embedded/4.9 2014q4/bin/../lib/gcc/arm-none-eabi/4.9.3/armv7-m\libgcc.a(pr-support.o)
                                 0x48 (size before relaxing)
 .ARM.exidx     0x0800b77c        0x0 c:/program files (x86)/gnu tools arm embedded/4.9 2014q4/bin/../lib/gcc/arm-none-eabi/4.9.3/armv7-m\libgcc.a(_divdi3.o)
                                  0x8 (size before relaxing)
 .ARM.exidx     0x0800b77c        0x0 c:/program files (x86)/gnu tools arm embedded/4.9 2014q4/bin/../lib/gcc/arm-none-eabi/4.9.3/armv7-m\libgcc.a(_udivdi3.o)
                                  0x8 (size before relaxing)
                0x0800b77c                __exidx_end = .

.rel.dyn        0x0800b77c        0x0
 .rel.iplt      0x00000000        0x0 ./system/src/stm32f2-stdperiph/misc.o
                0x0800b77c                . = ALIGN (0x4)
                0x0800b77c                _etext = .
                0x0800b77c                __etext = .
                0x0800b77c                _sidata = _etext

.data           0x20000000      0x8c8 load address 0x0800b77c
                0x20000000                . = ALIGN (0x4)
                0x20000000                _sdata = .
                0x20000000                __data_start__ = .
 *(.data_begin .data_begin.*)
 .data_begin    0x20000000        0x4 ./system/src/newlib/_startup.o
 *(.data .data.*)
 .data.argv.4510
                0x20000004        0x8 ./system/src/newlib/_syscalls.o
 .data.AHBPrescTable
                0x2000000c       0x10 ./system/src/cmsis/system_stm32f2xx.o
                0x2000000c                AHBPrescTable
 .data.SystemCoreClock
                0x2000001c        0x4 ./system/src/cmsis/system_stm32f2xx.o
                0x2000001c                SystemCoreClock
 .data.Font8x12
                0x20000020        0x8 ./src/Drivers/LCD/fonts.o
                0x20000020                Font8x12
 .data.Font12x12
                0x20000028        0x8 ./src/Drivers/LCD/fonts.o
                0x20000028                Font12x12
 .data.Font16x24
                0x20000030        0x8 ./src/Drivers/LCD/fonts.o
                0x20000030                Font16x24
 .data.BUTTON_PORT
                0x20000038        0xc ./src/Drivers/LCD/stm322xg_eval.o
                0x20000038                BUTTON_PORT
 .data.BackColor
                0x20000044        0x2 ./src/Drivers/LCD/stm322xg_eval_lcd.o
                0x20000044                BackColor
 *fill*         0x20000046        0x2 
 .data._ZN10__cxxabiv120__unexpected_handlerE
                0x20000048        0x4 c:/program files (x86)/gnu tools arm embedded/4.9 2014q4/bin/../lib/gcc/arm-none-eabi/4.9.3/../../../../arm-none-eabi/lib/armv7-m\libstdc++.a(eh_unex_handler.o)
                0x20000048                __cxxabiv1::__unexpected_handler
 .data._ZN10__cxxabiv119__terminate_handlerE
                0x2000004c        0x4 c:/program files (x86)/gnu tools arm embedded/4.9 2014q4/bin/../lib/gcc/arm-none-eabi/4.9.3/../../../../arm-none-eabi/lib/armv7-m\libstdc++.a(eh_term_handler.o)
                0x2000004c                __cxxabiv1::__terminate_handler
 .data.impure_data
                0x20000050      0x428 c:/program files (x86)/gnu tools arm embedded/4.9 2014q4/bin/../lib/gcc/arm-none-eabi/4.9.3/../../../../arm-none-eabi/lib/armv7-m\libg.a(lib_a-impure.o)
 .data._impure_ptr
                0x20000478        0x4 c:/program files (x86)/gnu tools arm embedded/4.9 2014q4/bin/../lib/gcc/arm-none-eabi/4.9.3/../../../../arm-none-eabi/lib/armv7-m\libg.a(lib_a-impure.o)
                0x20000478                _impure_ptr
 .data.__malloc_av_
                0x2000047c      0x408 c:/program files (x86)/gnu tools arm embedded/4.9 2014q4/bin/../lib/gcc/arm-none-eabi/4.9.3/../../../../arm-none-eabi/lib/armv7-m\libg.a(lib_a-mallocr.o)
                0x2000047c                __malloc_av_
 .data.__malloc_trim_threshold
                0x20000884        0x4 c:/program files (x86)/gnu tools arm embedded/4.9 2014q4/bin/../lib/gcc/arm-none-eabi/4.9.3/../../../../arm-none-eabi/lib/armv7-m\libg.a(lib_a-mallocr.o)
                0x20000884                __malloc_trim_threshold
 .data.__malloc_sbrk_base
                0x20000888        0x4 c:/program files (x86)/gnu tools arm embedded/4.9 2014q4/bin/../lib/gcc/arm-none-eabi/4.9.3/../../../../arm-none-eabi/lib/armv7-m\libg.a(lib_a-mallocr.o)
                0x20000888                __malloc_sbrk_base
 .data.lconv    0x2000088c       0x38 c:/program files (x86)/gnu tools arm embedded/4.9 2014q4/bin/../lib/gcc/arm-none-eabi/4.9.3/../../../../arm-none-eabi/lib/armv7-m\libg.a(lib_a-locale.o)
 *(.data_end .data_end.*)
 .data_end      0x200008c4        0x4 ./system/src/newlib/_startup.o
                0x200008c8                . = ALIGN (0x4)
                0x200008c8                _edata = .
                0x200008c8                __data_end__ = .

.igot.plt       0x200008c8        0x0 load address 0x0800c044
 .igot.plt      0x00000000        0x0 ./system/src/stm32f2-stdperiph/misc.o

.bss            0x200008c8     0x15d0 load address 0x0800c048
                0x200008c8                . = ALIGN (0x4)
                0x200008c8                __bss_start__ = .
                0x200008c8                _sbss = .
 *(.bss_begin .bss_begin.*)
 .bss_begin     0x200008c8        0x4 ./system/src/newlib/_startup.o
 *(.bss .bss.*)
 .bss.current_heap_end.4304
                0x200008cc        0x4 ./system/src/newlib/_sbrk.o
 .bss.name.4509
                0x200008d0        0x4 ./system/src/newlib/_syscalls.o
 .bss.buf.5385  0x200008d4       0x80 ./system/src/diag/Trace.o
 .bss.LCD_Scrolled
                0x20000954        0x1 ./src/Drivers/LCD/lcd_log.o
                0x20000954                LCD_Scrolled
 *fill*         0x20000955        0x1 
 .bss.LCD_CacheBuffer_yptr_top
                0x20000956        0x2 ./src/Drivers/LCD/lcd_log.o
                0x20000956                LCD_CacheBuffer_yptr_top
 .bss.LCD_CacheBuffer_yptr_bottom_bak
                0x20000958        0x2 ./src/Drivers/LCD/lcd_log.o
                0x20000958                LCD_CacheBuffer_yptr_bottom_bak
 *fill*         0x2000095a        0x2 
 .bss.LCD_CacheBuffer
                0x2000095c      0xc98 ./src/Drivers/LCD/lcd_log.o
                0x2000095c                LCD_CacheBuffer
 .bss.LCD_CacheBuffer_yptr_top_bak
                0x200015f4        0x2 ./src/Drivers/LCD/lcd_log.o
                0x200015f4                LCD_CacheBuffer_yptr_top_bak
 .bss.LCD_CacheBuffer_yptr_invert
                0x200015f6        0x1 ./src/Drivers/LCD/lcd_log.o
                0x200015f6                LCD_CacheBuffer_yptr_invert
 .bss.LCD_Lock  0x200015f7        0x1 ./src/Drivers/LCD/lcd_log.o
                0x200015f7                LCD_Lock
 .bss.LCD_CacheBuffer_yptr_bottom
                0x200015f8        0x2 ./src/Drivers/LCD/lcd_log.o
                0x200015f8                LCD_CacheBuffer_yptr_bottom
 .bss.LCD_ScrollActive
                0x200015fa        0x1 ./src/Drivers/LCD/lcd_log.o
                0x200015fa                LCD_ScrollActive
 *fill*         0x200015fb        0x1 
 .bss.LCD_CacheBuffer_xptr
                0x200015fc        0x2 ./src/Drivers/LCD/lcd_log.o
                0x200015fc                LCD_CacheBuffer_xptr
 .bss.LCD_LineColor
                0x200015fe        0x2 ./src/Drivers/LCD/lcd_log.o
                0x200015fe                LCD_LineColor
 .bss.LCD_ScrollBackStep
                0x20001600        0x2 ./src/Drivers/LCD/lcd_log.o
                0x20001600                LCD_ScrollBackStep