Archive member included because of file (symbol)

c:/program files (x86)/gnu tools arm embedded/4.9 2014q4/bin/../lib/gcc/arm-none-eabi/4.9.3/../../../../arm-none-eabi/lib/armv7-m\libstdc++.a(del_op.o)
                              ./src/Drivers/I2C/i2c.o (operator delete(void*))
c:/program files (x86)/gnu tools arm embedded/4.9 2014q4/bin/../lib/gcc/arm-none-eabi/4.9.3/../../../../arm-none-eabi/lib/armv7-m\libstdc++.a(del_opv.o)
                              ./src/Drivers/I2C/i2c.o (operator delete[](void*))
c:/program files (x86)/gnu tools arm embedded/4.9 2014q4/bin/../lib/gcc/arm-none-eabi/4.9.3/../../../../arm-none-eabi/lib/armv7-m\libstdc++.a(new_opv.o)
                              ./src/Drivers/I2C/i2c.o (operator new[](unsigned int))
c:/program files (x86)/gnu tools arm embedded/4.9 2014q4/bin/../lib/gcc/arm-none-eabi/4.9.3/../../../../arm-none-eabi/lib/armv7-m\libstdc++.a(eh_call.o)
                              c:/program files (x86)/gnu tools arm embedded/4.9 2014q4/bin/../lib/gcc/arm-none-eabi/4.9.3/../../../../arm-none-eabi/lib/armv7-m\libstdc++.a(new_opv.o) (__cxa_call_unexpected)
c:/program files (x86)/gnu tools arm embedded/4.9 2014q4/bin/../lib/gcc/arm-none-eabi/4.9.3/../../../../arm-none-eabi/lib/armv7-m\libstdc++.a(eh_arm.o)
                              c:/program files (x86)/gnu tools arm embedded/4.9 2014q4/bin/../lib/gcc/arm-none-eabi/4.9.3/../../../../arm-none-eabi/lib/armv7-m\libstdc++.a(new_opv.o) (__cxa_end_cleanup)
c:/program files (x86)/gnu tools arm embedded/4.9 2014q4/bin/../lib/gcc/arm-none-eabi/4.9.3/../../../../arm-none-eabi/lib/armv7-m\libstdc++.a(eh_terminate.o)
                              c:/program files (x86)/gnu tools arm embedded/4.9 2014q4/bin/../lib/gcc/arm-none-eabi/4.9.3/../../../../arm-none-eabi/lib/armv7-m\libstdc++.a(eh_call.o) (__cxxabiv1::__terminate(void (*)()))
c:/program files (x86)/gnu tools arm embedded/4.9 2014q4/bin/../lib/gcc/arm-none-eabi/4.9.3/../../../../arm-none-eabi/lib/armv7-m\libstdc++.a(bad_alloc.o)
                              c:/program files (x86)/gnu tools arm embedded/4.9 2014q4/bin/../lib/gcc/arm-none-eabi/4.9.3/../../../../arm-none-eabi/lib/armv7-m\libstdc++.a(new_opv.o) (typeinfo for std::bad_alloc)
c:/program files (x86)/gnu tools arm embedded/4.9 2014q4/bin/../lib/gcc/arm-none-eabi/4.9.3/../../../../arm-none-eabi/lib/armv7-m\libstdc++.a(eh_catch.o)
                              c:/program files (x86)/gnu tools arm embedded/4.9 2014q4/bin/../lib/gcc/arm-none-eabi/4.9.3/../../../../arm-none-eabi/lib/armv7-m\libstdc++.a(eh_call.o) (__cxa_begin_catch)
c:/program files (x86)/gnu tools arm embedded/4.9 2014q4/bin/../lib/gcc/arm-none-eabi/4.9.3/../../../../arm-none-eabi/lib/armv7-m\libstdc++.a(new_op.o)
                              c:/program files (x86)/gnu tools arm embedded/4.9 2014q4/bin/../lib/gcc/arm-none-eabi/4.9.3/../../../../arm-none-eabi/lib/armv7-m\libstdc++.a(new_opv.o) (operator new(unsigned int))
c:/program files (x86)/gnu tools arm embedded/4.9 2014q4/bin/../lib/gcc/arm-none-eabi/4.9.3/../../../../arm-none-eabi/lib/armv7-m\libstdc++.a(new_handler.o)
                              c:/program files (x86)/gnu tools arm embedded/4.9 2014q4/bin/../lib/gcc/arm-none-eabi/4.9.3/../../../../arm-none-eabi/lib/armv7-m\libstdc++.a(new_op.o) (std::get_new_handler())
c:/program files (x86)/gnu tools arm embedded/4.9 2014q4/bin/../lib/gcc/arm-none-eabi/4.9.3/../../../../arm-none-eabi/lib/armv7-m\libstdc++.a(eh_throw.o)
                              c:/program files (x86)/gnu tools arm embedded/4.9 2014q4/bin/../lib/gcc/arm-none-eabi/4.9.3/../../../../arm-none-eabi/lib/armv7-m\libstdc++.a(eh_call.o) (__cxa_throw)
c:/program files (x86)/gnu tools arm embedded/4.9 2014q4/bin/../lib/gcc/arm-none-eabi/4.9.3/../../../../arm-none-eabi/lib/armv7-m\libstdc++.a(eh_alloc.o)
                              c:/program files (x86)/gnu tools arm embedded/4.9 2014q4/bin/../lib/gcc/arm-none-eabi/4.9.3/../../../../arm-none-eabi/lib/armv7-m\libstdc++.a(eh_call.o) (__cxa_allocate_exception)
c:/program files (x86)/gnu tools arm embedded/4.9 2014q4/bin/../lib/gcc/arm-none-eabi/4.9.3/../../../../arm-none-eabi/lib/armv7-m\libstdc++.a(eh_unex_handler.o)
                              c:/program files (x86)/gnu tools arm embedded/4.9 2014q4/bin/../lib/gcc/arm-none-eabi/4.9.3/../../../../arm-none-eabi/lib/armv7-m\libstdc++.a(eh_terminate.o) (__cxxabiv1::__unexpected_handler)
c:/program files (x86)/gnu tools arm embedded/4.9 2014q4/bin/../lib/gcc/arm-none-eabi/4.9.3/../../../../arm-none-eabi/lib/armv7-m\libstdc++.a(eh_personality.o)
                              c:/program files (x86)/gnu tools arm embedded/4.9 2014q4/bin/../lib/gcc/arm-none-eabi/4.9.3/../../../../arm-none-eabi/lib/armv7-m\libstdc++.a(new_opv.o) (__gxx_personality_v0)
c:/program files (x86)/gnu tools arm embedded/4.9 2014q4/bin/../lib/gcc/arm-none-eabi/4.9.3/../../../../arm-none-eabi/lib/armv7-m\libstdc++.a(eh_globals.o)
[...]
Memory Configuration

Name             Origin             Length             Attributes
RAM              0x20000000         0x00005000         xrw
CCMRAM           0x00000000         0x00000000         xrw
FLASH            0x08000000         0x00020000         xr
FLASHB1          0x00000000         0x00000000         xr
EXTMEMB0         0x00000000         0x00000000         xr
EXTMEMB1         0x00000000         0x00000000         xr
EXTMEMB2         0x00000000         0x00000000         xr
EXTMEMB3         0x00000000         0x00000000         xr
MEMORY_ARRAY     0x00000000         0x00000000         xrw
*default*        0x00000000         0xffffffff

Linker script and memory map

LOAD ./system/src/stm32f2-stdperiph/misc.o
LOAD ./system/src/stm32f2-stdperiph/stm32f2xx_exti.o
LOAD ./system/src/stm32f2-stdperiph/stm32f2xx_gpio.o
LOAD ./system/src/stm32f2-stdperiph/stm32f2xx_rcc.o
LOAD ./system/src/stm32f2-stdperiph/stm32f2xx_syscfg.o
LOAD ./system/src/newlib/_cxx.o
LOAD ./system/src/newlib/_exit.o
LOAD ./system/src/newlib/_sbrk.o
LOAD ./system/src/newlib/_startup.o
LOAD ./system/src/newlib/_syscalls.o
LOAD ./system/src/newlib/assert.o
LOAD ./system/src/diag/Trace.o
LOAD ./system/src/diag/trace_impl.o
LOAD ./system/src/cortexm/_initialize_hardware.o
LOAD ./system/src/cortexm/_reset_hardware.o
LOAD ./system/src/cortexm/exception_handlers.o
LOAD ./system/src/cmsis/system_stm32f2xx.o
LOAD ./system/src/cmsis/vectors_stm32f2xx.o
LOAD ./src/Drivers/LCD/fonts.o
LOAD ./src/Drivers/LCD/lcd_log.o
LOAD ./src/Drivers/LCD/stm322xg_eval.o
LOAD ./src/Drivers/LCD/stm322xg_eval_lcd.o
LOAD ./src/Drivers/LCD/stm32f2xx_fsmc.o
LOAD ./src/Drivers/I2C/i2c.o
LOAD ./src/Drivers/Ether/ether.o
LOAD ./src/Drivers/port.o
LOAD ./src/BlinkLed.o
LOAD ./src/Timer.o
LOAD ./src/_write.o
LOAD ./src/main.o
LOAD c:/program files (x86)/gnu tools arm embedded/4.9 2014q4/bin/../lib/gcc/arm-none-eabi/4.9.3/../../../../arm-none-eabi/lib/armv7-m\libstdc++.a
LOAD c:/program files (x86)/gnu tools arm embedded/4.9 2014q4/bin/../lib/gcc/arm-none-eabi/4.9.3/../../../../arm-none-eabi/lib/armv7-m\libm.a
START GROUP
LOAD c:/program files (x86)/gnu tools arm embedded/4.9 2014q4/bin/../lib/gcc/arm-none-eabi/4.9.3/armv7-m\libgcc.a
LOAD c:/program files (x86)/gnu tools arm embedded/4.9 2014q4/bin/../lib/gcc/arm-none-eabi/4.9.3/../../../../arm-none-eabi/lib/armv7-m\libg.a
LOAD c:/program files (x86)/gnu tools arm embedded/4.9 2014q4/bin/../lib/gcc/arm-none-eabi/4.9.3/../../../../arm-none-eabi/lib/armv7-m\libc.a
END GROUP
                0x20005000                __stack = (ORIGIN (RAM) + 0x5000)
                0x20005000                _estack = __stack
                0x00000400                __Main_Stack_Size = 0x400
                0x00000400                PROVIDE (_Main_Stack_Size, __Main_Stack_Size)
                0x20004c00                __Main_Stack_Limit = (__stack - __Main_Stack_Size)
                0x20004c00                PROVIDE (_Main_Stack_Limit, __Main_Stack_Limit)
                0x00000100                _Minimum_Stack_Size = 0x100
                0x20001ed8                PROVIDE (_Heap_Begin, _end_noinit)
                0x20004c00                PROVIDE (_Heap_Limit, (__stack - __Main_Stack_Size))

.isr_vector     0x08000000      0x2c8
                0x08000000                . = ALIGN (0x4)
 *(.isr_vector)
 .isr_vector    0x08000000      0x184 ./system/src/cmsis/vectors_stm32f2xx.o
                0x08000000                __isr_vectors
 *(.cfmconfig)
 *(.after_vectors .after_vectors.*)
 .after_vectors
                0x08000184      0x114 ./system/src/newlib/_startup.o
                0x08000184                _start
 .after_vectors
                0x08000298       0x2c ./system/src/cortexm/exception_handlers.o
                0x08000298                Reset_Handler
                0x080002a0                NMI_Handler
                0x080002a4                HardFault_Handler
                0x080002a8                MemManage_Handler
                0x080002ac                BusFault_Handler
                0x080002b0                UsageFault_Handler
                0x080002b4                SVC_Handler
                0x080002b8                DebugMon_Handler
                0x080002bc                PendSV_Handler
 .after_vectors
                0x080002c4        0x4 ./system/src/cmsis/vectors_stm32f2xx.o
                0x080002c4                RTC_Alarm_IRQHandler
                0x080002c4                HASH_RNG_IRQHandler
                0x080002c4                EXTI2_IRQHandler
                0x080002c4                TIM8_CC_IRQHandler
                0x080002c4                TIM1_CC_IRQHandler
                0x080002c4                DMA2_Stream5_IRQHandler
                0x080002c4                DMA1_Stream5_IRQHandler
                0x080002c4                PVD_IRQHandler
                0x080002c4                SDIO_IRQHandler
                0x080002c4                TAMP_STAMP_IRQHandler
                0x080002c4                CAN2_RX1_IRQHandler
                0x080002c4                EXTI3_IRQHandler
                0x080002c4                TIM8_TRG_COM_TIM14_IRQHandler
                0x080002c4                TIM1_UP_TIM10_IRQHandler
                0x080002c4                TIM8_UP_TIM13_IRQHandler
                0x080002c4                I2C3_ER_IRQHandler
                0x080002c4                EXTI0_IRQHandler
                0x080002c4                I2C2_EV_IRQHandler
                0x080002c4                DMA1_Stream2_IRQHandler
                0x080002c4                CAN1_RX0_IRQHandler
                0x080002c4                OTG_HS_WKUP_IRQHandler
                0x080002c4                CAN2_SCE_IRQHandler
                0x080002c4                DMA2_Stream2_IRQHandler
                0x080002c4                SPI1_IRQHandler
                0x080002c4                TIM6_DAC_IRQHandler
                0x080002c4                TIM1_BRK_TIM9_IRQHandler
                0x080002c4                DCMI_IRQHandler
                0x080002c4                CAN2_RX0_IRQHandler
                0x080002c4                DMA2_Stream3_IRQHandler
                0x080002c4                USART6_IRQHandler
                0x080002c4                USART3_IRQHandler
                0x080002c4                CRYP_IRQHandler
                0x080002c4                CAN1_RX1_IRQHandler
                0x080002c4                UART5_IRQHandler
                0x080002c4                DMA2_Stream0_IRQHandler
                0x080002c4                TIM4_IRQHandler
                0x080002c4                I2C1_EV_IRQHandler
                0x080002c4                DMA1_Stream6_IRQHandler
                0x080002c4                DMA1_Stream1_IRQHandler
                0x080002c4                UART4_IRQHandler
                0x080002c4                TIM3_IRQHandler
                0x080002c4                RCC_IRQHandler
                0x080002c4                TIM8_BRK_TIM12_IRQHandler
                0x080002c4                TIM1_TRG_COM_IRQHandler
                0x080002c4                Default_Handler
                0x080002c4                ADC_IRQHandler
                0x080002c4                DMA1_Stream7_IRQHandler
                0x080002c4                TIM7_IRQHandler
                0x080002c4                CAN2_TX_IRQHandler
                0x080002c4                TIM5_IRQHandler
                0x080002c4                DMA2_Stream7_IRQHandler
                0x080002c4                I2C3_EV_IRQHandler
                0x080002c4                EXTI9_5_IRQHandler
                0x080002c4                RTC_WKUP_IRQHandler
                0x080002c4                ETH_WKUP_IRQHandler
                0x080002c4                SPI2_IRQHandler
                0x080002c4                OTG_HS_EP1_IN_IRQHandler
                0x080002c4                DMA1_Stream0_IRQHandler
                0x080002c4                CAN1_TX_IRQHandler
                0x080002c4                EXTI4_IRQHandler
                0x080002c4                FSMC_IRQHandler
                0x080002c4                ETH_IRQHandler
                0x080002c4                OTG_HS_EP1_OUT_IRQHandler
                0x080002c4                WWDG_IRQHandler
                0x080002c4                TIM2_IRQHandler
                0x080002c4                OTG_FS_WKUP_IRQHandler
                0x080002c4                TIM1_TRG_COM_TIM11_IRQHandler
                0x080002c4                OTG_HS_IRQHandler
                0x080002c4                EXTI1_IRQHandler
                0x080002c4                USART2_IRQHandler
                0x080002c4                I2C2_ER_IRQHandler
                0x080002c4                DMA2_Stream1_IRQHandler
                0x080002c4                CAN1_SCE_IRQHandler
                0x080002c4                FLASH_IRQHandler
                0x080002c4                DMA2_Stream4_IRQHandler
                0x080002c4                USART1_IRQHandler
                0x080002c4                OTG_FS_IRQHandler
                0x080002c4                SPI3_IRQHandler
                0x080002c4                DMA1_Stream4_IRQHandler
                0x080002c4                I2C1_ER_IRQHandler
                0x080002c4                DMA2_Stream6_IRQHandler
                0x080002c4                DMA1_Stream3_IRQHandler
                0x080002c8                . = ALIGN (0x4)

.inits          0x080002c8        0x8
                0x080002c8                . = ALIGN (0x4)
 *(.init)
 *(.fini)
                0x080002c8                . = ALIGN (0x4)
                0x080002c8                PROVIDE (__preinit_array_start, .)
 *(.preinit_array_sysinit .preinit_array_sysinit.*)
 *(.preinit_array_platform .preinit_array_platform.*)
 *(.preinit_array .preinit_array.*)
                0x080002c8                PROVIDE (__preinit_array_end, .)
                0x080002c8                . = ALIGN (0x4)
                0x080002c8                PROVIDE (__init_array_start, .)
 *(SORT(.init_array.*))
 *(.init_array)
 .init_array    0x080002c8        0x4 ./src/main.o
                0x080002cc                PROVIDE (__init_array_end, .)
                0x080002cc                . = ALIGN (0x4)
                0x080002cc                PROVIDE (__fini_array_start, .)
 *(SORT(.fini_array.*))
 *(.fini_array)
 .fini_array    0x080002cc        0x4 ./src/main.o
                0x080002d0                PROVIDE (__fini_array_end, .)
                0x080002d0                . = ALIGN (0x4)

.flashtext      0x080002d0        0x0
                0x080002d0                . = ALIGN (0x4)
 *(.flashtext .flashtext.*)
                0x080002d0                . = ALIGN (0x4)

.text           0x080002d0     0xb32c
                0x080002d0                . = ALIGN (0x4)
 *(.text .text.*)
 .text.NVIC_Init
                0x080002d0       0x9c ./system/src/stm32f2-stdperiph/misc.o
                0x080002d0                NVIC_Init
 .text.EXTI_Init
                0x0800036c       0xd8 ./system/src/stm32f2-stdperiph/stm32f2xx_exti.o
                0x0800036c                EXTI_Init
 .text.EXTI_ClearFlag
                0x08000444       0x24 ./system/src/stm32f2-stdperiph/stm32f2xx_exti.o
                0x08000444                EXTI_ClearFlag
 .text.GPIO_Init
                0x08000468      0x12c ./system/src/stm32f2-stdperiph/stm32f2xx_gpio.o
                0x08000468                GPIO_Init
 .text.GPIO_ReadInputDataBit
                0x08000594       0xc8 ./system/src/stm32f2-stdperiph/stm32f2xx_gpio.o
                0x08000594                GPIO_ReadInputDataBit
 .text.GPIO_PinAFConfig
                0x0800065c       0xec ./system/src/stm32f2-stdperiph/stm32f2xx_gpio.o
                0x0800065c                GPIO_PinAFConfig
 .text.RCC_AHB1PeriphClockCmd
                0x08000748       0x4c ./system/src/stm32f2-stdperiph/stm32f2xx_rcc.o
                0x08000748                RCC_AHB1PeriphClockCmd
 .text.RCC_AHB3PeriphClockCmd
                0x08000794       0x48 ./system/src/stm32f2-stdperiph/stm32f2xx_rcc.o
                0x08000794                RCC_AHB3PeriphClockCmd
 .text.RCC_APB2PeriphClockCmd
                0x080007dc       0x4c ./system/src/stm32f2-stdperiph/stm32f2xx_rcc.o
                0x080007dc                RCC_APB2PeriphClockCmd
 .text.SYSCFG_EXTILineConfig
                0x08000828       0x50 ./system/src/stm32f2-stdperiph/stm32f2xx_syscfg.o
                0x08000828                SYSCFG_EXTILineConfig
 .text._ZN9__gnu_cxx27__verbose_terminate_handlerEv
                0x08000878       0x10 ./system/src/newlib/_cxx.o
                0x08000878                __gnu_cxx::__verbose_terminate_handler()
 .text._exit    0x08000888        0x4 ./system/src/newlib/_exit.o
                0x08000888                _exit
 .text.abort    0x0800088c       0x14 ./system/src/newlib/_exit.o
                0x0800088c                abort
 .text._sbrk    0x080008a0       0x44 ./system/src/newlib/_sbrk.o
                0x080008a0                _sbrk
 .text.__initialize_args
                0x080008e4       0x10 ./system/src/newlib/_syscalls.o
                0x080008e4                __initialize_args
 .text.assert_failed
                0x080008f4       0x18 ./system/src/newlib/assert.o
                0x080008f4                assert_failed
 .text.trace_printf
                0x0800090c       0x34 ./system/src/diag/Trace.o
                0x0800090c                trace_printf
 .text.trace_puts
                0x08000940       0x20 ./system/src/diag/Trace.o
                0x08000940                trace_puts
 .text._trace_write_itm
                0x08000960       0x48 ./system/src/diag/trace_impl.o
 .text.trace_write
                0x080009a8        0x8 ./system/src/diag/trace_impl.o
                0x080009a8                trace_write
 .text.__initialize_hardware_early
                0x080009b0        0x8 ./system/src/cortexm/_initialize_hardware.o
                0x080009b0                __initialize_hardware_early
 .text.__initialize_hardware
                0x080009b8        0x8 ./system/src/cortexm/_initialize_hardware.o
                0x080009b8                __initialize_hardware
 .text.SetSysClock
                0x080009c0       0xac ./system/src/cmsis/system_stm32f2xx.o
 .text.SystemInit
                0x08000a6c       0x44 ./system/src/cmsis/system_stm32f2xx.o
                0x08000a6c                SystemInit
 .text.SystemCoreClockUpdate
                0x08000ab0       0xa4 ./system/src/cmsis/system_stm32f2xx.o
                0x08000ab0                SystemCoreClockUpdate
 .text._ZL21LCD_LOG_UpdateDisplayv
                0x08000b54       0xa4 ./src/Drivers/LCD/lcd_log.o
 .text._ZL9_put_charc
                0x08000bf8      0x138 ./src/Drivers/LCD/lcd_log.o
 .text._Z14LCD_LOG_DeInitv
                0x08000d30       0x64 ./src/Drivers/LCD/lcd_log.o
                0x08000d30                LCD_LOG_DeInit()
 .text._Z12LCD_LOG_Initv
                0x08000d94       0x10 ./src/Drivers/LCD/lcd_log.o
                0x08000d94                LCD_LOG_Init()
 .text._Z17LCD_LOG_SetHeaderPh
                0x08000da4       0xa0 ./src/Drivers/LCD/lcd_log.o
                0x08000da4                LCD_LOG_SetHeader(unsigned char*)
 .text.puts     0x08000e44       0x18 ./src/Drivers/LCD/lcd_log.o
                0x08000e44                puts
 .text.STM_EVAL_PBInit
                0x08000e5c       0xb4 ./src/Drivers/LCD/stm322xg_eval.o
                0x08000e5c                STM_EVAL_PBInit
 .text._ZL5delaym
                0x08000f10       0x28 ./src/Drivers/LCD/stm322xg_eval_lcd.o
 .text.LCD_SetTextColor
                0x08000f38       0x18 ./src/Drivers/LCD/stm322xg_eval_lcd.o
                0x08000f38                LCD_SetTextColor
 .text.LCD_SetBackColor
                0x08000f50       0x18 ./src/Drivers/LCD/stm322xg_eval_lcd.o
                0x08000f50                LCD_SetBackColor
 .text.LCD_SetFont
                0x08000f68        0xc ./src/Drivers/LCD/stm322xg_eval_lcd.o
                0x08000f68                LCD_SetFont
 .text.LCD_GetFont
                0x08000f74        0xc ./src/Drivers/LCD/stm322xg_eval_lcd.o
                0x08000f74                LCD_GetFont
 .text.LCD_WriteReg
                0x08000f80        0xc ./src/Drivers/LCD/stm322xg_eval_lcd.o
                0x08000f80                LCD_WriteReg
 .text.LCD_SetCursor
                0x08000f8c       0x18 ./src/Drivers/LCD/stm322xg_eval_lcd.o
                0x08000f8c                LCD_SetCursor
 .text.LCD_ReadReg
                0x08000fa4        0xc ./src/Drivers/LCD/stm322xg_eval_lcd.o
                0x08000fa4                LCD_ReadReg
 .text.LCD_WriteRAM_Prepare
                0x08000fb0        0xc ./src/Drivers/LCD/stm322xg_eval_lcd.o
                0x08000fb0                LCD_WriteRAM_Prepare
 .text.LCD_Clear
                0x08000fbc       0x28 ./src/Drivers/LCD/stm322xg_eval_lcd.o
                0x08000fbc                LCD_Clear
 .text.LCD_WriteRAM
                0x08000fe4        0x8 ./src/Drivers/LCD/stm322xg_eval_lcd.o
                0x08000fe4                LCD_WriteRAM
 .text.LCD_DrawChar
                0x08000fec       0x94 ./src/Drivers/LCD/stm322xg_eval_lcd.o
                0x08000fec                LCD_DrawChar
 .text.LCD_DisplayChar
                0x08001080       0x20 ./src/Drivers/LCD/stm322xg_eval_lcd.o
                0x08001080                LCD_DisplayChar
 .text.LCD_ClearLine
                0x080010a0       0x34 ./src/Drivers/LCD/stm322xg_eval_lcd.o
                0x080010a0                LCD_ClearLine
 .text.LCD_DisplayStringLine
                0x080010d4       0x38 ./src/Drivers/LCD/stm322xg_eval_lcd.o
                0x080010d4                LCD_DisplayStringLine
 .text.LCD_CtrlLinesConfig
                0x0800110c      0x134 ./src/Drivers/LCD/stm322xg_eval_lcd.o
                0x0800110c                LCD_CtrlLinesConfig
 .text.LCD_FSMCConfig
                0x08001240       0x5c ./src/Drivers/LCD/stm322xg_eval_lcd.o
                0x08001240                LCD_FSMCConfig
 .text.STM322xG_LCD_Init
                0x0800129c      0x420 ./src/Drivers/LCD/stm322xg_eval_lcd.o
                0x0800129c                STM322xG_LCD_Init
 .text.FSMC_NORSRAMInit
                0x080016bc      0x2ac ./src/Drivers/LCD/stm32f2xx_fsmc.o
                0x080016bc                FSMC_NORSRAMInit
 .text.FSMC_NORSRAMCmd
                0x08001968       0x5c ./src/Drivers/LCD/stm32f2xx_fsmc.o
                0x08001968                FSMC_NORSRAMCmd
 .text._ZN12CyclicBufferI4BITSED2Ev
                0x080019c4       0x18 ./src/Drivers/I2C/i2c.o
                0x080019c4                CyclicBuffer<BITS>::~CyclicBuffer()
                0x080019c4                CyclicBuffer<BITS>::~CyclicBuffer()
 .text._ZN12CyclicBufferI4BITSED0Ev
                0x080019dc       0x20 ./src/Drivers/I2C/i2c.o
                0x080019dc                CyclicBuffer<BITS>::~CyclicBuffer()
 .text._ZN10I2CSniffer4initEv
                0x080019fc       0x1c ./src/Drivers/I2C/i2c.o
                0x080019fc                I2CSniffer::init()
 .text._ZN10I2CSnifferC2Emmmmj
                0x08001a18       0x64 ./src/Drivers/I2C/i2c.o
                0x08001a18                I2CSniffer::I2CSniffer(unsigned long, unsigned long, unsigned long, unsigned long, unsigned int)
                0x08001a18                I2CSniffer::I2CSniffer(unsigned long, unsigned long, unsigned long, unsigned long, unsigned int)
 .text._ZN10I2CSniffer6UpdateEv
                0x08001a7c      0x174 ./src/Drivers/I2C/i2c.o
                0x08001a7c                I2CSniffer::Update()
 .text._ZN4Port6enableEv
                0x08001bf0       0x4c ./src/Drivers/port.o
                0x08001bf0                Port::enable()
 .text._ZN6InPortC2Emm17GPIOSpeed_TypeDef17GPIOOType_TypeDef16GPIOPuPd_TypeDefb
                0x08001c3c       0x2c ./src/Drivers/port.o
                0x08001c3c                InPort::InPort(unsigned long, unsigned long, GPIOSpeed_TypeDef, GPIOOType_TypeDef, GPIOPuPd_TypeDef, bool)
                0x08001c3c                InPort::InPort(unsigned long, unsigned long, GPIOSpeed_TypeDef, GPIOOType_TypeDef, GPIOPuPd_TypeDef, bool)
 .text._ZN6InPort4readEv
                0x08001c68       0x3c ./src/Drivers/port.o
                0x08001c68                InPort::read()
 .text._ZN7OutPortC2Emm17GPIOSpeed_TypeDef17GPIOOType_TypeDef16GPIOPuPd_TypeDefb
                0x08001ca4       0x2c ./src/Drivers/port.o
                0x08001ca4                OutPort::OutPort(unsigned long, unsigned long, GPIOSpeed_TypeDef, GPIOOType_TypeDef, GPIOPuPd_TypeDef, bool)
                0x08001ca4                OutPort::OutPort(unsigned long, unsigned long, GPIOSpeed_TypeDef, GPIOOType_TypeDef, GPIOPuPd_TypeDef, bool)
 .text._ZN9InOutPortC2Emm17GPIOSpeed_TypeDef17GPIOOType_TypeDef16GPIOPuPd_TypeDefS2_
                0x08001cd0       0x4c ./src/Drivers/port.o
                0x08001cd0                InOutPort::InOutPort(unsigned long, unsigned long, GPIOSpeed_TypeDef, GPIOOType_TypeDef, GPIOPuPd_TypeDef, GPIOPuPd_TypeDef)
                0x08001cd0                InOutPort::InOutPort(unsigned long, unsigned long, GPIOSpeed_TypeDef, GPIOOType_TypeDef, GPIOPuPd_TypeDef, GPIOPuPd_TypeDef)
 .text._ZN9InOutPort4readEv
                0x08001d1c        0x8 ./src/Drivers/port.o
                0x08001d1c                InOutPort::read()
 .text.SysTick_Handler
                0x08001d24       0x14 ./src/Timer.o
                0x08001d24                SysTick_Handler
 .text._Z41__static_initialization_and_destruction_0ii
                0x08001d38       0x4c ./src/main.o
 .text._Z9print_hexj
                0x08001d84       0x24 ./src/main.o
                0x08001d84                print_hex(unsigned int)
 .text._Z8init_lcdv
                0x08001da8       0x2c ./src/main.o
                0x08001da8                init_lcd()
 .text._Z8do_inputv
                0x08001dd4       0x14 ./src/main.o
                0x08001dd4                do_input()
 .text._Z12init_buttonsv
                0x08001de8        0xc ./src/main.o
                0x08001de8                init_buttons()
 .text._Z9pack_byteP4BITS
                0x08001df4       0x44 ./src/main.o
                0x08001df4                pack_byte(BITS*)
 .text.EXTI15_10_IRQHandler
                0x08001e38      0x224 ./src/main.o
                0x08001e38                EXTI15_10_IRQHandler
 .text.main     0x0800205c       0x10 ./src/main.o
                0x0800205c                main
 .text._GLOBAL__sub_I_i2c
                0x0800206c       0x10 ./src/main.o
 .text._GLOBAL__sub_D_i2c
                0x0800207c       0x10 ./src/main.o
 .text._ZdlPv   0x0800208c        0x4 c:/program files (x86)/gnu tools arm embedded/4.9 2014q4/bin/../lib/gcc/arm-none-eabi/4.9.3/../../../../arm-none-eabi/lib/armv7-m\libstdc++.a(del_op.o)
                0x0800208c                operator delete(void*)
 .text._ZdaPv   0x08002090        0x4 c:/program files (x86)/gnu tools arm embedded/4.9 2014q4/bin/../lib/gcc/arm-none-eabi/4.9.3/../../../../arm-none-eabi/lib/armv7-m\libstdc++.a(del_opv.o)
                0x08002090                operator delete[](void*)
 .text._Znaj    0x08002094       0x14 c:/program files (x86)/gnu tools arm embedded/4.9 2014q4/bin/../lib/gcc/arm-none-eabi/4.9.3/../../../../arm-none-eabi/lib/armv7-m\libstdc++.a(new_opv.o)
                0x08002094                operator new[](unsigned int)
 .text._ZN10__cxxabiv1L24__is_gxx_exception_classEPc
                0x080020a8       0x3c c:/program files (x86)/gnu tools arm embedded/4.9 2014q4/bin/../lib/gcc/arm-none-eabi/4.9.3/../../../../arm-none-eabi/lib/armv7-m\libstdc++.a(eh_call.o)
 .text.__cxa_call_terminate
                0x080020e4       0x20 c:/program files (x86)/gnu tools arm embedded/4.9 2014q4/bin/../lib/gcc/arm-none-eabi/4.9.3/../../../../arm-none-eabi/lib/armv7-m\libstdc++.a(eh_call.o)
                0x080020e4                __cxa_call_terminate
 .text.__cxa_call_unexpected
                0x08002104       0xdc c:/program files (x86)/gnu tools arm embedded/4.9 2014q4/bin/../lib/gcc/arm-none-eabi/4.9.3/../../../../arm-none-eabi/lib/armv7-m\libstdc++.a(eh_call.o)
                0x08002104                __cxa_call_unexpected
 .text.__cxa_end_cleanup
                0x080021e0        0xc c:/program files (x86)/gnu tools arm embedded/4.9 2014q4/bin/../lib/gcc/arm-none-eabi/4.9.3/../../../../arm-none-eabi/lib/armv7-m\libstdc++.a(eh_arm.o)
                0x080021e0                __cxa_end_cleanup
 .text.__cxa_type_match
                0x080021ec       0xb0 c:/program files (x86)/gnu tools arm embedded/4.9 2014q4/bin/../lib/gcc/arm-none-eabi/4.9.3/../../../../arm-none-eabi/lib/armv7-m\libstdc++.a(eh_arm.o)
                0x080021ec                __cxa_type_match
 .text.__cxa_begin_cleanup
                0x0800229c       0x64 c:/program files (x86)/gnu tools arm embedded/4.9 2014q4/bin/../lib/gcc/arm-none-eabi/4.9.3/../../../../arm-none-eabi/lib/armv7-m\libstdc++.a(eh_arm.o)
                0x0800229c                __cxa_begin_cleanup
 .text.__gnu_end_cleanup
                0x08002300       0x70 c:/program files (x86)/gnu tools arm embedded/4.9 2014q4/bin/../lib/gcc/arm-none-eabi/4.9.3/../../../../arm-none-eabi/lib/armv7-m\libstdc++.a(eh_arm.o)
                0x08002300                __gnu_end_cleanup
 .text._ZN10__cxxabiv111__terminateEPFvvE
                0x08002370       0x28 c:/program files (x86)/gnu tools arm embedded/4.9 2014q4/bin/../lib/gcc/arm-none-eabi/4.9.3/../../../../arm-none-eabi/lib/armv7-m\libstdc++.a(eh_terminate.o)
                0x08002370                __cxxabiv1::__terminate(void (*)())
 .text._ZSt9terminatev
                0x08002398       0x14 c:/program files (x86)/gnu tools arm embedded/4.9 2014q4/bin/../lib/gcc/arm-none-eabi/4.9.3/../../../../arm-none-eabi/lib/armv7-m\libstdc++.a(eh_terminate.o)
                0x08002398                std::terminate()
 .text._ZN10__cxxabiv112__unexpectedEPFvvE
                0x080023ac        0x8 c:/program files (x86)/gnu tools arm embedded/4.9 2014q4/bin/../lib/gcc/arm-none-eabi/4.9.3/../../../../arm-none-eabi/lib/armv7-m\libstdc++.a(eh_terminate.o)
                0x080023ac                __cxxabiv1::__unexpected(void (*)())
 .text._ZSt10unexpectedv
                0x080023b4       0x14 c:/program files (x86)/gnu tools arm embedded/4.9 2014q4/bin/../lib/gcc/arm-none-eabi/4.9.3/../../../../arm-none-eabi/lib/armv7-m\libstdc++.a(eh_terminate.o)
                0x080023b4                std::unexpected()
 .text._ZSt13get_terminatev
                0x080023c8       0x10 c:/program files (x86)/gnu tools arm embedded/4.9 2014q4/bin/../lib/gcc/arm-none-eabi/4.9.3/../../../../arm-none-eabi/lib/armv7-m\libstdc++.a(eh_terminate.o)
                0x080023c8                std::get_terminate()
 .text._ZSt14get_unexpectedv
                0x080023d8       0x10 c:/program files (x86)/gnu tools arm embedded/4.9 2014q4/bin/../lib/gcc/arm-none-eabi/4.9.3/../../../../arm-none-eabi/lib/armv7-m\libstdc++.a(eh_terminate.o)
                0x080023d8                std::get_unexpected()
 .text._ZNKSt9bad_alloc4whatEv
                0x080023e8        0x8 c:/program files (x86)/gnu tools arm embedded/4.9 2014q4/bin/../lib/gcc/arm-none-eabi/4.9.3/../../../../arm-none-eabi/lib/armv7-m\libstdc++.a(bad_alloc.o)
                0x080023e8                std::bad_alloc::what() const
 .text._ZNSt9bad_allocD2Ev
                0x080023f0       0x14 c:/program files (x86)/gnu tools arm embedded/4.9 2014q4/bin/../lib/gcc/arm-none-eabi/4.9.3/../../../../arm-none-eabi/lib/armv7-m\libstdc++.a(bad_alloc.o)
                0x080023f0                std::bad_alloc::~bad_alloc()
                0x080023f0                std::bad_alloc::~bad_alloc()
 .text._ZNSt9bad_allocD0Ev
                0x08002404       0x1c c:/program files (x86)/gnu tools arm embedded/4.9 2014q4/bin/../lib/gcc/arm-none-eabi/4.9.3/../../../../arm-none-eabi/lib/armv7-m\libstdc++.a(bad_alloc.o)
                0x08002404                std::bad_alloc::~bad_alloc()
 .text.__cxa_begin_catch
                0x08002420       0x8c c:/program files (x86)/gnu tools arm embedded/4.9 2014q4/bin/../lib/gcc/arm-none-eabi/4.9.3/../../../../arm-none-eabi/lib/armv7-m\libstdc++.a(eh_catch.o)
                0x08002420                __cxa_begin_catch
 .text.__cxa_end_catch
                0x080024ac       0x8c c:/program files (x86)/gnu tools arm embedded/4.9 2014q4/bin/../lib/gcc/arm-none-eabi/4.9.3/../../../../arm-none-eabi/lib/armv7-m\libstdc++.a(eh_catch.o)
                0x080024ac                __cxa_end_catch
 .text._Znwj    0x08002538       0x44 c:/program files (x86)/gnu tools arm embedded/4.9 2014q4/bin/../lib/gcc/arm-none-eabi/4.9.3/../../../../arm-none-eabi/lib/armv7-m\libstdc++.a(new_op.o)
                0x08002538                operator new(unsigned int)
 .text._ZSt15get_new_handlerv
                0x0800257c       0x10 c:/program files (x86)/gnu tools arm embedded/4.9 2014q4/bin/../lib/gcc/arm-none-eabi/4.9.3/../../../../arm-none-eabi/lib/armv7-m\libstdc++.a(new_handler.o)
                0x0800257c                std::get_new_handler()
 .text._ZL23__gxx_exception_cleanup19_Unwind_Reason_CodeP21_Unwind_Control_Block
                0x0800258c       0x44 c:/program files (x86)/gnu tools arm embedded/4.9 2014q4/bin/../lib/gcc/arm-none-eabi/4.9.3/../../../../arm-none-eabi/lib/armv7-m\libstdc++.a(eh_throw.o)
 .text.__cxa_throw
                0x080025d0       0x80 c:/program files (x86)/gnu tools arm embedded/4.9 2014q4/bin/../lib/gcc/arm-none-eabi/4.9.3/../../../../arm-none-eabi/lib/armv7-m\libstdc++.a(eh_throw.o)
                0x080025d0                __cxa_throw
 .text.__cxa_rethrow
                0x08002650       0x70 c:/program files (x86)/gnu tools arm embedded/4.9 2014q4/bin/../lib/gcc/arm-none-eabi/4.9.3/../../../../arm-none-eabi/lib/armv7-m\libstdc++.a(eh_throw.o)
                0x08002650                __cxa_rethrow
 .text.__cxa_allocate_exception
                0x080026c0       0x58 c:/program files (x86)/gnu tools arm embedded/4.9 2014q4/bin/../lib/gcc/arm-none-eabi/4.9.3/../../../../arm-none-eabi/lib/armv7-m\libstdc++.a(eh_alloc.o)
                0x080026c0                __cxa_allocate_exception
 .text.__cxa_free_exception
                0x08002718       0x30 c:/program files (x86)/gnu tools arm embedded/4.9 2014q4/bin/../lib/gcc/arm-none-eabi/4.9.3/../../../../arm-none-eabi/lib/armv7-m\libstdc++.a(eh_alloc.o)
                0x08002718                __cxa_free_exception
 .text._ZL12read_sleb128PKhPl
                0x08002748       0x30 c:/program files (x86)/gnu tools arm embedded/4.9 2014q4/bin/../lib/gcc/arm-none-eabi/4.9.3/../../../../arm-none-eabi/lib/armv7-m\libstdc++.a(eh_personality.o)
 .text._ZL28read_encoded_value_with_basehjPKhPj
                0x08002778       0xa8 c:/program files (x86)/gnu tools arm embedded/4.9 2014q4/bin/../lib/gcc/arm-none-eabi/4.9.3/../../../../arm-none-eabi/lib/armv7-m\libstdc++.a(eh_personality.o)
 .text._ZL21base_of_encoded_valuehP15_Unwind_Context
                0x08002820       0x4c c:/program files (x86)/gnu tools arm embedded/4.9 2014q4/bin/../lib/gcc/arm-none-eabi/4.9.3/../../../../arm-none-eabi/lib/armv7-m\libstdc++.a(eh_personality.o)
 .text._ZL17parse_lsda_headerP15_Unwind_ContextPKhP16lsda_header_info
                0x0800286c       0x94 c:/program files (x86)/gnu tools arm embedded/4.9 2014q4/bin/../lib/gcc/arm-none-eabi/4.9.3/../../../../arm-none-eabi/lib/armv7-m\libstdc++.a(eh_personality.o)
 .text.__gxx_personality_v0
                0x08002900      0x3f4 c:/program files (x86)/gnu tools arm embedded/4.9 2014q4/bin/../lib/gcc/arm-none-eabi/4.9.3/../../../../arm-none-eabi/lib/armv7-m\libstdc++.a(eh_personality.o)
                0x08002900                __gxx_personality_v0
 .text.__cxa_get_globals_fast
                0x08002cf4        0x8 c:/program files (x86)/gnu tools arm embedded/4.9 2014q4/bin/../lib/gcc/arm-none-eabi/4.9.3/../../../../arm-none-eabi/lib/armv7-m\libstdc++.a(eh_globals.o)
                0x08002cf4                __cxa_get_globals_fast
 .text.__cxa_get_globals
                0x08002cfc        0x8 c:/program files (x86)/gnu tools arm embedded/4.9 2014q4/bin/../lib/gcc/arm-none-eabi/4.9.3/../../../../arm-none-eabi/lib/armv7-m\libstdc++.a(eh_globals.o)
                0x08002cfc                __cxa_get_globals
 .text._ZN10__cxxabiv120__si_class_type_infoD2Ev
                0x08002d04       0x14 c:/program files (x86)/gnu tools arm embedded/4.9 2014q4/bin/../lib/gcc/arm-none-eabi/4.9.3/../../../../arm-none-eabi/lib/armv7-m\libstdc++.a(si_class_type_info.o)
                0x08002d04                __cxxabiv1::__si_class_type_info::~__si_class_type_info()
                0x08002d04                __cxxabiv1::__si_class_type_info::~__si_class_type_info()
 .text._ZN10__cxxabiv120__si_class_type_infoD0Ev
                0x08002d18       0x1c c:/program files (x86)/gnu tools arm embedded/4.9 2014q4/bin/../lib/gcc/arm-none-eabi/4.9.3/../../../../arm-none-eabi/lib/armv7-m\libstdc++.a(si_class_type_info.o)
                0x08002d18                __cxxabiv1::__si_class_type_info::~__si_class_type_info()
 .text._ZNK10__cxxabiv120__si_class_type_info20__do_find_public_srcEiPKvPKNS_17__class_type_infoES2_
                0x08002d34       0x3c c:/program files (x86)/gnu tools arm embedded/4.9 2014q4/bin/../lib/gcc/arm-none-eabi/4.9.3/../../../../arm-none-eabi/lib/armv7-m\libstdc++.a(si_class_type_info.o)
                0x08002d34                __cxxabiv1::__si_class_type_info::__do_find_public_src(int, void const*, __cxxabiv1::__class_type_info const*, void const*) const
 .text._ZNK10__cxxabiv120__si_class_type_info12__do_dyncastEiNS_17__class_type_info10__sub_kindEPKS1_PKvS4_S6_RNS1_16__dyncast_resultE
                0x08002d70       0x84 c:/program files (x86)/gnu tools arm embedded/4.9 2014q4/bin/../lib/gcc/arm-none-eabi/4.9.3/../../../../arm-none-eabi/lib/armv7-m\libstdc++.a(si_class_type_info.o)
                0x08002d70                __cxxabiv1::__si_class_type_info::__do_dyncast(int, __cxxabiv1::__class_type_info::__sub_kind, __cxxabiv1::__class_type_info const*, void const*, __cxxabiv1::__class_type_info const*, void const*, __cxxabiv1::__class_type_info::__dyncast_result&) const
 .text._ZNK10__cxxabiv120__si_class_type_info11__do_upcastEPKNS_17__class_type_infoEPKvRNS1_15__upcast_resultE
                0x08002df4       0x2c c:/program files (x86)/gnu tools arm embedded/4.9 2014q4/bin/../lib/gcc/arm-none-eabi/4.9.3/../../../../arm-none-eabi/lib/armv7-m\libstdc++.a(si_class_type_info.o)
                0x08002df4                __cxxabiv1::__si_class_type_info::__do_upcast(__cxxabiv1::__class_type_info const*, void const*, __cxxabiv1::__class_type_info::__upcast_result&) const
 .text._ZNSt9exceptionD2Ev
                0x08002e20        0x4 c:/program files (x86)/gnu tools arm embedded/4.9 2014q4/bin/../lib/gcc/arm-none-eabi/4.9.3/../../../../arm-none-eabi/lib/armv7-m\libstdc++.a(eh_exception.o)
                0x08002e20                std::exception::~exception()
                0x08002e20                std::exception::~exception()
 .text._ZNSt13bad_exceptionD2Ev
                0x08002e24        0x4 c:/program files (x86)/gnu tools arm embedded/4.9 2014q4/bin/../lib/gcc/arm-none-eabi/4.9.3/../../../../arm-none-eabi/lib/armv7-m\libstdc++.a(eh_exception.o)
                0x08002e24                std::bad_exception::~bad_exception()
                0x08002e24                std::bad_exception::~bad_exception()
 .text._ZNKSt13bad_exception4whatEv
                0x08002e28        0x8 c:/program files (x86)/gnu tools arm embedded/4.9 2014q4/bin/../lib/gcc/arm-none-eabi/4.9.3/../../../../arm-none-eabi/lib/armv7-m\libstdc++.a(eh_exception.o)
                0x08002e28                std::bad_exception::what() const
 .text._ZNSt13bad_exceptionD0Ev
                0x08002e30        0xc c:/program files (x86)/gnu tools arm embedded/4.9 2014q4/bin/../lib/gcc/arm-none-eabi/4.9.3/../../../../arm-none-eabi/lib/armv7-m\libstdc++.a(eh_exception.o)
                0x08002e30                std::bad_exception::~bad_exception()
 .text._ZNSt9type_infoD2Ev
                0x08002e3c        0x4 c:/program files (x86)/gnu tools arm embedded/4.9 2014q4/bin/../lib/gcc/arm-none-eabi/4.9.3/../../../../arm-none-eabi/lib/armv7-m\libstdc++.a(tinfo.o)
                0x08002e3c                std::type_info::~type_info()
                0x08002e3c                std::type_info::~type_info()
 .text._ZNKSt9type_info14__is_pointer_pEv
                0x08002e40        0x4 c:/program files (x86)/gnu tools arm embedded/4.9 2014q4/bin/../lib/gcc/arm-none-eabi/4.9.3/../../../../arm-none-eabi/lib/armv7-m\libstdc++.a(tinfo.o)
                0x08002e40                std::type_info::__is_pointer_p() const
 .text._ZNKSt9type_info15__is_function_pEv
                0x08002e44        0x4 c:/program files (x86)/gnu tools arm embedded/4.9 2014q4/bin/../lib/gcc/arm-none-eabi/4.9.3/../../../../arm-none-eabi/lib/armv7-m\libstdc++.a(tinfo.o)
                0x08002e44                std::type_info::__is_function_p() const
 .text._ZNKSt9type_infoeqERKS_
                0x08002e48       0x2c c:/program files (x86)/gnu tools arm embedded/4.9 2014q4/bin/../lib/gcc/arm-none-eabi/4.9.3/../../../../arm-none-eabi/lib/armv7-m\libstdc++.a(tinfo.o)
                0x08002e48                std::type_info::operator==(std::type_info const&) const
 .text._ZNK10__cxxabiv117__class_type_info11__do_upcastEPKS0_PPv
                0x08002e74       0x38 c:/program files (x86)/gnu tools arm embedded/4.9 2014q4/bin/../lib/gcc/arm-none-eabi/4.9.3/../../../../arm-none-eabi/lib/armv7-m\libstdc++.a(class_type_info.o)
                0x08002e74                __cxxabiv1::__class_type_info::__do_upcast(__cxxabiv1::__class_type_info const*, void**) const
 .text._ZNK10__cxxabiv117__class_type_info20__do_find_public_srcEiPKvPKS0_S2_
                0x08002eac        0xc c:/program files (x86)/gnu tools arm embedded/4.9 2014q4/bin/../lib/gcc/arm-none-eabi/4.9.3/../../../../arm-none-eabi/lib/armv7-m\libstdc++.a(class_type_info.o)
                0x08002eac                __cxxabiv1::__class_type_info::__do_find_public_src(int, void const*, __cxxabiv1::__class_type_info const*, void const*) const
 .text._ZN10__cxxabiv117__class_type_infoD2Ev
                0x08002eb8       0x14 c:/program files (x86)/gnu tools arm embedded/4.9 2014q4/bin/../lib/gcc/arm-none-eabi/4.9.3/../../../../arm-none-eabi/lib/armv7-m\libstdc++.a(class_type_info.o)
                0x08002eb8                __cxxabiv1::__class_type_info::~__class_type_info()
                0x08002eb8                __cxxabiv1::__class_type_info::~__class_type_info()
 .text._ZN10__cxxabiv117__class_type_infoD0Ev
                0x08002ecc       0x1c c:/program files (x86)/gnu tools arm embedded/4.9 2014q4/bin/../lib/gcc/arm-none-eabi/4.9.3/../../../../arm-none-eabi/lib/armv7-m\libstdc++.a(class_type_info.o)
                0x08002ecc                __cxxabiv1::__class_type_info::~__class_type_info()
 .text._ZNK10__cxxabiv117__class_type_info11__do_upcastEPKS0_PKvRNS0_15__upcast_resultE
                0x08002ee8       0x18 c:/program files (x86)/gnu tools arm embedded/4.9 2014q4/bin/../lib/gcc/arm-none-eabi/4.9.3/../../../../arm-none-eabi/lib/armv7-m\libstdc++.a(class_type_info.o)
                0x08002ee8                __cxxabiv1::__class_type_info::__do_upcast(__cxxabiv1::__class_type_info const*, void const*, __cxxabiv1::__class_type_info::__upcast_result&) const
 .text._ZNK10__cxxabiv117__class_type_info10__do_catchEPKSt9type_infoPPvj
                0x08002f00       0x2c c:/program files (x86)/gnu tools arm embedded/4.9 2014q4/bin/../lib/gcc/arm-none-eabi/4.9.3/../../../../arm-none-eabi/lib/armv7-m\libstdc++.a(class_type_info.o)
                0x08002f00                __cxxabiv1::__class_type_info::__do_catch(std::type_info const*, void**, unsigned int) const
 .text._ZNK10__cxxabiv117__class_type_info12__do_dyncastEiNS0_10__sub_kindEPKS0_PKvS3_S5_RNS0_16__dyncast_resultE
                0x08002f2c       0x40 c:/program files (x86)/gnu tools arm embedded/4.9 2014q4/bin/../lib/gcc/arm-none-eabi/4.9.3/../../../../arm-none-eabi/lib/armv7-m\libstdc++.a(class_type_info.o)
                0x08002f2c                __cxxabiv1::__class_type_info::__do_dyncast(int, __cxxabiv1::__class_type_info::__sub_kind, __cxxabiv1::__class_type_info const*, void const*, __cxxabiv1::__class_type_info const*, void const*, __cxxabiv1::__class_type_info::__dyncast_result&) const
 .text          0x08002f6c      0x370 c:/program files (x86)/gnu tools arm embedded/4.9 2014q4/bin/../lib/gcc/arm-none-eabi/4.9.3/armv7-m\libgcc.a(_arm_addsubdf3.o)
                0x08002f6c                __aeabi_drsub
                0x08002f74                __aeabi_dsub
                0x08002f74                __subdf3
                0x08002f78                __aeabi_dadd
                0x08002f78                __adddf3
                0x080031f0                __floatunsidf
                0x080031f0                __aeabi_ui2d
                0x08003210                __floatsidf
                0x08003210                __aeabi_i2d
                0x08003234                __aeabi_f2d
                0x08003234                __extendsfdf2
                0x08003270                __floatundidf
                0x08003270                __aeabi_ul2d
                0x08003280                __floatdidf
                0x08003280                __aeabi_l2d
 .text          0x080032dc      0x110 c:/program files (x86)/gnu tools arm embedded/4.9 2014q4/bin/../lib/gcc/arm-none-eabi/4.9.3/armv7-m\libgcc.a(_arm_cmpdf2.o)
                0x080032dc                __gtdf2
                0x080032dc                __gedf2
                0x080032e4                __ltdf2
                0x080032e4                __ledf2
                0x080032ec                __nedf2
                0x080032ec                __eqdf2
                0x080032ec                __cmpdf2
                0x08003368                __aeabi_cdrcmple
                0x08003378                __aeabi_cdcmpeq
                0x08003378                __aeabi_cdcmple
                0x08003388                __aeabi_dcmpeq
                0x0800339c                __aeabi_dcmplt
                0x080033b0                __aeabi_dcmple
                0x080033c4                __aeabi_dcmpge
                0x080033d8                __aeabi_dcmpgt
 .text          0x080033ec      0xa54 c:/program files (x86)/gnu tools arm embedded/4.9 2014q4/bin/../lib/gcc/arm-none-eabi/4.9.3/armv7-m\libgcc.a(unwind-arm.o)
                0x080036cc                _Unwind_GetCFA
                0x080036d0                __gnu_Unwind_RaiseException
                0x08003730                __gnu_Unwind_ForcedUnwind
                0x08003744                __gnu_Unwind_Resume
                0x08003788                __gnu_Unwind_Resume_or_Rethrow
                0x0800379c                _Unwind_Complete
                0x080037a0                _Unwind_DeleteException
                0x080037ac                _Unwind_VRS_Get
                0x080037fc                _Unwind_VRS_Set
                0x0800384c                __gnu_Unwind_Backtrace
                0x08003b90                __aeabi_unwind_cpp_pr0
                0x08003b94                __aeabi_unwind_cpp_pr1
                0x08003b98                __aeabi_unwind_cpp_pr2
                0x08003b9c                _Unwind_VRS_Pop
 .text          0x08003e40      0x1ac c:/program files (x86)/gnu tools arm embedded/4.9 2014q4/bin/../lib/gcc/arm-none-eabi/4.9.3/armv7-m\libgcc.a(libunwind.o)
                0x08003e40                __restore_core_regs
                0x08003e40                restore_core_regs
                0x08003e58                __gnu_Unwind_Restore_VFP
                0x08003e60                __gnu_Unwind_Save_VFP
                0x08003e68                __gnu_Unwind_Restore_VFP_D
                0x08003e70                __gnu_Unwind_Save_VFP_D
                0x08003e78                __gnu_Unwind_Restore_VFP_D_16_to_31
                0x08003e80                __gnu_Unwind_Save_VFP_D_16_to_31
                0x08003e88                __gnu_Unwind_Restore_WMMXD
                0x08003ecc                __gnu_Unwind_Save_WMMXD
                0x08003f10                __gnu_Unwind_Restore_WMMXC
                0x08003f24                __gnu_Unwind_Save_WMMXC
                0x08003f38                ___Unwind_RaiseException
                0x08003f38                _Unwind_RaiseException
                0x08003f5c                _Unwind_Resume
                0x08003f5c                ___Unwind_Resume
                0x08003f80                _Unwind_Resume_or_Rethrow
                0x08003f80                ___Unwind_Resume_or_Rethrow
                0x08003fa4                _Unwind_ForcedUnwind
                0x08003fa4                ___Unwind_ForcedUnwind
                0x08003fc8                ___Unwind_Backtrace
                0x08003fc8                _Unwind_Backtrace
 .text          0x08003fec      0x37c c:/program files (x86)/gnu tools arm embedded/4.9 2014q4/bin/../lib/gcc/arm-none-eabi/4.9.3/armv7-m\libgcc.a(pr-support.o)
                0x08004044                __gnu_unwind_execute
                0x08004310                __gnu_unwind_frame
                0x08004338                _Unwind_GetRegionStart
                0x08004344                _Unwind_GetLanguageSpecificData
                0x08004358                _Unwind_GetDataRelBase
                0x08004360                _Unwind_GetTextRelBase
 .text.__errno  0x08004368        0xc c:/program files (x86)/gnu tools arm embedded/4.9 2014q4/bin/../lib/gcc/arm-none-eabi/4.9.3/../../../../arm-none-eabi/lib/armv7-m\libg.a(lib_a-errno.o)
                0x08004368                __errno
 .text.malloc   0x08004374       0x10 c:/program files (x86)/gnu tools arm embedded/4.9 2014q4/bin/../lib/gcc/arm-none-eabi/4.9.3/../../../../arm-none-eabi/lib/armv7-m\libg.a(lib_a-malloc.o)
                0x08004374                malloc
 .text.free     0x08004384       0x10 c:/program files (x86)/gnu tools arm embedded/4.9 2014q4/bin/../lib/gcc/arm-none-eabi/4.9.3/../../../../arm-none-eabi/lib/armv7-m\libg.a(lib_a-malloc.o)
                0x08004384                free
 .text._malloc_r
                0x08004394      0x504 c:/program files (x86)/gnu tools arm embedded/4.9 2014q4/bin/../lib/gcc/arm-none-eabi/4.9.3/../../../../arm-none-eabi/lib/armv7-m\libg.a(lib_a-mallocr.o)
                0x08004394                _malloc_r
 .text          0x08004898       0xec c:/program files (x86)/gnu tools arm embedded/4.9 2014q4/bin/../lib/gcc/arm-none-eabi/4.9.3/../../../../arm-none-eabi/lib/armv7-m\libg.a(lib_a-memcpy.o)
                0x08004898                memcpy
 .text.memset   0x08004984       0x9c c:/program files (x86)/gnu tools arm embedded/4.9 2014q4/bin/../lib/gcc/arm-none-eabi/4.9.3/../../../../arm-none-eabi/lib/armv7-m\libg.a(lib_a-memset.o)
                0x08004984                memset
 .text.__malloc_lock
                0x08004a20        0x4 c:/program files (x86)/gnu tools arm embedded/4.9 2014q4/bin/../lib/gcc/arm-none-eabi/4.9.3/../../../../arm-none-eabi/lib/armv7-m\libg.a(lib_a-mlock.o)
                0x08004a20                __malloc_lock
 .text.__malloc_unlock
                0x08004a24        0x4 c:/program files (x86)/gnu tools arm embedded/4.9 2014q4/bin/../lib/gcc/arm-none-eabi/4.9.3/../../../../arm-none-eabi/lib/armv7-m\libg.a(lib_a-mlock.o)
                0x08004a24                __malloc_unlock
 .text._sbrk_r  0x08004a28       0x24 c:/program files (x86)/gnu tools arm embedded/4.9 2014q4/bin/../lib/gcc/arm-none-eabi/4.9.3/../../../../arm-none-eabi/lib/armv7-m\libg.a(lib_a-sbrkr.o)
                0x08004a28                _sbrk_r
 .text.snprintf
                0x08004a4c       0x98 c:/program files (x86)/gnu tools arm embedded/4.9 2014q4/bin/../lib/gcc/arm-none-eabi/4.9.3/../../../../arm-none-eabi/lib/armv7-m\libg.a(lib_a-snprintf.o)
                0x08004a4c                snprintf
 .text          0x08004ae4      0x1bc c:/program files (x86)/gnu tools arm embedded/4.9 2014q4/bin/../lib/gcc/arm-none-eabi/4.9.3/../../../../arm-none-eabi/lib/armv7-m\libg.a(lib_a-strcmp.o)
                0x08004ae4                strcmp
 .text.strlen   0x08004ca0       0x5c c:/program files (x86)/gnu tools arm embedded/4.9 2014q4/bin/../lib/gcc/arm-none-eabi/4.9.3/../../../../arm-none-eabi/lib/armv7-m\libg.a(lib_a-strlen.o)
                0x08004ca0                strlen
 .text._svfprintf_r
                0x08004cfc     0x14f4 c:/program files (x86)/gnu tools arm embedded/4.9 2014q4/bin/../lib/gcc/arm-none-eabi/4.9.3/../../../../arm-none-eabi/lib/armv7-m\libg.a(lib_a-svfprintf.o)
                0x08004cfc                _svfprintf_r
 .text._vsnprintf_r
                0x080061f0       0x70 c:/program files (x86)/gnu tools arm embedded/4.9 2014q4/bin/../lib/gcc/arm-none-eabi/4.9.3/../../../../arm-none-eabi/lib/armv7-m\libg.a(lib_a-vsnprintf.o)
                0x080061f0                _vsnprintf_r
 .text.vsnprintf
                0x08006260       0x20 c:/program files (x86)/gnu tools arm embedded/4.9 2014q4/bin/../lib/gcc/arm-none-eabi/4.9.3/../../../../arm-none-eabi/lib/armv7-m\libg.a(lib_a-vsnprintf.o)
                0x08006260                vsnprintf
 .text.quorem   0x08006280      0x130 c:/program files (x86)/gnu tools arm embedded/4.9 2014q4/bin/../lib/gcc/arm-none-eabi/4.9.3/../../../../arm-none-eabi/lib/armv7-m\libg.a(lib_a-dtoa.o)
 .text._dtoa_r  0x080063b0      0xea8 c:/program files (x86)/gnu tools arm embedded/4.9 2014q4/bin/../lib/gcc/arm-none-eabi/4.9.3/../../../../arm-none-eabi/lib/armv7-m\libg.a(lib_a-dtoa.o)
                0x080063b0                _dtoa_r
 .text._malloc_trim_r
                0x08007258       0x9c c:/program files (x86)/gnu tools arm embedded/4.9 2014q4/bin/../lib/gcc/arm-none-eabi/4.9.3/../../../../arm-none-eabi/lib/armv7-m\libg.a(lib_a-freer.o)
                0x08007258                _malloc_trim_r
 .text._free_r  0x080072f4      0x1b0 c:/program files (x86)/gnu tools arm embedded/4.9 2014q4/bin/../lib/gcc/arm-none-eabi/4.9.3/../../../../arm-none-eabi/lib/armv7-m\libg.a(lib_a-freer.o)
                0x080072f4                _free_r
 .text._localeconv_r
                0x080074a4        0x8 c:/program files (x86)/gnu tools arm embedded/4.9 2014q4/bin/../lib/gcc/arm-none-eabi/4.9.3/../../../../arm-none-eabi/lib/armv7-m\libg.a(lib_a-locale.o)
                0x080074a4                _localeconv_r
 .text.memchr   0x080074ac       0x94 c:/program files (x86)/gnu tools arm embedded/4.9 2014q4/bin/../lib/gcc/arm-none-eabi/4.9.3/../../../../arm-none-eabi/lib/armv7-m\libg.a(lib_a-memchr.o)
                0x080074ac                memchr
 .text._Balloc  0x08007540       0x50 c:/program files (x86)/gnu tools arm embedded/4.9 2014q4/bin/../lib/gcc/arm-none-eabi/4.9.3/../../../../arm-none-eabi/lib/armv7-m\libg.a(lib_a-mprec.o)
                0x08007540                _Balloc
 .text._Bfree   0x08007590       0x14 c:/program files (x86)/gnu tools arm embedded/4.9 2014q4/bin/../lib/gcc/arm-none-eabi/4.9.3/../../../../arm-none-eabi/lib/armv7-m\libg.a(lib_a-mprec.o)
                0x08007590                _Bfree
 .text.__multadd
                0x080075a4       0x84 c:/program files (x86)/gnu tools arm embedded/4.9 2014q4/bin/../lib/gcc/arm-none-eabi/4.9.3/../../../../arm-none-eabi/lib/armv7-m\libg.a(lib_a-mprec.o)
                0x080075a4                __multadd
 .text.__hi0bits
                0x08007628       0x40 c:/program files (x86)/gnu tools arm embedded/4.9 2014q4/bin/../lib/gcc/arm-none-eabi/4.9.3/../../../../arm-none-eabi/lib/armv7-m\libg.a(lib_a-mprec.o)
                0x08007628                __hi0bits
 .text.__lo0bits
                0x08007668       0x5c c:/program files (x86)/gnu tools arm embedded/4.9 2014q4/bin/../lib/gcc/arm-none-eabi/4.9.3/../../../../arm-none-eabi/lib/armv7-m\libg.a(lib_a-mprec.o)
                0x08007668                __lo0bits
 .text.__i2b    0x080076c4       0x14 c:/program files (x86)/gnu tools arm embedded/4.9 2014q4/bin/../lib/gcc/arm-none-eabi/4.9.3/../../../../arm-none-eabi/lib/armv7-m\libg.a(lib_a-mprec.o)
                0x080076c4                __i2b
 .text.__multiply
                0x080076d8      0x140 c:/program files (x86)/gnu tools arm embedded/4.9 2014q4/bin/../lib/gcc/arm-none-eabi/4.9.3/../../../../arm-none-eabi/lib/armv7-m\libg.a(lib_a-mprec.o)
                0x080076d8                __multiply
 .text.__pow5mult
                0x08007818       0xa0 c:/program files (x86)/gnu tools arm embedded/4.9 2014q4/bin/../lib/gcc/arm-none-eabi/4.9.3/../../../../arm-none-eabi/lib/armv7-m\libg.a(lib_a-mprec.o)
                0x08007818                __pow5mult
 .text.__lshift
                0x080078b8       0xb0 c:/program files (x86)/gnu tools arm embedded/4.9 2014q4/bin/../lib/gcc/arm-none-eabi/4.9.3/../../../../arm-none-eabi/lib/armv7-m\libg.a(lib_a-mprec.o)
                0x080078b8                __lshift
 .text.__mcmp   0x08007968       0x48 c:/program files (x86)/gnu tools arm embedded/4.9 2014q4/bin/../lib/gcc/arm-none-eabi/4.9.3/../../../../arm-none-eabi/lib/armv7-m\libg.a(lib_a-mprec.o)
                0x08007968                __mcmp
 .text.__mdiff  0x080079b0       0xe4 c:/program files (x86)/gnu tools arm embedded/4.9 2014q4/bin/../lib/gcc/arm-none-eabi/4.9.3/../../../../arm-none-eabi/lib/armv7-m\libg.a(lib_a-mprec.o)
                0x080079b0                __mdiff
 .text.__d2b    0x08007a94       0xa8 c:/program files (x86)/gnu tools arm embedded/4.9 2014q4/bin/../lib/gcc/arm-none-eabi/4.9.3/../../../../arm-none-eabi/lib/armv7-m\libg.a(lib_a-mprec.o)
                0x08007a94                __d2b
 .text.__fpclassifyd
                0x08007b3c       0x58 c:/program files (x86)/gnu tools arm embedded/4.9 2014q4/bin/../lib/gcc/arm-none-eabi/4.9.3/../../../../arm-none-eabi/lib/armv7-m\libg.a(lib_a-s_fpclassify.o)
                0x08007b3c                __fpclassifyd
 .text.__ssprint_r
                0x08007b94      0x104 c:/program files (x86)/gnu tools arm embedded/4.9 2014q4/bin/../lib/gcc/arm-none-eabi/4.9.3/../../../../arm-none-eabi/lib/armv7-m\libg.a(lib_a-svfiprintf.o)
                0x08007b94                __ssprint_r
 .text._calloc_r
                0x08007c98       0x60 c:/program files (x86)/gnu tools arm embedded/4.9 2014q4/bin/../lib/gcc/arm-none-eabi/4.9.3/../../../../arm-none-eabi/lib/armv7-m\libg.a(lib_a-callocr.o)
                0x08007c98                _calloc_r
 .text.memmove  0x08007cf8       0xc8 c:/program files (x86)/gnu tools arm embedded/4.9 2014q4/bin/../lib/gcc/arm-none-eabi/4.9.3/../../../../arm-none-eabi/lib/armv7-m\libg.a(lib_a-memmove.o)
                0x08007cf8                memmove
 .text._realloc_r
                0x08007dc0      0x3e0 c:/program files (x86)/gnu tools arm embedded/4.9 2014q4/bin/../lib/gcc/arm-none-eabi/4.9.3/../../../../arm-none-eabi/lib/armv7-m\libg.a(lib_a-reallocr.o)
                0x08007dc0                _realloc_r
 .text          0x080081a0      0x424 c:/program files (x86)/gnu tools arm embedded/4.9 2014q4/bin/../lib/gcc/arm-none-eabi/4.9.3/armv7-m\libgcc.a(_arm_muldivdf3.o)
                0x080081a0                __aeabi_dmul
                0x080081a0                __muldf3
                0x080083f4                __divdf3
                0x080083f4                __aeabi_ddiv
 .text          0x080085c4       0x50 c:/program files (x86)/gnu tools arm embedded/4.9 2014q4/bin/../lib/gcc/arm-none-eabi/4.9.3/armv7-m\libgcc.a(_arm_fixdfsi.o)
                0x080085c4                __aeabi_d2iz
                0x080085c4                __fixdfsi
 .text          0x08008614       0x2c c:/program files (x86)/gnu tools arm embedded/4.9 2014q4/bin/../lib/gcc/arm-none-eabi/4.9.3/armv7-m\libgcc.a(_aeabi_uldivmod.o)
                0x08008614                __aeabi_uldivmod
 .text          0x08008640       0x60 c:/program files (x86)/gnu tools arm embedded/4.9 2014q4/bin/../lib/gcc/arm-none-eabi/4.9.3/armv7-m\libgcc.a(bpabi.o)
                0x08008640                __gnu_ldivmod_helper
                0x08008670                __gnu_uldivmod_helper
 .text          0x080086a0        0x4 c:/program files (x86)/gnu tools arm embedded/4.9 2014q4/bin/../lib/gcc/arm-none-eabi/4.9.3/armv7-m\libgcc.a(_dvmd_tls.o)
                0x080086a0                __aeabi_idiv0
                0x080086a0                __aeabi_ldiv0
 .text          0x080086a4      0x2ac c:/program files (x86)/gnu tools arm embedded/4.9 2014q4/bin/../lib/gcc/arm-none-eabi/4.9.3/armv7-m\libgcc.a(_divdi3.o)
                0x080086a4                __divdi3
 .text          0x08008950      0x270 c:/program files (x86)/gnu tools arm embedded/4.9 2014q4/bin/../lib/gcc/arm-none-eabi/4.9.3/armv7-m\libgcc.a(_udivdi3.o)
                0x08008950                __udivdi3
 *(.rodata .rodata.*)
 .rodata.str1.4
                0x08008bc0       0x27 ./system/src/stm32f2-stdperiph/misc.o
                                 0x28 (size before relaxing)
 *fill*         0x08008be7        0x1 
 .rodata.str1.4
                0x08008be8       0x31 ./system/src/stm32f2-stdperiph/stm32f2xx_exti.o
                                 0x34 (size before relaxing)
 *fill*         0x08008c19        0x3 
 .rodata.str1.4
                0x08008c1c       0x31 ./system/src/stm32f2-stdperiph/stm32f2xx_gpio.o
                                 0x34 (size before relaxing)
 *fill*         0x08008c4d        0x3 
 .rodata.str1.4
                0x08008c50       0x30 ./system/src/stm32f2-stdperiph/stm32f2xx_rcc.o
 .rodata.str1.4
                0x08008c80       0x33 ./system/src/stm32f2-stdperiph/stm32f2xx_syscfg.o
                                 0x34 (size before relaxing)
 *fill*         0x08008cb3        0x1 
 .rodata._ZZN9__gnu_cxx27__verbose_terminate_handlerEvE8__func__
                0x08008cb4       0x1c ./system/src/newlib/_cxx.o
 .rodata.str1.4
                0x08008cd0       0x14 ./system/src/newlib/_exit.o
 .rodata.str1.4
                0x08008ce4       0x6b ./system/src/newlib/assert.o
                                 0x70 (size before relaxing)
 *fill*         0x08008d4f        0x1 
 .rodata.str1.4
                0x08008d50       0x2d ./system/src/diag/Trace.o
                                 0x30 (size before relaxing)
 *fill*         0x08008d7d        0x3 
 .rodata._ZL16ASCII16x24_Table
                0x08008d80     0x11d0 ./src/Drivers/LCD/fonts.o
 .rodata._ZL15ASCII8x12_Table
                0x08009f50      0x900 ./src/Drivers/LCD/fonts.o
 .rodata._ZL16ASCII12x12_Table
                0x0800a850      0x900 ./src/Drivers/LCD/fonts.o
 .rodata._ZL17BUTTON_PIN_SOURCE
                0x0800b150        0x4 ./src/Drivers/LCD/stm322xg_eval.o
 .rodata._ZL10BUTTON_CLK
                0x0800b154        0xc ./src/Drivers/LCD/stm322xg_eval.o
 .rodata._ZL16BUTTON_EXTI_LINE
                0x0800b160        0x8 ./src/Drivers/LCD/stm322xg_eval.o
 .rodata._ZL10BUTTON_PIN
                0x0800b168        0x8 ./src/Drivers/LCD/stm322xg_eval.o
 .rodata._ZL11BUTTON_IRQn
                0x0800b170        0x4 ./src/Drivers/LCD/stm322xg_eval.o
 .rodata._ZL18BUTTON_PORT_SOURCE
                0x0800b174        0x4 ./src/Drivers/LCD/stm322xg_eval.o
 .rodata.str1.4
                0x0800b178       0x24 ./src/Drivers/LCD/stm32f2xx_fsmc.o
 *fill*         0x0800b19c        0x4 
 .rodata._ZTV12CyclicBufferI4BITSE
                0x0800b1a0       0x10 ./src/Drivers/I2C/i2c.o
                0x0800b1a0                vtable for CyclicBuffer<BITS>
 .rodata.str1.4
                0x0800b1b0       0x9e ./src/main.o
                                 0xa4 (size before relaxing)
 *fill*         0x0800b24e        0x2 
 .rodata._ZTVSt9bad_alloc
                0x0800b250       0x18 c:/program files (x86)/gnu tools arm embedded/4.9 2014q4/bin/../lib/gcc/arm-none-eabi/4.9.3/../../../../arm-none-eabi/lib/armv7-m\libstdc++.a(bad_alloc.o)
                0x0800b250                vtable for std::bad_alloc
 .rodata._ZTISt9bad_alloc
                0x0800b268        0xc c:/program files (x86)/gnu tools arm embedded/4.9 2014q4/bin/../lib/gcc/arm-none-eabi/4.9.3/../../../../arm-none-eabi/lib/armv7-m\libstdc++.a(bad_alloc.o)
                0x0800b268                typeinfo for std::bad_alloc
 .rodata.str1.4
                0x0800b274        0xf c:/program files (x86)/gnu tools arm embedded/4.9 2014q4/bin/../lib/gcc/arm-none-eabi/4.9.3/../../../../arm-none-eabi/lib/armv7-m\libstdc++.a(bad_alloc.o)
                                 0x10 (size before relaxing)
 *fill*         0x0800b283        0x1 
 .rodata._ZTSSt9bad_alloc
                0x0800b284       0x10 c:/program files (x86)/gnu tools arm embedded/4.9 2014q4/bin/../lib/gcc/arm-none-eabi/4.9.3/../../../../arm-none-eabi/lib/armv7-m\libstdc++.a(bad_alloc.o)
                0x0800b284                typeinfo name for std::bad_alloc
 *fill*         0x0800b294        0x4 
 .rodata._ZTVN10__cxxabiv120__si_class_type_infoE
                0x0800b298       0x30 c:/program files (x86)/gnu tools arm embedded/4.9 2014q4/bin/../lib/gcc/arm-none-eabi/4.9.3/../../../../arm-none-eabi/lib/armv7-m\libstdc++.a(si_class_type_info.o)
                0x0800b298                vtable for __cxxabiv1::__si_class_type_info
 .rodata._ZTIN10__cxxabiv120__si_class_type_infoE
                0x0800b2c8        0xc c:/program files (x86)/gnu tools arm embedded/4.9 2014q4/bin/../lib/gcc/arm-none-eabi/4.9.3/../../../../arm-none-eabi/lib/armv7-m\libstdc++.a(si_class_type_info.o)
                0x0800b2c8                typeinfo for __cxxabiv1::__si_class_type_info
 .rodata._ZTSN10__cxxabiv120__si_class_type_infoE
                0x0800b2d4       0x28 c:/program files (x86)/gnu tools arm embedded/4.9 2014q4/bin/../lib/gcc/arm-none-eabi/4.9.3/../../../../arm-none-eabi/lib/armv7-m\libstdc++.a(si_class_type_info.o)
                0x0800b2d4                typeinfo name for __cxxabiv1::__si_class_type_info
 .rodata._ZTSN10__cxxabiv115__forced_unwindE
                0x0800b2fc       0x20 c:/program files (x86)/gnu tools arm embedded/4.9 2014q4/bin/../lib/gcc/arm-none-eabi/4.9.3/../../../../arm-none-eabi/lib/armv7-m\libstdc++.a(eh_exception.o)
                0x0800b2fc                typeinfo name for __cxxabiv1::__forced_unwind
 .rodata._ZTIN10__cxxabiv115__forced_unwindE
                0x0800b31c        0x8 c:/program files (x86)/gnu tools arm embedded/4.9 2014q4/bin/../lib/gcc/arm-none-eabi/4.9.3/../../../../arm-none-eabi/lib/armv7-m\libstdc++.a(eh_exception.o)
                0x0800b31c                typeinfo for __cxxabiv1::__forced_unwind
 .rodata._ZTISt9exception
                0x0800b324        0x8 c:/program files (x86)/gnu tools arm embedded/4.9 2014q4/bin/../lib/gcc/arm-none-eabi/4.9.3/../../../../arm-none-eabi/lib/armv7-m\libstdc++.a(eh_exception.o)
                0x0800b324                typeinfo for std::exception
 .rodata._ZTSN10__cxxabiv119__foreign_exceptionE
                0x0800b32c       0x24 c:/program files (x86)/gnu tools arm embedded/4.9 2014q4/bin/../lib/gcc/arm-none-eabi/4.9.3/../../../../arm-none-eabi/lib/armv7-m\libstdc++.a(eh_exception.o)
                0x0800b32c                typeinfo name for __cxxabiv1::__foreign_exception
 .rodata.str1.4
                0x0800b350       0x23 c:/program files (x86)/gnu tools arm embedded/4.9 2014q4/bin/../lib/gcc/arm-none-eabi/4.9.3/../../../../arm-none-eabi/lib/armv7-m\libstdc++.a(eh_exception.o)
                                 0x24 (size before relaxing)
 *fill*         0x0800b373        0x1 
 .rodata._ZTIN10__cxxabiv119__foreign_exceptionE
                0x0800b374        0x8 c:/program files (x86)/gnu tools arm embedded/4.9 2014q4/bin/../lib/gcc/arm-none-eabi/4.9.3/../../../../arm-none-eabi/lib/armv7-m\libstdc++.a(eh_exception.o)
                0x0800b374                typeinfo for __cxxabiv1::__foreign_exception
 *fill*         0x0800b37c        0x4 
 .rodata._ZTVSt13bad_exception
                0x0800b380       0x18 c:/program files (x86)/gnu tools arm embedded/4.9 2014q4/bin/../lib/gcc/arm-none-eabi/4.9.3/../../../../arm-none-eabi/lib/armv7-m\libstdc++.a(eh_exception.o)
                0x0800b380                vtable for std::bad_exception
 .rodata._ZTSSt9exception
                0x0800b398       0x10 c:/program files (x86)/gnu tools arm embedded/4.9 2014q4/bin/../lib/gcc/arm-none-eabi/4.9.3/../../../../arm-none-eabi/lib/armv7-m\libstdc++.a(eh_exception.o)
                0x0800b398                typeinfo name for std::exception
 .rodata._ZTSSt13bad_exception
                0x0800b3a8       0x14 c:/program files (x86)/gnu tools arm embedded/4.9 2014q4/bin/../lib/gcc/arm-none-eabi/4.9.3/../../../../arm-none-eabi/lib/armv7-m\libstdc++.a(eh_exception.o)
                0x0800b3a8                typeinfo name for std::bad_exception
 .rodata._ZTISt13bad_exception
                0x0800b3bc        0xc c:/program files (x86)/gnu tools arm embedded/4.9 2014q4/bin/../lib/gcc/arm-none-eabi/4.9.3/../../../../arm-none-eabi/lib/armv7-m\libstdc++.a(eh_exception.o)
                0x0800b3bc                typeinfo for std::bad_exception
 .rodata._ZTISt9type_info
                0x0800b3c8        0x8 c:/program files (x86)/gnu tools arm embedded/4.9 2014q4/bin/../lib/gcc/arm-none-eabi/4.9.3/../../../../arm-none-eabi/lib/armv7-m\libstdc++.a(tinfo.o)
                0x0800b3c8                typeinfo for std::type_info
 .rodata._ZTSSt9type_info
                0x0800b3d0       0x10 c:/program files (x86)/gnu tools arm embedded/4.9 2014q4/bin/../lib/gcc/arm-none-eabi/4.9.3/../../../../arm-none-eabi/lib/armv7-m\libstdc++.a(tinfo.o)
                0x0800b3d0                typeinfo name for std::type_info
 .rodata._ZTVN10__cxxabiv117__class_type_infoE
                0x0800b3e0       0x30 c:/program files (x86)/gnu tools arm embedded/4.9 2014q4/bin/../lib/gcc/arm-none-eabi/4.9.3/../../../../arm-none-eabi/lib/armv7-m\libstdc++.a(class_type_info.o)
                0x0800b3e0                vtable for __cxxabiv1::__class_type_info
 .rodata._ZTIN10__cxxabiv117__class_type_infoE
                0x0800b410        0xc c:/program files (x86)/gnu tools arm embedded/4.9 2014q4/bin/../lib/gcc/arm-none-eabi/4.9.3/../../../../arm-none-eabi/lib/armv7-m\libstdc++.a(class_type_info.o)
                0x0800b410                typeinfo for __cxxabiv1::__class_type_info
 .rodata._ZTSN10__cxxabiv117__class_type_infoE
                0x0800b41c       0x24 c:/program files (x86)/gnu tools arm embedded/4.9 2014q4/bin/../lib/gcc/arm-none-eabi/4.9.3/../../../../arm-none-eabi/lib/armv7-m\libstdc++.a(class_type_info.o)
                0x0800b41c                typeinfo name for __cxxabiv1::__class_type_info
 .rodata.str1.4
                0x0800b440        0x2 c:/program files (x86)/gnu tools arm embedded/4.9 2014q4/bin/../lib/gcc/arm-none-eabi/4.9.3/../../../../arm-none-eabi/lib/armv7-m\libg.a(lib_a-impure.o)
                                  0x4 (size before relaxing)
 *fill*         0x0800b442        0x2 
 .rodata.blanks.6794
                0x0800b444       0x10 c:/program files (x86)/gnu tools arm embedded/4.9 2014q4/bin/../lib/gcc/arm-none-eabi/4.9.3/../../../../arm-none-eabi/lib/armv7-m\libg.a(lib_a-svfprintf.o)
 .rodata.str1.4
                0x0800b454       0x42 c:/program files (x86)/gnu tools arm embedded/4.9 2014q4/bin/../lib/gcc/arm-none-eabi/4.9.3/../../../../arm-none-eabi/lib/armv7-m\libg.a(lib_a-svfprintf.o)
                                 0x44 (size before relaxing)
 *fill*         0x0800b496        0x2 
 .rodata.zeroes.6795
                0x0800b498       0x10 c:/program files (x86)/gnu tools arm embedded/4.9 2014q4/bin/../lib/gcc/arm-none-eabi/4.9.3/../../../../arm-none-eabi/lib/armv7-m\libg.a(lib_a-svfprintf.o)
 .rodata.str1.4
                0x0800b4a8       0x10 c:/program files (x86)/gnu tools arm embedded/4.9 2014q4/bin/../lib/gcc/arm-none-eabi/4.9.3/../../../../arm-none-eabi/lib/armv7-m\libg.a(lib_a-dtoa.o)
                                 0x14 (size before relaxing)
 .rodata.str1.4
                0x0800b4b8        0xc c:/program files (x86)/gnu tools arm embedded/4.9 2014q4/bin/../lib/gcc/arm-none-eabi/4.9.3/../../../../arm-none-eabi/lib/armv7-m\libg.a(lib_a-locale.o)
                                 0x14 (size before relaxing)
 *fill*         0x0800b4c4        0x4 
 .rodata.__mprec_tens
                0x0800b4c8       0xc8 c:/program files (x86)/gnu tools arm embedded/4.9 2014q4/bin/../lib/gcc/arm-none-eabi/4.9.3/../../../../arm-none-eabi/lib/armv7-m\libg.a(lib_a-mprec.o)
                0x0800b4c8                __mprec_tens
 .rodata.__mprec_bigtens
                0x0800b590       0x28 c:/program files (x86)/gnu tools arm embedded/4.9 2014q4/bin/../lib/gcc/arm-none-eabi/4.9.3/../../../../arm-none-eabi/lib/armv7-m\libg.a(lib_a-mprec.o)
                0x0800b590                __mprec_bigtens
 .rodata.p05.5265
                0x0800b5b8        0xc c:/program files (x86)/gnu tools arm embedded/4.9 2014q4/bin/../lib/gcc/arm-none-eabi/4.9.3/../../../../arm-none-eabi/lib/armv7-m\libg.a(lib_a-mprec.o)
 *(vtable)
 *(.eh_frame*)
 .eh_frame      0x0800b5c4       0x38 c:/program files (x86)/gnu tools arm embedded/4.9 2014q4/bin/../lib/gcc/arm-none-eabi/4.9.3/../../../../arm-none-eabi/lib/armv7-m\libg.a(lib_a-strcmp.o)
 *(.glue_7)
 .glue_7        0x00000000        0x0 linker stubs
 *(.glue_7t)
 .glue_7t       0x00000000        0x0 linker stubs

.vfp11_veneer   0x0800b5fc        0x0
 .vfp11_veneer  0x00000000        0x0 linker stubs

.v4_bx          0x0800b5fc        0x0
 .v4_bx         0x00000000        0x0 linker stubs

.iplt           0x0800b5fc        0x0
 .iplt          0x00000000        0x0 ./system/src/stm32f2-stdperiph/misc.o

.ARM.extab      0x0800b5fc       0xf8
 *(.ARM.extab* .gnu.linkonce.armextab.*)
 .ARM.extab.text._Znaj
                0x0800b5fc       0x24 c:/program files (x86)/gnu tools arm embedded/4.9 2014q4/bin/../lib/gcc/arm-none-eabi/4.9.3/../../../../arm-none-eabi/lib/armv7-m\libstdc++.a(new_opv.o)
 .ARM.extab.text.__cxa_call_unexpected
                0x0800b620       0x28 c:/program files (x86)/gnu tools arm embedded/4.9 2014q4/bin/../lib/gcc/arm-none-eabi/4.9.3/../../../../arm-none-eabi/lib/armv7-m\libstdc++.a(eh_call.o)
 .ARM.extab.text._ZN10__cxxabiv111__terminateEPFvvE
                0x0800b648       0x2c c:/program files (x86)/gnu tools arm embedded/4.9 2014q4/bin/../lib/gcc/arm-none-eabi/4.9.3/../../../../arm-none-eabi/lib/armv7-m\libstdc++.a(eh_terminate.o)
 .ARM.extab.text._ZN10__cxxabiv112__unexpectedEPFvvE
                0x0800b674        0xc c:/program files (x86)/gnu tools arm embedded/4.9 2014q4/bin/../lib/gcc/arm-none-eabi/4.9.3/../../../../arm-none-eabi/lib/armv7-m\libstdc++.a(eh_terminate.o)
 .ARM.extab.text._ZSt10unexpectedv
                0x0800b680        0xc c:/program files (x86)/gnu tools arm embedded/4.9 2014q4/bin/../lib/gcc/arm-none-eabi/4.9.3/../../../../arm-none-eabi/lib/armv7-m\libstdc++.a(eh_terminate.o)
 .ARM.extab.text.__cxa_begin_catch
                0x0800b68c       0x20 c:/program files (x86)/gnu tools arm embedded/4.9 2014q4/bin/../lib/gcc/arm-none-eabi/4.9.3/../../../../arm-none-eabi/lib/armv7-m\libstdc++.a(eh_catch.o)
 .ARM.extab.text._ZL21base_of_encoded_valuehP15_Unwind_Context
                0x0800b6ac        0xc c:/program files (x86)/gnu tools arm embedded/4.9 2014q4/bin/../lib/gcc/arm-none-eabi/4.9.3/../../../../arm-none-eabi/lib/armv7-m\libstdc++.a(eh_personality.o)
 .ARM.extab.text.__gxx_personality_v0
                0x0800b6b8       0x24 c:/program files (x86)/gnu tools arm embedded/4.9 2014q4/bin/../lib/gcc/arm-none-eabi/4.9.3/../../../../arm-none-eabi/lib/armv7-m\libstdc++.a(eh_personality.o)
 .ARM.extab     0x0800b6dc       0x18 c:/program files (x86)/gnu tools arm embedded/4.9 2014q4/bin/../lib/gcc/arm-none-eabi/4.9.3/armv7-m\libgcc.a(pr-support.o)
                0x0800b6f4                __exidx_start = .

.ARM.exidx      0x0800b6f4      0x1d8
 *(.ARM.exidx* .gnu.linkonce.armexidx.*)
 .ARM.exidx.text._ZdlPv
                0x0800b6f4        0x8 c:/program files (x86)/gnu tools arm embedded/4.9 2014q4/bin/../lib/gcc/arm-none-eabi/4.9.3/../../../../arm-none-eabi/lib/armv7-m\libstdc++.a(del_op.o)
 .ARM.exidx.text._ZdaPv
                0x0800b6fc        0x0 c:/program files (x86)/gnu tools arm embedded/4.9 2014q4/bin/../lib/gcc/arm-none-eabi/4.9.3/../../../../arm-none-eabi/lib/armv7-m\libstdc++.a(del_opv.o)
                                  0x8 (size before relaxing)
 .ARM.exidx.text._Znaj
                0x0800b6fc        0x8 c:/program files (x86)/gnu tools arm embedded/4.9 2014q4/bin/../lib/gcc/arm-none-eabi/4.9.3/../../../../arm-none-eabi/lib/armv7-m\libstdc++.a(new_opv.o)
 .ARM.exidx.text._ZN10__cxxabiv1L24__is_gxx_exception_classEPc
                0x0800b704        0x8 c:/program files (x86)/gnu tools arm embedded/4.9 2014q4/bin/../lib/gcc/arm-none-eabi/4.9.3/../../../../arm-none-eabi/lib/armv7-m\libstdc++.a(eh_call.o)
 .ARM.exidx.text.__cxa_call_terminate
                0x0800b70c        0x0 c:/program files (x86)/gnu tools arm embedded/4.9 2014q4/bin/../lib/gcc/arm-none-eabi/4.9.3/../../../../arm-none-eabi/lib/armv7-m\libstdc++.a(eh_call.o)
                                  0x8 (size before relaxing)
 .ARM.exidx.text.__cxa_call_unexpected
                0x0800b70c       0x10 c:/program files (x86)/gnu tools arm embedded/4.9 2014q4/bin/../lib/gcc/arm-none-eabi/4.9.3/../../../../arm-none-eabi/lib/armv7-m\libstdc++.a(eh_call.o)
                                  0x8 (size before relaxing)
 .ARM.exidx.text.__cxa_type_match
                0x0800b71c        0x8 c:/program files (x86)/gnu tools arm embedded/4.9 2014q4/bin/../lib/gcc/arm-none-eabi/4.9.3/../../../../arm-none-eabi/lib/armv7-m\libstdc++.a(eh_arm.o)
 .ARM.exidx.text.__cxa_begin_cleanup
                0x0800b724        0x8 c:/program files (x86)/gnu tools arm embedded/4.9 2014q4/bin/../lib/gcc/arm-none-eabi/4.9.3/../../../../arm-none-eabi/lib/armv7-m\libstdc++.a(eh_arm.o)
 .ARM.exidx.text.__gnu_end_cleanup
                0x0800b72c        0x0 c:/program files (x86)/gnu tools arm embedded/4.9 2014q4/bin/../lib/gcc/arm-none-eabi/4.9.3/../../../../arm-none-eabi/lib/armv7-m\libstdc++.a(eh_arm.o)
                                  0x8 (size before relaxing)
 .ARM.exidx.text._ZN10__cxxabiv111__terminateEPFvvE
                0x0800b72c        0x8 c:/program files (x86)/gnu tools arm embedded/4.9 2014q4/bin/../lib/gcc/arm-none-eabi/4.9.3/../../../../arm-none-eabi/lib/armv7-m\libstdc++.a(eh_terminate.o)
 .ARM.exidx.text._ZSt9terminatev
                0x0800b734        0x8 c:/program files (x86)/gnu tools arm embedded/4.9 2014q4/bin/../lib/gcc/arm-none-eabi/4.9.3/../../../../arm-none-eabi/lib/armv7-m\libstdc++.a(eh_terminate.o)
 .ARM.exidx.text._ZN10__cxxabiv112__unexpectedEPFvvE
                0x0800b73c        0x8 c:/program files (x86)/gnu tools arm embedded/4.9 2014q4/bin/../lib/gcc/arm-none-eabi/4.9.3/../../../../arm-none-eabi/lib/armv7-m\libstdc++.a(eh_terminate.o)
 .ARM.exidx.text._ZSt10unexpectedv
                0x0800b744        0x8 c:/program files (x86)/gnu tools arm embedded/4.9 2014q4/bin/../lib/gcc/arm-none-eabi/4.9.3/../../../../arm-none-eabi/lib/armv7-m\libstdc++.a(eh_terminate.o)
 .ARM.exidx.text._ZSt13get_terminatev
                0x0800b74c        0x8 c:/program files (x86)/gnu tools arm embedded/4.9 2014q4/bin/../lib/gcc/arm-none-eabi/4.9.3/../../../../arm-none-eabi/lib/armv7-m\libstdc++.a(eh_terminate.o)
 .ARM.exidx.text._ZSt14get_unexpectedv
                0x0800b754        0x0 c:/program files (x86)/gnu tools arm embedded/4.9 2014q4/bin/../lib/gcc/arm-none-eabi/4.9.3/../../../../arm-none-eabi/lib/armv7-m\libstdc++.a(eh_terminate.o)
                                  0x8 (size before relaxing)
 .ARM.exidx.text._ZNKSt9bad_alloc4whatEv
                0x0800b754        0x0 c:/program files (x86)/gnu tools arm embedded/4.9 2014q4/bin/../lib/gcc/arm-none-eabi/4.9.3/../../../../arm-none-eabi/lib/armv7-m\libstdc++.a(bad_alloc.o)
                                  0x8 (size before relaxing)
 .ARM.exidx.text._ZNSt9bad_allocD2Ev
                0x0800b754        0x0 c:/program files (x86)/gnu tools arm embedded/4.9 2014q4/bin/../lib/gcc/arm-none-eabi/4.9.3/../../../../arm-none-eabi/lib/armv7-m\libstdc++.a(bad_alloc.o)
                                  0x8 (size before relaxing)
 .ARM.exidx.text._ZNSt9bad_allocD0Ev
                0x0800b754        0x0 c:/program files (x86)/gnu tools arm embedded/4.9 2014q4/bin/../lib/gcc/arm-none-eabi/4.9.3/../../../../arm-none-eabi/lib/armv7-m\libstdc++.a(bad_alloc.o)
                                  0x8 (size before relaxing)
 .ARM.exidx.text.__cxa_begin_catch
                0x0800b754        0x8 c:/program files (x86)/gnu tools arm embedded/4.9 2014q4/bin/../lib/gcc/arm-none-eabi/4.9.3/../../../../arm-none-eabi/lib/armv7-m\libstdc++.a(eh_catch.o)
 .ARM.exidx.text.__cxa_end_catch
                0x0800b75c        0x8 c:/program files (x86)/gnu tools arm embedded/4.9 2014q4/bin/../lib/gcc/arm-none-eabi/4.9.3/../../../../arm-none-eabi/lib/armv7-m\libstdc++.a(eh_catch.o)
 .ARM.exidx.text._Znwj
                0x0800b764        0x8 c:/program files (x86)/gnu tools arm embedded/4.9 2014q4/bin/../lib/gcc/arm-none-eabi/4.9.3/../../../../arm-none-eabi/lib/armv7-m\libstdc++.a(new_op.o)
 .ARM.exidx.text._ZSt15get_new_handlerv
                0x0800b76c        0x8 c:/program files (x86)/gnu tools arm embedded/4.9 2014q4/bin/../lib/gcc/arm-none-eabi/4.9.3/../../../../arm-none-eabi/lib/armv7-m\libstdc++.a(new_handler.o)
 .ARM.exidx.text._ZL23__gxx_exception_cleanup19_Unwind_Reason_CodeP21_Unwind_Control_Block
                0x0800b774        0x8 c:/program files (x86)/gnu tools arm embedded/4.9 2014q4/bin/../lib/gcc/arm-none-eabi/4.9.3/../../../../arm-none-eabi/lib/armv7-m\libstdc++.a(eh_throw.o)
 .ARM.exidx.text.__cxa_throw
                0x0800b77c        0x8 c:/program files (x86)/gnu tools arm embedded/4.9 2014q4/bin/../lib/gcc/arm-none-eabi/4.9.3/../../../../arm-none-eabi/lib/armv7-m\libstdc++.a(eh_throw.o)
 .ARM.exidx.text.__cxa_rethrow
                0x0800b784        0x8 c:/program files (x86)/gnu tools arm embedded/4.9 2014q4/bin/../lib/gcc/arm-none-eabi/4.9.3/../../../../arm-none-eabi/lib/armv7-m\libstdc++.a(eh_throw.o)
 .ARM.exidx.text.__cxa_allocate_exception
                0x0800b78c        0x8 c:/program files (x86)/gnu tools arm embedded/4.9 2014q4/bin/../lib/gcc/arm-none-eabi/4.9.3/../../../../arm-none-eabi/lib/armv7-m\libstdc++.a(eh_alloc.o)
 .ARM.exidx.text.__cxa_free_exception
                0x0800b794        0x0 c:/program files (x86)/gnu tools arm embedded/4.9 2014q4/bin/../lib/gcc/arm-none-eabi/4.9.3/../../../../arm-none-eabi/lib/armv7-m\libstdc++.a(eh_alloc.o)
                                  0x8 (size before relaxing)
 .ARM.exidx.text._ZL12read_sleb128PKhPl
                0x0800b794        0x0 c:/program files (x86)/gnu tools arm embedded/4.9 2014q4/bin/../lib/gcc/arm-none-eabi/4.9.3/../../../../arm-none-eabi/lib/armv7-m\libstdc++.a(eh_personality.o)
                                  0x8 (size before relaxing)
 .ARM.exidx.text._ZL28read_encoded_value_with_basehjPKhPj
                0x0800b794        0x8 c:/program files (x86)/gnu tools arm embedded/4.9 2014q4/bin/../lib/gcc/arm-none-eabi/4.9.3/../../../../arm-none-eabi/lib/armv7-m\libstdc++.a(eh_personality.o)
 .ARM.exidx.text._ZL21base_of_encoded_valuehP15_Unwind_Context
                0x0800b79c        0x8 c:/program files (x86)/gnu tools arm embedded/4.9 2014q4/bin/../lib/gcc/arm-none-eabi/4.9.3/../../../../arm-none-eabi/lib/armv7-m\libstdc++.a(eh_personality.o)
 .ARM.exidx.text._ZL17parse_lsda_headerP15_Unwind_ContextPKhP16lsda_header_info
                0x0800b7a4        0x8 c:/program files (x86)/gnu tools arm embedded/4.9 2014q4/bin/../lib/gcc/arm-none-eabi/4.9.3/../../../../arm-none-eabi/lib/armv7-m\libstdc++.a(eh_personality.o)
 .ARM.exidx.text.__gxx_personality_v0
                0x0800b7ac        0x8 c:/program files (x86)/gnu tools arm embedded/4.9 2014q4/bin/../lib/gcc/arm-none-eabi/4.9.3/../../../../arm-none-eabi/lib/armv7-m\libstdc++.a(eh_personality.o)
 .ARM.exidx.text.__cxa_get_globals_fast
                0x0800b7b4        0x8 c:/program files (x86)/gnu tools arm embedded/4.9 2014q4/bin/../lib/gcc/arm-none-eabi/4.9.3/../../../../arm-none-eabi/lib/armv7-m\libstdc++.a(eh_globals.o)
 .ARM.exidx.text.__cxa_get_globals
                0x0800b7bc        0x0 c:/program files (x86)/gnu tools arm embedded/4.9 2014q4/bin/../lib/gcc/arm-none-eabi/4.9.3/../../../../arm-none-eabi/lib/armv7-m\libstdc++.a(eh_globals.o)
                                  0x8 (size before relaxing)
 .ARM.exidx.text._ZN10__cxxabiv120__si_class_type_infoD2Ev
                0x0800b7bc        0x8 c:/program files (x86)/gnu tools arm embedded/4.9 2014q4/bin/../lib/gcc/arm-none-eabi/4.9.3/../../../../arm-none-eabi/lib/armv7-m\libstdc++.a(si_class_type_info.o)
 .ARM.exidx.text._ZN10__cxxabiv120__si_class_type_infoD0Ev
                0x0800b7c4        0x0 c:/program files (x86)/gnu tools arm embedded/4.9 2014q4/bin/../lib/gcc/arm-none-eabi/4.9.3/../../../../arm-none-eabi/lib/armv7-m\libstdc++.a(si_class_type_info.o)
                                  0x8 (size before relaxing)
 .ARM.exidx.text._ZNK10__cxxabiv120__si_class_type_info20__do_find_public_srcEiPKvPKNS_17__class_type_infoES2_
                0x0800b7c4        0x8 c:/program files (x86)/gnu tools arm embedded/4.9 2014q4/bin/../lib/gcc/arm-none-eabi/4.9.3/../../../../arm-none-eabi/lib/armv7-m\libstdc++.a(si_class_type_info.o)
 .ARM.exidx.text._ZNK10__cxxabiv120__si_class_type_info12__do_dyncastEiNS_17__class_type_info10__sub_kindEPKS1_PKvS4_S6_RNS1_16__dyncast_resultE
                0x0800b7cc        0x8 c:/program files (x86)/gnu tools arm embedded/4.9 2014q4/bin/../lib/gcc/arm-none-eabi/4.9.3/../../../../arm-none-eabi/lib/armv7-m\libstdc++.a(si_class_type_info.o)
 .ARM.exidx.text._ZNK10__cxxabiv120__si_class_type_info11__do_upcastEPKNS_17__class_type_infoEPKvRNS1_15__upcast_resultE
                0x0800b7d4        0x8 c:/program files (x86)/gnu tools arm embedded/4.9 2014q4/bin/../lib/gcc/arm-none-eabi/4.9.3/../../../../arm-none-eabi/lib/armv7-m\libstdc++.a(si_class_type_info.o)
 .ARM.exidx.text._ZNSt9exceptionD2Ev
                0x0800b7dc        0x8 c:/program files (x86)/gnu tools arm embedded/4.9 2014q4/bin/../lib/gcc/arm-none-eabi/4.9.3/../../../../arm-none-eabi/lib/armv7-m\libstdc++.a(eh_exception.o)
 .ARM.exidx.text._ZNSt13bad_exceptionD2Ev
                0x0800b7e4        0x0 c:/program files (x86)/gnu tools arm embedded/4.9 2014q4/bin/../lib/gcc/arm-none-eabi/4.9.3/../../../../arm-none-eabi/lib/armv7-m\libstdc++.a(eh_exception.o)
                                  0x8 (size before relaxing)
 .ARM.exidx.text._ZNKSt13bad_exception4whatEv
                0x0800b7e4        0x0 c:/program files (x86)/gnu tools arm embedded/4.9 2014q4/bin/../lib/gcc/arm-none-eabi/4.9.3/../../../../arm-none-eabi/lib/armv7-m\libstdc++.a(eh_exception.o)
                                  0x8 (size before relaxing)
 .ARM.exidx.text._ZNSt13bad_exceptionD0Ev
                0x0800b7e4        0x0 c:/program files (x86)/gnu tools arm embedded/4.9 2014q4/bin/../lib/gcc/arm-none-eabi/4.9.3/../../../../arm-none-eabi/lib/armv7-m\libstdc++.a(eh_exception.o)
                                  0x8 (size before relaxing)
 .ARM.exidx.text._ZNSt9type_infoD2Ev
                0x0800b7e4        0x0 c:/program files (x86)/gnu tools arm embedded/4.9 2014q4/bin/../lib/gcc/arm-none-eabi/4.9.3/../../../../arm-none-eabi/lib/armv7-m\libstdc++.a(tinfo.o)
                                  0x8 (size before relaxing)
 .ARM.exidx.text._ZNKSt9type_info14__is_pointer_pEv
                0x0800b7e4        0x0 c:/program files (x86)/gnu tools arm embedded/4.9 2014q4/bin/../lib/gcc/arm-none-eabi/4.9.3/../../../../arm-none-eabi/lib/armv7-m\libstdc++.a(tinfo.o)
                                  0x8 (size before relaxing)
 .ARM.exidx.text._ZNKSt9type_info15__is_function_pEv
                0x0800b7e4        0x0 c:/program files (x86)/gnu tools arm embedded/4.9 2014q4/bin/../lib/gcc/arm-none-eabi/4.9.3/../../../../arm-none-eabi/lib/armv7-m\libstdc++.a(tinfo.o)
                                  0x8 (size before relaxing)
 .ARM.exidx.text._ZNKSt9type_infoeqERKS_
                0x0800b7e4        0x0 c:/program files (x86)/gnu tools arm embedded/4.9 2014q4/bin/../lib/gcc/arm-none-eabi/4.9.3/../../../../arm-none-eabi/lib/armv7-m\libstdc++.a(tinfo.o)
                                  0x8 (size before relaxing)
 .ARM.exidx.text._ZNK10__cxxabiv117__class_type_info11__do_upcastEPKS0_PPv
                0x0800b7e4        0x8 c:/program files (x86)/gnu tools arm embedded/4.9 2014q4/bin/../lib/gcc/arm-none-eabi/4.9.3/../../../../arm-none-eabi/lib/armv7-m\libstdc++.a(class_type_info.o)
 .ARM.exidx.text._ZNK10__cxxabiv117__class_type_info20__do_find_public_srcEiPKvPKS0_S2_
                0x0800b7ec        0x8 c:/program files (x86)/gnu tools arm embedded/4.9 2014q4/bin/../lib/gcc/arm-none-eabi/4.9.3/../../../../arm-none-eabi/lib/armv7-m\libstdc++.a(class_type_info.o)
 .ARM.exidx.text._ZN10__cxxabiv117__class_type_infoD2Ev
                0x0800b7f4        0x8 c:/program files (x86)/gnu tools arm embedded/4.9 2014q4/bin/../lib/gcc/arm-none-eabi/4.9.3/../../../../arm-none-eabi/lib/armv7-m\libstdc++.a(class_type_info.o)
 .ARM.exidx.text._ZN10__cxxabiv117__class_type_infoD0Ev
                0x0800b7fc        0x0 c:/program files (x86)/gnu tools arm embedded/4.9 2014q4/bin/../lib/gcc/arm-none-eabi/4.9.3/../../../../arm-none-eabi/lib/armv7-m\libstdc++.a(class_type_info.o)
                                  0x8 (size before relaxing)
 .ARM.exidx.text._ZNK10__cxxabiv117__class_type_info11__do_upcastEPKS0_PKvRNS0_15__upcast_resultE
                0x0800b7fc        0x8 c:/program files (x86)/gnu tools arm embedded/4.9 2014q4/bin/../lib/gcc/arm-none-eabi/4.9.3/../../../../arm-none-eabi/lib/armv7-m\libstdc++.a(class_type_info.o)
 .ARM.exidx.text._ZNK10__cxxabiv117__class_type_info10__do_catchEPKSt9type_infoPPvj
                0x0800b804        0x8 c:/program files (x86)/gnu tools arm embedded/4.9 2014q4/bin/../lib/gcc/arm-none-eabi/4.9.3/../../../../arm-none-eabi/lib/armv7-m\libstdc++.a(class_type_info.o)
 .ARM.exidx.text._ZNK10__cxxabiv117__class_type_info12__do_dyncastEiNS0_10__sub_kindEPKS0_PKvS3_S5_RNS0_16__dyncast_resultE
                0x0800b80c       0x10 c:/program files (x86)/gnu tools arm embedded/4.9 2014q4/bin/../lib/gcc/arm-none-eabi/4.9.3/../../../../arm-none-eabi/lib/armv7-m\libstdc++.a(class_type_info.o)
                                  0x8 (size before relaxing)
 .ARM.exidx     0x0800b81c       0x78 c:/program files (x86)/gnu tools arm embedded/4.9 2014q4/bin/../lib/gcc/arm-none-eabi/4.9.3/armv7-m\libgcc.a(unwind-arm.o)
                                 0xd8 (size before relaxing)
 .ARM.exidx     0x0800b894       0x38 c:/program files (x86)/gnu tools arm embedded/4.9 2014q4/bin/../lib/gcc/arm-none-eabi/4.9.3/armv7-m\libgcc.a(pr-support.o)
                                 0x48 (size before relaxing)
 .ARM.exidx     0x0800b8cc        0x0 c:/program files (x86)/gnu tools arm embedded/4.9 2014q4/bin/../lib/gcc/arm-none-eabi/4.9.3/armv7-m\libgcc.a(_divdi3.o)
                                  0x8 (size before relaxing)
 .ARM.exidx     0x0800b8cc        0x0 c:/program files (x86)/gnu tools arm embedded/4.9 2014q4/bin/../lib/gcc/arm-none-eabi/4.9.3/armv7-m\libgcc.a(_udivdi3.o)
                                  0x8 (size before relaxing)
                0x0800b8cc                __exidx_end = .

.rel.dyn        0x0800b8cc        0x0
 .rel.iplt      0x00000000        0x0 ./system/src/stm32f2-stdperiph/misc.o
                0x0800b8cc                . = ALIGN (0x4)
                0x0800b8cc                _etext = .
                0x0800b8cc                __etext = .
                0x0800b8cc                _sidata = _etext

.data           0x20000000      0x8c8 load address 0x0800b8cc
                0x20000000                . = ALIGN (0x4)
                0x20000000                _sdata = .
                0x20000000                __data_start__ = .
 *(.data_begin .data_begin.*)
 .data_begin    0x20000000        0x4 ./system/src/newlib/_startup.o
 *(.data .data.*)
 .data.argv.4510
                0x20000004        0x8 ./system/src/newlib/_syscalls.o
 .data.AHBPrescTable
                0x2000000c       0x10 ./system/src/cmsis/system_stm32f2xx.o
                0x2000000c                AHBPrescTable
 .data.SystemCoreClock
                0x2000001c        0x4 ./system/src/cmsis/system_stm32f2xx.o
                0x2000001c                SystemCoreClock
 .data.Font8x12
                0x20000020        0x8 ./src/Drivers/LCD/fonts.o
                0x20000020                Font8x12
 .data.Font12x12
                0x20000028        0x8 ./src/Drivers/LCD/fonts.o
                0x20000028                Font12x12
 .data.Font16x24
                0x20000030        0x8 ./src/Drivers/LCD/fonts.o
                0x20000030                Font16x24
 .data.BUTTON_PORT
                0x20000038        0xc ./src/Drivers/LCD/stm322xg_eval.o
                0x20000038                BUTTON_PORT
 .data.BackColor
                0x20000044        0x2 ./src/Drivers/LCD/stm322xg_eval_lcd.o
                0x20000044                BackColor
 *fill*         0x20000046        0x2 
 .data._ZN10__cxxabiv120__unexpected_handlerE
                0x20000048        0x4 c:/program files (x86)/gnu tools arm embedded/4.9 2014q4/bin/../lib/gcc/arm-none-eabi/4.9.3/../../../../arm-none-eabi/lib/armv7-m\libstdc++.a(eh_unex_handler.o)
                0x20000048                __cxxabiv1::__unexpected_handler
 .data._ZN10__cxxabiv119__terminate_handlerE
                0x2000004c        0x4 c:/program files (x86)/gnu tools arm embedded/4.9 2014q4/bin/../lib/gcc/arm-none-eabi/4.9.3/../../../../arm-none-eabi/lib/armv7-m\libstdc++.a(eh_term_handler.o)
                0x2000004c                __cxxabiv1::__terminate_handler
 .data.impure_data
                0x20000050      0x428 c:/program files (x86)/gnu tools arm embedded/4.9 2014q4/bin/../lib/gcc/arm-none-eabi/4.9.3/../../../../arm-none-eabi/lib/armv7-m\libg.a(lib_a-impure.o)
 .data._impure_ptr
                0x20000478        0x4 c:/program files (x86)/gnu tools arm embedded/4.9 2014q4/bin/../lib/gcc/arm-none-eabi/4.9.3/../../../../arm-none-eabi/lib/armv7-m\libg.a(lib_a-impure.o)
                0x20000478                _impure_ptr
 .data.__malloc_av_
                0x2000047c      0x408 c:/program files (x86)/gnu tools arm embedded/4.9 2014q4/bin/../lib/gcc/arm-none-eabi/4.9.3/../../../../arm-none-eabi/lib/armv7-m\libg.a(lib_a-mallocr.o)
                0x2000047c                __malloc_av_
 .data.__malloc_trim_threshold
                0x20000884        0x4 c:/program files (x86)/gnu tools arm embedded/4.9 2014q4/bin/../lib/gcc/arm-none-eabi/4.9.3/../../../../arm-none-eabi/lib/armv7-m\libg.a(lib_a-mallocr.o)
                0x20000884                __malloc_trim_threshold
 .data.__malloc_sbrk_base
                0x20000888        0x4 c:/program files (x86)/gnu tools arm embedded/4.9 2014q4/bin/../lib/gcc/arm-none-eabi/4.9.3/../../../../arm-none-eabi/lib/armv7-m\libg.a(lib_a-mallocr.o)
                0x20000888                __malloc_sbrk_base
 .data.lconv    0x2000088c       0x38 c:/program files (x86)/gnu tools arm embedded/4.9 2014q4/bin/../lib/gcc/arm-none-eabi/4.9.3/../../../../arm-none-eabi/lib/armv7-m\libg.a(lib_a-locale.o)
 *(.data_end .data_end.*)
 .data_end      0x200008c4        0x4 ./system/src/newlib/_startup.o
                0x200008c8                . = ALIGN (0x4)
                0x200008c8                _edata = .
                0x200008c8                __data_end__ = .

.igot.plt       0x200008c8        0x0 load address 0x0800c194
 .igot.plt      0x00000000        0x0 ./system/src/stm32f2-stdperiph/misc.o

.bss            0x200008c8     0x1610 load address 0x0800c198
                0x200008c8                . = ALIGN (0x4)
                0x200008c8                __bss_start__ = .
                0x200008c8                _sbss = .
 *(.bss_begin .bss_begin.*)
 .bss_begin     0x200008c8        0x4 ./system/src/newlib/_startup.o
 *(.bss .bss.*)
 .bss.current_heap_end.4304
                0x200008cc        0x4 ./system/src/newlib/_sbrk.o
 .bss.name.4509
                0x200008d0        0x4 ./system/src/newlib/_syscalls.o
 .bss.buf.5385  0x200008d4       0x80 ./system/src/diag/Trace.o
 .bss.LCD_Scrolled
                0x20000954        0x1 ./src/Drivers/LCD/lcd_log.o
                0x20000954                LCD_Scrolled
 *fill*         0x20000955        0x1 
 .bss.LCD_CacheBuffer_yptr_top
                0x20000956        0x2 ./src/Drivers/LCD/lcd_log.o
                0x20000956                LCD_CacheBuffer_yptr_top
 .bss.LCD_CacheBuffer_yptr_bottom_bak
                0x20000958        0x2 ./src/Drivers/LCD/lcd_log.o
                0x20000958                LCD_CacheBuffer_yptr_bottom_bak
 *fill*         0x2000095a        0x2 
 .bss.LCD_CacheBuffer
                0x2000095c      0xc98 ./src/Drivers/LCD/lcd_log.o
                0x2000095c                LCD_CacheBuffer
 .bss.LCD_CacheBuffer_yptr_top_bak
                0x200015f4        0x2 ./src/Drivers/LCD/lcd_log.o