Archive member included because of file (symbol)

c:/program files (x86)/gnu tools arm embedded/4.9 2014q4/bin/../lib/gcc/arm-none-eabi/4.9.3/armv7-m\libgcc.a(_arm_addsubdf3.o)
                              ./src/Drivers/LCD/stm322xg_eval_lcd.o (__aeabi_ui2d)
c:/program files (x86)/gnu tools arm embedded/4.9 2014q4/bin/../lib/gcc/arm-none-eabi/4.9.3/armv7-m\libgcc.a(_arm_cmpdf2.o)
                              ./src/Drivers/LCD/stm322xg_eval_lcd.o (__aeabi_dcmplt)
c:/program files (x86)/gnu tools arm embedded/4.9 2014q4/bin/../lib/gcc/arm-none-eabi/4.9.3/../../../../arm-none-eabi/lib/armv7-m\libg.a(lib_a-errno.o)
                              ./system/src/newlib/_sbrk.o (__errno)
c:/program files (x86)/gnu tools arm embedded/4.9 2014q4/bin/../lib/gcc/arm-none-eabi/4.9.3/../../../../arm-none-eabi/lib/armv7-m\libg.a(lib_a-impure.o)
                              c:/program files (x86)/gnu tools arm embedded/4.9 2014q4/bin/../lib/gcc/arm-none-eabi/4.9.3/../../../../arm-none-eabi/lib/armv7-m\libg.a(lib_a-errno.o) (_impure_ptr)
c:/program files (x86)/gnu tools arm embedded/4.9 2014q4/bin/../lib/gcc/arm-none-eabi/4.9.3/../../../../arm-none-eabi/lib/armv7-m\libg.a(lib_a-memcpy.o)
                              ./system/src/newlib/_startup.o (memcpy)
c:/program files (x86)/gnu tools arm embedded/4.9 2014q4/bin/../lib/gcc/arm-none-eabi/4.9.3/../../../../arm-none-eabi/lib/armv7-m\libg.a(lib_a-memset.o)
                              ./system/src/newlib/_startup.o (memset)
c:/program files (x86)/gnu tools arm embedded/4.9 2014q4/bin/../lib/gcc/arm-none-eabi/4.9.3/../../../../arm-none-eabi/lib/armv7-m\libg.a(lib_a-snprintf.o)
                              ./system/src/newlib/assert.o (snprintf)
c:/program files (x86)/gnu tools arm embedded/4.9 2014q4/bin/../lib/gcc/arm-none-eabi/4.9.3/../../../../arm-none-eabi/lib/armv7-m\libg.a(lib_a-strlen.o)
                              ./system/src/diag/Trace.o (strlen)
c:/program files (x86)/gnu tools arm embedded/4.9 2014q4/bin/../lib/gcc/arm-none-eabi/4.9.3/../../../../arm-none-eabi/lib/armv7-m\libg.a(lib_a-svfprintf.o)
                              c:/program files (x86)/gnu tools arm embedded/4.9 2014q4/bin/../lib/gcc/arm-none-eabi/4.9.3/../../../../arm-none-eabi/lib/armv7-m\libg.a(lib_a-snprintf.o) (_svfprintf_r)
c:/program files (x86)/gnu tools arm embedded/4.9 2014q4/bin/../lib/gcc/arm-none-eabi/4.9.3/../../../../arm-none-eabi/lib/armv7-m\libg.a(lib_a-vsnprintf.o)
                              ./system/src/diag/Trace.o (vsnprintf)
c:/program files (x86)/gnu tools arm embedded/4.9 2014q4/bin/../lib/gcc/arm-none-eabi/4.9.3/../../../../arm-none-eabi/lib/armv7-m\libg.a(lib_a-dtoa.o)
                              c:/program files (x86)/gnu tools arm embedded/4.9 2014q4/bin/../lib/gcc/arm-none-eabi/4.9.3/../../../../arm-none-eabi/lib/armv7-m\libg.a(lib_a-svfprintf.o) (_dtoa_r)
c:/program files (x86)/gnu tools arm embedded/4.9 2014q4/bin/../lib/gcc/arm-none-eabi/4.9.3/../../../../arm-none-eabi/lib/armv7-m\libg.a(lib_a-locale.o)
                              c:/program files (x86)/gnu tools arm embedded/4.9 2014q4/bin/../lib/gcc/arm-none-eabi/4.9.3/../../../../arm-none-eabi/lib/armv7-m\libg.a(lib_a-svfprintf.o) (_localeconv_r)
c:/program files (x86)/gnu tools arm embedded/4.9 2014q4/bin/../lib/gcc/arm-none-eabi/4.9.3/../../../../arm-none-eabi/lib/armv7-m\libg.a(lib_a-mallocr.o)
                              c:/program files (x86)/gnu tools arm embedded/4.9 2014q4/bin/../lib/gcc/arm-none-eabi/4.9.3/../../../../arm-none-eabi/lib/armv7-m\libg.a(lib_a-svfprintf.o) (_malloc_r)
c:/program files (x86)/gnu tools arm embedded/4.9 2014q4/bin/../lib/gcc/arm-none-eabi/4.9.3/../../../../arm-none-eabi/lib/armv7-m\libg.a(lib_a-memchr.o)
                              c:/program files (x86)/gnu tools arm embedded/4.9 2014q4/bin/../lib/gcc/arm-none-eabi/4.9.3/../../../../arm-none-eabi/lib/armv7-m\libg.a(lib_a-svfprintf.o) (memchr)
c:/program files (x86)/gnu tools arm embedded/4.9 2014q4/bin/../lib/gcc/arm-none-eabi/4.9.3/../../../../arm-none-eabi/lib/armv7-m\libg.a(lib_a-mlock.o)
                              c:/program files (x86)/gnu tools arm embedded/4.9 2014q4/bin/../lib/gcc/arm-none-eabi/4.9.3/../../../../arm-none-eabi/lib/armv7-m\libg.a(lib_a-mallocr.o) (__malloc_lock)
c:/program files (x86)/gnu tools arm embedded/4.9 2014q4/bin/../lib/gcc/arm-none-eabi/4.9.3/../../../../arm-none-eabi/lib/armv7-m\libg.a(lib_a-mprec.o)
                              c:/program files (x86)/gnu tools arm embedded/4.9 2014q4/bin/../lib/gcc/arm-none-eabi/4.9.3/../../../../arm-none-eabi/lib/armv7-m\libg.a(lib_a-dtoa.o) (_Balloc)
c:/program files (x86)/gnu tools arm embedded/4.9 2014q4/bin/../lib/gcc/arm-none-eabi/4.9.3/../../../../arm-none-eabi/lib/armv7-m\libg.a(lib_a-s_fpclassify.o)
[...]
Memory Configuration

Name             Origin             Length             Attributes
RAM              0x20000000         0x00005000         xrw
CCMRAM           0x00000000         0x00000000         xrw
FLASH            0x08000000         0x00020000         xr
FLASHB1          0x00000000         0x00000000         xr
EXTMEMB0         0x00000000         0x00000000         xr
EXTMEMB1         0x00000000         0x00000000         xr
EXTMEMB2         0x00000000         0x00000000         xr
EXTMEMB3         0x00000000         0x00000000         xr
MEMORY_ARRAY     0x00000000         0x00000000         xrw
*default*        0x00000000         0xffffffff

Linker script and memory map

LOAD ./system/src/stm32f2-stdperiph/misc.o
LOAD ./system/src/stm32f2-stdperiph/stm32f2xx_exti.o
LOAD ./system/src/stm32f2-stdperiph/stm32f2xx_gpio.o
LOAD ./system/src/stm32f2-stdperiph/stm32f2xx_i2c.o
LOAD ./system/src/stm32f2-stdperiph/stm32f2xx_rcc.o
LOAD ./system/src/stm32f2-stdperiph/stm32f2xx_syscfg.o
LOAD ./system/src/newlib/_cxx.o
LOAD ./system/src/newlib/_exit.o
LOAD ./system/src/newlib/_sbrk.o
LOAD ./system/src/newlib/_startup.o
LOAD ./system/src/newlib/_syscalls.o
LOAD ./system/src/newlib/assert.o
LOAD ./system/src/diag/Trace.o
LOAD ./system/src/diag/trace_impl.o
LOAD ./system/src/cortexm/_initialize_hardware.o
LOAD ./system/src/cortexm/_reset_hardware.o
LOAD ./system/src/cortexm/exception_handlers.o
LOAD ./system/src/cmsis/system_stm32f2xx.o
LOAD ./system/src/cmsis/vectors_stm32f2xx.o
LOAD ./src/Drivers/LCD/fonts.o
LOAD ./src/Drivers/LCD/lcd_log.o
LOAD ./src/Drivers/LCD/stm322xg_eval.o
LOAD ./src/Drivers/LCD/stm322xg_eval_lcd.o
LOAD ./src/Drivers/LCD/stm32f2xx_fsmc.o
LOAD ./src/Drivers/Ether/ether.o
LOAD ./src/Drivers/port.o
LOAD ./src/BlinkLed.o
LOAD ./src/Timer.o
LOAD ./src/_write.o
LOAD ./src/main.o
LOAD c:/program files (x86)/gnu tools arm embedded/4.9 2014q4/bin/../lib/gcc/arm-none-eabi/4.9.3/../../../../arm-none-eabi/lib/armv7-m\libstdc++.a
LOAD c:/program files (x86)/gnu tools arm embedded/4.9 2014q4/bin/../lib/gcc/arm-none-eabi/4.9.3/../../../../arm-none-eabi/lib/armv7-m\libm.a
START GROUP
LOAD c:/program files (x86)/gnu tools arm embedded/4.9 2014q4/bin/../lib/gcc/arm-none-eabi/4.9.3/armv7-m\libgcc.a
LOAD c:/program files (x86)/gnu tools arm embedded/4.9 2014q4/bin/../lib/gcc/arm-none-eabi/4.9.3/../../../../arm-none-eabi/lib/armv7-m\libg.a
LOAD c:/program files (x86)/gnu tools arm embedded/4.9 2014q4/bin/../lib/gcc/arm-none-eabi/4.9.3/../../../../arm-none-eabi/lib/armv7-m\libc.a
END GROUP
                0x20005000                __stack = (ORIGIN (RAM) + 0x5000)
                0x20005000                _estack = __stack
                0x00000400                __Main_Stack_Size = 0x400
                0x00000400                PROVIDE (_Main_Stack_Size, __Main_Stack_Size)
                0x20004c00                __Main_Stack_Limit = (__stack - __Main_Stack_Size)
                0x20004c00                PROVIDE (_Main_Stack_Limit, __Main_Stack_Limit)
                0x00000100                _Minimum_Stack_Size = 0x100
                0x200026ac                PROVIDE (_Heap_Begin, _end_noinit)
                0x20004c00                PROVIDE (_Heap_Limit, (__stack - __Main_Stack_Size))

.isr_vector     0x08000000      0x2cc
                0x08000000                . = ALIGN (0x4)
 *(.isr_vector)
 .isr_vector    0x08000000      0x184 ./system/src/cmsis/vectors_stm32f2xx.o
                0x08000000                __isr_vectors
 *(.cfmconfig)
 *(.after_vectors .after_vectors.*)
 .after_vectors
                0x08000184      0x118 ./system/src/newlib/_startup.o
                0x08000184                _start
 .after_vectors
                0x0800029c       0x2c ./system/src/cortexm/exception_handlers.o
                0x0800029c                Reset_Handler
                0x080002a4                NMI_Handler
                0x080002a8                HardFault_Handler
                0x080002ac                MemManage_Handler
                0x080002b0                BusFault_Handler
                0x080002b4                UsageFault_Handler
                0x080002b8                SVC_Handler
                0x080002bc                DebugMon_Handler
                0x080002c0                PendSV_Handler
 .after_vectors
                0x080002c8        0x4 ./system/src/cmsis/vectors_stm32f2xx.o
                0x080002c8                RTC_Alarm_IRQHandler
                0x080002c8                HASH_RNG_IRQHandler
                0x080002c8                TIM8_CC_IRQHandler
                0x080002c8                TIM1_CC_IRQHandler
                0x080002c8                DMA2_Stream5_IRQHandler
                0x080002c8                DMA1_Stream5_IRQHandler
                0x080002c8                PVD_IRQHandler
                0x080002c8                SDIO_IRQHandler
                0x080002c8                TAMP_STAMP_IRQHandler
                0x080002c8                CAN2_RX1_IRQHandler
                0x080002c8                EXTI3_IRQHandler
                0x080002c8                TIM8_TRG_COM_TIM14_IRQHandler
                0x080002c8                TIM1_UP_TIM10_IRQHandler
                0x080002c8                TIM8_UP_TIM13_IRQHandler
                0x080002c8                I2C3_ER_IRQHandler
                0x080002c8                I2C2_EV_IRQHandler
                0x080002c8                DMA1_Stream2_IRQHandler
                0x080002c8                CAN1_RX0_IRQHandler
                0x080002c8                OTG_HS_WKUP_IRQHandler
                0x080002c8                CAN2_SCE_IRQHandler
                0x080002c8                DMA2_Stream2_IRQHandler
                0x080002c8                SPI1_IRQHandler
                0x080002c8                TIM6_DAC_IRQHandler
                0x080002c8                TIM1_BRK_TIM9_IRQHandler
                0x080002c8                DCMI_IRQHandler
                0x080002c8                CAN2_RX0_IRQHandler
                0x080002c8                DMA2_Stream3_IRQHandler
                0x080002c8                USART6_IRQHandler
                0x080002c8                USART3_IRQHandler
                0x080002c8                CRYP_IRQHandler
                0x080002c8                CAN1_RX1_IRQHandler
                0x080002c8                UART5_IRQHandler
                0x080002c8                DMA2_Stream0_IRQHandler
                0x080002c8                TIM4_IRQHandler
                0x080002c8                I2C1_EV_IRQHandler
                0x080002c8                DMA1_Stream6_IRQHandler
                0x080002c8                DMA1_Stream1_IRQHandler
                0x080002c8                UART4_IRQHandler
                0x080002c8                TIM3_IRQHandler
                0x080002c8                RCC_IRQHandler
                0x080002c8                TIM8_BRK_TIM12_IRQHandler
                0x080002c8                TIM1_TRG_COM_IRQHandler
                0x080002c8                Default_Handler
                0x080002c8                ADC_IRQHandler
                0x080002c8                DMA1_Stream7_IRQHandler
                0x080002c8                TIM7_IRQHandler
                0x080002c8                CAN2_TX_IRQHandler
                0x080002c8                TIM5_IRQHandler
                0x080002c8                DMA2_Stream7_IRQHandler
                0x080002c8                I2C3_EV_IRQHandler
                0x080002c8                EXTI9_5_IRQHandler
                0x080002c8                RTC_WKUP_IRQHandler
                0x080002c8                ETH_WKUP_IRQHandler
                0x080002c8                SPI2_IRQHandler
                0x080002c8                OTG_HS_EP1_IN_IRQHandler
                0x080002c8                DMA1_Stream0_IRQHandler
                0x080002c8                CAN1_TX_IRQHandler
                0x080002c8                EXTI4_IRQHandler
                0x080002c8                FSMC_IRQHandler
                0x080002c8                ETH_IRQHandler
                0x080002c8                OTG_HS_EP1_OUT_IRQHandler
                0x080002c8                WWDG_IRQHandler
                0x080002c8                TIM2_IRQHandler
                0x080002c8                OTG_FS_WKUP_IRQHandler
                0x080002c8                TIM1_TRG_COM_TIM11_IRQHandler
                0x080002c8                OTG_HS_IRQHandler
                0x080002c8                EXTI1_IRQHandler
                0x080002c8                USART2_IRQHandler
                0x080002c8                I2C2_ER_IRQHandler
                0x080002c8                DMA2_Stream1_IRQHandler
                0x080002c8                CAN1_SCE_IRQHandler
                0x080002c8                FLASH_IRQHandler
                0x080002c8                DMA2_Stream4_IRQHandler
                0x080002c8                USART1_IRQHandler
                0x080002c8                OTG_FS_IRQHandler
                0x080002c8                SPI3_IRQHandler
                0x080002c8                DMA1_Stream4_IRQHandler
                0x080002c8                I2C1_ER_IRQHandler
                0x080002c8                DMA2_Stream6_IRQHandler
                0x080002c8                DMA1_Stream3_IRQHandler
                0x080002cc                . = ALIGN (0x4)

.inits          0x080002cc        0x4
                0x080002cc                . = ALIGN (0x4)
 *(.init)
 *(.fini)
                0x080002cc                . = ALIGN (0x4)
                0x080002cc                PROVIDE (__preinit_array_start, .)
 *(.preinit_array_sysinit .preinit_array_sysinit.*)
 *(.preinit_array_platform .preinit_array_platform.*)
 *(.preinit_array .preinit_array.*)
                0x080002cc                PROVIDE (__preinit_array_end, .)
                0x080002cc                . = ALIGN (0x4)
                0x080002cc                PROVIDE (__init_array_start, .)
 *(SORT(.init_array.*))
 *(.init_array)
 .init_array    0x080002cc        0x4 ./src/main.o
                0x080002d0                PROVIDE (__init_array_end, .)
                0x080002d0                . = ALIGN (0x4)
                0x080002d0                PROVIDE (__fini_array_start, .)
 *(SORT(.fini_array.*))
 *(.fini_array)
                0x080002d0                PROVIDE (__fini_array_end, .)
                0x080002d0                . = ALIGN (0x4)

.flashtext      0x080002d0        0x0
                0x080002d0                . = ALIGN (0x4)
 *(.flashtext .flashtext.*)
                0x080002d0                . = ALIGN (0x4)

.text           0x080002d0     0x932c
                0x080002d0                . = ALIGN (0x4)
 *(.text .text.*)
 .text.NVIC_Init
                0x080002d0       0xa0 ./system/src/stm32f2-stdperiph/misc.o
                0x080002d0                NVIC_Init
 .text.EXTI_Init
                0x08000370       0xcc ./system/src/stm32f2-stdperiph/stm32f2xx_exti.o
                0x08000370                EXTI_Init
 .text.EXTI_ClearFlag
                0x0800043c       0x24 ./system/src/stm32f2-stdperiph/stm32f2xx_exti.o
                0x0800043c                EXTI_ClearFlag
 .text.EXTI_GetITStatus
                0x08000460       0xa4 ./system/src/stm32f2-stdperiph/stm32f2xx_exti.o
                0x08000460                EXTI_GetITStatus
 .text.EXTI_ClearITPendingBit
                0x08000504       0x24 ./system/src/stm32f2-stdperiph/stm32f2xx_exti.o
                0x08000504                EXTI_ClearITPendingBit
 .text.GPIO_Init
                0x08000528      0x14c ./system/src/stm32f2-stdperiph/stm32f2xx_gpio.o
                0x08000528                GPIO_Init
 .text.GPIO_ReadInputDataBit
                0x08000674       0xc4 ./system/src/stm32f2-stdperiph/stm32f2xx_gpio.o
                0x08000674                GPIO_ReadInputDataBit
 .text.GPIO_WriteBit
                0x08000738       0xe0 ./system/src/stm32f2-stdperiph/stm32f2xx_gpio.o
                0x08000738                GPIO_WriteBit
 .text.GPIO_PinAFConfig
                0x08000818       0xa4 ./system/src/stm32f2-stdperiph/stm32f2xx_gpio.o
                0x08000818                GPIO_PinAFConfig
 .text.RCC_AHB1PeriphClockCmd
                0x080008bc       0x50 ./system/src/stm32f2-stdperiph/stm32f2xx_rcc.o
                0x080008bc                RCC_AHB1PeriphClockCmd
 .text.RCC_AHB3PeriphClockCmd
                0x0800090c       0x4c ./system/src/stm32f2-stdperiph/stm32f2xx_rcc.o
                0x0800090c                RCC_AHB3PeriphClockCmd
 .text.RCC_APB2PeriphClockCmd
                0x08000958       0x50 ./system/src/stm32f2-stdperiph/stm32f2xx_rcc.o
                0x08000958                RCC_APB2PeriphClockCmd
 .text.SYSCFG_EXTILineConfig
                0x080009a8       0x4c ./system/src/stm32f2-stdperiph/stm32f2xx_syscfg.o
                0x080009a8                SYSCFG_EXTILineConfig
 .text._exit    0x080009f4        0x4 ./system/src/newlib/_exit.o
                0x080009f4                _exit
 .text.abort    0x080009f8       0x14 ./system/src/newlib/_exit.o
                0x080009f8                abort
 .text._sbrk    0x08000a0c       0x40 ./system/src/newlib/_sbrk.o
                0x08000a0c                _sbrk
 .text.__initialize_args
                0x08000a4c       0x10 ./system/src/newlib/_syscalls.o
                0x08000a4c                __initialize_args
 .text.__assert_func
                0x08000a5c       0x38 ./system/src/newlib/assert.o
                0x08000a5c                __assert_func
 .text.assert_failed
                0x08000a94       0x18 ./system/src/newlib/assert.o
                0x08000a94                assert_failed
 .text.trace_printf
                0x08000aac       0x34 ./system/src/diag/Trace.o
                0x08000aac                trace_printf
 .text.trace_puts
                0x08000ae0       0x20 ./system/src/diag/Trace.o
                0x08000ae0                trace_puts
 .text.trace_write
                0x08000b00       0x58 ./system/src/diag/trace_impl.o
                0x08000b00                trace_write
 .text.__initialize_hardware_early
                0x08000b58        0x4 ./system/src/cortexm/_initialize_hardware.o
                0x08000b58                __initialize_hardware_early
 .text.__initialize_hardware
                0x08000b5c        0x4 ./system/src/cortexm/_initialize_hardware.o
                0x08000b5c                __initialize_hardware
 .text.SystemInit
                0x08000b60       0xdc ./system/src/cmsis/system_stm32f2xx.o
                0x08000b60                SystemInit
 .text.SystemCoreClockUpdate
                0x08000c3c       0x84 ./system/src/cmsis/system_stm32f2xx.o
                0x08000c3c                SystemCoreClockUpdate
 .text._Z12LCD_LOG_Initv
                0x08000cc0       0x84 ./src/Drivers/LCD/lcd_log.o
                0x08000cc0                LCD_LOG_Init()
 .text._Z17LCD_LOG_SetHeaderPh
                0x08000d44       0x9c ./src/Drivers/LCD/lcd_log.o
                0x08000d44                LCD_LOG_SetHeader(unsigned char*)
 .text.puts     0x08000de0      0x208 ./src/Drivers/LCD/lcd_log.o
                0x08000de0                puts
 .text.STM_EVAL_PBInit
                0x08000fe8       0xb0 ./src/Drivers/LCD/stm322xg_eval.o
                0x08000fe8                STM_EVAL_PBInit
 .text.LCD_SetTextColor
                0x08001098       0x18 ./src/Drivers/LCD/stm322xg_eval_lcd.o
                0x08001098                LCD_SetTextColor
 .text.LCD_SetBackColor
                0x080010b0       0x18 ./src/Drivers/LCD/stm322xg_eval_lcd.o
                0x080010b0                LCD_SetBackColor
 .text.LCD_SetFont
                0x080010c8        0xc ./src/Drivers/LCD/stm322xg_eval_lcd.o
                0x080010c8                LCD_SetFont
 .text.LCD_GetFont
                0x080010d4        0xc ./src/Drivers/LCD/stm322xg_eval_lcd.o
                0x080010d4                LCD_GetFont
 .text.LCD_ClearLine
                0x080010e0      0x110 ./src/Drivers/LCD/stm322xg_eval_lcd.o
                0x080010e0                LCD_ClearLine
 .text.LCD_Clear
                0x080011f0       0x30 ./src/Drivers/LCD/stm322xg_eval_lcd.o
                0x080011f0                LCD_Clear
 .text.LCD_DisplayStringLine
                0x08001220      0x138 ./src/Drivers/LCD/stm322xg_eval_lcd.o
                0x08001220                LCD_DisplayStringLine
 .text.LCD_CtrlLinesConfig
                0x08001358      0x138 ./src/Drivers/LCD/stm322xg_eval_lcd.o
                0x08001358                LCD_CtrlLinesConfig
 .text.STM322xG_LCD_Init
                0x08001490      0x5d8 ./src/Drivers/LCD/stm322xg_eval_lcd.o
                0x08001490                STM322xG_LCD_Init
 .text.FSMC_NORSRAMInit
                0x08001a68      0x280 ./src/Drivers/LCD/stm32f2xx_fsmc.o
                0x08001a68                FSMC_NORSRAMInit
 .text.FSMC_NORSRAMCmd
                0x08001ce8       0x50 ./src/Drivers/LCD/stm32f2xx_fsmc.o
                0x08001ce8                FSMC_NORSRAMCmd
 .text.SysTick_Handler
                0x08001d38       0x14 ./src/Timer.o
                0x08001d38                SysTick_Handler
 .text._Z8init_lcdv
                0x08001d4c       0x18 ./src/main.o
                0x08001d4c                init_lcd()
 .text._Z20init_gpio_interruptsv
                0x08001d64       0x84 ./src/main.o
                0x08001d64                init_gpio_interrupts()
 .text._Z16print_i2c_bufferP4BITSj
                0x08001de8      0x144 ./src/main.o
                0x08001de8                print_i2c_buffer(BITS*, unsigned int)
 .text.EXTI15_10_IRQHandler
                0x08001f2c       0x20 ./src/main.o
                0x08001f2c                EXTI15_10_IRQHandler
 .text.EXTI0_IRQHandler
                0x08001f4c      0x124 ./src/main.o
                0x08001f4c                EXTI0_IRQHandler
 .text.EXTI2_IRQHandler
                0x08002070      0x124 ./src/main.o
                0x08002070                EXTI2_IRQHandler
 .text.startup.main
                0x08002194       0x4c ./src/main.o
                0x08002194                main
 .text.startup._GLOBAL__sub_I_sdaPortIn
                0x080021e0       0xcc ./src/main.o
 .text          0x080022ac      0x370 c:/program files (x86)/gnu tools arm embedded/4.9 2014q4/bin/../lib/gcc/arm-none-eabi/4.9.3/armv7-m\libgcc.a(_arm_addsubdf3.o)
                0x080022ac                __aeabi_drsub
                0x080022b4                __aeabi_dsub
                0x080022b4                __subdf3
                0x080022b8                __aeabi_dadd
                0x080022b8                __adddf3
                0x08002530                __floatunsidf
                0x08002530                __aeabi_ui2d
                0x08002550                __floatsidf
                0x08002550                __aeabi_i2d
                0x08002574                __aeabi_f2d
                0x08002574                __extendsfdf2
                0x080025b0                __floatundidf
                0x080025b0                __aeabi_ul2d
                0x080025c0                __floatdidf
                0x080025c0                __aeabi_l2d
 .text          0x0800261c      0x110 c:/program files (x86)/gnu tools arm embedded/4.9 2014q4/bin/../lib/gcc/arm-none-eabi/4.9.3/armv7-m\libgcc.a(_arm_cmpdf2.o)
                0x0800261c                __gtdf2
                0x0800261c                __gedf2
                0x08002624                __ltdf2
                0x08002624                __ledf2
                0x0800262c                __nedf2
                0x0800262c                __eqdf2
                0x0800262c                __cmpdf2
                0x080026a8                __aeabi_cdrcmple
                0x080026b8                __aeabi_cdcmpeq
                0x080026b8                __aeabi_cdcmple
                0x080026c8                __aeabi_dcmpeq
                0x080026dc                __aeabi_dcmplt
                0x080026f0                __aeabi_dcmple
                0x08002704                __aeabi_dcmpge
                0x08002718                __aeabi_dcmpgt
 .text.__errno  0x0800272c        0xc c:/program files (x86)/gnu tools arm embedded/4.9 2014q4/bin/../lib/gcc/arm-none-eabi/4.9.3/../../../../arm-none-eabi/lib/armv7-m\libg.a(lib_a-errno.o)
                0x0800272c                __errno
 .text          0x08002738       0xec c:/program files (x86)/gnu tools arm embedded/4.9 2014q4/bin/../lib/gcc/arm-none-eabi/4.9.3/../../../../arm-none-eabi/lib/armv7-m\libg.a(lib_a-memcpy.o)
                0x08002738                memcpy
 .text.memset   0x08002824       0x9c c:/program files (x86)/gnu tools arm embedded/4.9 2014q4/bin/../lib/gcc/arm-none-eabi/4.9.3/../../../../arm-none-eabi/lib/armv7-m\libg.a(lib_a-memset.o)
                0x08002824                memset
 .text.snprintf
                0x080028c0       0x98 c:/program files (x86)/gnu tools arm embedded/4.9 2014q4/bin/../lib/gcc/arm-none-eabi/4.9.3/../../../../arm-none-eabi/lib/armv7-m\libg.a(lib_a-snprintf.o)
                0x080028c0                snprintf
 .text.strlen   0x08002958       0x5c c:/program files (x86)/gnu tools arm embedded/4.9 2014q4/bin/../lib/gcc/arm-none-eabi/4.9.3/../../../../arm-none-eabi/lib/armv7-m\libg.a(lib_a-strlen.o)
                0x08002958                strlen
 .text._svfprintf_r
                0x080029b4     0x14f4 c:/program files (x86)/gnu tools arm embedded/4.9 2014q4/bin/../lib/gcc/arm-none-eabi/4.9.3/../../../../arm-none-eabi/lib/armv7-m\libg.a(lib_a-svfprintf.o)
                0x080029b4                _svfprintf_r
 .text._vsnprintf_r
                0x08003ea8       0x70 c:/program files (x86)/gnu tools arm embedded/4.9 2014q4/bin/../lib/gcc/arm-none-eabi/4.9.3/../../../../arm-none-eabi/lib/armv7-m\libg.a(lib_a-vsnprintf.o)
                0x08003ea8                _vsnprintf_r
 .text.vsnprintf
                0x08003f18       0x20 c:/program files (x86)/gnu tools arm embedded/4.9 2014q4/bin/../lib/gcc/arm-none-eabi/4.9.3/../../../../arm-none-eabi/lib/armv7-m\libg.a(lib_a-vsnprintf.o)
                0x08003f18                vsnprintf
 .text.quorem   0x08003f38      0x130 c:/program files (x86)/gnu tools arm embedded/4.9 2014q4/bin/../lib/gcc/arm-none-eabi/4.9.3/../../../../arm-none-eabi/lib/armv7-m\libg.a(lib_a-dtoa.o)
 .text._dtoa_r  0x08004068      0xea8 c:/program files (x86)/gnu tools arm embedded/4.9 2014q4/bin/../lib/gcc/arm-none-eabi/4.9.3/../../../../arm-none-eabi/lib/armv7-m\libg.a(lib_a-dtoa.o)
                0x08004068                _dtoa_r
 .text._localeconv_r
                0x08004f10        0x8 c:/program files (x86)/gnu tools arm embedded/4.9 2014q4/bin/../lib/gcc/arm-none-eabi/4.9.3/../../../../arm-none-eabi/lib/armv7-m\libg.a(lib_a-locale.o)
                0x08004f10                _localeconv_r
 .text._malloc_r
                0x08004f18      0x504 c:/program files (x86)/gnu tools arm embedded/4.9 2014q4/bin/../lib/gcc/arm-none-eabi/4.9.3/../../../../arm-none-eabi/lib/armv7-m\libg.a(lib_a-mallocr.o)
                0x08004f18                _malloc_r
 .text.memchr   0x0800541c       0x94 c:/program files (x86)/gnu tools arm embedded/4.9 2014q4/bin/../lib/gcc/arm-none-eabi/4.9.3/../../../../arm-none-eabi/lib/armv7-m\libg.a(lib_a-memchr.o)
                0x0800541c                memchr
 .text.__malloc_lock
                0x080054b0        0x4 c:/program files (x86)/gnu tools arm embedded/4.9 2014q4/bin/../lib/gcc/arm-none-eabi/4.9.3/../../../../arm-none-eabi/lib/armv7-m\libg.a(lib_a-mlock.o)
                0x080054b0                __malloc_lock
 .text.__malloc_unlock
                0x080054b4        0x4 c:/program files (x86)/gnu tools arm embedded/4.9 2014q4/bin/../lib/gcc/arm-none-eabi/4.9.3/../../../../arm-none-eabi/lib/armv7-m\libg.a(lib_a-mlock.o)
                0x080054b4                __malloc_unlock
 .text._Balloc  0x080054b8       0x50 c:/program files (x86)/gnu tools arm embedded/4.9 2014q4/bin/../lib/gcc/arm-none-eabi/4.9.3/../../../../arm-none-eabi/lib/armv7-m\libg.a(lib_a-mprec.o)
                0x080054b8                _Balloc
 .text._Bfree   0x08005508       0x14 c:/program files (x86)/gnu tools arm embedded/4.9 2014q4/bin/../lib/gcc/arm-none-eabi/4.9.3/../../../../arm-none-eabi/lib/armv7-m\libg.a(lib_a-mprec.o)
                0x08005508                _Bfree
 .text.__multadd
                0x0800551c       0x84 c:/program files (x86)/gnu tools arm embedded/4.9 2014q4/bin/../lib/gcc/arm-none-eabi/4.9.3/../../../../arm-none-eabi/lib/armv7-m\libg.a(lib_a-mprec.o)
                0x0800551c                __multadd
 .text.__hi0bits
                0x080055a0       0x40 c:/program files (x86)/gnu tools arm embedded/4.9 2014q4/bin/../lib/gcc/arm-none-eabi/4.9.3/../../../../arm-none-eabi/lib/armv7-m\libg.a(lib_a-mprec.o)
                0x080055a0                __hi0bits
 .text.__lo0bits
                0x080055e0       0x5c c:/program files (x86)/gnu tools arm embedded/4.9 2014q4/bin/../lib/gcc/arm-none-eabi/4.9.3/../../../../arm-none-eabi/lib/armv7-m\libg.a(lib_a-mprec.o)
                0x080055e0                __lo0bits
 .text.__i2b    0x0800563c       0x14 c:/program files (x86)/gnu tools arm embedded/4.9 2014q4/bin/../lib/gcc/arm-none-eabi/4.9.3/../../../../arm-none-eabi/lib/armv7-m\libg.a(lib_a-mprec.o)
                0x0800563c                __i2b
 .text.__multiply
                0x08005650      0x140 c:/program files (x86)/gnu tools arm embedded/4.9 2014q4/bin/../lib/gcc/arm-none-eabi/4.9.3/../../../../arm-none-eabi/lib/armv7-m\libg.a(lib_a-mprec.o)
                0x08005650                __multiply
 .text.__pow5mult
                0x08005790       0xa0 c:/program files (x86)/gnu tools arm embedded/4.9 2014q4/bin/../lib/gcc/arm-none-eabi/4.9.3/../../../../arm-none-eabi/lib/armv7-m\libg.a(lib_a-mprec.o)
                0x08005790                __pow5mult
 .text.__lshift
                0x08005830       0xb0 c:/program files (x86)/gnu tools arm embedded/4.9 2014q4/bin/../lib/gcc/arm-none-eabi/4.9.3/../../../../arm-none-eabi/lib/armv7-m\libg.a(lib_a-mprec.o)
                0x08005830                __lshift
 .text.__mcmp   0x080058e0       0x48 c:/program files (x86)/gnu tools arm embedded/4.9 2014q4/bin/../lib/gcc/arm-none-eabi/4.9.3/../../../../arm-none-eabi/lib/armv7-m\libg.a(lib_a-mprec.o)
                0x080058e0                __mcmp
 .text.__mdiff  0x08005928       0xe4 c:/program files (x86)/gnu tools arm embedded/4.9 2014q4/bin/../lib/gcc/arm-none-eabi/4.9.3/../../../../arm-none-eabi/lib/armv7-m\libg.a(lib_a-mprec.o)
                0x08005928                __mdiff
 .text.__d2b    0x08005a0c       0xa8 c:/program files (x86)/gnu tools arm embedded/4.9 2014q4/bin/../lib/gcc/arm-none-eabi/4.9.3/../../../../arm-none-eabi/lib/armv7-m\libg.a(lib_a-mprec.o)
                0x08005a0c                __d2b
 .text.__fpclassifyd
                0x08005ab4       0x58 c:/program files (x86)/gnu tools arm embedded/4.9 2014q4/bin/../lib/gcc/arm-none-eabi/4.9.3/../../../../arm-none-eabi/lib/armv7-m\libg.a(lib_a-s_fpclassify.o)
                0x08005ab4                __fpclassifyd
 .text._sbrk_r  0x08005b0c       0x24 c:/program files (x86)/gnu tools arm embedded/4.9 2014q4/bin/../lib/gcc/arm-none-eabi/4.9.3/../../../../arm-none-eabi/lib/armv7-m\libg.a(lib_a-sbrkr.o)
                0x08005b0c                _sbrk_r
 .text.__ssprint_r
                0x08005b30      0x104 c:/program files (x86)/gnu tools arm embedded/4.9 2014q4/bin/../lib/gcc/arm-none-eabi/4.9.3/../../../../arm-none-eabi/lib/armv7-m\libg.a(lib_a-svfiprintf.o)
                0x08005b30                __ssprint_r
 .text._calloc_r
                0x08005c34       0x60 c:/program files (x86)/gnu tools arm embedded/4.9 2014q4/bin/../lib/gcc/arm-none-eabi/4.9.3/../../../../arm-none-eabi/lib/armv7-m\libg.a(lib_a-callocr.o)
                0x08005c34                _calloc_r
 .text._malloc_trim_r
                0x08005c94       0x9c c:/program files (x86)/gnu tools arm embedded/4.9 2014q4/bin/../lib/gcc/arm-none-eabi/4.9.3/../../../../arm-none-eabi/lib/armv7-m\libg.a(lib_a-freer.o)
                0x08005c94                _malloc_trim_r
 .text._free_r  0x08005d30      0x1b0 c:/program files (x86)/gnu tools arm embedded/4.9 2014q4/bin/../lib/gcc/arm-none-eabi/4.9.3/../../../../arm-none-eabi/lib/armv7-m\libg.a(lib_a-freer.o)
                0x08005d30                _free_r
 .text.memmove  0x08005ee0       0xc8 c:/program files (x86)/gnu tools arm embedded/4.9 2014q4/bin/../lib/gcc/arm-none-eabi/4.9.3/../../../../arm-none-eabi/lib/armv7-m\libg.a(lib_a-memmove.o)
                0x08005ee0                memmove
 .text._realloc_r
                0x08005fa8      0x3e0 c:/program files (x86)/gnu tools arm embedded/4.9 2014q4/bin/../lib/gcc/arm-none-eabi/4.9.3/../../../../arm-none-eabi/lib/armv7-m\libg.a(lib_a-reallocr.o)
                0x08005fa8                _realloc_r
 .text          0x08006388      0x424 c:/program files (x86)/gnu tools arm embedded/4.9 2014q4/bin/../lib/gcc/arm-none-eabi/4.9.3/armv7-m\libgcc.a(_arm_muldivdf3.o)
                0x08006388                __aeabi_dmul
                0x08006388                __muldf3
                0x080065dc                __divdf3
                0x080065dc                __aeabi_ddiv
 .text          0x080067ac       0x50 c:/program files (x86)/gnu tools arm embedded/4.9 2014q4/bin/../lib/gcc/arm-none-eabi/4.9.3/armv7-m\libgcc.a(_arm_fixdfsi.o)
                0x080067ac                __aeabi_d2iz
                0x080067ac                __fixdfsi
 .text          0x080067fc       0x2c c:/program files (x86)/gnu tools arm embedded/4.9 2014q4/bin/../lib/gcc/arm-none-eabi/4.9.3/armv7-m\libgcc.a(_aeabi_uldivmod.o)
                0x080067fc                __aeabi_uldivmod
 .text          0x08006828       0x60 c:/program files (x86)/gnu tools arm embedded/4.9 2014q4/bin/../lib/gcc/arm-none-eabi/4.9.3/armv7-m\libgcc.a(bpabi.o)
                0x08006828                __gnu_ldivmod_helper
                0x08006858                __gnu_uldivmod_helper
 .text          0x08006888        0x4 c:/program files (x86)/gnu tools arm embedded/4.9 2014q4/bin/../lib/gcc/arm-none-eabi/4.9.3/armv7-m\libgcc.a(_dvmd_tls.o)
                0x08006888                __aeabi_idiv0
                0x08006888                __aeabi_ldiv0
 .text          0x0800688c      0x2ac c:/program files (x86)/gnu tools arm embedded/4.9 2014q4/bin/../lib/gcc/arm-none-eabi/4.9.3/armv7-m\libgcc.a(_divdi3.o)
                0x0800688c                __divdi3
 .text          0x08006b38      0x270 c:/program files (x86)/gnu tools arm embedded/4.9 2014q4/bin/../lib/gcc/arm-none-eabi/4.9.3/armv7-m\libgcc.a(_udivdi3.o)
                0x08006b38                __udivdi3
 *(.rodata .rodata.*)
 .rodata.str1.4
                0x08006da8       0x27 ./system/src/stm32f2-stdperiph/misc.o
                                 0x28 (size before relaxing)
 *fill*         0x08006dcf        0x1 
 .rodata.str1.4
                0x08006dd0       0x31 ./system/src/stm32f2-stdperiph/stm32f2xx_exti.o
                                 0x34 (size before relaxing)
 *fill*         0x08006e01        0x3 
 .rodata.str1.4
                0x08006e04       0x31 ./system/src/stm32f2-stdperiph/stm32f2xx_gpio.o
                                 0x34 (size before relaxing)
 *fill*         0x08006e35        0x3 
 .rodata.str1.4
                0x08006e38       0x30 ./system/src/stm32f2-stdperiph/stm32f2xx_rcc.o
 .rodata.str1.4
                0x08006e68       0x33 ./system/src/stm32f2-stdperiph/stm32f2xx_syscfg.o
                                 0x34 (size before relaxing)
 *fill*         0x08006e9b        0x1 
 .rodata.str1.4
                0x08006e9c       0x14 ./system/src/newlib/_exit.o
 .rodata.str1.4
                0x08006eb0       0x6b ./system/src/newlib/assert.o
                                 0x70 (size before relaxing)
 *fill*         0x08006f1b        0x1 
 .rodata.str1.4
                0x08006f1c       0x2d ./system/src/diag/Trace.o
                                 0x30 (size before relaxing)
 *fill*         0x08006f49        0x3 
 .rodata._ZL16ASCII16x24_Table
                0x08006f4c     0x11d0 ./src/Drivers/LCD/fonts.o
 .rodata._ZL15ASCII8x12_Table
                0x0800811c      0x900 ./src/Drivers/LCD/fonts.o
 .rodata._ZL16ASCII12x12_Table
                0x08008a1c      0x900 ./src/Drivers/LCD/fonts.o
 .rodata._ZL17BUTTON_PIN_SOURCE
                0x0800931c        0x4 ./src/Drivers/LCD/stm322xg_eval.o
 .rodata._ZL10BUTTON_CLK
                0x08009320        0xc ./src/Drivers/LCD/stm322xg_eval.o
 .rodata._ZL16BUTTON_EXTI_LINE
                0x0800932c        0x8 ./src/Drivers/LCD/stm322xg_eval.o
 .rodata._ZL10BUTTON_PIN
                0x08009334        0x8 ./src/Drivers/LCD/stm322xg_eval.o
 .rodata._ZL11BUTTON_IRQn
                0x0800933c        0x4 ./src/Drivers/LCD/stm322xg_eval.o
 .rodata._ZL18BUTTON_PORT_SOURCE
                0x08009340        0x4 ./src/Drivers/LCD/stm322xg_eval.o
 .rodata.str1.4
                0x08009344       0x24 ./src/Drivers/LCD/stm32f2xx_fsmc.o
 .rodata._ZZ9pack_byteP4BITSE19__PRETTY_FUNCTION__
                0x08009368       0x1c ./src/main.o
 .rodata.str1.4
                0x08009384       0xb4 ./src/main.o
                                 0xb8 (size before relaxing)
 .rodata._ZZ16EXTI0_IRQHandlerE19__PRETTY_FUNCTION__
                0x08009438       0x18 ./src/main.o
 .rodata._ZZ16print_i2c_bufferP4BITSjE19__PRETTY_FUNCTION__
                0x08009450       0x28 ./src/main.o
 .rodata.str1.4
                0x08009478        0x2 c:/program files (x86)/gnu tools arm embedded/4.9 2014q4/bin/../lib/gcc/arm-none-eabi/4.9.3/../../../../arm-none-eabi/lib/armv7-m\libg.a(lib_a-impure.o)
                                  0x4 (size before relaxing)
 *fill*         0x0800947a        0x2 
 .rodata.blanks.6794
                0x0800947c       0x10 c:/program files (x86)/gnu tools arm embedded/4.9 2014q4/bin/../lib/gcc/arm-none-eabi/4.9.3/../../../../arm-none-eabi/lib/armv7-m\libg.a(lib_a-svfprintf.o)
 .rodata.str1.4
                0x0800948c       0x42 c:/program files (x86)/gnu tools arm embedded/4.9 2014q4/bin/../lib/gcc/arm-none-eabi/4.9.3/../../../../arm-none-eabi/lib/armv7-m\libg.a(lib_a-svfprintf.o)
                                 0x44 (size before relaxing)
 *fill*         0x080094ce        0x2 
 .rodata.zeroes.6795
                0x080094d0       0x10 c:/program files (x86)/gnu tools arm embedded/4.9 2014q4/bin/../lib/gcc/arm-none-eabi/4.9.3/../../../../arm-none-eabi/lib/armv7-m\libg.a(lib_a-svfprintf.o)
 .rodata.str1.4
                0x080094e0       0x10 c:/program files (x86)/gnu tools arm embedded/4.9 2014q4/bin/../lib/gcc/arm-none-eabi/4.9.3/../../../../arm-none-eabi/lib/armv7-m\libg.a(lib_a-dtoa.o)
                                 0x14 (size before relaxing)
 .rodata.str1.4
                0x080094f0        0xc c:/program files (x86)/gnu tools arm embedded/4.9 2014q4/bin/../lib/gcc/arm-none-eabi/4.9.3/../../../../arm-none-eabi/lib/armv7-m\libg.a(lib_a-locale.o)
                                 0x14 (size before relaxing)
 *fill*         0x080094fc        0x4 
 .rodata.__mprec_tens
                0x08009500       0xc8 c:/program files (x86)/gnu tools arm embedded/4.9 2014q4/bin/../lib/gcc/arm-none-eabi/4.9.3/../../../../arm-none-eabi/lib/armv7-m\libg.a(lib_a-mprec.o)
                0x08009500                __mprec_tens
 .rodata.__mprec_bigtens
                0x080095c8       0x28 c:/program files (x86)/gnu tools arm embedded/4.9 2014q4/bin/../lib/gcc/arm-none-eabi/4.9.3/../../../../arm-none-eabi/lib/armv7-m\libg.a(lib_a-mprec.o)
                0x080095c8                __mprec_bigtens
 .rodata.p05.5265
                0x080095f0        0xc c:/program files (x86)/gnu tools arm embedded/4.9 2014q4/bin/../lib/gcc/arm-none-eabi/4.9.3/../../../../arm-none-eabi/lib/armv7-m\libg.a(lib_a-mprec.o)
 *(vtable)
 *(.eh_frame*)
 .eh_frame      0x080095fc        0x0 c:/program files (x86)/gnu tools arm embedded/4.9 2014q4/bin/../lib/gcc/arm-none-eabi/4.9.3/../../../../arm-none-eabi/lib/armv7-m\libg.a(lib_a-strcmp.o)
                                 0x38 (size before relaxing)
 *(.glue_7)
 .glue_7        0x00000000        0x0 linker stubs
 *(.glue_7t)
 .glue_7t       0x00000000        0x0 linker stubs

.vfp11_veneer   0x080095fc        0x0
 .vfp11_veneer  0x00000000        0x0 linker stubs

.v4_bx          0x080095fc        0x0
 .v4_bx         0x00000000        0x0 linker stubs

.iplt           0x080095fc        0x0
 .iplt          0x00000000        0x0 ./system/src/stm32f2-stdperiph/misc.o

.ARM.extab
 *(.ARM.extab* .gnu.linkonce.armextab.*)
                0x080095fc                __exidx_start = .

.ARM.exidx      0x080095fc        0x8
 *(.ARM.exidx* .gnu.linkonce.armexidx.*)
 .ARM.exidx     0x080095fc        0x8 c:/program files (x86)/gnu tools arm embedded/4.9 2014q4/bin/../lib/gcc/arm-none-eabi/4.9.3/armv7-m\libgcc.a(_divdi3.o)
 .ARM.exidx     0x08009604        0x0 c:/program files (x86)/gnu tools arm embedded/4.9 2014q4/bin/../lib/gcc/arm-none-eabi/4.9.3/armv7-m\libgcc.a(_udivdi3.o)
                                  0x8 (size before relaxing)
                0x08009604                __exidx_end = .

.rel.dyn        0x08009604        0x0
 .rel.iplt      0x00000000        0x0 ./system/src/stm32f2-stdperiph/misc.o
                0x08009604                . = ALIGN (0x4)
                0x08009604                _etext = .
                0x08009604                __etext = .
                0x08009604                _sidata = _etext

.data           0x20000000      0x8c8 load address 0x08009604
                0x20000000                . = ALIGN (0x4)
                0x20000000                _sdata = .
                0x20000000                __data_start__ = .
 *(.data_begin .data_begin.*)
 .data_begin    0x20000000        0x4 ./system/src/newlib/_startup.o
 *(.data .data.*)
 .data.argv.4510
                0x20000004        0x8 ./system/src/newlib/_syscalls.o
 .data.AHBPrescTable
                0x2000000c       0x10 ./system/src/cmsis/system_stm32f2xx.o
                0x2000000c                AHBPrescTable
 .data.SystemCoreClock
                0x2000001c        0x4 ./system/src/cmsis/system_stm32f2xx.o
                0x2000001c                SystemCoreClock
 .data.Font8x12
                0x20000020        0x8 ./src/Drivers/LCD/fonts.o
                0x20000020                Font8x12
 .data.Font12x12
                0x20000028        0x8 ./src/Drivers/LCD/fonts.o
                0x20000028                Font12x12
 .data.Font16x24
                0x20000030        0x8 ./src/Drivers/LCD/fonts.o
                0x20000030                Font16x24
 .data.BUTTON_PORT
                0x20000038        0xc ./src/Drivers/LCD/stm322xg_eval.o
                0x20000038                BUTTON_PORT
 .data.BackColor
                0x20000044        0x2 ./src/Drivers/LCD/stm322xg_eval_lcd.o
                0x20000044                BackColor
 .data.address_mask
                0x20000046        0x1 ./src/main.o
                0x20000046                address_mask
 *fill*         0x20000047        0x1 
 .data.address_to_intercept
                0x20000048        0x4 ./src/main.o
                0x20000048                address_to_intercept
 *fill*         0x2000004c        0x4 
 .data.impure_data
                0x20000050      0x428 c:/program files (x86)/gnu tools arm embedded/4.9 2014q4/bin/../lib/gcc/arm-none-eabi/4.9.3/../../../../arm-none-eabi/lib/armv7-m\libg.a(lib_a-impure.o)
 .data._impure_ptr
                0x20000478        0x4 c:/program files (x86)/gnu tools arm embedded/4.9 2014q4/bin/../lib/gcc/arm-none-eabi/4.9.3/../../../../arm-none-eabi/lib/armv7-m\libg.a(lib_a-impure.o)
                0x20000478                _impure_ptr
 .data.lconv    0x2000047c       0x38 c:/program files (x86)/gnu tools arm embedded/4.9 2014q4/bin/../lib/gcc/arm-none-eabi/4.9.3/../../../../arm-none-eabi/lib/armv7-m\libg.a(lib_a-locale.o)
 .data.__malloc_av_
                0x200004b4      0x408 c:/program files (x86)/gnu tools arm embedded/4.9 2014q4/bin/../lib/gcc/arm-none-eabi/4.9.3/../../../../arm-none-eabi/lib/armv7-m\libg.a(lib_a-mallocr.o)
                0x200004b4                __malloc_av_
 .data.__malloc_trim_threshold
                0x200008bc        0x4 c:/program files (x86)/gnu tools arm embedded/4.9 2014q4/bin/../lib/gcc/arm-none-eabi/4.9.3/../../../../arm-none-eabi/lib/armv7-m\libg.a(lib_a-mallocr.o)
                0x200008bc                __malloc_trim_threshold
 .data.__malloc_sbrk_base
                0x200008c0        0x4 c:/program files (x86)/gnu tools arm embedded/4.9 2014q4/bin/../lib/gcc/arm-none-eabi/4.9.3/../../../../arm-none-eabi/lib/armv7-m\libg.a(lib_a-mallocr.o)
                0x200008c0                __malloc_sbrk_base
 *(.data_end .data_end.*)
 .data_end      0x200008c4        0x4 ./system/src/newlib/_startup.o
                0x200008c8                . = ALIGN (0x4)
                0x200008c8                _edata = .
                0x200008c8                __data_end__ = .

.igot.plt       0x200008c8        0x0 load address 0x08009ecc
 .igot.plt      0x00000000        0x0 ./system/src/stm32f2-stdperiph/misc.o

.bss            0x200008c8     0x1de4 load address 0x08009ecc
                0x200008c8                . = ALIGN (0x4)
                0x200008c8                __bss_start__ = .
                0x200008c8                _sbss = .
 *(.bss_begin .bss_begin.*)
 .bss_begin     0x200008c8        0x4 ./system/src/newlib/_startup.o
 *(.bss .bss.*)
 .bss.current_heap_end.4304
                0x200008cc        0x4 ./system/src/newlib/_sbrk.o
 .bss.name.4509
                0x200008d0        0x4 ./system/src/newlib/_syscalls.o
 .bss.buf.5385  0x200008d4       0x80 ./system/src/diag/Trace.o
 .bss.LCD_Scrolled
                0x20000954        0x1 ./src/Drivers/LCD/lcd_log.o
                0x20000954                LCD_Scrolled
 *fill*         0x20000955        0x1 
 .bss.LCD_CacheBuffer_yptr_top
                0x20000956        0x2 ./src/Drivers/LCD/lcd_log.o
                0x20000956                LCD_CacheBuffer_yptr_top
 .bss.LCD_CacheBuffer_yptr_bottom_bak
                0x20000958        0x2 ./src/Drivers/LCD/lcd_log.o
                0x20000958                LCD_CacheBuffer_yptr_bottom_bak
 *fill*         0x2000095a        0x2 
 .bss.LCD_CacheBuffer
                0x2000095c      0xc98 ./src/Drivers/LCD/lcd_log.o
                0x2000095c                LCD_CacheBuffer
 .bss.LCD_CacheBuffer_yptr_top_bak
                0x200015f4        0x2 ./src/Drivers/LCD/lcd_log.o
                0x200015f4                LCD_CacheBuffer_yptr_top_bak
 .bss.LCD_CacheBuffer_yptr_invert
                0x200015f6        0x1 ./src/Drivers/LCD/lcd_log.o
                0x200015f6                LCD_CacheBuffer_yptr_invert
 .bss.LCD_Lock  0x200015f7        0x1 ./src/Drivers/LCD/lcd_log.o
                0x200015f7                LCD_Lock
 .bss.LCD_CacheBuffer_yptr_bottom
                0x200015f8        0x2 ./src/Drivers/LCD/lcd_log.o
                0x200015f8                LCD_CacheBuffer_yptr_bottom
 .bss.LCD_ScrollActive
                0x200015fa        0x1 ./src/Drivers/LCD/lcd_log.o
                0x200015fa                LCD_ScrollActive
 *fill*         0x200015fb        0x1 
 .bss.LCD_CacheBuffer_xptr
                0x200015fc        0x2 ./src/Drivers/LCD/lcd_log.o
                0x200015fc                LCD_CacheBuffer_xptr
 .bss.LCD_LineColor
                0x200015fe        0x2 ./src/Drivers/LCD/lcd_log.o
                0x200015fe                LCD_LineColor
 .bss.LCD_ScrollBackStep
                0x20001600        0x2 ./src/Drivers/LCD/lcd_log.o
                0x20001600                LCD_ScrollBackStep
 *fill*         0x20001602        0x2 
 .bss._ZL16LCD_Currentfonts
                0x20001604        0x4 ./src/Drivers/LCD/stm322xg_eval_lcd.o
 .bss.TextColor
                0x20001608        0x2 ./src/Drivers/LCD/stm322xg_eval_lcd.o
                0x20001608                TextColor
 *fill*         0x2000160a        0x2 
 .bss._ZN5Timer13ms_delayCountE
                0x2000160c        0x4 ./src/Timer.o
                0x2000160c                Timer::ms_delayCount
 .bss.sdaPortIn
                0x20001610       0x10 ./src/main.o
                0x20001610                sdaPortIn
 .bss._ZL16unprocessed_bits
                0x20001620     0x1000 ./src/main.o
 .bss.false_sda_fall_count
                0x20002620        0x4 ./src/main.o
                0x20002620                false_sda_fall_count
 .bss._ZL10bits_index
                0x20002624        0x4 ./src/main.o
 .bss.is_intercepting
                0x20002628        0x1 ./src/main.o
                0x20002628                is_intercepting
 *fill*         0x20002629        0x3 
 .bss.false_sda_rise_count
                0x2000262c        0x4 ./src/main.o
                0x2000262c                false_sda_rise_count
 .bss.scl_rise_count
                0x20002630        0x4 ./src/main.o
                0x20002630                scl_rise_count
 .bss.match_index
                0x20002634        0x1 ./src/main.o
                0x20002634                match_index
 .bss.address_target
                0x20002635        0x1 ./src/main.o
                0x20002635                address_target
 *fill*         0x20002636        0x2 
 .bss.sclPortIn
                0x20002638       0x10 ./src/main.o
                0x20002638                sclPortIn
 .bss._ZZ16EXTI2_IRQHandlerE8temp_bit
                0x20002648        0x1 ./src/main.o
 *fill*         0x20002649        0x3 
 .bss.sda_fall_count
                0x2000264c        0x4 ./src/main.o
                0x2000264c                sda_fall_count
 .bss.sdaPortOut
                0x20002650       0x10 ./src/main.o
                0x20002650                sdaPortOut
 .bss.sda_rise_count
                0x20002660        0x4 ./src/main.o
                0x20002660                sda_rise_count
 .bss._ZL8scl_rise
                0x20002664        0x1 ./src/main.o
 *fill*         0x20002665        0x3 
 .bss.scl_fall_count
                0x20002668        0x4 ./src/main.o
                0x20002668                scl_fall_count
 .bss.is_flip   0x2000266c        0x1 ./src/main.o
                0x2000266c                is_flip
 *fill*         0x2000266d        0x3 
 .bss.__malloc_max_total_mem
                0x20002670        0x4 c:/program files (x86)/gnu tools arm embedded/4.9 2014q4/bin/../lib/gcc/arm-none-eabi/4.9.3/../../../../arm-none-eabi/lib/armv7-m\libg.a(lib_a-mallocr.o)
                0x20002670                __malloc_max_total_mem
 .bss.__malloc_max_sbrked_mem
                0x20002674        0x4 c:/program files (x86)/gnu tools arm embedded/4.9 2014q4/bin/../lib/gcc/arm-none-eabi/4.9.3/../../../../arm-none-eabi/lib/armv7-m\libg.a(lib_a-mallocr.o)
                0x20002674                __malloc_max_sbrked_mem
 .bss.__malloc_top_pad
                0x20002678        0x4 c:/program files (x86)/gnu tools arm embedded/4.9 2014q4/bin/../lib/gcc/arm-none-eabi/4.9.3/../../../../arm-none-eabi/lib/armv7-m\libg.a(lib_a-mallocr.o)
                0x20002678                __malloc_top_pad
 .bss.__malloc_current_mallinfo
                0x2000267c       0x28 c:/program files (x86)/gnu tools arm embedded/4.9 2014q4/bin/../lib/gcc/arm-none-eabi/4.9.3/../../../../arm-none-eabi/lib/armv7-m\libg.a(lib_a-mallocr.o)
                0x2000267c                __malloc_current_mallinfo
 *(COMMON)
 COMMON         0x200026a4        0x4 ./system/src/newlib/_syscalls.o
                0x200026a4                errno
 *(.bss_end .bss_end.*)
 .bss_end       0x200026a8        0x4 ./system/src/newlib/_startup.o
                0x200026ac                . = ALIGN (0x4)
                0x200026ac                __bss_end__ = .
                0x200026ac                _ebss = .

.noinit         0x200026ac        0x0
                0x200026ac                . = ALIGN (0x4)
                0x200026ac                _noinit = .
 *(.noinit .noinit.*)
                0x200026ac                . = ALIGN (0x4)
                0x200026ac                _end_noinit = .
                0x200026ac                PROVIDE (end, _end_noinit)
                0x200026ac                PROVIDE (_end, _end_noinit)
                0x200026ac                PROVIDE (__end, _end_noinit)
                0x200026ac                PROVIDE (__end__, _end_noinit)

._check_stack   0x200026ac      0x100 load address 0x0800bcb0
                0x200026ac                . = ALIGN (0x4)
                0x200027ac                . = (. + _Minimum_Stack_Size)
 *fill*         0x200026ac      0x100 
                0x200027ac                . = ALIGN (0x4)

.bss_CCMRAM
 *(.bss.CCMRAM .bss.CCMRAM.*)

.b1text
 *(.b1text)
 *(.b1rodata)
 *(.b1rodata.*)

.eb0text
 *(.eb0text)
 *(.eb0rodata)
 *(.eb0rodata.*)

.eb1text
 *(.eb1text)
 *(.eb1rodata)
 *(.eb1rodata.*)

.eb2text
 *(.eb2text)
 *(.eb2rodata)
 *(.eb2rodata.*)

.eb3text
 *(.eb3text)
 *(.eb3rodata)
 *(.eb3rodata.*)

.stab
 *(.stab)

.stabstr
 *(.stabstr)

.stab.excl
 *(.stab.excl)

.stab.exclstr
 *(.stab.exclstr)

.stab.index
 *(.stab.index)

.stab.indexstr
 *(.stab.indexstr)

.comment        0x00000000       0x70
 *(.comment)
 .comment       0x00000000       0x70 ./system/src/stm32f2-stdperiph/misc.o
                                 0x71 (size before relaxing)
 .comment       0x00000000       0x71 ./system/src/stm32f2-stdperiph/stm32f2xx_exti.o
 .comment       0x00000000       0x71 ./system/src/stm32f2-stdperiph/stm32f2xx_gpio.o
 .comment       0x00000000       0x71 ./system/src/stm32f2-stdperiph/stm32f2xx_rcc.o
 .comment       0x00000000       0x71 ./system/src/stm32f2-stdperiph/stm32f2xx_syscfg.o
 .comment       0x00000000       0x71 ./system/src/newlib/_exit.o
 .comment       0x00000000       0x71 ./system/src/newlib/_sbrk.o
 .comment       0x00000000       0x71 ./system/src/newlib/_startup.o
 .comment       0x00000000       0x71 ./system/src/newlib/_syscalls.o
 .comment       0x00000000       0x71 ./system/src/newlib/assert.o
 .comment       0x00000000       0x71 ./system/src/diag/Trace.o
 .comment       0x00000000       0x71 ./system/src/diag/trace_impl.o
 .comment       0x00000000       0x71 ./system/src/cortexm/_initialize_hardware.o
 .comment       0x00000000       0x71 ./system/src/cortexm/exception_handlers.o
 .comment       0x00000000       0x71 ./system/src/cmsis/system_stm32f2xx.o
 .comment       0x00000000       0x71 ./system/src/cmsis/vectors_stm32f2xx.o
 .comment       0x00000000       0x71 ./src/Drivers/LCD/fonts.o
 .comment       0x00000000       0x71 ./src/Drivers/LCD/lcd_log.o
 .comment       0x00000000       0x71 ./src/Drivers/LCD/stm322xg_eval.o
 .comment       0x00000000       0x71 ./src/Drivers/LCD/stm322xg_eval_lcd.o
 .comment       0x00000000       0x71 ./src/Drivers/LCD/stm32f2xx_fsmc.o
 .comment       0x00000000       0x71 ./src/Timer.o
 .comment       0x00000000       0x71 ./src/main.o

.ARM.attributes
                0x00000000       0x31
 .ARM.attributes
                0x00000000       0x33 ./system/src/stm32f2-stdperiph/misc.o
 .ARM.attributes
                0x00000033       0x33 ./system/src/stm32f2-stdperiph/stm32f2xx_exti.o
 .ARM.attributes
                0x00000066       0x33 ./system/src/stm32f2-stdperiph/stm32f2xx_gpio.o
 .ARM.attributes
                0x00000099       0x33 ./system/src/stm32f2-stdperiph/stm32f2xx_rcc.o
 .ARM.attributes
                0x000000cc       0x33 ./system/src/stm32f2-stdperiph/stm32f2xx_syscfg.o
 .ARM.attributes
                0x000000ff       0x33 ./system/src/newlib/_exit.o
 .ARM.attributes
                0x00000132       0x33 ./system/src/newlib/_sbrk.o
 .ARM.attributes
                0x00000165       0x33 ./system/src/newlib/_startup.o
 .ARM.attributes
                0x00000198       0x33 ./system/src/newlib/_syscalls.o
 .ARM.attributes
                0x000001cb       0x33 ./system/src/newlib/assert.o
 .ARM.attributes
                0x000001fe       0x33 ./system/src/diag/Trace.o
 .ARM.attributes
                0x00000231       0x33 ./system/src/diag/trace_impl.o
 .ARM.attributes
                0x00000264       0x33 ./system/src/cortexm/_initialize_hardware.o
 .ARM.attributes
                0x00000297       0x33 ./system/src/cortexm/exception_handlers.o
 .ARM.attributes
                0x000002ca       0x33 ./system/src/cmsis/system_stm32f2xx.o
 .ARM.attributes
                0x000002fd       0x33 ./system/src/cmsis/vectors_stm32f2xx.o
 .ARM.attributes
                0x00000330       0x33 ./src/Drivers/LCD/fonts.o
 .ARM.attributes
                0x00000363       0x33 ./src/Drivers/LCD/lcd_log.o
 .ARM.attributes
                0x00000396       0x33 ./src/Drivers/LCD/stm322xg_eval.o
 .ARM.attributes
                0x000003c9       0x33 ./src/Drivers/LCD/stm322xg_eval_lcd.o
 .ARM.attributes
                0x000003fc       0x33 ./src/Drivers/LCD/stm32f2xx_fsmc.o
 .ARM.attributes
                0x0000042f       0x33 ./src/Timer.o
 .ARM.attributes
                0x00000462       0x33 ./src/main.o
 .ARM.attributes
                0x00000495       0x1d c:/program files (x86)/gnu tools arm embedded/4.9 2014q4/bin/../lib/gcc/arm-none-eabi/4.9.3/armv7-m\libgcc.a(_arm_addsubdf3.o)
 .ARM.attributes
                0x000004b2       0x1d c:/program files (x86)/gnu tools arm embedded/4.9 2014q4/bin/../lib/gcc/arm-none-eabi/4.9.3/armv7-m\libgcc.a(_arm_cmpdf2.o)
 .ARM.attributes
                0x000004cf       0x2d c:/program files (x86)/gnu tools arm embedded/4.9 2014q4/bin/../lib/gcc/arm-none-eabi/4.9.3/../../../../arm-none-eabi/lib/armv7-m\libg.a(lib_a-errno.o)
 .ARM.attributes
                0x000004fc       0x2d c:/program files (x86)/gnu tools arm embedded/4.9 2014q4/bin/../lib/gcc/arm-none-eabi/4.9.3/../../../../arm-none-eabi/lib/armv7-m\libg.a(lib_a-impure.o)
 .ARM.attributes
                0x00000529       0x1b c:/program files (x86)/gnu tools arm embedded/4.9 2014q4/bin/../lib/gcc/arm-none-eabi/4.9.3/../../../../arm-none-eabi/lib/armv7-m\libg.a(lib_a-memcpy.o)
 .ARM.attributes
                0x00000544       0x2d c:/program files (x86)/gnu tools arm embedded/4.9 2014q4/bin/../lib/gcc/arm-none-eabi/4.9.3/../../../../arm-none-eabi/lib/armv7-m\libg.a(lib_a-memset.o)
 .ARM.attributes
                0x00000571       0x2d c:/program files (x86)/gnu tools arm embedded/4.9 2014q4/bin/../lib/gcc/arm-none-eabi/4.9.3/../../../../arm-none-eabi/lib/armv7-m\libg.a(lib_a-snprintf.o)
 .ARM.attributes
                0x0000059e       0x2d c:/program files (x86)/gnu tools arm embedded/4.9 2014q4/bin/../lib/gcc/arm-none-eabi/4.9.3/../../../../arm-none-eabi/lib/armv7-m\libg.a(lib_a-strlen.o)
 .ARM.attributes
                0x000005cb       0x2d c:/program files (x86)/gnu tools arm embedded/4.9 2014q4/bin/../lib/gcc/arm-none-eabi/4.9.3/../../../../arm-none-eabi/lib/armv7-m\libg.a(lib_a-svfprintf.o)
 .ARM.attributes
                0x000005f8       0x2d c:/program files (x86)/gnu tools arm embedded/4.9 2014q4/bin/../lib/gcc/arm-none-eabi/4.9.3/../../../../arm-none-eabi/lib/armv7-m\libg.a(lib_a-vsnprintf.o)
 .ARM.attributes
                0x00000625       0x2d c:/program files (x86)/gnu tools arm embedded/4.9 2014q4/bin/../lib/gcc/arm-none-eabi/4.9.3/../../../../arm-none-eabi/lib/armv7-m\libg.a(lib_a-dtoa.o)
 .ARM.attributes
                0x00000652       0x2d c:/program files (x86)/gnu tools arm embedded/4.9 2014q4/bin/../lib/gcc/arm-none-eabi/4.9.3/../../../../arm-none-eabi/lib/armv7-m\libg.a(lib_a-locale.o)
 .ARM.attributes
                0x0000067f       0x2d c:/program files (x86)/gnu tools arm embedded/4.9 2014q4/bin/../lib/gcc/arm-none-eabi/4.9.3/../../../../arm-none-eabi/lib/armv7-m\libg.a(lib_a-mallocr.o)
 .ARM.attributes
                0x000006ac       0x2d c:/program files (x86)/gnu tools arm embedded/4.9 2014q4/bin/../lib/gcc/arm-none-eabi/4.9.3/../../../../arm-none-eabi/lib/armv7-m\libg.a(lib_a-memchr.o)
 .ARM.attributes
                0x000006d9       0x2d c:/program files (x86)/gnu tools arm embedded/4.9 2014q4/bin/../lib/gcc/arm-none-eabi/4.9.3/../../../../arm-none-eabi/lib/armv7-m\libg.a(lib_a-mlock.o)
 .ARM.attributes
                0x00000706       0x2d c:/program files (x86)/gnu tools arm embedded/4.9 2014q4/bin/../lib/gcc/arm-none-eabi/4.9.3/../../../../arm-none-eabi/lib/armv7-m\libg.a(lib_a-mprec.o)
 .ARM.attributes
                0x00000733       0x2d c:/program files (x86)/gnu tools arm embedded/4.9 2014q4/bin/../lib/gcc/arm-none-eabi/4.9.3/../../../../arm-none-eabi/lib/armv7-m\libg.a(lib_a-s_fpclassify.o)
 .ARM.attributes
                0x00000760       0x2d c:/program files (x86)/gnu tools arm embedded/4.9 2014q4/bin/../lib/gcc/arm-none-eabi/4.9.3/../../../../arm-none-eabi/lib/armv7-m\libg.a(lib_a-sbrkr.o)
 .ARM.attributes
                0x0000078d       0x1b c:/program files (x86)/gnu tools arm embedded/4.9 2014q4/bin/../lib/gcc/arm-none-eabi/4.9.3/../../../../arm-none-eabi/lib/armv7-m\libg.a(lib_a-strcmp.o)
 .ARM.attributes
                0x000007a8       0x2d c:/program files (x86)/gnu tools arm embedded/4.9 2014q4/bin/../lib/gcc/arm-none-eabi/4.9.3/../../../../arm-none-eabi/lib/armv7-m\libg.a(lib_a-svfiprintf.o)
 .ARM.attributes
                0x000007d5       0x2d c:/program files (x86)/gnu tools arm embedded/4.9 2014q4/bin/../lib/gcc/arm-none-eabi/4.9.3/../../../../arm-none-eabi/lib/armv7-m\libg.a(lib_a-callocr.o)
 .ARM.attributes
                0x00000802       0x2d c:/program files (x86)/gnu tools arm embedded/4.9 2014q4/bin/../lib/gcc/arm-none-eabi/4.9.3/../../../../arm-none-eabi/lib/armv7-m\libg.a(lib_a-freer.o)
 .ARM.attributes
                0x0000082f       0x2d c:/program files (x86)/gnu tools arm embedded/4.9 2014q4/bin/../lib/gcc/arm-none-eabi/4.9.3/../../../../arm-none-eabi/lib/armv7-m\libg.a(lib_a-memmove.o)
 .ARM.attributes
                0x0000085c       0x2d c:/program files (x86)/gnu tools arm embedded/4.9 2014q4/bin/../lib/gcc/arm-none-eabi/4.9.3/../../../../arm-none-eabi/lib/armv7-m\libg.a(lib_a-reallocr.o)
 .ARM.attributes
                0x00000889       0x1d c:/program files (x86)/gnu tools arm embedded/4.9 2014q4/bin/../lib/gcc/arm-none-eabi/4.9.3/armv7-m\libgcc.a(_arm_muldivdf3.o)
 .ARM.attributes
                0x000008a6       0x1d c:/program files (x86)/gnu tools arm embedded/4.9 2014q4/bin/../lib/gcc/arm-none-eabi/4.9.3/armv7-m\libgcc.a(_arm_fixdfsi.o)
 .ARM.attributes
                0x000008c3       0x1d c:/program files (x86)/gnu tools arm embedded/4.9 2014q4/bin/../lib/gcc/arm-none-eabi/4.9.3/armv7-m\libgcc.a(_aeabi_uldivmod.o)
 .ARM.attributes
                0x000008e0       0x2d c:/program files (x86)/gnu tools arm embedded/4.9 2014q4/bin/../lib/gcc/arm-none-eabi/4.9.3/armv7-m\libgcc.a(bpabi.o)
 .ARM.attributes
                0x0000090d       0x1d c:/program files (x86)/gnu tools arm embedded/4.9 2014q4/bin/../lib/gcc/arm-none-eabi/4.9.3/armv7-m\libgcc.a(_dvmd_tls.o)
 .ARM.attributes
                0x0000092a       0x2d c:/program files (x86)/gnu tools arm embedded/4.9 2014q4/bin/../lib/gcc/arm-none-eabi/4.9.3/armv7-m\libgcc.a(_divdi3.o)
 .ARM.attributes
                0x00000957       0x2d c:/program files (x86)/gnu tools arm embedded/4.9 2014q4/bin/../lib/gcc/arm-none-eabi/4.9.3/armv7-m\libgcc.a(_udivdi3.o)

.debug
 *(.debug)

.line
 *(.line)

.debug_srcinfo
 *(.debug_srcinfo)

.debug_sfnames
 *(.debug_sfnames)

.debug_aranges  0x00000000      0x940
 *(.debug_aranges)
 .debug_aranges
                0x00000000       0x40 ./system/src/stm32f2-stdperiph/misc.o
 .debug_aranges
                0x00000040       0x58 ./system/src/stm32f2-stdperiph/stm32f2xx_exti.o
 .debug_aranges
                0x00000098       0x88 ./system/src/stm32f2-stdperiph/stm32f2xx_gpio.o
 .debug_aranges
                0x00000120      0x178 ./system/src/stm32f2-stdperiph/stm32f2xx_rcc.o
 .debug_aranges
                0x00000298       0x48 ./system/src/stm32f2-stdperiph/stm32f2xx_syscfg.o
 .debug_aranges
                0x000002e0       0x28 ./system/src/newlib/_exit.o
 .debug_aranges
                0x00000308       0x20 ./system/src/newlib/_sbrk.o
 .debug_aranges
                0x00000328       0x40 ./system/src/newlib/_startup.o
 .debug_aranges
                0x00000368       0xd0 ./system/src/newlib/_syscalls.o
 .debug_aranges
                0x00000438       0x28 ./system/src/newlib/assert.o
 .debug_aranges
                0x00000460       0x48 ./system/src/diag/Trace.o
 .debug_aranges
                0x000004a8       0x28 ./system/src/diag/trace_impl.o
 .debug_aranges
                0x000004d0       0x28 ./system/src/cortexm/_initialize_hardware.o
 .debug_aranges
                0x000004f8       0x68 ./system/src/cortexm/exception_handlers.o
 .debug_aranges
                0x00000560       0x28 ./system/src/cmsis/system_stm32f2xx.o
 .debug_aranges
                0x00000588       0x20 ./system/src/cmsis/vectors_stm32f2xx.o
 .debug_aranges
                0x000005a8       0x18 ./src/Drivers/LCD/fonts.o
 .debug_aranges
                0x000005c0       0x58 ./src/Drivers/LCD/lcd_log.o
 .debug_aranges
                0x00000618       0x88 ./src/Drivers/LCD/stm322xg_eval.o
 .debug_aranges
                0x000006a0      0x150 ./src/Drivers/LCD/stm322xg_eval_lcd.o
 .debug_aranges
                0x000007f0       0xb0 ./src/Drivers/LCD/stm32f2xx_fsmc.o
 .debug_aranges
                0x000008a0       0x28 ./src/Timer.o
 .debug_aranges
                0x000008c8       0x78 ./src/main.o

.debug_pubnames
 *(.debug_pubnames)

.debug_info     0x00000000    0x1033e
 *(.debug_info .gnu.linkonce.wi.*)
 .debug_info    0x00000000      0x65c ./system/src/stm32f2-stdperiph/misc.o
 .debug_info    0x0000065c      0x48f ./system/src/stm32f2-stdperiph/stm32f2xx_exti.o
 .debug_info    0x00000aeb      0xb10 ./system/src/stm32f2-stdperiph/stm32f2xx_gpio.o
 .debug_info    0x000015fb     0x13f6 ./system/src/stm32f2-stdperiph/stm32f2xx_rcc.o
 .debug_info    0x000029f1      0x364 ./system/src/stm32f2-stdperiph/stm32f2xx_syscfg.o
 .debug_info    0x00002d55      0x100 ./system/src/newlib/_exit.o
 .debug_info    0x00002e55      0x125 ./system/src/newlib/_sbrk.o
 .debug_info    0x00002f7a      0x4f3 ./system/src/newlib/_startup.o
 .debug_info    0x0000346d      0x8f3 ./system/src/newlib/_syscalls.o
 .debug_info    0x00003d60      0x250 ./system/src/newlib/assert.o
 .debug_info    0x00003fb0      0x445 ./system/src/diag/Trace.o
 .debug_info    0x000043f5      0x3f8 ./system/src/diag/trace_impl.o
 .debug_info    0x000047ed       0xea ./system/src/cortexm/_initialize_hardware.o
 .debug_info    0x000048d7       0xe9 ./system/src/cortexm/exception_handlers.o
 .debug_info    0x000049c0      0x58c ./system/src/cmsis/system_stm32f2xx.o
 .debug_info    0x00004f4c       0xa8 ./system/src/cmsis/vectors_stm32f2xx.o
 .debug_info    0x00004ff4      0x1a2 ./src/Drivers/LCD/fonts.o
 .debug_info    0x00005196      0x97e ./src/Drivers/LCD/lcd_log.o
 .debug_info    0x00005b14     0x1af5 ./src/Drivers/LCD/stm322xg_eval.o
 .debug_info    0x00007609     0x5d17 ./src/Drivers/LCD/stm322xg_eval_lcd.o
 .debug_info    0x0000d320     0x11e0 ./src/Drivers/LCD/stm32f2xx_fsmc.o
 .debug_info    0x0000e500      0x1b6 ./src/Timer.o
 .debug_info    0x0000e6b6     0x1c88 ./src/main.o

.debug_abbrev   0x00000000     0x29fe
 *(.debug_abbrev)
 .debug_abbrev  0x00000000      0x188 ./system/src/stm32f2-stdperiph/misc.o
 .debug_abbrev  0x00000188      0x1f7 ./system/src/stm32f2-stdperiph/stm32f2xx_exti.o
 .debug_abbrev  0x0000037f      0x20a ./system/src/stm32f2-stdperiph/stm32f2xx_gpio.o
 .debug_abbrev  0x00000589      0x2ca ./system/src/stm32f2-stdperiph/stm32f2xx_rcc.o
 .debug_abbrev  0x00000853      0x186 ./system/src/stm32f2-stdperiph/stm32f2xx_syscfg.o
 .debug_abbrev  0x000009d9       0xa4 ./system/src/newlib/_exit.o
 .debug_abbrev  0x00000a7d       0xbb ./system/src/newlib/_sbrk.o
 .debug_abbrev  0x00000b38      0x22e ./system/src/newlib/_startup.o
 .debug_abbrev  0x00000d66      0x178 ./system/src/newlib/_syscalls.o
 .debug_abbrev  0x00000ede      0x112 ./system/src/newlib/assert.o
 .debug_abbrev  0x00000ff0      0x1cf ./system/src/diag/Trace.o
 .debug_abbrev  0x000011bf      0x1a0 ./system/src/diag/trace_impl.o
 .debug_abbrev  0x0000135f       0x8b ./system/src/cortexm/_initialize_hardware.o
 .debug_abbrev  0x000013ea       0x65 ./system/src/cortexm/exception_handlers.o
 .debug_abbrev  0x0000144f      0x162 ./system/src/cmsis/system_stm32f2xx.o
 .debug_abbrev  0x000015b1       0xac ./system/src/cmsis/vectors_stm32f2xx.o
 .debug_abbrev  0x0000165d       0xa5 ./src/Drivers/LCD/fonts.o
 .debug_abbrev  0x00001702      0x317 ./src/Drivers/LCD/lcd_log.o
 .debug_abbrev  0x00001a19      0x285 ./src/Drivers/LCD/stm322xg_eval.o
 .debug_abbrev  0x00001c9e      0x3d3 ./src/Drivers/LCD/stm322xg_eval_lcd.o
 .debug_abbrev  0x00002071      0x1e0 ./src/Drivers/LCD/stm32f2xx_fsmc.o
 .debug_abbrev  0x00002251      0x181 ./src/Timer.o
 .debug_abbrev  0x000023d2      0x62c ./src/main.o

.debug_line     0x00000000     0x9052
 *(.debug_line)
 .debug_line    0x00000000      0x578 ./system/src/stm32f2-stdperiph/misc.o
 .debug_line    0x00000578      0x6a1 ./system/src/stm32f2-stdperiph/stm32f2xx_exti.o
 .debug_line    0x00000c19      0xa17 ./system/src/stm32f2-stdperiph/stm32f2xx_gpio.o
 .debug_line    0x00001630      0xc2c ./system/src/stm32f2-stdperiph/stm32f2xx_rcc.o
 .debug_line    0x0000225c      0x53a ./system/src/stm32f2-stdperiph/stm32f2xx_syscfg.o
 .debug_line    0x00002796      0x2c1 ./system/src/newlib/_exit.o
 .debug_line    0x00002a57      0x26d ./system/src/newlib/_sbrk.o
 .debug_line    0x00002cc4      0x338 ./system/src/newlib/_startup.o
 .debug_line    0x00002ffc      0x4db ./system/src/newlib/_syscalls.o
 .debug_line    0x000034d7      0x33e ./system/src/newlib/assert.o
 .debug_line    0x00003815      0x35f ./system/src/diag/Trace.o
 .debug_line    0x00003b74      0x595 ./system/src/diag/trace_impl.o
 .debug_line    0x00004109      0x4c6 ./system/src/cortexm/_initialize_hardware.o
 .debug_line    0x000045cf       0xbf ./system/src/cortexm/exception_handlers.o
 .debug_line    0x0000468e      0x501 ./system/src/cmsis/system_stm32f2xx.o
 .debug_line    0x00004b8f       0x8e ./system/src/cmsis/vectors_stm32f2xx.o
 .debug_line    0x00004c1d      0x1f0 ./src/Drivers/LCD/fonts.o
 .debug_line    0x00004e0d      0x7e3 ./src/Drivers/LCD/lcd_log.o
 .debug_line    0x000055f0      0x75e ./src/Drivers/LCD/stm322xg_eval.o
 .debug_line    0x00005d4e     0x16b0 ./src/Drivers/LCD/stm322xg_eval_lcd.o
 .debug_line    0x000073fe      0x9fe ./src/Drivers/LCD/stm32f2xx_fsmc.o
 .debug_line    0x00007dfc      0x4f0 ./src/Timer.o
 .debug_line    0x000082ec      0xd66 ./src/main.o

.debug_frame    0x00000000     0x235c
 *(.debug_frame)
 .debug_frame   0x00000000       0x94 ./system/src/stm32f2-stdperiph/misc.o
 .debug_frame   0x00000094       0xc4 ./system/src/stm32f2-stdperiph/stm32f2xx_exti.o
 .debug_frame   0x00000158      0x1e4 ./system/src/stm32f2-stdperiph/stm32f2xx_gpio.o
 .debug_frame   0x0000033c      0x474 ./system/src/stm32f2-stdperiph/stm32f2xx_rcc.o
 .debug_frame   0x000007b0       0xa0 ./system/src/stm32f2-stdperiph/stm32f2xx_syscfg.o
 .debug_frame   0x00000850       0x38 ./system/src/newlib/_exit.o
 .debug_frame   0x00000888       0x28 ./system/src/newlib/_sbrk.o
 .debug_frame   0x000008b0       0x80 ./system/src/newlib/_startup.o
 .debug_frame   0x00000930      0x230 ./system/src/newlib/_syscalls.o
 .debug_frame   0x00000b60       0x44 ./system/src/newlib/assert.o
 .debug_frame   0x00000ba4      0x108 ./system/src/diag/Trace.o
 .debug_frame   0x00000cac       0x48 ./system/src/diag/trace_impl.o
 .debug_frame   0x00000cf4       0x30 ./system/src/cortexm/_initialize_hardware.o
 .debug_frame   0x00000d24       0xb8 ./system/src/cortexm/exception_handlers.o
 .debug_frame   0x00000ddc       0x48 ./system/src/cmsis/system_stm32f2xx.o
 .debug_frame   0x00000e24       0x20 ./system/src/cmsis/vectors_stm32f2xx.o
 .debug_frame   0x00000e44      0x154 ./src/Drivers/LCD/lcd_log.o
 .debug_frame   0x00000f98      0x1d4 ./src/Drivers/LCD/stm322xg_eval.o
 .debug_frame   0x0000116c      0x518 ./src/Drivers/LCD/stm322xg_eval_lcd.o
 .debug_frame   0x00001684      0x214 ./src/Drivers/LCD/stm32f2xx_fsmc.o
 .debug_frame   0x00001898       0x30 ./src/Timer.o
 .debug_frame   0x000018c8      0x188 ./src/main.o
 .debug_frame   0x00001a50       0x20 c:/program files (x86)/gnu tools arm embedded/4.9 2014q4/bin/../lib/gcc/arm-none-eabi/4.9.3/../../../../arm-none-eabi/lib/armv7-m\libg.a(lib_a-errno.o)
 .debug_frame   0x00001a70       0x34 c:/program files (x86)/gnu tools arm embedded/4.9 2014q4/bin/../lib/gcc/arm-none-eabi/4.9.3/../../../../arm-none-eabi/lib/armv7-m\libg.a(lib_a-memset.o)
 .debug_frame   0x00001aa4       0xd0 c:/program files (x86)/gnu tools arm embedded/4.9 2014q4/bin/../lib/gcc/arm-none-eabi/4.9.3/../../../../arm-none-eabi/lib/armv7-m\libg.a(lib_a-snprintf.o)
 .debug_frame   0x00001b74       0x20 c:/program files (x86)/gnu tools arm embedded/4.9 2014q4/bin/../lib/gcc/arm-none-eabi/4.9.3/../../../../arm-none-eabi/lib/armv7-m\libg.a(lib_a-strlen.o)
 .debug_frame   0x00001b94       0x40 c:/program files (x86)/gnu tools arm embedded/4.9 2014q4/bin/../lib/gcc/arm-none-eabi/4.9.3/../../../../arm-none-eabi/lib/armv7-m\libg.a(lib_a-svfprintf.o)
 .debug_frame   0x00001bd4       0x60 c:/program files (x86)/gnu tools arm embedded/4.9 2014q4/bin/../lib/gcc/arm-none-eabi/4.9.3/../../../../arm-none-eabi/lib/armv7-m\libg.a(lib_a-vsnprintf.o)
 .debug_frame   0x00001c34       0x84 c:/program files (x86)/gnu tools arm embedded/4.9 2014q4/bin/../lib/gcc/arm-none-eabi/4.9.3/../../../../arm-none-eabi/lib/armv7-m\libg.a(lib_a-dtoa.o)
 .debug_frame   0x00001cb8       0x9c c:/program files (x86)/gnu tools arm embedded/4.9 2014q4/bin/../lib/gcc/arm-none-eabi/4.9.3/../../../../arm-none-eabi/lib/armv7-m\libg.a(lib_a-locale.o)
 .debug_frame   0x00001d54       0x54 c:/program files (x86)/gnu tools arm embedded/4.9 2014q4/bin/../lib/gcc/arm-none-eabi/4.9.3/../../../../arm-none-eabi/lib/armv7-m\libg.a(lib_a-mallocr.o)
 .debug_frame   0x00001da8       0x3c c:/program files (x86)/gnu tools arm embedded/4.9 2014q4/bin/../lib/gcc/arm-none-eabi/4.9.3/../../../../arm-none-eabi/lib/armv7-m\libg.a(lib_a-memchr.o)
 .debug_frame   0x00001de4       0x30 c:/program files (x86)/gnu tools arm embedded/4.9 2014q4/bin/../lib/gcc/arm-none-eabi/4.9.3/../../../../arm-none-eabi/lib/armv7-m\libg.a(lib_a-mlock.o)
 .debug_frame   0x00001e14      0x268 c:/program files (x86)/gnu tools arm embedded/4.9 2014q4/bin/../lib/gcc/arm-none-eabi/4.9.3/../../../../arm-none-eabi/lib/armv7-m\libg.a(lib_a-mprec.o)
 .debug_frame   0x0000207c       0x34 c:/program files (x86)/gnu tools arm embedded/4.9 2014q4/bin/../lib/gcc/arm-none-eabi/4.9.3/../../../../arm-none-eabi/lib/armv7-m\libg.a(lib_a-s_fpclassify.o)
 .debug_frame   0x000020b0       0x2c c:/program files (x86)/gnu tools arm embedded/4.9 2014q4/bin/../lib/gcc/arm-none-eabi/4.9.3/../../../../arm-none-eabi/lib/armv7-m\libg.a(lib_a-sbrkr.o)
 .debug_frame   0x000020dc       0x78 c:/program files (x86)/gnu tools arm embedded/4.9 2014q4/bin/../lib/gcc/arm-none-eabi/4.9.3/../../../../arm-none-eabi/lib/armv7-m\libg.a(lib_a-svfiprintf.o)
 .debug_frame   0x00002154       0x28 c:/program files (x86)/gnu tools arm embedded/4.9 2014q4/bin/../lib/gcc/arm-none-eabi/4.9.3/../../../../arm-none-eabi/lib/armv7-m\libg.a(lib_a-callocr.o)
 .debug_frame   0x0000217c       0x74 c:/program files (x86)/gnu tools arm embedded/4.9 2014q4/bin/../lib/gcc/arm-none-eabi/4.9.3/../../../../arm-none-eabi/lib/armv7-m\libg.a(lib_a-freer.o)
 .debug_frame   0x000021f0       0x30 c:/program files (x86)/gnu tools arm embedded/4.9 2014q4/bin/../lib/gcc/arm-none-eabi/4.9.3/../../../../arm-none-eabi/lib/armv7-m\libg.a(lib_a-memmove.o)
 .debug_frame   0x00002220       0x58 c:/program files (x86)/gnu tools arm embedded/4.9 2014q4/bin/../lib/gcc/arm-none-eabi/4.9.3/../../../../arm-none-eabi/lib/armv7-m\libg.a(lib_a-reallocr.o)
 .debug_frame   0x00002278       0x28 c:/program files (x86)/gnu tools arm embedded/4.9 2014q4/bin/../lib/gcc/arm-none-eabi/4.9.3/armv7-m\libgcc.a(_aeabi_uldivmod.o)
 .debug_frame   0x000022a0       0x54 c:/program files (x86)/gnu tools arm embedded/4.9 2014q4/bin/../lib/gcc/arm-none-eabi/4.9.3/armv7-m\libgcc.a(bpabi.o)
 .debug_frame   0x000022f4       0x34 c:/program files (x86)/gnu tools arm embedded/4.9 2014q4/bin/../lib/gcc/arm-none-eabi/4.9.3/armv7-m\libgcc.a(_divdi3.o)
 .debug_frame   0x00002328       0x34 c:/program files (x86)/gnu tools arm embedded/4.9 2014q4/bin/../lib/gcc/arm-none-eabi/4.9.3/armv7-m\libgcc.a(_udivdi3.o)

.debug_str      0x00000000    0x629f4
 *(.debug_str)
 .debug_str     0x00000000    0x54bf1 ./system/src/stm32f2-stdperiph/misc.o
                              0x54d99 (size before relaxing)
 .debug_str     0x00054bf1      0x1c2 ./system/src/stm32f2-stdperiph/stm32f2xx_exti.o
                              0x54d42 (size before relaxing)
 .debug_str     0x00054db3      0x29c ./system/src/stm32f2-stdperiph/stm32f2xx_gpio.o
                              0x54e6b (size before relaxing)
 .debug_str     0x0005504f      0xae8 ./system/src/stm32f2-stdperiph/stm32f2xx_rcc.o
                              0x556c5 (size before relaxing)
 .debug_str     0x00055b37      0x2aa ./system/src/stm32f2-stdperiph/stm32f2xx_syscfg.o
                              0x54e0c (size before relaxing)
 .debug_str     0x00055de1     0x3617 ./system/src/newlib/_exit.o
                               0x5db9 (size before relaxing)
 .debug_str     0x000593f8      0x4d6 ./system/src/newlib/_sbrk.o
                               0x452b (size before relaxing)
 .debug_str     0x000598ce      0x267 ./system/src/newlib/_startup.o
                               0x3fd3 (size before relaxing)
 .debug_str     0x00059b35      0xe41 ./system/src/newlib/_syscalls.o
                               0x622e (size before relaxing)
 .debug_str     0x0005a976      0x833 ./system/src/newlib/assert.o
                               0x6f09 (size before relaxing)
 .debug_str     0x0005b1a9      0x178 ./system/src/diag/Trace.o
                               0x65f9 (size before relaxing)
 .debug_str     0x0005b321       0xd2 ./system/src/diag/trace_impl.o
                              0x575d7 (size before relaxing)
 .debug_str     0x0005b3f3       0x4e ./system/src/cortexm/_initialize_hardware.o
                              0x54b6d (size before relaxing)
 .debug_str     0x0005b441       0xe8 ./system/src/cortexm/exception_handlers.o
                               0x25b1 (size before relaxing)
 .debug_str     0x0005b529       0xb0 ./system/src/cmsis/system_stm32f2xx.o
                              0x54d63 (size before relaxing)
 .debug_str     0x0005b5d9       0x57 ./system/src/cmsis/vectors_stm32f2xx.o
                               0x254e (size before relaxing)
 .debug_str     0x0005b630      0x503 ./src/Drivers/LCD/fonts.o
                               0x331b (size before relaxing)
 .debug_str     0x0005bb33     0x2b3c ./src/Drivers/LCD/lcd_log.o
                              0x5a7ef (size before relaxing)
 .debug_str     0x0005e66f      0xb13 ./src/Drivers/LCD/stm322xg_eval.o
                              0x5760f (size before relaxing)
 .debug_str     0x0005f182      0x6b0 ./src/Drivers/LCD/stm322xg_eval_lcd.o
                              0x57b45 (size before relaxing)
 .debug_str     0x0005f832      0x4d3 ./src/Drivers/LCD/stm32f2xx_fsmc.o
                              0x55265 (size before relaxing)
 .debug_str     0x0005fd05       0xa4 ./src/Timer.o
                              0x54e29 (size before relaxing)
 .debug_str     0x0005fda9     0x2c4b ./src/main.o
                              0x5de0f (size before relaxing)

.debug_loc      0x00000000     0x95e2
 *(.debug_loc)
 .debug_loc     0x00000000      0x1c9 ./system/src/stm32f2-stdperiph/misc.o
 .debug_loc     0x000001c9      0x254 ./system/src/stm32f2-stdperiph/stm32f2xx_exti.o
 .debug_loc     0x0000041d      0x624 ./system/src/stm32f2-stdperiph/stm32f2xx_gpio.o
 .debug_loc     0x00000a41     0x11ef ./system/src/stm32f2-stdperiph/stm32f2xx_rcc.o
 .debug_loc     0x00001c30      0x150 ./system/src/stm32f2-stdperiph/stm32f2xx_syscfg.o
 .debug_loc     0x00001d80       0x6a ./system/src/newlib/_sbrk.o
 .debug_loc     0x00001dea      0x1ab ./system/src/newlib/_startup.o
 .debug_loc     0x00001f95      0x549 ./system/src/newlib/_syscalls.o
 .debug_loc     0x000024de      0x12f ./system/src/newlib/assert.o
 .debug_loc     0x0000260d      0x161 ./system/src/diag/Trace.o
 .debug_loc     0x0000276e       0xe3 ./system/src/diag/trace_impl.o
 .debug_loc     0x00002851      0x155 ./system/src/cmsis/system_stm32f2xx.o
 .debug_loc     0x000029a6      0x537 ./src/Drivers/LCD/lcd_log.o
 .debug_loc     0x00002edd      0x254 ./src/Drivers/LCD/stm322xg_eval.o
 .debug_loc     0x00003131     0x56b2 ./src/Drivers/LCD/stm322xg_eval_lcd.o
 .debug_loc     0x000087e3      0x714 ./src/Drivers/LCD/stm32f2xx_fsmc.o
 .debug_loc     0x00008ef7      0x6eb ./src/main.o

.debug_macinfo
 *(.debug_macinfo)

.debug_weaknames
 *(.debug_weaknames)

.debug_funcnames
 *(.debug_funcnames)

.debug_typenames
 *(.debug_typenames)

.debug_varnames
 *(.debug_varnames)
OUTPUT(i2c_sniff.elf elf32-littlearm)

.debug_ranges   0x00000000     0x32c8
 .debug_ranges  0x00000000       0x30 ./system/src/stm32f2-stdperiph/misc.o
 .debug_ranges  0x00000030       0x48 ./system/src/stm32f2-stdperiph/stm32f2xx_exti.o
 .debug_ranges  0x00000078       0x78 ./system/src/stm32f2-stdperiph/stm32f2xx_gpio.o
 .debug_ranges  0x000000f0      0x180 ./system/src/stm32f2-stdperiph/stm32f2xx_rcc.o
 .debug_ranges  0x00000270       0x38 ./system/src/stm32f2-stdperiph/stm32f2xx_syscfg.o
 .debug_ranges  0x000002a8       0x18 ./system/src/newlib/_exit.o
 .debug_ranges  0x000002c0       0x10 ./system/src/newlib/_sbrk.o
 .debug_ranges  0x000002d0       0x88 ./system/src/newlib/_startup.o
 .debug_ranges  0x00000358       0xc0 ./system/src/newlib/_syscalls.o
 .debug_ranges  0x00000418       0x18 ./system/src/newlib/assert.o
 .debug_ranges  0x00000430       0x38 ./system/src/diag/Trace.o
 .debug_ranges  0x00000468       0x58 ./system/src/diag/trace_impl.o
 .debug_ranges  0x000004c0       0x18 ./system/src/cortexm/_initialize_hardware.o
 .debug_ranges  0x000004d8       0x58 ./system/src/cortexm/exception_handlers.o
 .debug_ranges  0x00000530       0x30 ./system/src/cmsis/system_stm32f2xx.o
 .debug_ranges  0x00000560       0x10 ./system/src/cmsis/vectors_stm32f2xx.o
 .debug_ranges  0x00000570       0xf8 ./src/Drivers/LCD/lcd_log.o
 .debug_ranges  0x00000668      0x140 ./src/Drivers/LCD/stm322xg_eval.o
 .debug_ranges  0x000007a8     0x28a8 ./src/Drivers/LCD/stm322xg_eval_lcd.o
 .debug_ranges  0x00003050       0xa0 ./src/Drivers/LCD/stm32f2xx_fsmc.o
 .debug_ranges  0x000030f0       0x18 ./src/Timer.o
 .debug_ranges  0x00003108      0x1c0 ./src/main.o

.debug_macro    0x00000000    0x12f2a
 .debug_macro   0x00000000      0x1a4 ./system/src/stm32f2-stdperiph/misc.o
 .debug_macro   0x000001a4      0x88c ./system/src/stm32f2-stdperiph/misc.o
 .debug_macro   0x00000a30       0x50 ./system/src/stm32f2-stdperiph/misc.o
 .debug_macro   0x00000a80       0x3a ./system/src/stm32f2-stdperiph/misc.o
 .debug_macro   0x00000aba       0x22 ./system/src/stm32f2-stdperiph/misc.o
 .debug_macro   0x00000adc       0x44 ./system/src/stm32f2-stdperiph/misc.o
 .debug_macro   0x00000b20       0x1c ./system/src/stm32f2-stdperiph/misc.o
 .debug_macro   0x00000b3c      0x1f7 ./system/src/stm32f2-stdperiph/misc.o
 .debug_macro   0x00000d33       0x2d ./system/src/stm32f2-stdperiph/misc.o
 .debug_macro   0x00000d60      0xbb1 ./system/src/stm32f2-stdperiph/misc.o
 .debug_macro   0x00001911     0x7f9a ./system/src/stm32f2-stdperiph/misc.o
 .debug_macro   0x000098ab      0x455 ./system/src/stm32f2-stdperiph/misc.o
 .debug_macro   0x00009d00      0x3cf ./system/src/stm32f2-stdperiph/misc.o
 .debug_macro   0x0000a0cf      0x111 ./system/src/stm32f2-stdperiph/misc.o
 .debug_macro   0x0000a1e0      0x188 ./system/src/stm32f2-stdperiph/misc.o
 .debug_macro   0x0000a368       0xb2 ./system/src/stm32f2-stdperiph/misc.o
 .debug_macro   0x0000a41a      0x149 ./system/src/stm32f2-stdperiph/misc.o
 .debug_macro   0x0000a563      0x477 ./system/src/stm32f2-stdperiph/misc.o
 .debug_macro   0x0000a9da       0xb4 ./system/src/stm32f2-stdperiph/misc.o
 .debug_macro   0x0000aa8e      0x242 ./system/src/stm32f2-stdperiph/misc.o
 .debug_macro   0x0000acd0      0x279 ./system/src/stm32f2-stdperiph/misc.o
 .debug_macro   0x0000af49       0xb5 ./system/src/stm32f2-stdperiph/misc.o
 .debug_macro   0x0000affe      0x25e ./system/src/stm32f2-stdperiph/misc.o
 .debug_macro   0x0000b25c      0x2b4 ./system/src/stm32f2-stdperiph/misc.o
 .debug_macro   0x0000b510       0x64 ./system/src/stm32f2-stdperiph/misc.o
 .debug_macro   0x0000b574       0x88 ./system/src/stm32f2-stdperiph/misc.o
 .debug_macro   0x0000b5fc      0x575 ./system/src/stm32f2-stdperiph/misc.o
 .debug_macro   0x0000bb71       0x40 ./system/src/stm32f2-stdperiph/misc.o
 .debug_macro   0x0000bbb1      0x3f3 ./system/src/stm32f2-stdperiph/misc.o
 .debug_macro   0x0000bfa4      0x344 ./system/src/stm32f2-stdperiph/misc.o
 .debug_macro   0x0000c2e8      0x358 ./system/src/stm32f2-stdperiph/misc.o
 .debug_macro   0x0000c640       0xe1 ./system/src/stm32f2-stdperiph/misc.o
 .debug_macro   0x0000c721      0x73b ./system/src/stm32f2-stdperiph/misc.o
 .debug_macro   0x0000ce5c      0x223 ./system/src/stm32f2-stdperiph/misc.o
 .debug_macro   0x0000d07f       0x34 ./system/src/stm32f2-stdperiph/misc.o
 .debug_macro   0x0000d0b3       0x35 ./system/src/stm32f2-stdperiph/misc.o
 .debug_macro   0x0000d0e8       0x7c ./system/src/stm32f2-stdperiph/misc.o
 .debug_macro   0x0000d164      0x1a4 ./system/src/stm32f2-stdperiph/stm32f2xx_exti.o
 .debug_macro   0x0000d308       0x82 ./system/src/stm32f2-stdperiph/stm32f2xx_exti.o
 .debug_macro   0x0000d38a       0xae ./system/src/stm32f2-stdperiph/stm32f2xx_exti.o
 .debug_macro   0x0000d438      0x19e ./system/src/stm32f2-stdperiph/stm32f2xx_gpio.o
 .debug_macro   0x0000d5d6      0x258 ./system/src/stm32f2-stdperiph/stm32f2xx_gpio.o
 .debug_macro   0x0000d82e      0x247 ./system/src/stm32f2-stdperiph/stm32f2xx_rcc.o
 .debug_macro   0x0000da75      0x56f ./system/src/stm32f2-stdperiph/stm32f2xx_rcc.o
 .debug_macro   0x0000dfe4      0x1c8 ./system/src/stm32f2-stdperiph/stm32f2xx_syscfg.o
 .debug_macro   0x0000e1ac       0xdb ./system/src/stm32f2-stdperiph/stm32f2xx_syscfg.o
 .debug_macro   0x0000e287      0x128 ./system/src/newlib/_exit.o
 .debug_macro   0x0000e3af       0x9c ./system/src/newlib/_exit.o
 .debug_macro   0x0000e44b      0x10e ./system/src/newlib/_exit.o
 .debug_macro   0x0000e559       0x86 ./system/src/newlib/_exit.o
 .debug_macro   0x0000e5df       0x43 ./system/src/newlib/_exit.o
 .debug_macro   0x0000e622       0x35 ./system/src/newlib/_exit.o
 .debug_macro   0x0000e657      0x27a ./system/src/newlib/_exit.o
 .debug_macro   0x0000e8d1       0xd1 ./system/src/newlib/_sbrk.o
 .debug_macro   0x0000e9a2       0x19 ./system/src/newlib/_sbrk.o
 .debug_macro   0x0000e9bb      0x16d ./system/src/newlib/_sbrk.o
 .debug_macro   0x0000eb28       0x10 ./system/src/newlib/_sbrk.o
 .debug_macro   0x0000eb38      0x23b ./system/src/newlib/_sbrk.o
 .debug_macro   0x0000ed73       0xf0 ./system/src/newlib/_startup.o
 .debug_macro   0x0000ee63      0x17c ./system/src/newlib/_syscalls.o
 .debug_macro   0x0000efdf       0x1c ./system/src/newlib/_syscalls.o
 .debug_macro   0x0000effb       0x10 ./system/src/newlib/_syscalls.o
 .debug_macro   0x0000f00b       0x10 ./system/src/newlib/_syscalls.o
 .debug_macro   0x0000f01b       0x10 ./system/src/newlib/_syscalls.o
 .debug_macro   0x0000f02b       0x35 ./system/src/newlib/_syscalls.o
 .debug_macro   0x0000f060      0x121 ./system/src/newlib/_syscalls.o
 .debug_macro   0x0000f181       0x22 ./system/src/newlib/_syscalls.o
 .debug_macro   0x0000f1a3       0x2b ./system/src/newlib/_syscalls.o
 .debug_macro   0x0000f1ce      0x118 ./system/src/newlib/_syscalls.o
 .debug_macro   0x0000f2e6      0x13e ./system/src/newlib/_syscalls.o
 .debug_macro   0x0000f424       0x16 ./system/src/newlib/_syscalls.o
 .debug_macro   0x0000f43a      0x19f ./system/src/newlib/assert.o
 .debug_macro   0x0000f5d9       0x1c ./system/src/newlib/assert.o
 .debug_macro   0x0000f5f5       0x10 ./system/src/newlib/assert.o
 .debug_macro   0x0000f605       0x1c ./system/src/newlib/assert.o
 .debug_macro   0x0000f621       0x10 ./system/src/newlib/assert.o
 .debug_macro   0x0000f631       0x16 ./system/src/newlib/assert.o
 .debug_macro   0x0000f647      0x16d ./system/src/newlib/assert.o
 .debug_macro   0x0000f7b4      0x14f ./system/src/diag/Trace.o
 .debug_macro   0x0000f903       0x16 ./system/src/diag/Trace.o
 .debug_macro   0x0000f919       0x97 ./system/src/diag/Trace.o
 .debug_macro   0x0000f9b0       0xf6 ./system/src/diag/Trace.o
 .debug_macro   0x0000faa6       0x52 ./system/src/diag/Trace.o
 .debug_macro   0x0000faf8       0x16 ./system/src/diag/Trace.o
 .debug_macro   0x0000fb0e      0x26b ./system/src/diag/trace_impl.o
 .debug_macro   0x0000fd79       0x10 ./system/src/diag/trace_impl.o
 .debug_macro   0x0000fd89       0xc8 ./system/src/diag/trace_impl.o
 .debug_macro   0x0000fe51       0xbe ./system/src/diag/trace_impl.o
 .debug_macro   0x0000ff0f      0x19e ./system/src/cortexm/_initialize_hardware.o
 .debug_macro   0x000100ad       0x1b ./system/src/cortexm/exception_handlers.o
 .debug_macro   0x000100c8      0x1b7 ./system/src/cmsis/system_stm32f2xx.o
 .debug_macro   0x0001027f       0x1b ./system/src/cmsis/vectors_stm32f2xx.o
 .debug_macro   0x0001029a       0x60 ./src/Drivers/LCD/fonts.o
 .debug_macro   0x000102fa       0x1c ./src/Drivers/LCD/fonts.o
 .debug_macro   0x00010316      0x2c2 ./src/Drivers/LCD/lcd_log.o
 .debug_macro   0x000105d8      0xbb1 ./src/Drivers/LCD/lcd_log.o
 .debug_macro   0x00011189      0x3d4 ./src/Drivers/LCD/lcd_log.o
 .debug_macro   0x0001155d      0x2ea ./src/Drivers/LCD/lcd_log.o
 .debug_macro   0x00011847       0x10 ./src/Drivers/LCD/lcd_log.o
 .debug_macro   0x00011857      0x423 ./src/Drivers/LCD/lcd_log.o
 .debug_macro   0x00011c7a       0x97 ./src/Drivers/LCD/lcd_log.o
 .debug_macro   0x00011d11       0xfd ./src/Drivers/LCD/lcd_log.o
 .debug_macro   0x00011e0e       0x28 ./src/Drivers/LCD/lcd_log.o
 .debug_macro   0x00011e36       0x2e ./src/Drivers/LCD/lcd_log.o
 .debug_macro   0x00011e64      0x1b1 ./src/Drivers/LCD/stm322xg_eval.o
 .debug_macro   0x00012015      0x1ed ./src/Drivers/LCD/stm322xg_eval_lcd.o
 .debug_macro   0x00012202      0x1ce ./src/Drivers/LCD/stm32f2xx_fsmc.o
 .debug_macro   0x000123d0      0x273 ./src/Drivers/LCD/stm32f2xx_fsmc.o
 .debug_macro   0x00012643      0x1b7 ./src/Timer.o
 .debug_macro   0x000127fa      0x4e8 ./src/main.o
 .debug_macro   0x00012ce2       0x1c ./src/main.o
 .debug_macro   0x00012cfe       0x6e ./src/main.o
 .debug_macro   0x00012d6c       0x28 ./src/main.o
 .debug_macro   0x00012d94       0x11 ./src/main.o
 .debug_macro   0x00012da5       0x12 ./src/main.o
 .debug_macro   0x00012db7       0x82 ./src/main.o
 .debug_macro   0x00012e39       0x12 ./src/main.o
 .debug_macro   0x00012e4b       0x12 ./src/main.o
 .debug_macro   0x00012e5d       0x46 ./src/main.o
 .debug_macro   0x00012ea3       0x17 ./src/main.o
 .debug_macro   0x00012eba       0x10 ./src/main.o
 .debug_macro   0x00012eca       0x16 ./src/main.o
 .debug_macro   0x00012ee0       0x2e ./src/main.o
 .debug_macro   0x00012f0e       0x1c ./src/main.o
