Archive member included because of file (symbol)

c:/program files (x86)/gnu tools arm embedded/4.9 2014q4/bin/../lib/gcc/arm-none-eabi/4.9.3/armv7-m\libgcc.a(_arm_addsubdf3.o)
                              ./src/Drivers/LCD/stm322xg_eval_lcd.o (__aeabi_ui2d)
c:/program files (x86)/gnu tools arm embedded/4.9 2014q4/bin/../lib/gcc/arm-none-eabi/4.9.3/armv7-m\libgcc.a(_arm_cmpdf2.o)
                              ./src/Drivers/LCD/stm322xg_eval_lcd.o (__aeabi_dcmplt)
c:/program files (x86)/gnu tools arm embedded/4.9 2014q4/bin/../lib/gcc/arm-none-eabi/4.9.3/../../../../arm-none-eabi/lib/armv7-m\libg.a(lib_a-errno.o)
                              ./system/src/newlib/_sbrk.o (__errno)
c:/program files (x86)/gnu tools arm embedded/4.9 2014q4/bin/../lib/gcc/arm-none-eabi/4.9.3/../../../../arm-none-eabi/lib/armv7-m\libg.a(lib_a-impure.o)
                              c:/program files (x86)/gnu tools arm embedded/4.9 2014q4/bin/../lib/gcc/arm-none-eabi/4.9.3/../../../../arm-none-eabi/lib/armv7-m\libg.a(lib_a-errno.o) (_impure_ptr)
c:/program files (x86)/gnu tools arm embedded/4.9 2014q4/bin/../lib/gcc/arm-none-eabi/4.9.3/../../../../arm-none-eabi/lib/armv7-m\libg.a(lib_a-malloc.o)
                              ./src/main.o (malloc)
c:/program files (x86)/gnu tools arm embedded/4.9 2014q4/bin/../lib/gcc/arm-none-eabi/4.9.3/../../../../arm-none-eabi/lib/armv7-m\libg.a(lib_a-mallocr.o)
                              c:/program files (x86)/gnu tools arm embedded/4.9 2014q4/bin/../lib/gcc/arm-none-eabi/4.9.3/../../../../arm-none-eabi/lib/armv7-m\libg.a(lib_a-malloc.o) (_malloc_r)
c:/program files (x86)/gnu tools arm embedded/4.9 2014q4/bin/../lib/gcc/arm-none-eabi/4.9.3/../../../../arm-none-eabi/lib/armv7-m\libg.a(lib_a-memset.o)
                              ./src/main.o (memset)
c:/program files (x86)/gnu tools arm embedded/4.9 2014q4/bin/../lib/gcc/arm-none-eabi/4.9.3/../../../../arm-none-eabi/lib/armv7-m\libg.a(lib_a-mlock.o)
                              c:/program files (x86)/gnu tools arm embedded/4.9 2014q4/bin/../lib/gcc/arm-none-eabi/4.9.3/../../../../arm-none-eabi/lib/armv7-m\libg.a(lib_a-mallocr.o) (__malloc_lock)
c:/program files (x86)/gnu tools arm embedded/4.9 2014q4/bin/../lib/gcc/arm-none-eabi/4.9.3/../../../../arm-none-eabi/lib/armv7-m\libg.a(lib_a-sbrkr.o)
                              c:/program files (x86)/gnu tools arm embedded/4.9 2014q4/bin/../lib/gcc/arm-none-eabi/4.9.3/../../../../arm-none-eabi/lib/armv7-m\libg.a(lib_a-mallocr.o) (_sbrk_r)
c:/program files (x86)/gnu tools arm embedded/4.9 2014q4/bin/../lib/gcc/arm-none-eabi/4.9.3/../../../../arm-none-eabi/lib/armv7-m\libg.a(lib_a-snprintf.o)
                              ./system/src/newlib/assert.o (snprintf)
c:/program files (x86)/gnu tools arm embedded/4.9 2014q4/bin/../lib/gcc/arm-none-eabi/4.9.3/../../../../arm-none-eabi/lib/armv7-m\libg.a(lib_a-strcmp.o)
                              ./src/main.o (strcmp)
c:/program files (x86)/gnu tools arm embedded/4.9 2014q4/bin/../lib/gcc/arm-none-eabi/4.9.3/../../../../arm-none-eabi/lib/armv7-m\libg.a(lib_a-strlen.o)
                              ./system/src/diag/Trace.o (strlen)
c:/program files (x86)/gnu tools arm embedded/4.9 2014q4/bin/../lib/gcc/arm-none-eabi/4.9.3/../../../../arm-none-eabi/lib/armv7-m\libg.a(lib_a-strtok.o)
                              ./src/main.o (strtok)
c:/program files (x86)/gnu tools arm embedded/4.9 2014q4/bin/../lib/gcc/arm-none-eabi/4.9.3/../../../../arm-none-eabi/lib/armv7-m\libg.a(lib_a-strtok_r.o)
                              c:/program files (x86)/gnu tools arm embedded/4.9 2014q4/bin/../lib/gcc/arm-none-eabi/4.9.3/../../../../arm-none-eabi/lib/armv7-m\libg.a(lib_a-strtok.o) (__strtok_r)
c:/program files (x86)/gnu tools arm embedded/4.9 2014q4/bin/../lib/gcc/arm-none-eabi/4.9.3/../../../../arm-none-eabi/lib/armv7-m\libg.a(lib_a-strtol.o)
                              ./src/main.o (strtol)
c:/program files (x86)/gnu tools arm embedded/4.9 2014q4/bin/../lib/gcc/arm-none-eabi/4.9.3/../../../../arm-none-eabi/lib/armv7-m\libg.a(lib_a-svfprintf.o)
                              c:/program files (x86)/gnu tools arm embedded/4.9 2014q4/bin/../lib/gcc/arm-none-eabi/4.9.3/../../../../arm-none-eabi/lib/armv7-m\libg.a(lib_a-snprintf.o) (_svfprintf_r)
c:/program files (x86)/gnu tools arm embedded/4.9 2014q4/bin/../lib/gcc/arm-none-eabi/4.9.3/../../../../arm-none-eabi/lib/armv7-m\libg.a(lib_a-vsnprintf.o)
                              ./system/src/diag/Trace.o (vsnprintf)
c:/program files (x86)/gnu tools arm embedded/4.9 2014q4/bin/../lib/gcc/arm-none-eabi/4.9.3/../../../../arm-none-eabi/lib/armv7-m\libg.a(lib_a-ctype_.o)
                              c:/program files (x86)/gnu tools arm embedded/4.9 2014q4/bin/../lib/gcc/arm-none-eabi/4.9.3/../../../../arm-none-eabi/lib/armv7-m\libg.a(lib_a-strtol.o) (__ctype_ptr__)
[...]
Memory Configuration

Name             Origin             Length             Attributes
RAM              0x20000000         0x00005000         xrw
CCMRAM           0x00000000         0x00000000         xrw
FLASH            0x08000000         0x00020000         xr
FLASHB1          0x00000000         0x00000000         xr
EXTMEMB0         0x00000000         0x00000000         xr
EXTMEMB1         0x00000000         0x00000000         xr
EXTMEMB2         0x00000000         0x00000000         xr
EXTMEMB3         0x00000000         0x00000000         xr
MEMORY_ARRAY     0x00000000         0x00000000         xrw
*default*        0x00000000         0xffffffff

Linker script and memory map

LOAD ./system/src/stm32f2-stdperiph/misc.o
LOAD ./system/src/stm32f2-stdperiph/stm32f2xx_exti.o
LOAD ./system/src/stm32f2-stdperiph/stm32f2xx_gpio.o
LOAD ./system/src/stm32f2-stdperiph/stm32f2xx_i2c.o
LOAD ./system/src/stm32f2-stdperiph/stm32f2xx_pwr.o
LOAD ./system/src/stm32f2-stdperiph/stm32f2xx_rcc.o
LOAD ./system/src/stm32f2-stdperiph/stm32f2xx_rtc.o
LOAD ./system/src/stm32f2-stdperiph/stm32f2xx_syscfg.o
LOAD ./system/src/stm32f2-stdperiph/stm32f2xx_usart.o
LOAD ./system/src/newlib/_cxx.o
LOAD ./system/src/newlib/_exit.o
LOAD ./system/src/newlib/_sbrk.o
LOAD ./system/src/newlib/_startup.o
LOAD ./system/src/newlib/_syscalls.o
LOAD ./system/src/newlib/assert.o
LOAD ./system/src/diag/Trace.o
LOAD ./system/src/diag/trace_impl.o
LOAD ./system/src/cortexm/_initialize_hardware.o
LOAD ./system/src/cortexm/_reset_hardware.o
LOAD ./system/src/cortexm/exception_handlers.o
LOAD ./system/src/cmsis/system_stm32f2xx.o
LOAD ./system/src/cmsis/vectors_stm32f2xx.o
LOAD ./src/Drivers/usart/usart.o
LOAD ./src/Drivers/timer/timer.o
LOAD ./src/Drivers/i2c/i2c.o
LOAD ./src/Drivers/gpio/gpio.o
LOAD ./src/Drivers/LCD/fonts.o
LOAD ./src/Drivers/LCD/lcd_log.o
LOAD ./src/Drivers/LCD/stm322xg_eval.o
LOAD ./src/Drivers/LCD/stm322xg_eval_lcd.o
LOAD ./src/Drivers/LCD/stm32f2xx_fsmc.o
LOAD ./src/_write.o
LOAD ./src/main.o
LOAD ./src/utils.o
LOAD c:/program files (x86)/gnu tools arm embedded/4.9 2014q4/bin/../lib/gcc/arm-none-eabi/4.9.3/../../../../arm-none-eabi/lib/armv7-m\libstdc++.a
LOAD c:/program files (x86)/gnu tools arm embedded/4.9 2014q4/bin/../lib/gcc/arm-none-eabi/4.9.3/../../../../arm-none-eabi/lib/armv7-m\libm.a
START GROUP
LOAD c:/program files (x86)/gnu tools arm embedded/4.9 2014q4/bin/../lib/gcc/arm-none-eabi/4.9.3/armv7-m\libgcc.a
LOAD c:/program files (x86)/gnu tools arm embedded/4.9 2014q4/bin/../lib/gcc/arm-none-eabi/4.9.3/../../../../arm-none-eabi/lib/armv7-m\libg.a
LOAD c:/program files (x86)/gnu tools arm embedded/4.9 2014q4/bin/../lib/gcc/arm-none-eabi/4.9.3/../../../../arm-none-eabi/lib/armv7-m\libc.a
END GROUP
                0x20005000                __stack = (ORIGIN (RAM) + 0x5000)
                0x20005000                _estack = __stack
                0x00000400                __Main_Stack_Size = 0x400
                0x00000400                PROVIDE (_Main_Stack_Size, __Main_Stack_Size)
                0x20004c00                __Main_Stack_Limit = (__stack - __Main_Stack_Size)
                0x20004c00                PROVIDE (_Main_Stack_Limit, __Main_Stack_Limit)
                0x00000100                _Minimum_Stack_Size = 0x100
                0x200019d0                PROVIDE (_Heap_Begin, _end_noinit)
                0x20004c00                PROVIDE (_Heap_Limit, (__stack - __Main_Stack_Size))

.isr_vector     0x08000000      0x2c8
                0x08000000                . = ALIGN (0x4)
 *(.isr_vector)
 .isr_vector    0x08000000      0x184 ./system/src/cmsis/vectors_stm32f2xx.o
                0x08000000                __isr_vectors
 *(.cfmconfig)
 *(.after_vectors .after_vectors.*)
 .after_vectors
                0x08000184      0x114 ./system/src/newlib/_startup.o
                0x08000184                _start
 .after_vectors
                0x08000298       0x2c ./system/src/cortexm/exception_handlers.o
                0x08000298                Reset_Handler
                0x080002a0                NMI_Handler
                0x080002a4                HardFault_Handler
                0x080002a8                MemManage_Handler
                0x080002ac                BusFault_Handler
                0x080002b0                UsageFault_Handler
                0x080002b4                SVC_Handler
                0x080002b8                DebugMon_Handler
                0x080002bc                PendSV_Handler
 .after_vectors
                0x080002c4        0x4 ./system/src/cmsis/vectors_stm32f2xx.o
                0x080002c4                RTC_Alarm_IRQHandler
                0x080002c4                HASH_RNG_IRQHandler
                0x080002c4                TIM8_CC_IRQHandler
                0x080002c4                TIM1_CC_IRQHandler
                0x080002c4                DMA2_Stream5_IRQHandler
                0x080002c4                DMA1_Stream5_IRQHandler
                0x080002c4                PVD_IRQHandler
                0x080002c4                SDIO_IRQHandler
                0x080002c4                TAMP_STAMP_IRQHandler
                0x080002c4                CAN2_RX1_IRQHandler
                0x080002c4                EXTI3_IRQHandler
                0x080002c4                TIM8_TRG_COM_TIM14_IRQHandler
                0x080002c4                TIM1_UP_TIM10_IRQHandler
                0x080002c4                TIM8_UP_TIM13_IRQHandler
                0x080002c4                I2C3_ER_IRQHandler
                0x080002c4                I2C2_EV_IRQHandler
                0x080002c4                DMA1_Stream2_IRQHandler
                0x080002c4                CAN1_RX0_IRQHandler
                0x080002c4                OTG_HS_WKUP_IRQHandler
                0x080002c4                CAN2_SCE_IRQHandler
                0x080002c4                DMA2_Stream2_IRQHandler
                0x080002c4                SPI1_IRQHandler
                0x080002c4                TIM6_DAC_IRQHandler
                0x080002c4                TIM1_BRK_TIM9_IRQHandler
                0x080002c4                DCMI_IRQHandler
                0x080002c4                CAN2_RX0_IRQHandler
                0x080002c4                DMA2_Stream3_IRQHandler
                0x080002c4                USART6_IRQHandler
                0x080002c4                CRYP_IRQHandler
                0x080002c4                CAN1_RX1_IRQHandler
                0x080002c4                UART5_IRQHandler
                0x080002c4                DMA2_Stream0_IRQHandler
                0x080002c4                TIM4_IRQHandler
                0x080002c4                I2C1_EV_IRQHandler
                0x080002c4                DMA1_Stream6_IRQHandler
                0x080002c4                DMA1_Stream1_IRQHandler
                0x080002c4                UART4_IRQHandler
                0x080002c4                TIM3_IRQHandler
                0x080002c4                RCC_IRQHandler
                0x080002c4                TIM8_BRK_TIM12_IRQHandler
                0x080002c4                TIM1_TRG_COM_IRQHandler
                0x080002c4                Default_Handler
                0x080002c4                ADC_IRQHandler
                0x080002c4                DMA1_Stream7_IRQHandler
                0x080002c4                TIM7_IRQHandler
                0x080002c4                CAN2_TX_IRQHandler
                0x080002c4                TIM5_IRQHandler
                0x080002c4                DMA2_Stream7_IRQHandler
                0x080002c4                I2C3_EV_IRQHandler
                0x080002c4                EXTI9_5_IRQHandler
                0x080002c4                RTC_WKUP_IRQHandler
                0x080002c4                ETH_WKUP_IRQHandler
                0x080002c4                SPI2_IRQHandler
                0x080002c4                OTG_HS_EP1_IN_IRQHandler
                0x080002c4                DMA1_Stream0_IRQHandler
                0x080002c4                CAN1_TX_IRQHandler
                0x080002c4                EXTI4_IRQHandler
                0x080002c4                FSMC_IRQHandler
                0x080002c4                ETH_IRQHandler
                0x080002c4                OTG_HS_EP1_OUT_IRQHandler
                0x080002c4                WWDG_IRQHandler
                0x080002c4                TIM2_IRQHandler
                0x080002c4                OTG_FS_WKUP_IRQHandler
                0x080002c4                TIM1_TRG_COM_TIM11_IRQHandler
                0x080002c4                OTG_HS_IRQHandler
                0x080002c4                EXTI1_IRQHandler
                0x080002c4                USART2_IRQHandler
                0x080002c4                I2C2_ER_IRQHandler
                0x080002c4                DMA2_Stream1_IRQHandler
                0x080002c4                CAN1_SCE_IRQHandler
                0x080002c4                FLASH_IRQHandler
                0x080002c4                DMA2_Stream4_IRQHandler
                0x080002c4                USART1_IRQHandler
                0x080002c4                OTG_FS_IRQHandler
                0x080002c4                SPI3_IRQHandler
                0x080002c4                DMA1_Stream4_IRQHandler
                0x080002c4                I2C1_ER_IRQHandler
                0x080002c4                DMA2_Stream6_IRQHandler
                0x080002c4                DMA1_Stream3_IRQHandler
                0x080002c8                . = ALIGN (0x4)

.inits          0x080002c8        0x4
                0x080002c8                . = ALIGN (0x4)
 *(.init)
 *(.fini)
                0x080002c8                . = ALIGN (0x4)
                0x080002c8                PROVIDE (__preinit_array_start, .)
 *(.preinit_array_sysinit .preinit_array_sysinit.*)
 *(.preinit_array_platform .preinit_array_platform.*)
 *(.preinit_array .preinit_array.*)
                0x080002c8                PROVIDE (__preinit_array_end, .)
                0x080002c8                . = ALIGN (0x4)
                0x080002c8                PROVIDE (__init_array_start, .)
 *(SORT(.init_array.*))
 *(.init_array)
 .init_array    0x080002c8        0x4 ./src/Drivers/usart/usart.o
                0x080002cc                PROVIDE (__init_array_end, .)
                0x080002cc                . = ALIGN (0x4)
                0x080002cc                PROVIDE (__fini_array_start, .)
 *(SORT(.fini_array.*))
 *(.fini_array)
                0x080002cc                PROVIDE (__fini_array_end, .)
                0x080002cc                . = ALIGN (0x4)

.flashtext      0x080002cc        0x0
                0x080002cc                . = ALIGN (0x4)
 *(.flashtext .flashtext.*)
                0x080002cc                . = ALIGN (0x4)

.text           0x080002d0     0xa374
                0x080002d0                . = ALIGN (0x4)
 *(.text .text.*)
 .text.NVIC_Init
                0x080002d0       0x9c ./system/src/stm32f2-stdperiph/misc.o
                0x080002d0                NVIC_Init
 .text.EXTI_Init
                0x0800036c       0xd8 ./system/src/stm32f2-stdperiph/stm32f2xx_exti.o
                0x0800036c                EXTI_Init
 .text.EXTI_ClearFlag
                0x08000444       0x24 ./system/src/stm32f2-stdperiph/stm32f2xx_exti.o
                0x08000444                EXTI_ClearFlag
 .text.GPIO_Init
                0x08000468      0x12c ./system/src/stm32f2-stdperiph/stm32f2xx_gpio.o
                0x08000468                GPIO_Init
 .text.GPIO_PinAFConfig
                0x08000594       0xec ./system/src/stm32f2-stdperiph/stm32f2xx_gpio.o
                0x08000594                GPIO_PinAFConfig
 .text.RCC_GetClocksFreq
                0x08000680       0xb8 ./system/src/stm32f2-stdperiph/stm32f2xx_rcc.o
                0x08000680                RCC_GetClocksFreq
 .text.RCC_AHB1PeriphClockCmd
                0x08000738       0x4c ./system/src/stm32f2-stdperiph/stm32f2xx_rcc.o
                0x08000738                RCC_AHB1PeriphClockCmd
 .text.RCC_AHB3PeriphClockCmd
                0x08000784       0x48 ./system/src/stm32f2-stdperiph/stm32f2xx_rcc.o
                0x08000784                RCC_AHB3PeriphClockCmd
 .text.RCC_APB1PeriphClockCmd
                0x080007cc       0x4c ./system/src/stm32f2-stdperiph/stm32f2xx_rcc.o
                0x080007cc                RCC_APB1PeriphClockCmd
 .text.RCC_APB2PeriphClockCmd
                0x08000818       0x4c ./system/src/stm32f2-stdperiph/stm32f2xx_rcc.o
                0x08000818                RCC_APB2PeriphClockCmd
 .text.SYSCFG_EXTILineConfig
                0x08000864       0x50 ./system/src/stm32f2-stdperiph/stm32f2xx_syscfg.o
                0x08000864                SYSCFG_EXTILineConfig
 .text.USART_Init
                0x080008b4      0x1c4 ./system/src/stm32f2-stdperiph/stm32f2xx_usart.o
                0x080008b4                USART_Init
 .text.USART_Cmd
                0x08000a78       0x70 ./system/src/stm32f2-stdperiph/stm32f2xx_usart.o
                0x08000a78                USART_Cmd
 .text.USART_SendData
                0x08000ae8       0x60 ./system/src/stm32f2-stdperiph/stm32f2xx_usart.o
                0x08000ae8                USART_SendData
 .text.USART_ReceiveData
                0x08000b48       0x4c ./system/src/stm32f2-stdperiph/stm32f2xx_usart.o
                0x08000b48                USART_ReceiveData
 .text.USART_ITConfig
                0x08000b94       0xfc ./system/src/stm32f2-stdperiph/stm32f2xx_usart.o
                0x08000b94                USART_ITConfig
 .text.USART_GetITStatus
                0x08000c90      0x11c ./system/src/stm32f2-stdperiph/stm32f2xx_usart.o
                0x08000c90                USART_GetITStatus
 .text._exit    0x08000dac        0x4 ./system/src/newlib/_exit.o
                0x08000dac                _exit
 .text.abort    0x08000db0       0x14 ./system/src/newlib/_exit.o
                0x08000db0                abort
 .text._sbrk    0x08000dc4       0x44 ./system/src/newlib/_sbrk.o
                0x08000dc4                _sbrk
 .text.__initialize_args
                0x08000e08       0x10 ./system/src/newlib/_syscalls.o
                0x08000e08                __initialize_args
 .text.assert_failed
                0x08000e18       0x18 ./system/src/newlib/assert.o
                0x08000e18                assert_failed
 .text.trace_printf
                0x08000e30       0x34 ./system/src/diag/Trace.o
                0x08000e30                trace_printf
 .text.trace_puts
                0x08000e64       0x20 ./system/src/diag/Trace.o
                0x08000e64                trace_puts
 .text._trace_write_itm
                0x08000e84       0x48 ./system/src/diag/trace_impl.o
 .text.trace_write
                0x08000ecc        0x8 ./system/src/diag/trace_impl.o
                0x08000ecc                trace_write
 .text.__initialize_hardware_early
                0x08000ed4        0x8 ./system/src/cortexm/_initialize_hardware.o
                0x08000ed4                __initialize_hardware_early
 .text.__initialize_hardware
                0x08000edc        0x8 ./system/src/cortexm/_initialize_hardware.o
                0x08000edc                __initialize_hardware
 .text.SetSysClock
                0x08000ee4       0xac ./system/src/cmsis/system_stm32f2xx.o
 .text.SystemInit
                0x08000f90       0x44 ./system/src/cmsis/system_stm32f2xx.o
                0x08000f90                SystemInit
 .text.SystemCoreClockUpdate
                0x08000fd4       0xa4 ./system/src/cmsis/system_stm32f2xx.o
                0x08000fd4                SystemCoreClockUpdate
 .text._Z10init_usartm
                0x08001078       0x50 ./src/Drivers/usart/usart.o
                0x08001078                init_usart(unsigned long)
 .text._Z12uart_recieveRh
                0x080010c8       0x30 ./src/Drivers/usart/usart.o
                0x080010c8                uart_recieve(unsigned char&)
 .text._Z9uart_putsPKc
                0x080010f8       0x58 ./src/Drivers/usart/usart.o
                0x080010f8                uart_puts(char const*)
 .text.USART3_IRQHandler
                0x08001150       0xac ./src/Drivers/usart/usart.o
                0x08001150                USART3_IRQHandler
 .text.startup._GLOBAL__sub_I__Z10init_usartm
                0x080011fc       0x18 ./src/Drivers/usart/usart.o
 .text.SysTick_Handler
                0x08001214       0x14 ./src/Drivers/timer/timer.o
                0x08001214                SysTick_Handler
 .text._Z45init_gpio_port_interrupts_and_connect_to_nvichh19EXTITrigger_TypeDef
                0x08001228       0xa8 ./src/Drivers/gpio/gpio.o
                0x08001228                init_gpio_port_interrupts_and_connect_to_nvic(unsigned char, unsigned char, EXTITrigger_TypeDef)
 .text._Z9init_portmm17GPIOSpeed_TypeDef16GPIOMode_TypeDef17GPIOOType_TypeDef16GPIOPuPd_TypeDef
                0x080012d0       0x4c ./src/Drivers/gpio/gpio.o
                0x080012d0                init_port(unsigned long, unsigned long, GPIOSpeed_TypeDef, GPIOMode_TypeDef, GPIOOType_TypeDef, GPIOPuPd_TypeDef)
 .text._ZL21LCD_LOG_UpdateDisplayv
                0x0800131c       0xa4 ./src/Drivers/LCD/lcd_log.o
 .text._ZL9_put_charc
                0x080013c0      0x138 ./src/Drivers/LCD/lcd_log.o
 .text._Z14LCD_LOG_DeInitv
                0x080014f8       0x64 ./src/Drivers/LCD/lcd_log.o
                0x080014f8                LCD_LOG_DeInit()
 .text._Z12LCD_LOG_Initv
                0x0800155c       0x10 ./src/Drivers/LCD/lcd_log.o
                0x0800155c                LCD_LOG_Init()
 .text._Z17LCD_LOG_SetHeaderPhtt
                0x0800156c       0xa0 ./src/Drivers/LCD/lcd_log.o
                0x0800156c                LCD_LOG_SetHeader(unsigned char*, unsigned short, unsigned short)
 .text._Z15LCD_LOG_SetLinet
                0x0800160c        0xc ./src/Drivers/LCD/lcd_log.o
                0x0800160c                LCD_LOG_SetLine(unsigned short)
 .text.puts     0x08001618       0x18 ./src/Drivers/LCD/lcd_log.o
                0x08001618                puts
 .text.STM_EVAL_PBInit
                0x08001630       0xb4 ./src/Drivers/LCD/stm322xg_eval.o
                0x08001630                STM_EVAL_PBInit
 .text.STM_EVAL_COMInit
                0x080016e4       0xa0 ./src/Drivers/LCD/stm322xg_eval.o
                0x080016e4                STM_EVAL_COMInit
 .text._ZL5delaym
                0x08001784       0x28 ./src/Drivers/LCD/stm322xg_eval_lcd.o
 .text.LCD_SetTextColor
                0x080017ac       0x18 ./src/Drivers/LCD/stm322xg_eval_lcd.o
                0x080017ac                LCD_SetTextColor
 .text.LCD_SetBackColor
                0x080017c4       0x18 ./src/Drivers/LCD/stm322xg_eval_lcd.o
                0x080017c4                LCD_SetBackColor
 .text.LCD_SetFont
                0x080017dc        0xc ./src/Drivers/LCD/stm322xg_eval_lcd.o
                0x080017dc                LCD_SetFont
 .text.LCD_GetFont
                0x080017e8        0xc ./src/Drivers/LCD/stm322xg_eval_lcd.o
                0x080017e8                LCD_GetFont
 .text.LCD_WriteReg
                0x080017f4        0xc ./src/Drivers/LCD/stm322xg_eval_lcd.o
                0x080017f4                LCD_WriteReg
 .text.LCD_SetCursor
                0x08001800       0x18 ./src/Drivers/LCD/stm322xg_eval_lcd.o
                0x08001800                LCD_SetCursor
 .text.LCD_ReadReg
                0x08001818        0xc ./src/Drivers/LCD/stm322xg_eval_lcd.o
                0x08001818                LCD_ReadReg
 .text.LCD_WriteRAM_Prepare
                0x08001824        0xc ./src/Drivers/LCD/stm322xg_eval_lcd.o
                0x08001824                LCD_WriteRAM_Prepare
 .text.LCD_Clear
                0x08001830       0x28 ./src/Drivers/LCD/stm322xg_eval_lcd.o
                0x08001830                LCD_Clear
 .text.LCD_WriteRAM
                0x08001858        0x8 ./src/Drivers/LCD/stm322xg_eval_lcd.o
                0x08001858                LCD_WriteRAM
 .text.LCD_DrawChar
                0x08001860       0x94 ./src/Drivers/LCD/stm322xg_eval_lcd.o
                0x08001860                LCD_DrawChar
 .text.LCD_DisplayChar
                0x080018f4       0x20 ./src/Drivers/LCD/stm322xg_eval_lcd.o
                0x080018f4                LCD_DisplayChar
 .text.LCD_ClearLine
                0x08001914       0x34 ./src/Drivers/LCD/stm322xg_eval_lcd.o
                0x08001914                LCD_ClearLine
 .text.LCD_DisplayStringLine
                0x08001948       0x38 ./src/Drivers/LCD/stm322xg_eval_lcd.o
                0x08001948                LCD_DisplayStringLine
 .text.LCD_CtrlLinesConfig
                0x08001980      0x134 ./src/Drivers/LCD/stm322xg_eval_lcd.o
                0x08001980                LCD_CtrlLinesConfig
 .text.LCD_FSMCConfig
                0x08001ab4       0x5c ./src/Drivers/LCD/stm322xg_eval_lcd.o
                0x08001ab4                LCD_FSMCConfig
 .text.STM322xG_LCD_Init
                0x08001b10      0x420 ./src/Drivers/LCD/stm322xg_eval_lcd.o
                0x08001b10                STM322xG_LCD_Init
 .text.FSMC_NORSRAMInit
                0x08001f30      0x2ac ./src/Drivers/LCD/stm32f2xx_fsmc.o
                0x08001f30                FSMC_NORSRAMInit
 .text.FSMC_NORSRAMCmd
                0x080021dc       0x5c ./src/Drivers/LCD/stm32f2xx_fsmc.o
                0x080021dc                FSMC_NORSRAMCmd
 .text._ZL14match_i2c_bytev
                0x08002238       0x94 ./src/main.o
 .text._ZL25command_update_sniff_modev
                0x080022cc       0x38 ./src/main.o
 .text._ZL23update_display_sequencev
                0x08002304      0x150 ./src/main.o
 .text._ZL23command_update_sequencev
                0x08002454       0xcc ./src/main.o
 .text._ZL6enablev
                0x08002520       0x74 ./src/main.o
 .text._ZL7disablev
                0x08002594       0x64 ./src/main.o
 .text.EXTI15_10_IRQHandler
                0x080025f8       0xd8 ./src/main.o
                0x080025f8                EXTI15_10_IRQHandler
 .text.EXTI0_IRQHandler
                0x080026d0       0xcc ./src/main.o
                0x080026d0                EXTI0_IRQHandler
 .text.EXTI2_IRQHandler
                0x0800279c      0x524 ./src/main.o
                0x0800279c                EXTI2_IRQHandler
 .text.startup.main
                0x08002cc0      0x184 ./src/main.o
                0x08002cc0                main
 .text          0x08002e44      0x370 c:/program files (x86)/gnu tools arm embedded/4.9 2014q4/bin/../lib/gcc/arm-none-eabi/4.9.3/armv7-m\libgcc.a(_arm_addsubdf3.o)
                0x08002e44                __aeabi_drsub
                0x08002e4c                __aeabi_dsub
                0x08002e4c                __subdf3
                0x08002e50                __aeabi_dadd
                0x08002e50                __adddf3
                0x080030c8                __floatunsidf
                0x080030c8                __aeabi_ui2d
                0x080030e8                __floatsidf
                0x080030e8                __aeabi_i2d
                0x0800310c                __aeabi_f2d
                0x0800310c                __extendsfdf2
                0x08003148                __floatundidf
                0x08003148                __aeabi_ul2d
                0x08003158                __floatdidf
                0x08003158                __aeabi_l2d
 .text          0x080031b4      0x110 c:/program files (x86)/gnu tools arm embedded/4.9 2014q4/bin/../lib/gcc/arm-none-eabi/4.9.3/armv7-m\libgcc.a(_arm_cmpdf2.o)
                0x080031b4                __gtdf2
                0x080031b4                __gedf2
                0x080031bc                __ltdf2
                0x080031bc                __ledf2
                0x080031c4                __nedf2
                0x080031c4                __eqdf2
                0x080031c4                __cmpdf2
                0x08003240                __aeabi_cdrcmple
                0x08003250                __aeabi_cdcmpeq
                0x08003250                __aeabi_cdcmple
                0x08003260                __aeabi_dcmpeq
                0x08003274                __aeabi_dcmplt
                0x08003288                __aeabi_dcmple
                0x0800329c                __aeabi_dcmpge
                0x080032b0                __aeabi_dcmpgt
 .text.__errno  0x080032c4        0xc c:/program files (x86)/gnu tools arm embedded/4.9 2014q4/bin/../lib/gcc/arm-none-eabi/4.9.3/../../../../arm-none-eabi/lib/armv7-m\libg.a(lib_a-errno.o)
                0x080032c4                __errno
 .text.malloc   0x080032d0       0x10 c:/program files (x86)/gnu tools arm embedded/4.9 2014q4/bin/../lib/gcc/arm-none-eabi/4.9.3/../../../../arm-none-eabi/lib/armv7-m\libg.a(lib_a-malloc.o)
                0x080032d0                malloc
 .text.free     0x080032e0       0x10 c:/program files (x86)/gnu tools arm embedded/4.9 2014q4/bin/../lib/gcc/arm-none-eabi/4.9.3/../../../../arm-none-eabi/lib/armv7-m\libg.a(lib_a-malloc.o)
                0x080032e0                free
 .text._malloc_r
                0x080032f0      0x504 c:/program files (x86)/gnu tools arm embedded/4.9 2014q4/bin/../lib/gcc/arm-none-eabi/4.9.3/../../../../arm-none-eabi/lib/armv7-m\libg.a(lib_a-mallocr.o)
                0x080032f0                _malloc_r
 .text.memset   0x080037f4       0x9c c:/program files (x86)/gnu tools arm embedded/4.9 2014q4/bin/../lib/gcc/arm-none-eabi/4.9.3/../../../../arm-none-eabi/lib/armv7-m\libg.a(lib_a-memset.o)
                0x080037f4                memset
 .text.__malloc_lock
                0x08003890        0x4 c:/program files (x86)/gnu tools arm embedded/4.9 2014q4/bin/../lib/gcc/arm-none-eabi/4.9.3/../../../../arm-none-eabi/lib/armv7-m\libg.a(lib_a-mlock.o)
                0x08003890                __malloc_lock
 .text.__malloc_unlock
                0x08003894        0x4 c:/program files (x86)/gnu tools arm embedded/4.9 2014q4/bin/../lib/gcc/arm-none-eabi/4.9.3/../../../../arm-none-eabi/lib/armv7-m\libg.a(lib_a-mlock.o)
                0x08003894                __malloc_unlock
 .text._sbrk_r  0x08003898       0x24 c:/program files (x86)/gnu tools arm embedded/4.9 2014q4/bin/../lib/gcc/arm-none-eabi/4.9.3/../../../../arm-none-eabi/lib/armv7-m\libg.a(lib_a-sbrkr.o)
                0x08003898                _sbrk_r
 .text.snprintf
                0x080038bc       0x98 c:/program files (x86)/gnu tools arm embedded/4.9 2014q4/bin/../lib/gcc/arm-none-eabi/4.9.3/../../../../arm-none-eabi/lib/armv7-m\libg.a(lib_a-snprintf.o)
                0x080038bc                snprintf
 .text          0x08003954      0x1bc c:/program files (x86)/gnu tools arm embedded/4.9 2014q4/bin/../lib/gcc/arm-none-eabi/4.9.3/../../../../arm-none-eabi/lib/armv7-m\libg.a(lib_a-strcmp.o)
                0x08003954                strcmp
 .text.strlen   0x08003b10       0x5c c:/program files (x86)/gnu tools arm embedded/4.9 2014q4/bin/../lib/gcc/arm-none-eabi/4.9.3/../../../../arm-none-eabi/lib/armv7-m\libg.a(lib_a-strlen.o)
                0x08003b10                strlen
 .text.strtok   0x08003b6c       0x10 c:/program files (x86)/gnu tools arm embedded/4.9 2014q4/bin/../lib/gcc/arm-none-eabi/4.9.3/../../../../arm-none-eabi/lib/armv7-m\libg.a(lib_a-strtok.o)
                0x08003b6c                strtok
 .text.__strtok_r
                0x08003b7c       0x64 c:/program files (x86)/gnu tools arm embedded/4.9 2014q4/bin/../lib/gcc/arm-none-eabi/4.9.3/../../../../arm-none-eabi/lib/armv7-m\libg.a(lib_a-strtok_r.o)
                0x08003b7c                __strtok_r
 .text._strtol_r
                0x08003be0      0x11c c:/program files (x86)/gnu tools arm embedded/4.9 2014q4/bin/../lib/gcc/arm-none-eabi/4.9.3/../../../../arm-none-eabi/lib/armv7-m\libg.a(lib_a-strtol.o)
                0x08003be0                _strtol_r
 .text.strtol   0x08003cfc       0x18 c:/program files (x86)/gnu tools arm embedded/4.9 2014q4/bin/../lib/gcc/arm-none-eabi/4.9.3/../../../../arm-none-eabi/lib/armv7-m\libg.a(lib_a-strtol.o)
                0x08003cfc                strtol
 .text._svfprintf_r
                0x08003d14     0x14f4 c:/program files (x86)/gnu tools arm embedded/4.9 2014q4/bin/../lib/gcc/arm-none-eabi/4.9.3/../../../../arm-none-eabi/lib/armv7-m\libg.a(lib_a-svfprintf.o)
                0x08003d14                _svfprintf_r
 .text._vsnprintf_r
                0x08005208       0x70 c:/program files (x86)/gnu tools arm embedded/4.9 2014q4/bin/../lib/gcc/arm-none-eabi/4.9.3/../../../../arm-none-eabi/lib/armv7-m\libg.a(lib_a-vsnprintf.o)
                0x08005208                _vsnprintf_r
 .text.vsnprintf
                0x08005278       0x20 c:/program files (x86)/gnu tools arm embedded/4.9 2014q4/bin/../lib/gcc/arm-none-eabi/4.9.3/../../../../arm-none-eabi/lib/armv7-m\libg.a(lib_a-vsnprintf.o)
                0x08005278                vsnprintf
 .text.quorem   0x08005298      0x130 c:/program files (x86)/gnu tools arm embedded/4.9 2014q4/bin/../lib/gcc/arm-none-eabi/4.9.3/../../../../arm-none-eabi/lib/armv7-m\libg.a(lib_a-dtoa.o)
 .text._dtoa_r  0x080053c8      0xea8 c:/program files (x86)/gnu tools arm embedded/4.9 2014q4/bin/../lib/gcc/arm-none-eabi/4.9.3/../../../../arm-none-eabi/lib/armv7-m\libg.a(lib_a-dtoa.o)
                0x080053c8                _dtoa_r
 .text._malloc_trim_r
                0x08006270       0x9c c:/program files (x86)/gnu tools arm embedded/4.9 2014q4/bin/../lib/gcc/arm-none-eabi/4.9.3/../../../../arm-none-eabi/lib/armv7-m\libg.a(lib_a-freer.o)
                0x08006270                _malloc_trim_r
 .text._free_r  0x0800630c      0x1b0 c:/program files (x86)/gnu tools arm embedded/4.9 2014q4/bin/../lib/gcc/arm-none-eabi/4.9.3/../../../../arm-none-eabi/lib/armv7-m\libg.a(lib_a-freer.o)
                0x0800630c                _free_r
 .text._localeconv_r
                0x080064bc        0x8 c:/program files (x86)/gnu tools arm embedded/4.9 2014q4/bin/../lib/gcc/arm-none-eabi/4.9.3/../../../../arm-none-eabi/lib/armv7-m\libg.a(lib_a-locale.o)
                0x080064bc                _localeconv_r
 .text.memchr   0x080064c4       0x94 c:/program files (x86)/gnu tools arm embedded/4.9 2014q4/bin/../lib/gcc/arm-none-eabi/4.9.3/../../../../arm-none-eabi/lib/armv7-m\libg.a(lib_a-memchr.o)
                0x080064c4                memchr
 .text          0x08006558       0xec c:/program files (x86)/gnu tools arm embedded/4.9 2014q4/bin/../lib/gcc/arm-none-eabi/4.9.3/../../../../arm-none-eabi/lib/armv7-m\libg.a(lib_a-memcpy.o)
                0x08006558                memcpy
 .text._Balloc  0x08006644       0x50 c:/program files (x86)/gnu tools arm embedded/4.9 2014q4/bin/../lib/gcc/arm-none-eabi/4.9.3/../../../../arm-none-eabi/lib/armv7-m\libg.a(lib_a-mprec.o)
                0x08006644                _Balloc
 .text._Bfree   0x08006694       0x14 c:/program files (x86)/gnu tools arm embedded/4.9 2014q4/bin/../lib/gcc/arm-none-eabi/4.9.3/../../../../arm-none-eabi/lib/armv7-m\libg.a(lib_a-mprec.o)
                0x08006694                _Bfree
 .text.__multadd
                0x080066a8       0x84 c:/program files (x86)/gnu tools arm embedded/4.9 2014q4/bin/../lib/gcc/arm-none-eabi/4.9.3/../../../../arm-none-eabi/lib/armv7-m\libg.a(lib_a-mprec.o)
                0x080066a8                __multadd
 .text.__hi0bits
                0x0800672c       0x40 c:/program files (x86)/gnu tools arm embedded/4.9 2014q4/bin/../lib/gcc/arm-none-eabi/4.9.3/../../../../arm-none-eabi/lib/armv7-m\libg.a(lib_a-mprec.o)
                0x0800672c                __hi0bits
 .text.__lo0bits
                0x0800676c       0x5c c:/program files (x86)/gnu tools arm embedded/4.9 2014q4/bin/../lib/gcc/arm-none-eabi/4.9.3/../../../../arm-none-eabi/lib/armv7-m\libg.a(lib_a-mprec.o)
                0x0800676c                __lo0bits
 .text.__i2b    0x080067c8       0x14 c:/program files (x86)/gnu tools arm embedded/4.9 2014q4/bin/../lib/gcc/arm-none-eabi/4.9.3/../../../../arm-none-eabi/lib/armv7-m\libg.a(lib_a-mprec.o)
                0x080067c8                __i2b
 .text.__multiply
                0x080067dc      0x140 c:/program files (x86)/gnu tools arm embedded/4.9 2014q4/bin/../lib/gcc/arm-none-eabi/4.9.3/../../../../arm-none-eabi/lib/armv7-m\libg.a(lib_a-mprec.o)
                0x080067dc                __multiply
 .text.__pow5mult
                0x0800691c       0xa0 c:/program files (x86)/gnu tools arm embedded/4.9 2014q4/bin/../lib/gcc/arm-none-eabi/4.9.3/../../../../arm-none-eabi/lib/armv7-m\libg.a(lib_a-mprec.o)
                0x0800691c                __pow5mult
 .text.__lshift
                0x080069bc       0xb0 c:/program files (x86)/gnu tools arm embedded/4.9 2014q4/bin/../lib/gcc/arm-none-eabi/4.9.3/../../../../arm-none-eabi/lib/armv7-m\libg.a(lib_a-mprec.o)
                0x080069bc                __lshift
 .text.__mcmp   0x08006a6c       0x48 c:/program files (x86)/gnu tools arm embedded/4.9 2014q4/bin/../lib/gcc/arm-none-eabi/4.9.3/../../../../arm-none-eabi/lib/armv7-m\libg.a(lib_a-mprec.o)
                0x08006a6c                __mcmp
 .text.__mdiff  0x08006ab4       0xe4 c:/program files (x86)/gnu tools arm embedded/4.9 2014q4/bin/../lib/gcc/arm-none-eabi/4.9.3/../../../../arm-none-eabi/lib/armv7-m\libg.a(lib_a-mprec.o)
                0x08006ab4                __mdiff
 .text.__d2b    0x08006b98       0xa8 c:/program files (x86)/gnu tools arm embedded/4.9 2014q4/bin/../lib/gcc/arm-none-eabi/4.9.3/../../../../arm-none-eabi/lib/armv7-m\libg.a(lib_a-mprec.o)
                0x08006b98                __d2b
 .text.__fpclassifyd
                0x08006c40       0x58 c:/program files (x86)/gnu tools arm embedded/4.9 2014q4/bin/../lib/gcc/arm-none-eabi/4.9.3/../../../../arm-none-eabi/lib/armv7-m\libg.a(lib_a-s_fpclassify.o)
                0x08006c40                __fpclassifyd
 .text.__ssprint_r
                0x08006c98      0x104 c:/program files (x86)/gnu tools arm embedded/4.9 2014q4/bin/../lib/gcc/arm-none-eabi/4.9.3/../../../../arm-none-eabi/lib/armv7-m\libg.a(lib_a-svfiprintf.o)
                0x08006c98                __ssprint_r
 .text._calloc_r
                0x08006d9c       0x60 c:/program files (x86)/gnu tools arm embedded/4.9 2014q4/bin/../lib/gcc/arm-none-eabi/4.9.3/../../../../arm-none-eabi/lib/armv7-m\libg.a(lib_a-callocr.o)
                0x08006d9c                _calloc_r
 .text.memmove  0x08006dfc       0xc8 c:/program files (x86)/gnu tools arm embedded/4.9 2014q4/bin/../lib/gcc/arm-none-eabi/4.9.3/../../../../arm-none-eabi/lib/armv7-m\libg.a(lib_a-memmove.o)
                0x08006dfc                memmove
 .text._realloc_r
                0x08006ec4      0x3e0 c:/program files (x86)/gnu tools arm embedded/4.9 2014q4/bin/../lib/gcc/arm-none-eabi/4.9.3/../../../../arm-none-eabi/lib/armv7-m\libg.a(lib_a-reallocr.o)
                0x08006ec4                _realloc_r
 .text          0x080072a4      0x424 c:/program files (x86)/gnu tools arm embedded/4.9 2014q4/bin/../lib/gcc/arm-none-eabi/4.9.3/armv7-m\libgcc.a(_arm_muldivdf3.o)
                0x080072a4                __aeabi_dmul
                0x080072a4                __muldf3
                0x080074f8                __divdf3
                0x080074f8                __aeabi_ddiv
 .text          0x080076c8       0x50 c:/program files (x86)/gnu tools arm embedded/4.9 2014q4/bin/../lib/gcc/arm-none-eabi/4.9.3/armv7-m\libgcc.a(_arm_fixdfsi.o)
                0x080076c8                __aeabi_d2iz
                0x080076c8                __fixdfsi
 .text          0x08007718       0x2c c:/program files (x86)/gnu tools arm embedded/4.9 2014q4/bin/../lib/gcc/arm-none-eabi/4.9.3/armv7-m\libgcc.a(_aeabi_uldivmod.o)
                0x08007718                __aeabi_uldivmod
 .text          0x08007744       0x60 c:/program files (x86)/gnu tools arm embedded/4.9 2014q4/bin/../lib/gcc/arm-none-eabi/4.9.3/armv7-m\libgcc.a(bpabi.o)
                0x08007744                __gnu_ldivmod_helper
                0x08007774                __gnu_uldivmod_helper
 .text          0x080077a4        0x4 c:/program files (x86)/gnu tools arm embedded/4.9 2014q4/bin/../lib/gcc/arm-none-eabi/4.9.3/armv7-m\libgcc.a(_dvmd_tls.o)
                0x080077a4                __aeabi_idiv0
                0x080077a4                __aeabi_ldiv0
 .text          0x080077a8      0x2ac c:/program files (x86)/gnu tools arm embedded/4.9 2014q4/bin/../lib/gcc/arm-none-eabi/4.9.3/armv7-m\libgcc.a(_divdi3.o)
                0x080077a8                __divdi3
 .text          0x08007a54      0x270 c:/program files (x86)/gnu tools arm embedded/4.9 2014q4/bin/../lib/gcc/arm-none-eabi/4.9.3/armv7-m\libgcc.a(_udivdi3.o)
                0x08007a54                __udivdi3
 *(.rodata .rodata.*)
 .rodata.str1.4
                0x08007cc4       0x27 ./system/src/stm32f2-stdperiph/misc.o
                                 0x28 (size before relaxing)
 *fill*         0x08007ceb        0x1 
 .rodata.str1.4
                0x08007cec       0x31 ./system/src/stm32f2-stdperiph/stm32f2xx_exti.o
                                 0x34 (size before relaxing)
 *fill*         0x08007d1d        0x3 
 .rodata.str1.4
                0x08007d20       0x31 ./system/src/stm32f2-stdperiph/stm32f2xx_gpio.o
                                 0x34 (size before relaxing)
 *fill*         0x08007d51        0x3 
 .rodata.str1.4
                0x08007d54       0x30 ./system/src/stm32f2-stdperiph/stm32f2xx_rcc.o
 .rodata.str1.4
                0x08007d84       0x33 ./system/src/stm32f2-stdperiph/stm32f2xx_syscfg.o
                                 0x34 (size before relaxing)
 *fill*         0x08007db7        0x1 
 .rodata.str1.4
                0x08007db8       0x32 ./system/src/stm32f2-stdperiph/stm32f2xx_usart.o
                                 0x34 (size before relaxing)
 *fill*         0x08007dea        0x2 
 .rodata.str1.4
                0x08007dec       0x14 ./system/src/newlib/_exit.o
 .rodata.str1.4
                0x08007e00       0x6b ./system/src/newlib/assert.o
                                 0x70 (size before relaxing)
 *fill*         0x08007e6b        0x1 
 .rodata.str1.4
                0x08007e6c       0x29 ./system/src/diag/Trace.o
                                 0x30 (size before relaxing)
 *fill*         0x08007e95        0x3 
 .rodata        0x08007e98       0x10 ./src/Drivers/gpio/gpio.o
 .rodata._ZL16ASCII16x24_Table
                0x08007ea8     0x11d0 ./src/Drivers/LCD/fonts.o
 .rodata._ZL15ASCII8x12_Table
                0x08009078      0x900 ./src/Drivers/LCD/fonts.o
 .rodata._ZL16ASCII12x12_Table
                0x08009978      0x900 ./src/Drivers/LCD/fonts.o
 .rodata._ZL17BUTTON_PIN_SOURCE
                0x0800a278        0x4 ./src/Drivers/LCD/stm322xg_eval.o
 .rodata._ZL10BUTTON_CLK
                0x0800a27c        0xc ./src/Drivers/LCD/stm322xg_eval.o
 .rodata._ZL16BUTTON_EXTI_LINE
                0x0800a288        0x8 ./src/Drivers/LCD/stm322xg_eval.o
 .rodata._ZL10BUTTON_PIN
                0x0800a290        0x8 ./src/Drivers/LCD/stm322xg_eval.o
 .rodata._ZL11BUTTON_IRQn
                0x0800a298        0x4 ./src/Drivers/LCD/stm322xg_eval.o
 .rodata._ZL18BUTTON_PORT_SOURCE
                0x0800a29c        0x4 ./src/Drivers/LCD/stm322xg_eval.o
 .rodata.str1.4
                0x0800a2a0       0x24 ./src/Drivers/LCD/stm32f2xx_fsmc.o
 .rodata.str1.4
                0x0800a2c4       0xc2 ./src/main.o
                                 0xc8 (size before relaxing)
 *fill*         0x0800a386        0x2 
 .rodata.str1.4
                0x0800a388        0x2 c:/program files (x86)/gnu tools arm embedded/4.9 2014q4/bin/../lib/gcc/arm-none-eabi/4.9.3/../../../../arm-none-eabi/lib/armv7-m\libg.a(lib_a-impure.o)
                                  0x4 (size before relaxing)
 *fill*         0x0800a38a        0x2 
 .rodata.blanks.6794
                0x0800a38c       0x10 c:/program files (x86)/gnu tools arm embedded/4.9 2014q4/bin/../lib/gcc/arm-none-eabi/4.9.3/../../../../arm-none-eabi/lib/armv7-m\libg.a(lib_a-svfprintf.o)
 .rodata.str1.4
                0x0800a39c       0x42 c:/program files (x86)/gnu tools arm embedded/4.9 2014q4/bin/../lib/gcc/arm-none-eabi/4.9.3/../../../../arm-none-eabi/lib/armv7-m\libg.a(lib_a-svfprintf.o)
                                 0x44 (size before relaxing)
 *fill*         0x0800a3de        0x2 
 .rodata.zeroes.6795
                0x0800a3e0       0x10 c:/program files (x86)/gnu tools arm embedded/4.9 2014q4/bin/../lib/gcc/arm-none-eabi/4.9.3/../../../../arm-none-eabi/lib/armv7-m\libg.a(lib_a-svfprintf.o)
 .rodata._ctype_
                0x0800a3f0      0x104 c:/program files (x86)/gnu tools arm embedded/4.9 2014q4/bin/../lib/gcc/arm-none-eabi/4.9.3/../../../../arm-none-eabi/lib/armv7-m\libg.a(lib_a-ctype_.o)
                0x0800a3f0                _ctype_
 .rodata.str1.4
                0x0800a4f4       0x10 c:/program files (x86)/gnu tools arm embedded/4.9 2014q4/bin/../lib/gcc/arm-none-eabi/4.9.3/../../../../arm-none-eabi/lib/armv7-m\libg.a(lib_a-dtoa.o)
                                 0x14 (size before relaxing)
 .rodata.str1.4
                0x0800a504        0xc c:/program files (x86)/gnu tools arm embedded/4.9 2014q4/bin/../lib/gcc/arm-none-eabi/4.9.3/../../../../arm-none-eabi/lib/armv7-m\libg.a(lib_a-locale.o)
                                 0x14 (size before relaxing)
 .rodata.__mprec_tens
                0x0800a510       0xc8 c:/program files (x86)/gnu tools arm embedded/4.9 2014q4/bin/../lib/gcc/arm-none-eabi/4.9.3/../../../../arm-none-eabi/lib/armv7-m\libg.a(lib_a-mprec.o)
                0x0800a510                __mprec_tens
 .rodata.__mprec_bigtens
                0x0800a5d8       0x28 c:/program files (x86)/gnu tools arm embedded/4.9 2014q4/bin/../lib/gcc/arm-none-eabi/4.9.3/../../../../arm-none-eabi/lib/armv7-m\libg.a(lib_a-mprec.o)
                0x0800a5d8                __mprec_bigtens
 .rodata.p05.5265
                0x0800a600        0xc c:/program files (x86)/gnu tools arm embedded/4.9 2014q4/bin/../lib/gcc/arm-none-eabi/4.9.3/../../../../arm-none-eabi/lib/armv7-m\libg.a(lib_a-mprec.o)
 *(vtable)
 *(.eh_frame*)
 .eh_frame      0x0800a60c       0x38 c:/program files (x86)/gnu tools arm embedded/4.9 2014q4/bin/../lib/gcc/arm-none-eabi/4.9.3/../../../../arm-none-eabi/lib/armv7-m\libg.a(lib_a-strcmp.o)
 *(.glue_7)
 .glue_7        0x00000000        0x0 linker stubs
 *(.glue_7t)
 .glue_7t       0x00000000        0x0 linker stubs

.vfp11_veneer   0x0800a644        0x0
 .vfp11_veneer  0x00000000        0x0 linker stubs

.v4_bx          0x0800a644        0x0
 .v4_bx         0x00000000        0x0 linker stubs

.iplt           0x0800a644        0x0
 .iplt          0x00000000        0x0 ./system/src/stm32f2-stdperiph/misc.o

.ARM.extab
 *(.ARM.extab* .gnu.linkonce.armextab.*)
                0x0800a644                __exidx_start = .

.ARM.exidx      0x0800a644        0x8
 *(.ARM.exidx* .gnu.linkonce.armexidx.*)
 .ARM.exidx     0x0800a644        0x8 c:/program files (x86)/gnu tools arm embedded/4.9 2014q4/bin/../lib/gcc/arm-none-eabi/4.9.3/armv7-m\libgcc.a(_divdi3.o)
 .ARM.exidx     0x0800a64c        0x0 c:/program files (x86)/gnu tools arm embedded/4.9 2014q4/bin/../lib/gcc/arm-none-eabi/4.9.3/armv7-m\libgcc.a(_udivdi3.o)
                                  0x8 (size before relaxing)
                0x0800a64c                __exidx_end = .

.rel.dyn        0x0800a64c        0x0
 .rel.iplt      0x00000000        0x0 ./system/src/stm32f2-stdperiph/misc.o
                0x0800a64c                . = ALIGN (0x4)
                0x0800a64c                _etext = .
                0x0800a64c                __etext = .
                0x0800a64c                _sidata = _etext

.data           0x20000000      0x904 load address 0x0800a64c
                0x20000000                . = ALIGN (0x4)
                0x20000000                _sdata = .
                0x20000000                __data_start__ = .
 *(.data_begin .data_begin.*)
 .data_begin    0x20000000        0x4 ./system/src/newlib/_startup.o
 *(.data .data.*)
 .data.APBAHBPrescTable
                0x20000004       0x10 ./system/src/stm32f2-stdperiph/stm32f2xx_rcc.o
 .data.argv.4510
                0x20000014        0x8 ./system/src/newlib/_syscalls.o
 .data.AHBPrescTable
                0x2000001c       0x10 ./system/src/cmsis/system_stm32f2xx.o
                0x2000001c                AHBPrescTable
 .data.SystemCoreClock
                0x2000002c        0x4 ./system/src/cmsis/system_stm32f2xx.o
                0x2000002c                SystemCoreClock
 .data.Font8x12
                0x20000030        0x8 ./src/Drivers/LCD/fonts.o
                0x20000030                Font8x12
 .data.Font12x12
                0x20000038        0x8 ./src/Drivers/LCD/fonts.o
                0x20000038                Font12x12
 .data.Font16x24
                0x20000040        0x8 ./src/Drivers/LCD/fonts.o
                0x20000040                Font16x24
 .data.COM_TX_PORT
                0x20000048        0x4 ./src/Drivers/LCD/stm322xg_eval.o
                0x20000048                COM_TX_PORT
 .data.COM_RX_PORT
                0x2000004c        0x4 ./src/Drivers/LCD/stm322xg_eval.o
                0x2000004c                COM_RX_PORT
 .data.BUTTON_PORT
                0x20000050        0xc ./src/Drivers/LCD/stm322xg_eval.o
                0x20000050                BUTTON_PORT
 .data.COM_USART
                0x2000005c        0x4 ./src/Drivers/LCD/stm322xg_eval.o
                0x2000005c                COM_USART
 .data.BackColor
                0x20000060        0x2 ./src/Drivers/LCD/stm322xg_eval_lcd.o
                0x20000060                BackColor
 *fill*         0x20000062        0x2 
 .data.commands
                0x20000064       0x20 ./src/main.o
                0x20000064                commands
 .data.delim    0x20000084        0x4 ./src/main.o
                0x20000084                delim
 .data.impure_data
                0x20000088      0x428 c:/program files (x86)/gnu tools arm embedded/4.9 2014q4/bin/../lib/gcc/arm-none-eabi/4.9.3/../../../../arm-none-eabi/lib/armv7-m\libg.a(lib_a-impure.o)
 .data._impure_ptr
                0x200004b0        0x4 c:/program files (x86)/gnu tools arm embedded/4.9 2014q4/bin/../lib/gcc/arm-none-eabi/4.9.3/../../../../arm-none-eabi/lib/armv7-m\libg.a(lib_a-impure.o)
                0x200004b0                _impure_ptr
 .data.__malloc_av_
                0x200004b4      0x408 c:/program files (x86)/gnu tools arm embedded/4.9 2014q4/bin/../lib/gcc/arm-none-eabi/4.9.3/../../../../arm-none-eabi/lib/armv7-m\libg.a(lib_a-mallocr.o)
                0x200004b4                __malloc_av_
 .data.__malloc_trim_threshold
                0x200008bc        0x4 c:/program files (x86)/gnu tools arm embedded/4.9 2014q4/bin/../lib/gcc/arm-none-eabi/4.9.3/../../../../arm-none-eabi/lib/armv7-m\libg.a(lib_a-mallocr.o)
                0x200008bc                __malloc_trim_threshold
 .data.__malloc_sbrk_base
                0x200008c0        0x4 c:/program files (x86)/gnu tools arm embedded/4.9 2014q4/bin/../lib/gcc/arm-none-eabi/4.9.3/../../../../arm-none-eabi/lib/armv7-m\libg.a(lib_a-mallocr.o)
                0x200008c0                __malloc_sbrk_base
 .data.__ctype_ptr__
                0x200008c4        0x4 c:/program files (x86)/gnu tools arm embedded/4.9 2014q4/bin/../lib/gcc/arm-none-eabi/4.9.3/../../../../arm-none-eabi/lib/armv7-m\libg.a(lib_a-ctype_.o)
                0x200008c4                __ctype_ptr__
 .data.lconv    0x200008c8       0x38 c:/program files (x86)/gnu tools arm embedded/4.9 2014q4/bin/../lib/gcc/arm-none-eabi/4.9.3/../../../../arm-none-eabi/lib/armv7-m\libg.a(lib_a-locale.o)
 *(.data_end .data_end.*)
 .data_end      0x20000900        0x4 ./system/src/newlib/_startup.o
                0x20000904                . = ALIGN (0x4)
                0x20000904                _edata = .
                0x20000904                __data_end__ = .

.igot.plt       0x20000904        0x0 load address 0x0800af50
 .igot.plt      0x00000000        0x0 ./system/src/stm32f2-stdperiph/misc.o

.bss            0x20000904     0x10cc load address 0x0800af50
                0x20000904                . = ALIGN (0x4)
                0x20000904                __bss_start__ = .
                0x20000904                _sbss = .
 *(.bss_begin .bss_begin.*)
 .bss_begin     0x20000904        0x4 ./system/src/newlib/_startup.o
 *(.bss .bss.*)
 .bss.current_heap_end.4304
                0x20000908        0x4 ./system/src/newlib/_sbrk.o
 .bss.name.4509
                0x2000090c        0x4 ./system/src/newlib/_syscalls.o
 .bss.buf.5385  0x20000910       0x80 ./system/src/diag/Trace.o
 .bss._ZL9tx_buffer
                0x20000990      0x108 ./src/Drivers/usart/usart.o
 .bss._ZL9rx_buffer
                0x20000a98      0x108 ./src/Drivers/usart/usart.o
 .bss._ZN5Timer13ms_delayCountE
                0x20000ba0        0x4 ./src/Drivers/timer/timer.o
                0x20000ba0                Timer::ms_delayCount
 .bss.LCD_Scrolled
                0x20000ba4        0x1 ./src/Drivers/LCD/lcd_log.o
                0x20000ba4                LCD_Scrolled
 *fill*         0x20000ba5        0x1 
 .bss.LCD_CacheBuffer_yptr_top
                0x20000ba6        0x2 ./src/Drivers/LCD/lcd_log.o
                0x20000ba6                LCD_CacheBuffer_yptr_top
 .bss.LCD_CacheBuffer_yptr_bottom_bak
                0x20000ba8        0x2 ./src/Drivers/LCD/lcd_log.o
                0x20000ba8                LCD_CacheBuffer_yptr_bottom_bak
 *fill*         0x20000baa        0x2 
 .bss.LCD_CacheBuffer
                0x20000bac      0xc98 ./src/Drivers/LCD/lcd_log.o
                0x20000bac                LCD_CacheBuffer
 .bss.LCD_CacheBuffer_yptr_top_bak
                0x20001844        0x2 ./src/Drivers/LCD/lcd_log.o
                0x20001844                LCD_CacheBuffer_yptr_top_bak
 .bss.LCD_CacheBuffer_yptr_invert
                0x20001846        0x1 ./src/Drivers/LCD/lcd_log.o
                0x20001846                LCD_CacheBuffer_yptr_invert
 .bss.LCD_Lock  0x20001847        0x1 ./src/Drivers/LCD/lcd_log.o
                0x20001847                LCD_Lock
 .bss.LCD_CacheBuffer_yptr_bottom
                0x20001848        0x2 ./src/Drivers/LCD/lcd_log.o
                0x20001848                LCD_CacheBuffer_yptr_bottom
 *fill*         0x2000184a        0x2 
 .bss.lcd_temp_buf
                0x2000184c      0x100 ./src/Drivers/LCD/lcd_log.o
                0x2000184c                lcd_temp_buf
 .bss.LCD_ScrollActive
                0x2000194c        0x1 ./src/Drivers/LCD/lcd_log.o
                0x2000194c                LCD_ScrollActive
 *fill*         0x2000194d        0x1 
 .bss.LCD_CacheBuffer_xptr
                0x2000194e        0x2 ./src/Drivers/LCD/lcd_log.o
                0x2000194e                LCD_CacheBuffer_xptr
 .bss.LCD_LineColor
                0x20001950        0x2 ./src/Drivers/LCD/lcd_log.o
                0x20001950                LCD_LineColor
 .bss.LCD_ScrollBackStep
                0x20001952        0x2 ./src/Drivers/LCD/lcd_log.o
                0x20001952                LCD_ScrollBackStep
 .bss._ZL16LCD_Currentfonts
                0x20001954        0x4 ./src/Drivers/LCD/stm322xg_eval_lcd.o
 .bss.TextColor
                0x20001958        0x2 ./src/Drivers/LCD/stm322xg_eval_lcd.o
                0x20001958                TextColor
 *fill*         0x2000195a        0x2 
 .bss.i2c_byte_list_curr
                0x2000195c        0x4 ./src/main.o
                0x2000195c                i2c_byte_list_curr
 .bss._ZL3cmd   0x20001960        0x4 ./src/main.o
 .bss.i2c_byte_list_head
                0x20001964        0x4 ./src/main.o
                0x20001964                i2c_byte_list_head
 .bss.update_display_sequnce
                0x20001968        0x1 ./src/main.o
                0x20001968                update_display_sequnce
 *fill*         0x20001969        0x3 
 .bss.start_bit_count
                0x2000196c        0x4 ./src/main.o
                0x2000196c                start_bit_count
 .bss.commands_count
                0x20001970        0x4 ./src/main.o
                0x20001970                commands_count
 .bss.state     0x20001974        0x1 ./src/main.o
                0x20001974                state
 .bss._ZL9bit_count
                0x20001975        0x1 ./src/main.o
 .bss._ZZ16EXTI2_IRQHandlerE7is_read
                0x20001976        0x1 ./src/main.o
 *fill*         0x20001977        0x1 
 .bss.stop_bit_count
                0x20001978        0x4 ./src/main.o
                0x20001978                stop_bit_count
 .bss.write_byte_nacks
                0x2000197c        0x4 ./src/main.o
                0x2000197c                write_byte_nacks
 .bss.bwrite    0x20001980        0x4 ./src/main.o
                0x20001980                bwrite
 .bss.symbol_count
                0x20001984        0x4 ./src/main.o
                0x20001984                symbol_count
 .bss.sniff_mode
                0x20001988        0x1 ./src/main.o
                0x20001988                sniff_mode
 *fill*         0x20001989        0x3 
 .bss.bread     0x2000198c        0x4 ./src/main.o
                0x2000198c                bread
 .bss.address_nacked
                0x20001990        0x4 ./src/main.o
                0x20001990                address_nacked
 .bss.__malloc_max_total_mem
                0x20001994        0x4 c:/program files (x86)/gnu tools arm embedded/4.9 2014q4/bin/../lib/gcc/arm-none-eabi/4.9.3/../../../../arm-none-eabi/lib/armv7-m\libg.a(lib_a-mallocr.o)
                0x20001994                __malloc_max_total_mem
 .bss.__malloc_max_sbrked_mem
                0x20001998        0x4 c:/program files (x86)/gnu tools arm embedded/4.9 2014q4/bin/../lib/gcc/arm-none-eabi/4.9.3/../../../../arm-none-eabi/lib/armv7-m\libg.a(lib_a-mallocr.o)
                0x20001998                __malloc_max_sbrked_mem
 .bss.__malloc_top_pad
                0x2000199c        0x4 c:/program files (x86)/gnu tools arm embedded/4.9 2014q4/bin/../lib/gcc/arm-none-eabi/4.9.3/../../../../arm-none-eabi/lib/armv7-m\libg.a(lib_a-mallocr.o)
                0x2000199c                __malloc_top_pad
 .bss.__malloc_current_mallinfo
                0x200019a0       0x28 c:/program files (x86)/gnu tools arm embedded/4.9 2014q4/bin/../lib/gcc/arm-none-eabi/4.9.3/../../../../arm-none-eabi/lib/armv7-m\libg.a(lib_a-mallocr.o)
                0x200019a0                __malloc_current_mallinfo
 *(COMMON)
 COMMON         0x200019c8        0x4 ./system/src/newlib/_syscalls.o
                0x200019c8                errno
 *(.bss_end .bss_end.*)
 .bss_end       0x200019cc        0x4 ./system/src/newlib/_startup.o
                0x200019d0                . = ALIGN (0x4)
                0x200019d0                __bss_end__ = .
                0x200019d0                _ebss = .

.noinit         0x200019d0        0x0
                0x200019d0                . = ALIGN (0x4)
                0x200019d0                _noinit = .
 *(.noinit .noinit.*)
                0x200019d0                . = ALIGN (0x4)
                0x200019d0                _end_noinit = .
                0x200019d0                PROVIDE (end, _end_noinit)
                0x200019d0                PROVIDE (_end, _end_noinit)
                0x200019d0                PROVIDE (__end, _end_noinit)
                0x200019d0                PROVIDE (__end__, _end_noinit)

._check_stack   0x200019d0      0x100 load address 0x0800c01c
                0x200019d0                . = ALIGN (0x4)
                0x20001ad0                . = (. + _Minimum_Stack_Size)
 *fill*         0x200019d0      0x100 
                0x20001ad0                . = ALIGN (0x4)

.bss_CCMRAM
 *(.bss.CCMRAM .bss.CCMRAM.*)

.b1text
 *(.b1text)
 *(.b1rodata)
 *(.b1rodata.*)

.eb0text
 *(.eb0text)
 *(.eb0rodata)
 *(.eb0rodata.*)

.eb1text
 *(.eb1text)
 *(.eb1rodata)
 *(.eb1rodata.*)

.eb2text
 *(.eb2text)
 *(.eb2rodata)
 *(.eb2rodata.*)

.eb3text
 *(.eb3text)
 *(.eb3rodata)
 *(.eb3rodata.*)

.stab
 *(.stab)

.stabstr
 *(.stabstr)

.stab.excl
 *(.stab.excl)

.stab.exclstr
 *(.stab.exclstr)

.stab.index
 *(.stab.index)

.stab.indexstr
 *(.stab.indexstr)

.comment        0x00000000       0x70
 *(.comment)
 .comment       0x00000000       0x70 ./system/src/stm32f2-stdperiph/misc.o
                                 0x71 (size before relaxing)
 .comment       0x00000000       0x71 ./system/src/stm32f2-stdperiph/stm32f2xx_exti.o
 .comment       0x00000000       0x71 ./system/src/stm32f2-stdperiph/stm32f2xx_gpio.o
 .comment       0x00000000       0x71 ./system/src/stm32f2-stdperiph/stm32f2xx_rcc.o
 .comment       0x00000000       0x71 ./system/src/stm32f2-stdperiph/stm32f2xx_syscfg.o
 .comment       0x00000000       0x71 ./system/src/stm32f2-stdperiph/stm32f2xx_usart.o
 .comment       0x00000000       0x71 ./system/src/newlib/_exit.o
 .comment       0x00000000       0x71 ./system/src/newlib/_sbrk.o
 .comment       0x00000000       0x71 ./system/src/newlib/_startup.o
 .comment       0x00000000       0x71 ./system/src/newlib/_syscalls.o
 .comment       0x00000000       0x71 ./system/src/newlib/assert.o
 .comment       0x00000000       0x71 ./system/src/diag/Trace.o
 .comment       0x00000000       0x71 ./system/src/diag/trace_impl.o
 .comment       0x00000000       0x71 ./system/src/cortexm/_initialize_hardware.o
 .comment       0x00000000       0x71 ./system/src/cortexm/exception_handlers.o
 .comment       0x00000000       0x71 ./system/src/cmsis/system_stm32f2xx.o
 .comment       0x00000000       0x71 ./system/src/cmsis/vectors_stm32f2xx.o
 .comment       0x00000000       0x71 ./src/Drivers/usart/usart.o
 .comment       0x00000000       0x71 ./src/Drivers/timer/timer.o
 .comment       0x00000000       0x71 ./src/Drivers/gpio/gpio.o
 .comment       0x00000000       0x71 ./src/Drivers/LCD/fonts.o
 .comment       0x00000000       0x71 ./src/Drivers/LCD/lcd_log.o
 .comment       0x00000000       0x71 ./src/Drivers/LCD/stm322xg_eval.o
 .comment       0x00000000       0x71 ./src/Drivers/LCD/stm322xg_eval_lcd.o
 .comment       0x00000000       0x71 ./src/Drivers/LCD/stm32f2xx_fsmc.o
 .comment       0x00000000       0x71 ./src/main.o

.ARM.attributes
                0x00000000       0x31
 .ARM.attributes
                0x00000000       0x33 ./system/src/stm32f2-stdperiph/misc.o
 .ARM.attributes
                0x00000033       0x33 ./system/src/stm32f2-stdperiph/stm32f2xx_exti.o
 .ARM.attributes
                0x00000066       0x33 ./system/src/stm32f2-stdperiph/stm32f2xx_gpio.o
 .ARM.attributes
                0x00000099       0x33 ./system/src/stm32f2-stdperiph/stm32f2xx_rcc.o
 .ARM.attributes
                0x000000cc       0x33 ./system/src/stm32f2-stdperiph/stm32f2xx_syscfg.o
 .ARM.attributes
                0x000000ff       0x33 ./system/src/stm32f2-stdperiph/stm32f2xx_usart.o
 .ARM.attributes
                0x00000132       0x33 ./system/src/newlib/_exit.o
 .ARM.attributes
                0x00000165       0x33 ./system/src/newlib/_sbrk.o
 .ARM.attributes
                0x00000198       0x33 ./system/src/newlib/_startup.o
 .ARM.attributes
                0x000001cb       0x33 ./system/src/newlib/_syscalls.o
 .ARM.attributes
                0x000001fe       0x33 ./system/src/newlib/assert.o
 .ARM.attributes
                0x00000231       0x33 ./system/src/diag/Trace.o
 .ARM.attributes
                0x00000264       0x33 ./system/src/diag/trace_impl.o
 .ARM.attributes
                0x00000297       0x33 ./system/src/cortexm/_initialize_hardware.o
 .ARM.attributes
                0x000002ca       0x33 ./system/src/cortexm/exception_handlers.o
 .ARM.attributes
                0x000002fd       0x33 ./system/src/cmsis/system_stm32f2xx.o
 .ARM.attributes
                0x00000330       0x33 ./system/src/cmsis/vectors_stm32f2xx.o
 .ARM.attributes
                0x00000363       0x33 ./src/Drivers/usart/usart.o
 .ARM.attributes
                0x00000396       0x33 ./src/Drivers/timer/timer.o
 .ARM.attributes
                0x000003c9       0x33 ./src/Drivers/gpio/gpio.o
 .ARM.attributes
                0x000003fc       0x33 ./src/Drivers/LCD/fonts.o
 .ARM.attributes
                0x0000042f       0x33 ./src/Drivers/LCD/lcd_log.o
 .ARM.attributes
                0x00000462       0x33 ./src/Drivers/LCD/stm322xg_eval.o
 .ARM.attributes
                0x00000495       0x33 ./src/Drivers/LCD/stm322xg_eval_lcd.o
 .ARM.attributes
                0x000004c8       0x33 ./src/Drivers/LCD/stm32f2xx_fsmc.o
 .ARM.attributes
                0x000004fb       0x33 ./src/main.o
 .ARM.attributes
                0x0000052e       0x1d c:/program files (x86)/gnu tools arm embedded/4.9 2014q4/bin/../lib/gcc/arm-none-eabi/4.9.3/armv7-m\libgcc.a(_arm_addsubdf3.o)
 .ARM.attributes
                0x0000054b       0x1d c:/program files (x86)/gnu tools arm embedded/4.9 2014q4/bin/../lib/gcc/arm-none-eabi/4.9.3/armv7-m\libgcc.a(_arm_cmpdf2.o)
 .ARM.attributes
                0x00000568       0x2d c:/program files (x86)/gnu tools arm embedded/4.9 2014q4/bin/../lib/gcc/arm-none-eabi/4.9.3/../../../../arm-none-eabi/lib/armv7-m\libg.a(lib_a-errno.o)
 .ARM.attributes
                0x00000595       0x2d c:/program files (x86)/gnu tools arm embedded/4.9 2014q4/bin/../lib/gcc/arm-none-eabi/4.9.3/../../../../arm-none-eabi/lib/armv7-m\libg.a(lib_a-impure.o)
 .ARM.attributes
                0x000005c2       0x2d c:/program files (x86)/gnu tools arm embedded/4.9 2014q4/bin/../lib/gcc/arm-none-eabi/4.9.3/../../../../arm-none-eabi/lib/armv7-m\libg.a(lib_a-malloc.o)
 .ARM.attributes
                0x000005ef       0x2d c:/program files (x86)/gnu tools arm embedded/4.9 2014q4/bin/../lib/gcc/arm-none-eabi/4.9.3/../../../../arm-none-eabi/lib/armv7-m\libg.a(lib_a-mallocr.o)
 .ARM.attributes
                0x0000061c       0x2d c:/program files (x86)/gnu tools arm embedded/4.9 2014q4/bin/../lib/gcc/arm-none-eabi/4.9.3/../../../../arm-none-eabi/lib/armv7-m\libg.a(lib_a-memset.o)
 .ARM.attributes
                0x00000649       0x2d c:/program files (x86)/gnu tools arm embedded/4.9 2014q4/bin/../lib/gcc/arm-none-eabi/4.9.3/../../../../arm-none-eabi/lib/armv7-m\libg.a(lib_a-mlock.o)
 .ARM.attributes
                0x00000676       0x2d c:/program files (x86)/gnu tools arm embedded/4.9 2014q4/bin/../lib/gcc/arm-none-eabi/4.9.3/../../../../arm-none-eabi/lib/armv7-m\libg.a(lib_a-sbrkr.o)
 .ARM.attributes
                0x000006a3       0x2d c:/program files (x86)/gnu tools arm embedded/4.9 2014q4/bin/../lib/gcc/arm-none-eabi/4.9.3/../../../../arm-none-eabi/lib/armv7-m\libg.a(lib_a-snprintf.o)
 .ARM.attributes
                0x000006d0       0x1b c:/program files (x86)/gnu tools arm embedded/4.9 2014q4/bin/../lib/gcc/arm-none-eabi/4.9.3/../../../../arm-none-eabi/lib/armv7-m\libg.a(lib_a-strcmp.o)
 .ARM.attributes
                0x000006eb       0x2d c:/program files (x86)/gnu tools arm embedded/4.9 2014q4/bin/../lib/gcc/arm-none-eabi/4.9.3/../../../../arm-none-eabi/lib/armv7-m\libg.a(lib_a-strlen.o)
 .ARM.attributes
                0x00000718       0x2d c:/program files (x86)/gnu tools arm embedded/4.9 2014q4/bin/../lib/gcc/arm-none-eabi/4.9.3/../../../../arm-none-eabi/lib/armv7-m\libg.a(lib_a-strtok.o)
 .ARM.attributes
                0x00000745       0x2d c:/program files (x86)/gnu tools arm embedded/4.9 2014q4/bin/../lib/gcc/arm-none-eabi/4.9.3/../../../../arm-none-eabi/lib/armv7-m\libg.a(lib_a-strtok_r.o)
 .ARM.attributes
                0x00000772       0x2d c:/program files (x86)/gnu tools arm embedded/4.9 2014q4/bin/../lib/gcc/arm-none-eabi/4.9.3/../../../../arm-none-eabi/lib/armv7-m\libg.a(lib_a-strtol.o)
 .ARM.attributes
                0x0000079f       0x2d c:/program files (x86)/gnu tools arm embedded/4.9 2014q4/bin/../lib/gcc/arm-none-eabi/4.9.3/../../../../arm-none-eabi/lib/armv7-m\libg.a(lib_a-svfprintf.o)
 .ARM.attributes
                0x000007cc       0x2d c:/program files (x86)/gnu tools arm embedded/4.9 2014q4/bin/../lib/gcc/arm-none-eabi/4.9.3/../../../../arm-none-eabi/lib/armv7-m\libg.a(lib_a-vsnprintf.o)
 .ARM.attributes
                0x000007f9       0x2d c:/program files (x86)/gnu tools arm embedded/4.9 2014q4/bin/../lib/gcc/arm-none-eabi/4.9.3/../../../../arm-none-eabi/lib/armv7-m\libg.a(lib_a-ctype_.o)
 .ARM.attributes
                0x00000826       0x2d c:/program files (x86)/gnu tools arm embedded/4.9 2014q4/bin/../lib/gcc/arm-none-eabi/4.9.3/../../../../arm-none-eabi/lib/armv7-m\libg.a(lib_a-dtoa.o)
 .ARM.attributes
                0x00000853       0x2d c:/program files (x86)/gnu tools arm embedded/4.9 2014q4/bin/../lib/gcc/arm-none-eabi/4.9.3/../../../../arm-none-eabi/lib/armv7-m\libg.a(lib_a-freer.o)
 .ARM.attributes
                0x00000880       0x2d c:/program files (x86)/gnu tools arm embedded/4.9 2014q4/bin/../lib/gcc/arm-none-eabi/4.9.3/../../../../arm-none-eabi/lib/armv7-m\libg.a(lib_a-locale.o)
 .ARM.attributes
                0x000008ad       0x2d c:/program files (x86)/gnu tools arm embedded/4.9 2014q4/bin/../lib/gcc/arm-none-eabi/4.9.3/../../../../arm-none-eabi/lib/armv7-m\libg.a(lib_a-memchr.o)
 .ARM.attributes
                0x000008da       0x1b c:/program files (x86)/gnu tools arm embedded/4.9 2014q4/bin/../lib/gcc/arm-none-eabi/4.9.3/../../../../arm-none-eabi/lib/armv7-m\libg.a(lib_a-memcpy.o)
 .ARM.attributes
                0x000008f5       0x2d c:/program files (x86)/gnu tools arm embedded/4.9 2014q4/bin/../lib/gcc/arm-none-eabi/4.9.3/../../../../arm-none-eabi/lib/armv7-m\libg.a(lib_a-mprec.o)
 .ARM.attributes
                0x00000922       0x2d c:/program files (x86)/gnu tools arm embedded/4.9 2014q4/bin/../lib/gcc/arm-none-eabi/4.9.3/../../../../arm-none-eabi/lib/armv7-m\libg.a(lib_a-s_fpclassify.o)
 .ARM.attributes
                0x0000094f       0x2d c:/program files (x86)/gnu tools arm embedded/4.9 2014q4/bin/../lib/gcc/arm-none-eabi/4.9.3/../../../../arm-none-eabi/lib/armv7-m\libg.a(lib_a-svfiprintf.o)
 .ARM.attributes
                0x0000097c       0x2d c:/program files (x86)/gnu tools arm embedded/4.9 2014q4/bin/../lib/gcc/arm-none-eabi/4.9.3/../../../../arm-none-eabi/lib/armv7-m\libg.a(lib_a-callocr.o)
 .ARM.attributes
                0x000009a9       0x2d c:/program files (x86)/gnu tools arm embedded/4.9 2014q4/bin/../lib/gcc/arm-none-eabi/4.9.3/../../../../arm-none-eabi/lib/armv7-m\libg.a(lib_a-memmove.o)
 .ARM.attributes
                0x000009d6       0x2d c:/program files (x86)/gnu tools arm embedded/4.9 2014q4/bin/../lib/gcc/arm-none-eabi/4.9.3/../../../../arm-none-eabi/lib/armv7-m\libg.a(lib_a-reallocr.o)
 .ARM.attributes
                0x00000a03       0x1d c:/program files (x86)/gnu tools arm embedded/4.9 2014q4/bin/../lib/gcc/arm-none-eabi/4.9.3/armv7-m\libgcc.a(_arm_muldivdf3.o)
 .ARM.attributes
                0x00000a20       0x1d c:/program files (x86)/gnu tools arm embedded/4.9 2014q4/bin/../lib/gcc/arm-none-eabi/4.9.3/armv7-m\libgcc.a(_arm_fixdfsi.o)
 .ARM.attributes
                0x00000a3d       0x1d c:/program files (x86)/gnu tools arm embedded/4.9 2014q4/bin/../lib/gcc/arm-none-eabi/4.9.3/armv7-m\libgcc.a(_aeabi_uldivmod.o)
 .ARM.attributes
                0x00000a5a       0x2d c:/program files (x86)/gnu tools arm embedded/4.9 2014q4/bin/../lib/gcc/arm-none-eabi/4.9.3/armv7-m\libgcc.a(bpabi.o)
 .ARM.attributes
                0x00000a87       0x1d c:/program files (x86)/gnu tools arm embedded/4.9 2014q4/bin/../lib/gcc/arm-none-eabi/4.9.3/armv7-m\libgcc.a(_dvmd_tls.o)
 .ARM.attributes
                0x00000aa4       0x2d c:/program files (x86)/gnu tools arm embedded/4.9 2014q4/bin/../lib/gcc/arm-none-eabi/4.9.3/armv7-m\libgcc.a(_divdi3.o)
 .ARM.attributes
                0x00000ad1       0x2d c:/program files (x86)/gnu tools arm embedded/4.9 2014q4/bin/../lib/gcc/arm-none-eabi/4.9.3/armv7-m\libgcc.a(_udivdi3.o)

.debug
 *(.debug)

.line
 *(.line)

.debug_srcinfo
 *(.debug_srcinfo)

.debug_sfnames
 *(.debug_sfnames)

.debug_aranges  0x00000000      0xad0
 *(.debug_aranges)
 .debug_aranges
                0x00000000       0x40 ./system/src/stm32f2-stdperiph/misc.o
 .debug_aranges
                0x00000040       0x58 ./system/src/stm32f2-stdperiph/stm32f2xx_exti.o
 .debug_aranges
                0x00000098       0x88 ./system/src/stm32f2-stdperiph/stm32f2xx_gpio.o
 .debug_aranges
                0x00000120      0x178 ./system/src/stm32f2-stdperiph/stm32f2xx_rcc.o
 .debug_aranges
                0x00000298       0x48 ./system/src/stm32f2-stdperiph/stm32f2xx_syscfg.o
 .debug_aranges
                0x000002e0      0x100 ./system/src/stm32f2-stdperiph/stm32f2xx_usart.o
 .debug_aranges
                0x000003e0       0x28 ./system/src/newlib/_exit.o
 .debug_aranges
                0x00000408       0x20 ./system/src/newlib/_sbrk.o
 .debug_aranges
                0x00000428       0x40 ./system/src/newlib/_startup.o
 .debug_aranges
                0x00000468       0xd0 ./system/src/newlib/_syscalls.o
 .debug_aranges
                0x00000538       0x28 ./system/src/newlib/assert.o
 .debug_aranges
                0x00000560       0x38 ./system/src/diag/Trace.o
 .debug_aranges
                0x00000598       0x30 ./system/src/diag/trace_impl.o
 .debug_aranges
                0x000005c8       0x28 ./system/src/cortexm/_initialize_hardware.o
 .debug_aranges
                0x000005f0       0x68 ./system/src/cortexm/exception_handlers.o
 .debug_aranges
                0x00000658       0x30 ./system/src/cmsis/system_stm32f2xx.o
 .debug_aranges
                0x00000688       0x20 ./system/src/cmsis/vectors_stm32f2xx.o
 .debug_aranges
                0x000006a8       0x48 ./src/Drivers/usart/usart.o
 .debug_aranges
                0x000006f0       0x28 ./src/Drivers/timer/timer.o
 .debug_aranges
                0x00000718       0x28 ./src/Drivers/gpio/gpio.o
 .debug_aranges
                0x00000740       0x18 ./src/Drivers/LCD/fonts.o
 .debug_aranges
                0x00000758       0x70 ./src/Drivers/LCD/lcd_log.o
 .debug_aranges
                0x000007c8       0x88 ./src/Drivers/LCD/stm322xg_eval.o
 .debug_aranges
                0x00000850      0x168 ./src/Drivers/LCD/stm322xg_eval_lcd.o
 .debug_aranges
                0x000009b8       0xb0 ./src/Drivers/LCD/stm32f2xx_fsmc.o
 .debug_aranges
                0x00000a68       0x68 ./src/main.o

.debug_pubnames
 *(.debug_pubnames)

.debug_info     0x00000000     0xf8e9
 *(.debug_info .gnu.linkonce.wi.*)
 .debug_info    0x00000000      0x65c ./system/src/stm32f2-stdperiph/misc.o
 .debug_info    0x0000065c      0x48a ./system/src/stm32f2-stdperiph/stm32f2xx_exti.o
 .debug_info    0x00000ae6      0xb10 ./system/src/stm32f2-stdperiph/stm32f2xx_gpio.o
 .debug_info    0x000015f6     0x138d ./system/src/stm32f2-stdperiph/stm32f2xx_rcc.o
 .debug_info    0x00002983      0x364 ./system/src/stm32f2-stdperiph/stm32f2xx_syscfg.o
 .debug_info    0x00002ce7     0x12de ./system/src/stm32f2-stdperiph/stm32f2xx_usart.o
 .debug_info    0x00003fc5      0x100 ./system/src/newlib/_exit.o
 .debug_info    0x000040c5      0x125 ./system/src/newlib/_sbrk.o
 .debug_info    0x000041ea      0x47f ./system/src/newlib/_startup.o
 .debug_info    0x00004669      0x8f3 ./system/src/newlib/_syscalls.o
 .debug_info    0x00004f5c      0x250 ./system/src/newlib/assert.o
 .debug_info    0x000051ac      0x32b ./system/src/diag/Trace.o
 .debug_info    0x000054d7      0x3fe ./system/src/diag/trace_impl.o
 .debug_info    0x000058d5       0xea ./system/src/cortexm/_initialize_hardware.o
 .debug_info    0x000059bf       0xe9 ./system/src/cortexm/exception_handlers.o
 .debug_info    0x00005aa8      0x57e ./system/src/cmsis/system_stm32f2xx.o
 .debug_info    0x00006026       0xa8 ./system/src/cmsis/vectors_stm32f2xx.o
 .debug_info    0x000060ce      0xd55 ./src/Drivers/usart/usart.o
 .debug_info    0x00006e23      0x1b6 ./src/Drivers/timer/timer.o
 .debug_info    0x00006fd9      0x8c3 ./src/Drivers/gpio/gpio.o
 .debug_info    0x0000789c      0x1a2 ./src/Drivers/LCD/fonts.o
 .debug_info    0x00007a3e      0x7d7 ./src/Drivers/LCD/lcd_log.o
 .debug_info    0x00008215     0x1b3d ./src/Drivers/LCD/stm322xg_eval.o
 .debug_info    0x00009d52     0x2f4e ./src/Drivers/LCD/stm322xg_eval_lcd.o
 .debug_info    0x0000cca0     0x11e3 ./src/Drivers/LCD/stm32f2xx_fsmc.o
 .debug_info    0x0000de83     0x1a66 ./src/main.o

.debug_abbrev   0x00000000     0x2d7e
 *(.debug_abbrev)
 .debug_abbrev  0x00000000      0x188 ./system/src/stm32f2-stdperiph/misc.o
 .debug_abbrev  0x00000188      0x1cc ./system/src/stm32f2-stdperiph/stm32f2xx_exti.o
 .debug_abbrev  0x00000354      0x1ec ./system/src/stm32f2-stdperiph/stm32f2xx_gpio.o
 .debug_abbrev  0x00000540      0x228 ./system/src/stm32f2-stdperiph/stm32f2xx_rcc.o
 .debug_abbrev  0x00000768      0x178 ./system/src/stm32f2-stdperiph/stm32f2xx_syscfg.o
 .debug_abbrev  0x000008e0      0x1c9 ./system/src/stm32f2-stdperiph/stm32f2xx_usart.o
 .debug_abbrev  0x00000aa9       0xa4 ./system/src/newlib/_exit.o
 .debug_abbrev  0x00000b4d       0xbb ./system/src/newlib/_sbrk.o
 .debug_abbrev  0x00000c08      0x1e9 ./system/src/newlib/_startup.o
 .debug_abbrev  0x00000df1      0x178 ./system/src/newlib/_syscalls.o
 .debug_abbrev  0x00000f69      0x112 ./system/src/newlib/assert.o
 .debug_abbrev  0x0000107b      0x178 ./system/src/diag/Trace.o
 .debug_abbrev  0x000011f3      0x188 ./system/src/diag/trace_impl.o
 .debug_abbrev  0x0000137b       0x88 ./system/src/cortexm/_initialize_hardware.o
 .debug_abbrev  0x00001403       0x65 ./system/src/cortexm/exception_handlers.o
 .debug_abbrev  0x00001468      0x157 ./system/src/cmsis/system_stm32f2xx.o
 .debug_abbrev  0x000015bf       0xac ./system/src/cmsis/vectors_stm32f2xx.o
 .debug_abbrev  0x0000166b      0x3b3 ./src/Drivers/usart/usart.o
 .debug_abbrev  0x00001a1e      0x181 ./src/Drivers/timer/timer.o
 .debug_abbrev  0x00001b9f      0x1a7 ./src/Drivers/gpio/gpio.o
 .debug_abbrev  0x00001d46       0xa5 ./src/Drivers/LCD/fonts.o
 .debug_abbrev  0x00001deb      0x274 ./src/Drivers/LCD/lcd_log.o
 .debug_abbrev  0x0000205f      0x270 ./src/Drivers/LCD/stm322xg_eval.o
 .debug_abbrev  0x000022cf      0x2aa ./src/Drivers/LCD/stm322xg_eval_lcd.o
 .debug_abbrev  0x00002579      0x1d1 ./src/Drivers/LCD/stm32f2xx_fsmc.o
 .debug_abbrev  0x0000274a      0x634 ./src/main.o

.debug_line     0x00000000     0x9dfd
 *(.debug_line)
 .debug_line    0x00000000      0x563 ./system/src/stm32f2-stdperiph/misc.o
 .debug_line    0x00000563      0x678 ./system/src/stm32f2-stdperiph/stm32f2xx_exti.o
 .debug_line    0x00000bdb      0x9e8 ./system/src/stm32f2-stdperiph/stm32f2xx_gpio.o
 .debug_line    0x000015c3      0xbf2 ./system/src/stm32f2-stdperiph/stm32f2xx_rcc.o
 .debug_line    0x000021b5      0x537 ./system/src/stm32f2-stdperiph/stm32f2xx_syscfg.o
 .debug_line    0x000026ec      0xcdb ./system/src/stm32f2-stdperiph/stm32f2xx_usart.o
 .debug_line    0x000033c7      0x2c1 ./system/src/newlib/_exit.o
 .debug_line    0x00003688      0x264 ./system/src/newlib/_sbrk.o
 .debug_line    0x000038ec      0x32b ./system/src/newlib/_startup.o
 .debug_line    0x00003c17      0x4da ./system/src/newlib/_syscalls.o
 .debug_line    0x000040f1      0x340 ./system/src/newlib/assert.o
 .debug_line    0x00004431      0x31c ./system/src/diag/Trace.o
 .debug_line    0x0000474d      0x5a8 ./system/src/diag/trace_impl.o
 .debug_line    0x00004cf5      0x4c6 ./system/src/cortexm/_initialize_hardware.o
 .debug_line    0x000051bb       0xbf ./system/src/cortexm/exception_handlers.o
 .debug_line    0x0000527a      0x507 ./system/src/cmsis/system_stm32f2xx.o
 .debug_line    0x00005781       0x8e ./system/src/cmsis/vectors_stm32f2xx.o
 .debug_line    0x0000580f      0x62a ./src/Drivers/usart/usart.o
 .debug_line    0x00005e39      0x519 ./src/Drivers/timer/timer.o
 .debug_line    0x00006352      0x4e4 ./src/Drivers/gpio/gpio.o
 .debug_line    0x00006836      0x1f0 ./src/Drivers/LCD/fonts.o
 .debug_line    0x00006a26      0x75b ./src/Drivers/LCD/lcd_log.o
 .debug_line    0x00007181      0x675 ./src/Drivers/LCD/stm322xg_eval.o
 .debug_line    0x000077f6      0xac6 ./src/Drivers/LCD/stm322xg_eval_lcd.o
 .debug_line    0x000082bc      0xa54 ./src/Drivers/LCD/stm32f2xx_fsmc.o
 .debug_line    0x00008d10     0x10ed ./src/main.o

.debug_frame    0x00000000     0x268c
 *(.debug_frame)
 .debug_frame   0x00000000       0x90 ./system/src/stm32f2-stdperiph/misc.o
 .debug_frame   0x00000090       0xc0 ./system/src/stm32f2-stdperiph/stm32f2xx_exti.o
 .debug_frame   0x00000150      0x188 ./system/src/stm32f2-stdperiph/stm32f2xx_gpio.o
 .debug_frame   0x000002d8      0x474 ./system/src/stm32f2-stdperiph/stm32f2xx_rcc.o
 .debug_frame   0x0000074c       0x9c ./system/src/stm32f2-stdperiph/stm32f2xx_syscfg.o
 .debug_frame   0x000007e8      0x31c ./system/src/stm32f2-stdperiph/stm32f2xx_usart.o
 .debug_frame   0x00000b04       0x38 ./system/src/newlib/_exit.o
 .debug_frame   0x00000b3c       0x28 ./system/src/newlib/_sbrk.o
 .debug_frame   0x00000b64       0x7c ./system/src/newlib/_startup.o
 .debug_frame   0x00000be0      0x230 ./system/src/newlib/_syscalls.o
 .debug_frame   0x00000e10       0x44 ./system/src/newlib/assert.o
 .debug_frame   0x00000e54       0x94 ./system/src/diag/Trace.o
 .debug_frame   0x00000ee8       0x54 ./system/src/diag/trace_impl.o
 .debug_frame   0x00000f3c       0x40 ./system/src/cortexm/_initialize_hardware.o
 .debug_frame   0x00000f7c       0xb8 ./system/src/cortexm/exception_handlers.o
 .debug_frame   0x00001034       0x50 ./system/src/cmsis/system_stm32f2xx.o
 .debug_frame   0x00001084       0x20 ./system/src/cmsis/vectors_stm32f2xx.o
 .debug_frame   0x000010a4       0xa8 ./src/Drivers/usart/usart.o
 .debug_frame   0x0000114c       0x30 ./src/Drivers/timer/timer.o
 .debug_frame   0x0000117c       0x60 ./src/Drivers/gpio/gpio.o
 .debug_frame   0x000011dc      0x130 ./src/Drivers/LCD/lcd_log.o
 .debug_frame   0x0000130c      0x1a8 ./src/Drivers/LCD/stm322xg_eval.o
 .debug_frame   0x000014b4      0x488 ./src/Drivers/LCD/stm322xg_eval_lcd.o
 .debug_frame   0x0000193c      0x1e0 ./src/Drivers/LCD/stm32f2xx_fsmc.o
 .debug_frame   0x00001b1c      0x178 ./src/main.o
 .debug_frame   0x00001c94       0x20 c:/program files (x86)/gnu tools arm embedded/4.9 2014q4/bin/../lib/gcc/arm-none-eabi/4.9.3/../../../../arm-none-eabi/lib/armv7-m\libg.a(lib_a-errno.o)
 .debug_frame   0x00001cb4       0x30 c:/program files (x86)/gnu tools arm embedded/4.9 2014q4/bin/../lib/gcc/arm-none-eabi/4.9.3/../../../../arm-none-eabi/lib/armv7-m\libg.a(lib_a-malloc.o)
 .debug_frame   0x00001ce4       0x54 c:/program files (x86)/gnu tools arm embedded/4.9 2014q4/bin/../lib/gcc/arm-none-eabi/4.9.3/../../../../arm-none-eabi/lib/armv7-m\libg.a(lib_a-mallocr.o)
 .debug_frame   0x00001d38       0x34 c:/program files (x86)/gnu tools arm embedded/4.9 2014q4/bin/../lib/gcc/arm-none-eabi/4.9.3/../../../../arm-none-eabi/lib/armv7-m\libg.a(lib_a-memset.o)
 .debug_frame   0x00001d6c       0x30 c:/program files (x86)/gnu tools arm embedded/4.9 2014q4/bin/../lib/gcc/arm-none-eabi/4.9.3/../../../../arm-none-eabi/lib/armv7-m\libg.a(lib_a-mlock.o)
 .debug_frame   0x00001d9c       0x2c c:/program files (x86)/gnu tools arm embedded/4.9 2014q4/bin/../lib/gcc/arm-none-eabi/4.9.3/../../../../arm-none-eabi/lib/armv7-m\libg.a(lib_a-sbrkr.o)
 .debug_frame   0x00001dc8       0xd0 c:/program files (x86)/gnu tools arm embedded/4.9 2014q4/bin/../lib/gcc/arm-none-eabi/4.9.3/../../../../arm-none-eabi/lib/armv7-m\libg.a(lib_a-snprintf.o)
 .debug_frame   0x00001e98       0x20 c:/program files (x86)/gnu tools arm embedded/4.9 2014q4/bin/../lib/gcc/arm-none-eabi/4.9.3/../../../../arm-none-eabi/lib/armv7-m\libg.a(lib_a-strlen.o)
 .debug_frame   0x00001eb8       0x20 c:/program files (x86)/gnu tools arm embedded/4.9 2014q4/bin/../lib/gcc/arm-none-eabi/4.9.3/../../../../arm-none-eabi/lib/armv7-m\libg.a(lib_a-strtok.o)
 .debug_frame   0x00001ed8       0x48 c:/program files (x86)/gnu tools arm embedded/4.9 2014q4/bin/../lib/gcc/arm-none-eabi/4.9.3/../../../../arm-none-eabi/lib/armv7-m\libg.a(lib_a-strtok_r.o)
 .debug_frame   0x00001f20       0x54 c:/program files (x86)/gnu tools arm embedded/4.9 2014q4/bin/../lib/gcc/arm-none-eabi/4.9.3/../../../../arm-none-eabi/lib/armv7-m\libg.a(lib_a-strtol.o)
 .debug_frame   0x00001f74       0x40 c:/program files (x86)/gnu tools arm embedded/4.9 2014q4/bin/../lib/gcc/arm-none-eabi/4.9.3/../../../../arm-none-eabi/lib/armv7-m\libg.a(lib_a-svfprintf.o)
 .debug_frame   0x00001fb4       0x60 c:/program files (x86)/gnu tools arm embedded/4.9 2014q4/bin/../lib/gcc/arm-none-eabi/4.9.3/../../../../arm-none-eabi/lib/armv7-m\libg.a(lib_a-vsnprintf.o)
 .debug_frame   0x00002014       0x84 c:/program files (x86)/gnu tools arm embedded/4.9 2014q4/bin/../lib/gcc/arm-none-eabi/4.9.3/../../../../arm-none-eabi/lib/armv7-m\libg.a(lib_a-dtoa.o)
 .debug_frame   0x00002098       0x74 c:/program files (x86)/gnu tools arm embedded/4.9 2014q4/bin/../lib/gcc/arm-none-eabi/4.9.3/../../../../arm-none-eabi/lib/armv7-m\libg.a(lib_a-freer.o)
 .debug_frame   0x0000210c       0x9c c:/program files (x86)/gnu tools arm embedded/4.9 2014q4/bin/../lib/gcc/arm-none-eabi/4.9.3/../../../../arm-none-eabi/lib/armv7-m\libg.a(lib_a-locale.o)
 .debug_frame   0x000021a8       0x3c c:/program files (x86)/gnu tools arm embedded/4.9 2014q4/bin/../lib/gcc/arm-none-eabi/4.9.3/../../../../arm-none-eabi/lib/armv7-m\libg.a(lib_a-memchr.o)
 .debug_frame   0x000021e4      0x268 c:/program files (x86)/gnu tools arm embedded/4.9 2014q4/bin/../lib/gcc/arm-none-eabi/4.9.3/../../../../arm-none-eabi/lib/armv7-m\libg.a(lib_a-mprec.o)
 .debug_frame   0x0000244c       0x34 c:/program files (x86)/gnu tools arm embedded/4.9 2014q4/bin/../lib/gcc/arm-none-eabi/4.9.3/../../../../arm-none-eabi/lib/armv7-m\libg.a(lib_a-s_fpclassify.o)
 .debug_frame   0x00002480       0x78 c:/program files (x86)/gnu tools arm embedded/4.9 2014q4/bin/../lib/gcc/arm-none-eabi/4.9.3/../../../../arm-none-eabi/lib/armv7-m\libg.a(lib_a-svfiprintf.o)
 .debug_frame   0x000024f8       0x28 c:/program files (x86)/gnu tools arm embedded/4.9 2014q4/bin/../lib/gcc/arm-none-eabi/4.9.3/../../../../arm-none-eabi/lib/armv7-m\libg.a(lib_a-callocr.o)
 .debug_frame   0x00002520       0x30 c:/program files (x86)/gnu tools arm embedded/4.9 2014q4/bin/../lib/gcc/arm-none-eabi/4.9.3/../../../../arm-none-eabi/lib/armv7-m\libg.a(lib_a-memmove.o)
 .debug_frame   0x00002550       0x58 c:/program files (x86)/gnu tools arm embedded/4.9 2014q4/bin/../lib/gcc/arm-none-eabi/4.9.3/../../../../arm-none-eabi/lib/armv7-m\libg.a(lib_a-reallocr.o)
 .debug_frame   0x000025a8       0x28 c:/program files (x86)/gnu tools arm embedded/4.9 2014q4/bin/../lib/gcc/arm-none-eabi/4.9.3/armv7-m\libgcc.a(_aeabi_uldivmod.o)
 .debug_frame   0x000025d0       0x54 c:/program files (x86)/gnu tools arm embedded/4.9 2014q4/bin/../lib/gcc/arm-none-eabi/4.9.3/armv7-m\libgcc.a(bpabi.o)
 .debug_frame   0x00002624       0x34 c:/program files (x86)/gnu tools arm embedded/4.9 2014q4/bin/../lib/gcc/arm-none-eabi/4.9.3/armv7-m\libgcc.a(_divdi3.o)
 .debug_frame   0x00002658       0x34 c:/program files (x86)/gnu tools arm embedded/4.9 2014q4/bin/../lib/gcc/arm-none-eabi/4.9.3/armv7-m\libgcc.a(_udivdi3.o)

.debug_str      0x00000000    0x63717
 *(.debug_str)
 .debug_str     0x00000000    0x54bfe ./system/src/stm32f2-stdperiph/misc.o
                              0x54da6 (size before relaxing)
 .debug_str     0x00054bfe      0x1b5 ./system/src/stm32f2-stdperiph/stm32f2xx_exti.o
                              0x54d4f (size before relaxing)
 .debug_str     0x00054db3      0x2af ./system/src/stm32f2-stdperiph/stm32f2xx_gpio.o
                              0x54e78 (size before relaxing)
 .debug_str     0x00055062      0xae8 ./system/src/stm32f2-stdperiph/stm32f2xx_rcc.o
                              0x556d2 (size before relaxing)
 .debug_str     0x00055b4a      0x2aa ./system/src/stm32f2-stdperiph/stm32f2xx_syscfg.o
                              0x54e19 (size before relaxing)
 .debug_str     0x00055df4      0x522 ./system/src/stm32f2-stdperiph/stm32f2xx_usart.o
                              0x551a1 (size before relaxing)
 .debug_str     0x00056316     0x3617 ./system/src/newlib/_exit.o
                               0x5da7 (size before relaxing)
 .debug_str     0x0005992d      0x4d6 ./system/src/newlib/_sbrk.o
                               0x4519 (size before relaxing)
 .debug_str     0x00059e03      0x260 ./system/src/newlib/_startup.o
                               0x3fb3 (size before relaxing)
 .debug_str     0x0005a063      0xe3b ./system/src/newlib/_syscalls.o
                               0x621c (size before relaxing)
 .debug_str     0x0005ae9e      0x833 ./system/src/newlib/assert.o
                               0x6ef7 (size before relaxing)
 .debug_str     0x0005b6d1      0x178 ./system/src/diag/Trace.o
                               0x65e7 (size before relaxing)
 .debug_str     0x0005b849       0xd2 ./system/src/diag/trace_impl.o
                              0x575e4 (size before relaxing)
 .debug_str     0x0005b91b       0x4e ./system/src/cortexm/_initialize_hardware.o
                              0x54b7a (size before relaxing)
 .debug_str     0x0005b969       0xe8 ./system/src/cortexm/exception_handlers.o
                               0x259f (size before relaxing)
 .debug_str     0x0005ba51       0xb0 ./system/src/cmsis/system_stm32f2xx.o
                              0x54d70 (size before relaxing)
 .debug_str     0x0005bb01       0x57 ./system/src/cmsis/vectors_stm32f2xx.o
                               0x253c (size before relaxing)
 .debug_str     0x0005bb58     0x241f ./src/Drivers/usart/usart.o
                              0x56fa8 (size before relaxing)
 .debug_str     0x0005df77      0x1df ./src/Drivers/timer/timer.o
                              0x54e44 (size before relaxing)
 .debug_str     0x0005e156      0x31c ./src/Drivers/gpio/gpio.o
                              0x55949 (size before relaxing)
 .debug_str     0x0005e472       0xd1 ./src/Drivers/LCD/fonts.o
                               0x3309 (size before relaxing)
 .debug_str     0x0005e543     0x1486 ./src/Drivers/LCD/lcd_log.o
                              0x5a946 (size before relaxing)
 .debug_str     0x0005f9c9      0x4bd ./src/Drivers/LCD/stm322xg_eval.o
                              0x5761c (size before relaxing)
 .debug_str     0x0005fe86      0x6b0 ./src/Drivers/LCD/stm322xg_eval_lcd.o
                              0x57b52 (size before relaxing)
 .debug_str     0x00060536      0x4d3 ./src/Drivers/LCD/stm32f2xx_fsmc.o
                              0x55272 (size before relaxing)
 .debug_str     0x00060a09     0x2d0e ./src/main.o
                              0x5dc3b (size before relaxing)

.debug_loc      0x00000000     0x5745
 *(.debug_loc)
 .debug_loc     0x00000000      0x1d5 ./system/src/stm32f2-stdperiph/misc.o
 .debug_loc     0x000001d5      0x1c6 ./system/src/stm32f2-stdperiph/stm32f2xx_exti.o
 .debug_loc     0x0000039b      0x4ec ./system/src/stm32f2-stdperiph/stm32f2xx_gpio.o
 .debug_loc     0x00000887      0xf1f ./system/src/stm32f2-stdperiph/stm32f2xx_rcc.o
 .debug_loc     0x000017a6       0xfb ./system/src/stm32f2-stdperiph/stm32f2xx_syscfg.o
 .debug_loc     0x000018a1      0xc2f ./system/src/stm32f2-stdperiph/stm32f2xx_usart.o
 .debug_loc     0x000024d0       0x82 ./system/src/newlib/_sbrk.o
 .debug_loc     0x00002552      0x265 ./system/src/newlib/_startup.o
 .debug_loc     0x000027b7      0x549 ./system/src/newlib/_syscalls.o
 .debug_loc     0x00002d00      0x116 ./system/src/newlib/assert.o
 .debug_loc     0x00002e16       0xf7 ./system/src/diag/Trace.o
 .debug_loc     0x00002f0d       0x97 ./system/src/diag/trace_impl.o
 .debug_loc     0x00002fa4      0x137 ./system/src/cmsis/system_stm32f2xx.o
 .debug_loc     0x000030db      0x24a ./src/Drivers/usart/usart.o
 .debug_loc     0x00003325       0xe1 ./src/Drivers/gpio/gpio.o
 .debug_loc     0x00003406      0x2d7 ./src/Drivers/LCD/lcd_log.o
 .debug_loc     0x000036dd      0x255 ./src/Drivers/LCD/stm322xg_eval.o
 .debug_loc     0x00003932     0x11c2 ./src/Drivers/LCD/stm322xg_eval_lcd.o
 .debug_loc     0x00004af4      0x685 ./src/Drivers/LCD/stm32f2xx_fsmc.o
 .debug_loc     0x00005179      0x5cc ./src/main.o

.debug_macinfo
 *(.debug_macinfo)

.debug_weaknames
 *(.debug_weaknames)

.debug_funcnames
 *(.debug_funcnames)

.debug_typenames
 *(.debug_typenames)

.debug_varnames
 *(.debug_varnames)
OUTPUT(i2c_sniff.elf elf32-littlearm)

.debug_ranges   0x00000000      0xdc8
 .debug_ranges  0x00000000       0x30 ./system/src/stm32f2-stdperiph/misc.o
 .debug_ranges  0x00000030       0x48 ./system/src/stm32f2-stdperiph/stm32f2xx_exti.o
 .debug_ranges  0x00000078       0x78 ./system/src/stm32f2-stdperiph/stm32f2xx_gpio.o
 .debug_ranges  0x000000f0      0x168 ./system/src/stm32f2-stdperiph/stm32f2xx_rcc.o
 .debug_ranges  0x00000258       0x38 ./system/src/stm32f2-stdperiph/stm32f2xx_syscfg.o
 .debug_ranges  0x00000290       0xf0 ./system/src/stm32f2-stdperiph/stm32f2xx_usart.o
 .debug_ranges  0x00000380       0x18 ./system/src/newlib/_exit.o
 .debug_ranges  0x00000398       0x10 ./system/src/newlib/_sbrk.o
 .debug_ranges  0x000003a8       0x48 ./system/src/newlib/_startup.o
 .debug_ranges  0x000003f0       0xc0 ./system/src/newlib/_syscalls.o
 .debug_ranges  0x000004b0       0x18 ./system/src/newlib/assert.o
 .debug_ranges  0x000004c8       0x28 ./system/src/diag/Trace.o
 .debug_ranges  0x000004f0       0x20 ./system/src/diag/trace_impl.o
 .debug_ranges  0x00000510       0x18 ./system/src/cortexm/_initialize_hardware.o
 .debug_ranges  0x00000528       0x58 ./system/src/cortexm/exception_handlers.o
 .debug_ranges  0x00000580       0x20 ./system/src/cmsis/system_stm32f2xx.o
 .debug_ranges  0x000005a0       0x10 ./system/src/cmsis/vectors_stm32f2xx.o
 .debug_ranges  0x000005b0      0x140 ./src/Drivers/usart/usart.o
 .debug_ranges  0x000006f0       0x18 ./src/Drivers/timer/timer.o
 .debug_ranges  0x00000708       0x18 ./src/Drivers/gpio/gpio.o
 .debug_ranges  0x00000720       0x60 ./src/Drivers/LCD/lcd_log.o
 .debug_ranges  0x00000780       0x78 ./src/Drivers/LCD/stm322xg_eval.o
 .debug_ranges  0x000007f8      0x158 ./src/Drivers/LCD/stm322xg_eval_lcd.o
 .debug_ranges  0x00000950       0xa0 ./src/Drivers/LCD/stm32f2xx_fsmc.o
 .debug_ranges  0x000009f0      0x3d8 ./src/main.o

.debug_macro    0x00000000    0x136e9
 .debug_macro   0x00000000      0x1a4 ./system/src/stm32f2-stdperiph/misc.o
 .debug_macro   0x000001a4      0x886 ./system/src/stm32f2-stdperiph/misc.o
 .debug_macro   0x00000a2a       0x56 ./system/src/stm32f2-stdperiph/misc.o
 .debug_macro   0x00000a80       0x3a ./system/src/stm32f2-stdperiph/misc.o
 .debug_macro   0x00000aba       0x22 ./system/src/stm32f2-stdperiph/misc.o
 .debug_macro   0x00000adc       0x44 ./system/src/stm32f2-stdperiph/misc.o
 .debug_macro   0x00000b20       0x1c ./system/src/stm32f2-stdperiph/misc.o
 .debug_macro   0x00000b3c      0x1f7 ./system/src/stm32f2-stdperiph/misc.o
 .debug_macro   0x00000d33       0x2d ./system/src/stm32f2-stdperiph/misc.o
 .debug_macro   0x00000d60      0xbb1 ./system/src/stm32f2-stdperiph/misc.o
 .debug_macro   0x00001911     0x7f9a ./system/src/stm32f2-stdperiph/misc.o
 .debug_macro   0x000098ab      0x455 ./system/src/stm32f2-stdperiph/misc.o
 .debug_macro   0x00009d00      0x3cf ./system/src/stm32f2-stdperiph/misc.o
 .debug_macro   0x0000a0cf      0x111 ./system/src/stm32f2-stdperiph/misc.o
 .debug_macro   0x0000a1e0      0x188 ./system/src/stm32f2-stdperiph/misc.o
 .debug_macro   0x0000a368       0xb2 ./system/src/stm32f2-stdperiph/misc.o
 .debug_macro   0x0000a41a      0x149 ./system/src/stm32f2-stdperiph/misc.o
 .debug_macro   0x0000a563      0x477 ./system/src/stm32f2-stdperiph/misc.o
 .debug_macro   0x0000a9da       0xb4 ./system/src/stm32f2-stdperiph/misc.o
 .debug_macro   0x0000aa8e      0x242 ./system/src/stm32f2-stdperiph/misc.o
 .debug_macro   0x0000acd0      0x279 ./system/src/stm32f2-stdperiph/misc.o
 .debug_macro   0x0000af49       0xb5 ./system/src/stm32f2-stdperiph/misc.o
 .debug_macro   0x0000affe      0x25e ./system/src/stm32f2-stdperiph/misc.o
 .debug_macro   0x0000b25c      0x2b4 ./system/src/stm32f2-stdperiph/misc.o
 .debug_macro   0x0000b510       0x64 ./system/src/stm32f2-stdperiph/misc.o
 .debug_macro   0x0000b574       0x88 ./system/src/stm32f2-stdperiph/misc.o
 .debug_macro   0x0000b5fc      0x575 ./system/src/stm32f2-stdperiph/misc.o
 .debug_macro   0x0000bb71       0x40 ./system/src/stm32f2-stdperiph/misc.o
 .debug_macro   0x0000bbb1      0x3f3 ./system/src/stm32f2-stdperiph/misc.o
 .debug_macro   0x0000bfa4      0x344 ./system/src/stm32f2-stdperiph/misc.o
 .debug_macro   0x0000c2e8      0x358 ./system/src/stm32f2-stdperiph/misc.o
 .debug_macro   0x0000c640       0xe1 ./system/src/stm32f2-stdperiph/misc.o
 .debug_macro   0x0000c721      0x73b ./system/src/stm32f2-stdperiph/misc.o
 .debug_macro   0x0000ce5c      0x223 ./system/src/stm32f2-stdperiph/misc.o
 .debug_macro   0x0000d07f       0x34 ./system/src/stm32f2-stdperiph/misc.o
 .debug_macro   0x0000d0b3       0x35 ./system/src/stm32f2-stdperiph/misc.o
 .debug_macro   0x0000d0e8       0x7c ./system/src/stm32f2-stdperiph/misc.o
 .debug_macro   0x0000d164      0x1a4 ./system/src/stm32f2-stdperiph/stm32f2xx_exti.o