Archive member included because of file (symbol)

c:/program files (x86)/gnu tools arm embedded/4.9 2014q4/bin/../lib/gcc/arm-none-eabi/4.9.3/armv7-m\libgcc.a(_arm_addsubdf3.o)
                              ./src/Drivers/LCD/stm322xg_eval_lcd.o (__aeabi_ui2d)
c:/program files (x86)/gnu tools arm embedded/4.9 2014q4/bin/../lib/gcc/arm-none-eabi/4.9.3/armv7-m\libgcc.a(_arm_cmpdf2.o)
                              ./src/Drivers/LCD/stm322xg_eval_lcd.o (__aeabi_dcmplt)
c:/program files (x86)/gnu tools arm embedded/4.9 2014q4/bin/../lib/gcc/arm-none-eabi/4.9.3/../../../../arm-none-eabi/lib/armv7-m\libg.a(lib_a-errno.o)
                              ./system/src/newlib/_sbrk.o (__errno)
c:/program files (x86)/gnu tools arm embedded/4.9 2014q4/bin/../lib/gcc/arm-none-eabi/4.9.3/../../../../arm-none-eabi/lib/armv7-m\libg.a(lib_a-impure.o)
                              c:/program files (x86)/gnu tools arm embedded/4.9 2014q4/bin/../lib/gcc/arm-none-eabi/4.9.3/../../../../arm-none-eabi/lib/armv7-m\libg.a(lib_a-errno.o) (_impure_ptr)
c:/program files (x86)/gnu tools arm embedded/4.9 2014q4/bin/../lib/gcc/arm-none-eabi/4.9.3/../../../../arm-none-eabi/lib/armv7-m\libg.a(lib_a-memcpy.o)
                              ./system/src/newlib/_startup.o (memcpy)
c:/program files (x86)/gnu tools arm embedded/4.9 2014q4/bin/../lib/gcc/arm-none-eabi/4.9.3/../../../../arm-none-eabi/lib/armv7-m\libg.a(lib_a-memset.o)
                              ./system/src/newlib/_startup.o (memset)
c:/program files (x86)/gnu tools arm embedded/4.9 2014q4/bin/../lib/gcc/arm-none-eabi/4.9.3/../../../../arm-none-eabi/lib/armv7-m\libg.a(lib_a-snprintf.o)
                              ./system/src/newlib/assert.o (snprintf)
c:/program files (x86)/gnu tools arm embedded/4.9 2014q4/bin/../lib/gcc/arm-none-eabi/4.9.3/../../../../arm-none-eabi/lib/armv7-m\libg.a(lib_a-strlen.o)
                              ./system/src/diag/Trace.o (strlen)
c:/program files (x86)/gnu tools arm embedded/4.9 2014q4/bin/../lib/gcc/arm-none-eabi/4.9.3/../../../../arm-none-eabi/lib/armv7-m\libg.a(lib_a-svfprintf.o)
                              c:/program files (x86)/gnu tools arm embedded/4.9 2014q4/bin/../lib/gcc/arm-none-eabi/4.9.3/../../../../arm-none-eabi/lib/armv7-m\libg.a(lib_a-snprintf.o) (_svfprintf_r)
c:/program files (x86)/gnu tools arm embedded/4.9 2014q4/bin/../lib/gcc/arm-none-eabi/4.9.3/../../../../arm-none-eabi/lib/armv7-m\libg.a(lib_a-vsnprintf.o)
                              ./system/src/diag/Trace.o (vsnprintf)
c:/program files (x86)/gnu tools arm embedded/4.9 2014q4/bin/../lib/gcc/arm-none-eabi/4.9.3/../../../../arm-none-eabi/lib/armv7-m\libg.a(lib_a-dtoa.o)
                              c:/program files (x86)/gnu tools arm embedded/4.9 2014q4/bin/../lib/gcc/arm-none-eabi/4.9.3/../../../../arm-none-eabi/lib/armv7-m\libg.a(lib_a-svfprintf.o) (_dtoa_r)
c:/program files (x86)/gnu tools arm embedded/4.9 2014q4/bin/../lib/gcc/arm-none-eabi/4.9.3/../../../../arm-none-eabi/lib/armv7-m\libg.a(lib_a-locale.o)
                              c:/program files (x86)/gnu tools arm embedded/4.9 2014q4/bin/../lib/gcc/arm-none-eabi/4.9.3/../../../../arm-none-eabi/lib/armv7-m\libg.a(lib_a-svfprintf.o) (_localeconv_r)
c:/program files (x86)/gnu tools arm embedded/4.9 2014q4/bin/../lib/gcc/arm-none-eabi/4.9.3/../../../../arm-none-eabi/lib/armv7-m\libg.a(lib_a-mallocr.o)
                              c:/program files (x86)/gnu tools arm embedded/4.9 2014q4/bin/../lib/gcc/arm-none-eabi/4.9.3/../../../../arm-none-eabi/lib/armv7-m\libg.a(lib_a-svfprintf.o) (_malloc_r)
c:/program files (x86)/gnu tools arm embedded/4.9 2014q4/bin/../lib/gcc/arm-none-eabi/4.9.3/../../../../arm-none-eabi/lib/armv7-m\libg.a(lib_a-memchr.o)
                              c:/program files (x86)/gnu tools arm embedded/4.9 2014q4/bin/../lib/gcc/arm-none-eabi/4.9.3/../../../../arm-none-eabi/lib/armv7-m\libg.a(lib_a-svfprintf.o) (memchr)
c:/program files (x86)/gnu tools arm embedded/4.9 2014q4/bin/../lib/gcc/arm-none-eabi/4.9.3/../../../../arm-none-eabi/lib/armv7-m\libg.a(lib_a-mlock.o)
                              c:/program files (x86)/gnu tools arm embedded/4.9 2014q4/bin/../lib/gcc/arm-none-eabi/4.9.3/../../../../arm-none-eabi/lib/armv7-m\libg.a(lib_a-mallocr.o) (__malloc_lock)
c:/program files (x86)/gnu tools arm embedded/4.9 2014q4/bin/../lib/gcc/arm-none-eabi/4.9.3/../../../../arm-none-eabi/lib/armv7-m\libg.a(lib_a-mprec.o)
                              c:/program files (x86)/gnu tools arm embedded/4.9 2014q4/bin/../lib/gcc/arm-none-eabi/4.9.3/../../../../arm-none-eabi/lib/armv7-m\libg.a(lib_a-dtoa.o) (_Balloc)
c:/program files (x86)/gnu tools arm embedded/4.9 2014q4/bin/../lib/gcc/arm-none-eabi/4.9.3/../../../../arm-none-eabi/lib/armv7-m\libg.a(lib_a-s_fpclassify.o)
[...]
Memory Configuration

Name             Origin             Length             Attributes
RAM              0x20000000         0x00005000         xrw
CCMRAM           0x00000000         0x00000000         xrw
FLASH            0x08000000         0x00020000         xr
FLASHB1          0x00000000         0x00000000         xr
EXTMEMB0         0x00000000         0x00000000         xr
EXTMEMB1         0x00000000         0x00000000         xr
EXTMEMB2         0x00000000         0x00000000         xr
EXTMEMB3         0x00000000         0x00000000         xr
MEMORY_ARRAY     0x00000000         0x00000000         xrw
*default*        0x00000000         0xffffffff

Linker script and memory map

LOAD ./system/src/stm32f2-stdperiph/misc.o
LOAD ./system/src/stm32f2-stdperiph/stm32f2xx_exti.o
LOAD ./system/src/stm32f2-stdperiph/stm32f2xx_gpio.o
LOAD ./system/src/stm32f2-stdperiph/stm32f2xx_i2c.o
LOAD ./system/src/stm32f2-stdperiph/stm32f2xx_rcc.o
LOAD ./system/src/stm32f2-stdperiph/stm32f2xx_syscfg.o
LOAD ./system/src/newlib/_cxx.o
LOAD ./system/src/newlib/_exit.o
LOAD ./system/src/newlib/_sbrk.o
LOAD ./system/src/newlib/_startup.o
LOAD ./system/src/newlib/_syscalls.o
LOAD ./system/src/newlib/assert.o
LOAD ./system/src/diag/Trace.o
LOAD ./system/src/diag/trace_impl.o
LOAD ./system/src/cortexm/_initialize_hardware.o
LOAD ./system/src/cortexm/_reset_hardware.o
LOAD ./system/src/cortexm/exception_handlers.o
LOAD ./system/src/cmsis/system_stm32f2xx.o
LOAD ./system/src/cmsis/vectors_stm32f2xx.o
LOAD ./src/Drivers/LCD/fonts.o
LOAD ./src/Drivers/LCD/lcd_log.o
LOAD ./src/Drivers/LCD/stm322xg_eval.o
LOAD ./src/Drivers/LCD/stm322xg_eval_lcd.o
LOAD ./src/Drivers/LCD/stm32f2xx_fsmc.o
LOAD ./src/Drivers/Ether/ether.o
LOAD ./src/Drivers/port.o
LOAD ./src/BlinkLed.o
LOAD ./src/Timer.o
LOAD ./src/_write.o
LOAD ./src/main.o
LOAD c:/program files (x86)/gnu tools arm embedded/4.9 2014q4/bin/../lib/gcc/arm-none-eabi/4.9.3/../../../../arm-none-eabi/lib/armv7-m\libstdc++.a
LOAD c:/program files (x86)/gnu tools arm embedded/4.9 2014q4/bin/../lib/gcc/arm-none-eabi/4.9.3/../../../../arm-none-eabi/lib/armv7-m\libm.a
START GROUP
LOAD c:/program files (x86)/gnu tools arm embedded/4.9 2014q4/bin/../lib/gcc/arm-none-eabi/4.9.3/armv7-m\libgcc.a
LOAD c:/program files (x86)/gnu tools arm embedded/4.9 2014q4/bin/../lib/gcc/arm-none-eabi/4.9.3/../../../../arm-none-eabi/lib/armv7-m\libg.a
LOAD c:/program files (x86)/gnu tools arm embedded/4.9 2014q4/bin/../lib/gcc/arm-none-eabi/4.9.3/../../../../arm-none-eabi/lib/armv7-m\libc.a
END GROUP
                0x20005000                __stack = (ORIGIN (RAM) + 0x5000)
                0x20005000                _estack = __stack
                0x00000400                __Main_Stack_Size = 0x400
                0x00000400                PROVIDE (_Main_Stack_Size, __Main_Stack_Size)
                0x20004c00                __Main_Stack_Limit = (__stack - __Main_Stack_Size)
                0x20004c00                PROVIDE (_Main_Stack_Limit, __Main_Stack_Limit)
                0x00000100                _Minimum_Stack_Size = 0x100
                0x200009f8                PROVIDE (_Heap_Begin, _end_noinit)
                0x20004c00                PROVIDE (_Heap_Limit, (__stack - __Main_Stack_Size))

.isr_vector     0x08000000      0x2cc
                0x08000000                . = ALIGN (0x4)
 *(.isr_vector)
 .isr_vector    0x08000000      0x184 ./system/src/cmsis/vectors_stm32f2xx.o
                0x08000000                __isr_vectors
 *(.cfmconfig)
 *(.after_vectors .after_vectors.*)
 .after_vectors
                0x08000184      0x118 ./system/src/newlib/_startup.o
                0x08000184                _start
 .after_vectors
                0x0800029c       0x2c ./system/src/cortexm/exception_handlers.o
                0x0800029c                Reset_Handler
                0x080002a4                NMI_Handler
                0x080002a8                HardFault_Handler
                0x080002ac                MemManage_Handler
                0x080002b0                BusFault_Handler
                0x080002b4                UsageFault_Handler
                0x080002b8                SVC_Handler
                0x080002bc                DebugMon_Handler
                0x080002c0                PendSV_Handler
 .after_vectors
                0x080002c8        0x4 ./system/src/cmsis/vectors_stm32f2xx.o
                0x080002c8                RTC_Alarm_IRQHandler
                0x080002c8                HASH_RNG_IRQHandler
                0x080002c8                TIM8_CC_IRQHandler
                0x080002c8                TIM1_CC_IRQHandler
                0x080002c8                DMA2_Stream5_IRQHandler
                0x080002c8                DMA1_Stream5_IRQHandler
                0x080002c8                PVD_IRQHandler
                0x080002c8                SDIO_IRQHandler
                0x080002c8                TAMP_STAMP_IRQHandler
                0x080002c8                CAN2_RX1_IRQHandler
                0x080002c8                EXTI3_IRQHandler
                0x080002c8                TIM8_TRG_COM_TIM14_IRQHandler
                0x080002c8                TIM1_UP_TIM10_IRQHandler
                0x080002c8                TIM8_UP_TIM13_IRQHandler
                0x080002c8                I2C3_ER_IRQHandler
                0x080002c8                I2C2_EV_IRQHandler
                0x080002c8                DMA1_Stream2_IRQHandler
                0x080002c8                CAN1_RX0_IRQHandler
                0x080002c8                OTG_HS_WKUP_IRQHandler
                0x080002c8                CAN2_SCE_IRQHandler
                0x080002c8                DMA2_Stream2_IRQHandler
                0x080002c8                SPI1_IRQHandler
                0x080002c8                TIM6_DAC_IRQHandler
                0x080002c8                TIM1_BRK_TIM9_IRQHandler
                0x080002c8                DCMI_IRQHandler
                0x080002c8                CAN2_RX0_IRQHandler
                0x080002c8                DMA2_Stream3_IRQHandler
                0x080002c8                USART6_IRQHandler
                0x080002c8                USART3_IRQHandler
                0x080002c8                CRYP_IRQHandler
                0x080002c8                CAN1_RX1_IRQHandler
                0x080002c8                UART5_IRQHandler
                0x080002c8                DMA2_Stream0_IRQHandler
                0x080002c8                TIM4_IRQHandler
                0x080002c8                DMA1_Stream6_IRQHandler
                0x080002c8                DMA1_Stream1_IRQHandler
                0x080002c8                UART4_IRQHandler
                0x080002c8                TIM3_IRQHandler
                0x080002c8                RCC_IRQHandler
                0x080002c8                TIM8_BRK_TIM12_IRQHandler
                0x080002c8                TIM1_TRG_COM_IRQHandler
                0x080002c8                Default_Handler
                0x080002c8                ADC_IRQHandler
                0x080002c8                DMA1_Stream7_IRQHandler
                0x080002c8                TIM7_IRQHandler
                0x080002c8                CAN2_TX_IRQHandler
                0x080002c8                TIM5_IRQHandler
                0x080002c8                DMA2_Stream7_IRQHandler
                0x080002c8                I2C3_EV_IRQHandler
                0x080002c8                EXTI9_5_IRQHandler
                0x080002c8                RTC_WKUP_IRQHandler
                0x080002c8                ETH_WKUP_IRQHandler
                0x080002c8                SPI2_IRQHandler
                0x080002c8                OTG_HS_EP1_IN_IRQHandler
                0x080002c8                DMA1_Stream0_IRQHandler
                0x080002c8                CAN1_TX_IRQHandler
                0x080002c8                EXTI4_IRQHandler
                0x080002c8                FSMC_IRQHandler
                0x080002c8                ETH_IRQHandler
                0x080002c8                OTG_HS_EP1_OUT_IRQHandler
                0x080002c8                WWDG_IRQHandler
                0x080002c8                TIM2_IRQHandler
                0x080002c8                OTG_FS_WKUP_IRQHandler
                0x080002c8                TIM1_TRG_COM_TIM11_IRQHandler
                0x080002c8                OTG_HS_IRQHandler
                0x080002c8                EXTI1_IRQHandler
                0x080002c8                USART2_IRQHandler
                0x080002c8                I2C2_ER_IRQHandler
                0x080002c8                DMA2_Stream1_IRQHandler
                0x080002c8                CAN1_SCE_IRQHandler
                0x080002c8                FLASH_IRQHandler
                0x080002c8                DMA2_Stream4_IRQHandler
                0x080002c8                USART1_IRQHandler
                0x080002c8                OTG_FS_IRQHandler
                0x080002c8                SPI3_IRQHandler
                0x080002c8                DMA1_Stream4_IRQHandler
                0x080002c8                DMA2_Stream6_IRQHandler
                0x080002c8                DMA1_Stream3_IRQHandler
                0x080002cc                . = ALIGN (0x4)

.inits          0x080002cc        0x4
                0x080002cc                . = ALIGN (0x4)
 *(.init)
 *(.fini)
                0x080002cc                . = ALIGN (0x4)
                0x080002cc                PROVIDE (__preinit_array_start, .)
 *(.preinit_array_sysinit .preinit_array_sysinit.*)
 *(.preinit_array_platform .preinit_array_platform.*)
 *(.preinit_array .preinit_array.*)
                0x080002cc                PROVIDE (__preinit_array_end, .)
                0x080002cc                . = ALIGN (0x4)
                0x080002cc                PROVIDE (__init_array_start, .)
 *(SORT(.init_array.*))
 *(.init_array)
 .init_array    0x080002cc        0x4 ./src/main.o
                0x080002d0                PROVIDE (__init_array_end, .)
                0x080002d0                . = ALIGN (0x4)
                0x080002d0                PROVIDE (__fini_array_start, .)
 *(SORT(.fini_array.*))
 *(.fini_array)
                0x080002d0                PROVIDE (__fini_array_end, .)
                0x080002d0                . = ALIGN (0x4)

.flashtext      0x080002d0        0x0
                0x080002d0                . = ALIGN (0x4)
 *(.flashtext .flashtext.*)
                0x080002d0                . = ALIGN (0x4)

.text           0x080002d0     0x9434
                0x080002d0                . = ALIGN (0x4)
 *(.text .text.*)
 .text.NVIC_PriorityGroupConfig
                0x080002d0       0x3c ./system/src/stm32f2-stdperiph/misc.o
                0x080002d0                NVIC_PriorityGroupConfig
 .text.NVIC_Init
                0x0800030c       0xa0 ./system/src/stm32f2-stdperiph/misc.o
                0x0800030c                NVIC_Init
 .text.EXTI_Init
                0x080003ac       0xd8 ./system/src/stm32f2-stdperiph/stm32f2xx_exti.o
                0x080003ac                EXTI_Init
 .text.EXTI_ClearFlag
                0x08000484       0x24 ./system/src/stm32f2-stdperiph/stm32f2xx_exti.o
                0x08000484                EXTI_ClearFlag
 .text.EXTI_GetITStatus
                0x080004a8       0xa8 ./system/src/stm32f2-stdperiph/stm32f2xx_exti.o
                0x080004a8                EXTI_GetITStatus
 .text.EXTI_ClearITPendingBit
                0x08000550       0x24 ./system/src/stm32f2-stdperiph/stm32f2xx_exti.o
                0x08000550                EXTI_ClearITPendingBit
 .text.GPIO_Init
                0x08000574      0x14c ./system/src/stm32f2-stdperiph/stm32f2xx_gpio.o
                0x08000574                GPIO_Init
 .text.GPIO_ReadInputDataBit
                0x080006c0       0xc4 ./system/src/stm32f2-stdperiph/stm32f2xx_gpio.o
                0x080006c0                GPIO_ReadInputDataBit
 .text.GPIO_WriteBit
                0x08000784       0xe0 ./system/src/stm32f2-stdperiph/stm32f2xx_gpio.o
                0x08000784                GPIO_WriteBit
 .text.GPIO_PinAFConfig
                0x08000864       0xa4 ./system/src/stm32f2-stdperiph/stm32f2xx_gpio.o
                0x08000864                GPIO_PinAFConfig
 .text.I2C_DeInit
                0x08000908       0x88 ./system/src/stm32f2-stdperiph/stm32f2xx_i2c.o
                0x08000908                I2C_DeInit
 .text.I2C_Init
                0x08000990      0x17c ./system/src/stm32f2-stdperiph/stm32f2xx_i2c.o
                0x08000990                I2C_Init
 .text.I2C_Cmd  0x08000b0c       0x58 ./system/src/stm32f2-stdperiph/stm32f2xx_i2c.o
                0x08000b0c                I2C_Cmd
 .text.I2C_SoftwareResetCmd
                0x08000b64       0x58 ./system/src/stm32f2-stdperiph/stm32f2xx_i2c.o
                0x08000b64                I2C_SoftwareResetCmd
 .text.I2C_SendData
                0x08000bbc       0x34 ./system/src/stm32f2-stdperiph/stm32f2xx_i2c.o
                0x08000bbc                I2C_SendData
 .text.I2C_ReadRegister
                0x08000bf0       0x74 ./system/src/stm32f2-stdperiph/stm32f2xx_i2c.o
                0x08000bf0                I2C_ReadRegister
 .text.I2C_ITConfig
                0x08000c64       0x6c ./system/src/stm32f2-stdperiph/stm32f2xx_i2c.o
                0x08000c64                I2C_ITConfig
 .text.I2C_GetLastEvent
                0x08000cd0       0x3c ./system/src/stm32f2-stdperiph/stm32f2xx_i2c.o
                0x08000cd0                I2C_GetLastEvent
 .text.I2C_GetFlagStatus
                0x08000d0c       0xfc ./system/src/stm32f2-stdperiph/stm32f2xx_i2c.o
                0x08000d0c                I2C_GetFlagStatus
 .text.RCC_GetClocksFreq
                0x08000e08       0xa8 ./system/src/stm32f2-stdperiph/stm32f2xx_rcc.o
                0x08000e08                RCC_GetClocksFreq
 .text.RCC_AHB1PeriphClockCmd
                0x08000eb0       0x50 ./system/src/stm32f2-stdperiph/stm32f2xx_rcc.o
                0x08000eb0                RCC_AHB1PeriphClockCmd
 .text.RCC_AHB3PeriphClockCmd
                0x08000f00       0x4c ./system/src/stm32f2-stdperiph/stm32f2xx_rcc.o
                0x08000f00                RCC_AHB3PeriphClockCmd
 .text.RCC_APB1PeriphClockCmd
                0x08000f4c       0x50 ./system/src/stm32f2-stdperiph/stm32f2xx_rcc.o
                0x08000f4c                RCC_APB1PeriphClockCmd
 .text.RCC_APB2PeriphClockCmd
                0x08000f9c       0x50 ./system/src/stm32f2-stdperiph/stm32f2xx_rcc.o
                0x08000f9c                RCC_APB2PeriphClockCmd
 .text.RCC_APB1PeriphResetCmd
                0x08000fec       0x50 ./system/src/stm32f2-stdperiph/stm32f2xx_rcc.o
                0x08000fec                RCC_APB1PeriphResetCmd
 .text.SYSCFG_EXTILineConfig
                0x0800103c       0x50 ./system/src/stm32f2-stdperiph/stm32f2xx_syscfg.o
                0x0800103c                SYSCFG_EXTILineConfig
 .text._exit    0x0800108c        0x4 ./system/src/newlib/_exit.o
                0x0800108c                _exit
 .text.abort    0x08001090       0x14 ./system/src/newlib/_exit.o
                0x08001090                abort
 .text._sbrk    0x080010a4       0x40 ./system/src/newlib/_sbrk.o
                0x080010a4                _sbrk
 .text.__initialize_args
                0x080010e4       0x10 ./system/src/newlib/_syscalls.o
                0x080010e4                __initialize_args
 .text.assert_failed
                0x080010f4       0x18 ./system/src/newlib/assert.o
                0x080010f4                assert_failed
 .text.trace_printf
                0x0800110c       0x34 ./system/src/diag/Trace.o
                0x0800110c                trace_printf
 .text.trace_puts
                0x08001140       0x20 ./system/src/diag/Trace.o
                0x08001140                trace_puts
 .text.trace_write
                0x08001160       0x58 ./system/src/diag/trace_impl.o
                0x08001160                trace_write
 .text.__initialize_hardware_early
                0x080011b8        0x4 ./system/src/cortexm/_initialize_hardware.o
                0x080011b8                __initialize_hardware_early
 .text.__initialize_hardware
                0x080011bc        0x4 ./system/src/cortexm/_initialize_hardware.o
                0x080011bc                __initialize_hardware
 .text.SystemInit
                0x080011c0       0xdc ./system/src/cmsis/system_stm32f2xx.o
                0x080011c0                SystemInit
 .text.SystemCoreClockUpdate
                0x0800129c       0x84 ./system/src/cmsis/system_stm32f2xx.o
                0x0800129c                SystemCoreClockUpdate
 .text._Z14LCD_LOG_DeInitv
                0x08001320       0x64 ./src/Drivers/LCD/lcd_log.o
                0x08001320                LCD_LOG_DeInit()
 .text._Z12LCD_LOG_Initv
                0x08001384       0x10 ./src/Drivers/LCD/lcd_log.o
                0x08001384                LCD_LOG_Init()
 .text._Z17LCD_LOG_SetHeaderPh
                0x08001394       0xa0 ./src/Drivers/LCD/lcd_log.o
                0x08001394                LCD_LOG_SetHeader(unsigned char*)
 .text.STM_EVAL_PBInit
                0x08001434       0xb4 ./src/Drivers/LCD/stm322xg_eval.o
                0x08001434                STM_EVAL_PBInit
 .text._ZL5delaym
                0x080014e8       0x28 ./src/Drivers/LCD/stm322xg_eval_lcd.o
 .text.LCD_SetTextColor
                0x08001510       0x18 ./src/Drivers/LCD/stm322xg_eval_lcd.o
                0x08001510                LCD_SetTextColor
 .text.LCD_SetBackColor
                0x08001528       0x18 ./src/Drivers/LCD/stm322xg_eval_lcd.o
                0x08001528                LCD_SetBackColor
 .text.LCD_SetFont
                0x08001540        0xc ./src/Drivers/LCD/stm322xg_eval_lcd.o
                0x08001540                LCD_SetFont
 .text.LCD_GetFont
                0x0800154c        0xc ./src/Drivers/LCD/stm322xg_eval_lcd.o
                0x0800154c                LCD_GetFont
 .text.LCD_WriteReg
                0x08001558        0xc ./src/Drivers/LCD/stm322xg_eval_lcd.o
                0x08001558                LCD_WriteReg
 .text.LCD_SetCursor
                0x08001564       0x18 ./src/Drivers/LCD/stm322xg_eval_lcd.o
                0x08001564                LCD_SetCursor
 .text.LCD_ReadReg
                0x0800157c        0xc ./src/Drivers/LCD/stm322xg_eval_lcd.o
                0x0800157c                LCD_ReadReg
 .text.LCD_WriteRAM_Prepare
                0x08001588        0xc ./src/Drivers/LCD/stm322xg_eval_lcd.o
                0x08001588                LCD_WriteRAM_Prepare
 .text.LCD_Clear
                0x08001594       0x28 ./src/Drivers/LCD/stm322xg_eval_lcd.o
                0x08001594                LCD_Clear
 .text.LCD_WriteRAM
                0x080015bc        0x8 ./src/Drivers/LCD/stm322xg_eval_lcd.o
                0x080015bc                LCD_WriteRAM
 .text.LCD_DrawChar
                0x080015c4       0x94 ./src/Drivers/LCD/stm322xg_eval_lcd.o
                0x080015c4                LCD_DrawChar
 .text.LCD_DisplayChar
                0x08001658       0x20 ./src/Drivers/LCD/stm322xg_eval_lcd.o
                0x08001658                LCD_DisplayChar
 .text.LCD_ClearLine
                0x08001678       0x34 ./src/Drivers/LCD/stm322xg_eval_lcd.o
                0x08001678                LCD_ClearLine
 .text.LCD_DisplayStringLine
                0x080016ac       0x38 ./src/Drivers/LCD/stm322xg_eval_lcd.o
                0x080016ac                LCD_DisplayStringLine
 .text.LCD_CtrlLinesConfig
                0x080016e4      0x134 ./src/Drivers/LCD/stm322xg_eval_lcd.o
                0x080016e4                LCD_CtrlLinesConfig
 .text.LCD_FSMCConfig
                0x08001818       0x5c ./src/Drivers/LCD/stm322xg_eval_lcd.o
                0x08001818                LCD_FSMCConfig
 .text.STM322xG_LCD_Init
                0x08001874      0x420 ./src/Drivers/LCD/stm322xg_eval_lcd.o
                0x08001874                STM322xG_LCD_Init
 .text.FSMC_NORSRAMInit
                0x08001c94      0x2ac ./src/Drivers/LCD/stm32f2xx_fsmc.o
                0x08001c94                FSMC_NORSRAMInit
 .text.FSMC_NORSRAMCmd
                0x08001f40       0x5c ./src/Drivers/LCD/stm32f2xx_fsmc.o
                0x08001f40                FSMC_NORSRAMCmd
 .text.SysTick_Handler
                0x08001f9c       0x14 ./src/Timer.o
                0x08001f9c                SysTick_Handler
 .text._Z8init_lcdv
                0x08001fb0       0x18 ./src/main.o
                0x08001fb0                init_lcd()
 .text._Z20init_gpio_interruptsv
                0x08001fc8       0x84 ./src/main.o
                0x08001fc8                init_gpio_interrupts()
 .text.I2C1_ER_IRQHandler
                0x0800204c       0x20 ./src/main.o
                0x0800204c                I2C1_ER_IRQHandler
 .text.I2C1_EV_IRQHandler
                0x0800206c       0x78 ./src/main.o
                0x0800206c                I2C1_EV_IRQHandler
 .text.EXTI15_10_IRQHandler
                0x080020e4       0x20 ./src/main.o
                0x080020e4                EXTI15_10_IRQHandler
 .text.EXTI0_IRQHandler
                0x08002104       0x6c ./src/main.o
                0x08002104                EXTI0_IRQHandler
 .text.EXTI2_IRQHandler
                0x08002170      0x114 ./src/main.o
                0x08002170                EXTI2_IRQHandler
 .text.startup.main
                0x08002284      0x150 ./src/main.o
                0x08002284                main
 .text.startup._GLOBAL__sub_I_sdaPortIn
                0x080023d4       0xb8 ./src/main.o
 .text          0x0800248c      0x370 c:/program files (x86)/gnu tools arm embedded/4.9 2014q4/bin/../lib/gcc/arm-none-eabi/4.9.3/armv7-m\libgcc.a(_arm_addsubdf3.o)
                0x0800248c                __aeabi_drsub
                0x08002494                __aeabi_dsub
                0x08002494                __subdf3
                0x08002498                __aeabi_dadd
                0x08002498                __adddf3
                0x08002710                __floatunsidf
                0x08002710                __aeabi_ui2d
                0x08002730                __floatsidf
                0x08002730                __aeabi_i2d
                0x08002754                __aeabi_f2d
                0x08002754                __extendsfdf2
                0x08002790                __floatundidf
                0x08002790                __aeabi_ul2d
                0x080027a0                __floatdidf
                0x080027a0                __aeabi_l2d
 .text          0x080027fc      0x110 c:/program files (x86)/gnu tools arm embedded/4.9 2014q4/bin/../lib/gcc/arm-none-eabi/4.9.3/armv7-m\libgcc.a(_arm_cmpdf2.o)
                0x080027fc                __gtdf2
                0x080027fc                __gedf2
                0x08002804                __ltdf2
                0x08002804                __ledf2
                0x0800280c                __nedf2
                0x0800280c                __eqdf2
                0x0800280c                __cmpdf2
                0x08002888                __aeabi_cdrcmple
                0x08002898                __aeabi_cdcmpeq
                0x08002898                __aeabi_cdcmple
                0x080028a8                __aeabi_dcmpeq
                0x080028bc                __aeabi_dcmplt
                0x080028d0                __aeabi_dcmple
                0x080028e4                __aeabi_dcmpge
                0x080028f8                __aeabi_dcmpgt
 .text.__errno  0x0800290c        0xc c:/program files (x86)/gnu tools arm embedded/4.9 2014q4/bin/../lib/gcc/arm-none-eabi/4.9.3/../../../../arm-none-eabi/lib/armv7-m\libg.a(lib_a-errno.o)
                0x0800290c                __errno
 .text          0x08002918       0xec c:/program files (x86)/gnu tools arm embedded/4.9 2014q4/bin/../lib/gcc/arm-none-eabi/4.9.3/../../../../arm-none-eabi/lib/armv7-m\libg.a(lib_a-memcpy.o)
                0x08002918                memcpy
 .text.memset   0x08002a04       0x9c c:/program files (x86)/gnu tools arm embedded/4.9 2014q4/bin/../lib/gcc/arm-none-eabi/4.9.3/../../../../arm-none-eabi/lib/armv7-m\libg.a(lib_a-memset.o)
                0x08002a04                memset
 .text.strlen   0x08002aa0       0x5c c:/program files (x86)/gnu tools arm embedded/4.9 2014q4/bin/../lib/gcc/arm-none-eabi/4.9.3/../../../../arm-none-eabi/lib/armv7-m\libg.a(lib_a-strlen.o)
                0x08002aa0                strlen
 .text._svfprintf_r
                0x08002afc     0x14f4 c:/program files (x86)/gnu tools arm embedded/4.9 2014q4/bin/../lib/gcc/arm-none-eabi/4.9.3/../../../../arm-none-eabi/lib/armv7-m\libg.a(lib_a-svfprintf.o)
                0x08002afc                _svfprintf_r
 .text._vsnprintf_r
                0x08003ff0       0x70 c:/program files (x86)/gnu tools arm embedded/4.9 2014q4/bin/../lib/gcc/arm-none-eabi/4.9.3/../../../../arm-none-eabi/lib/armv7-m\libg.a(lib_a-vsnprintf.o)
                0x08003ff0                _vsnprintf_r
 .text.vsnprintf
                0x08004060       0x20 c:/program files (x86)/gnu tools arm embedded/4.9 2014q4/bin/../lib/gcc/arm-none-eabi/4.9.3/../../../../arm-none-eabi/lib/armv7-m\libg.a(lib_a-vsnprintf.o)
                0x08004060                vsnprintf
 .text.quorem   0x08004080      0x130 c:/program files (x86)/gnu tools arm embedded/4.9 2014q4/bin/../lib/gcc/arm-none-eabi/4.9.3/../../../../arm-none-eabi/lib/armv7-m\libg.a(lib_a-dtoa.o)
 .text._dtoa_r  0x080041b0      0xea8 c:/program files (x86)/gnu tools arm embedded/4.9 2014q4/bin/../lib/gcc/arm-none-eabi/4.9.3/../../../../arm-none-eabi/lib/armv7-m\libg.a(lib_a-dtoa.o)
                0x080041b0                _dtoa_r
 .text._localeconv_r
                0x08005058        0x8 c:/program files (x86)/gnu tools arm embedded/4.9 2014q4/bin/../lib/gcc/arm-none-eabi/4.9.3/../../../../arm-none-eabi/lib/armv7-m\libg.a(lib_a-locale.o)
                0x08005058                _localeconv_r
 .text._malloc_r
                0x08005060      0x504 c:/program files (x86)/gnu tools arm embedded/4.9 2014q4/bin/../lib/gcc/arm-none-eabi/4.9.3/../../../../arm-none-eabi/lib/armv7-m\libg.a(lib_a-mallocr.o)
                0x08005060                _malloc_r
 .text.memchr   0x08005564       0x94 c:/program files (x86)/gnu tools arm embedded/4.9 2014q4/bin/../lib/gcc/arm-none-eabi/4.9.3/../../../../arm-none-eabi/lib/armv7-m\libg.a(lib_a-memchr.o)
                0x08005564                memchr
 .text.__malloc_lock
                0x080055f8        0x4 c:/program files (x86)/gnu tools arm embedded/4.9 2014q4/bin/../lib/gcc/arm-none-eabi/4.9.3/../../../../arm-none-eabi/lib/armv7-m\libg.a(lib_a-mlock.o)
                0x080055f8                __malloc_lock
 .text.__malloc_unlock
                0x080055fc        0x4 c:/program files (x86)/gnu tools arm embedded/4.9 2014q4/bin/../lib/gcc/arm-none-eabi/4.9.3/../../../../arm-none-eabi/lib/armv7-m\libg.a(lib_a-mlock.o)
                0x080055fc                __malloc_unlock
 .text._Balloc  0x08005600       0x50 c:/program files (x86)/gnu tools arm embedded/4.9 2014q4/bin/../lib/gcc/arm-none-eabi/4.9.3/../../../../arm-none-eabi/lib/armv7-m\libg.a(lib_a-mprec.o)
                0x08005600                _Balloc
 .text._Bfree   0x08005650       0x14 c:/program files (x86)/gnu tools arm embedded/4.9 2014q4/bin/../lib/gcc/arm-none-eabi/4.9.3/../../../../arm-none-eabi/lib/armv7-m\libg.a(lib_a-mprec.o)
                0x08005650                _Bfree
 .text.__multadd
                0x08005664       0x84 c:/program files (x86)/gnu tools arm embedded/4.9 2014q4/bin/../lib/gcc/arm-none-eabi/4.9.3/../../../../arm-none-eabi/lib/armv7-m\libg.a(lib_a-mprec.o)
                0x08005664                __multadd
 .text.__hi0bits
                0x080056e8       0x40 c:/program files (x86)/gnu tools arm embedded/4.9 2014q4/bin/../lib/gcc/arm-none-eabi/4.9.3/../../../../arm-none-eabi/lib/armv7-m\libg.a(lib_a-mprec.o)
                0x080056e8                __hi0bits
 .text.__lo0bits
                0x08005728       0x5c c:/program files (x86)/gnu tools arm embedded/4.9 2014q4/bin/../lib/gcc/arm-none-eabi/4.9.3/../../../../arm-none-eabi/lib/armv7-m\libg.a(lib_a-mprec.o)
                0x08005728                __lo0bits
 .text.__i2b    0x08005784       0x14 c:/program files (x86)/gnu tools arm embedded/4.9 2014q4/bin/../lib/gcc/arm-none-eabi/4.9.3/../../../../arm-none-eabi/lib/armv7-m\libg.a(lib_a-mprec.o)
                0x08005784                __i2b
 .text.__multiply
                0x08005798      0x140 c:/program files (x86)/gnu tools arm embedded/4.9 2014q4/bin/../lib/gcc/arm-none-eabi/4.9.3/../../../../arm-none-eabi/lib/armv7-m\libg.a(lib_a-mprec.o)
                0x08005798                __multiply
 .text.__pow5mult
                0x080058d8       0xa0 c:/program files (x86)/gnu tools arm embedded/4.9 2014q4/bin/../lib/gcc/arm-none-eabi/4.9.3/../../../../arm-none-eabi/lib/armv7-m\libg.a(lib_a-mprec.o)
                0x080058d8                __pow5mult
 .text.__lshift
                0x08005978       0xb0 c:/program files (x86)/gnu tools arm embedded/4.9 2014q4/bin/../lib/gcc/arm-none-eabi/4.9.3/../../../../arm-none-eabi/lib/armv7-m\libg.a(lib_a-mprec.o)
                0x08005978                __lshift
 .text.__mcmp   0x08005a28       0x48 c:/program files (x86)/gnu tools arm embedded/4.9 2014q4/bin/../lib/gcc/arm-none-eabi/4.9.3/../../../../arm-none-eabi/lib/armv7-m\libg.a(lib_a-mprec.o)
                0x08005a28                __mcmp
 .text.__mdiff  0x08005a70       0xe4 c:/program files (x86)/gnu tools arm embedded/4.9 2014q4/bin/../lib/gcc/arm-none-eabi/4.9.3/../../../../arm-none-eabi/lib/armv7-m\libg.a(lib_a-mprec.o)
                0x08005a70                __mdiff
 .text.__d2b    0x08005b54       0xa8 c:/program files (x86)/gnu tools arm embedded/4.9 2014q4/bin/../lib/gcc/arm-none-eabi/4.9.3/../../../../arm-none-eabi/lib/armv7-m\libg.a(lib_a-mprec.o)
                0x08005b54                __d2b
 .text.__fpclassifyd
                0x08005bfc       0x58 c:/program files (x86)/gnu tools arm embedded/4.9 2014q4/bin/../lib/gcc/arm-none-eabi/4.9.3/../../../../arm-none-eabi/lib/armv7-m\libg.a(lib_a-s_fpclassify.o)
                0x08005bfc                __fpclassifyd
 .text._sbrk_r  0x08005c54       0x24 c:/program files (x86)/gnu tools arm embedded/4.9 2014q4/bin/../lib/gcc/arm-none-eabi/4.9.3/../../../../arm-none-eabi/lib/armv7-m\libg.a(lib_a-sbrkr.o)
                0x08005c54                _sbrk_r
 .text.__ssprint_r
                0x08005c78      0x104 c:/program files (x86)/gnu tools arm embedded/4.9 2014q4/bin/../lib/gcc/arm-none-eabi/4.9.3/../../../../arm-none-eabi/lib/armv7-m\libg.a(lib_a-svfiprintf.o)
                0x08005c78                __ssprint_r
 .text._calloc_r
                0x08005d7c       0x60 c:/program files (x86)/gnu tools arm embedded/4.9 2014q4/bin/../lib/gcc/arm-none-eabi/4.9.3/../../../../arm-none-eabi/lib/armv7-m\libg.a(lib_a-callocr.o)
                0x08005d7c                _calloc_r
 .text._malloc_trim_r
                0x08005ddc       0x9c c:/program files (x86)/gnu tools arm embedded/4.9 2014q4/bin/../lib/gcc/arm-none-eabi/4.9.3/../../../../arm-none-eabi/lib/armv7-m\libg.a(lib_a-freer.o)
                0x08005ddc                _malloc_trim_r
 .text._free_r  0x08005e78      0x1b0 c:/program files (x86)/gnu tools arm embedded/4.9 2014q4/bin/../lib/gcc/arm-none-eabi/4.9.3/../../../../arm-none-eabi/lib/armv7-m\libg.a(lib_a-freer.o)
                0x08005e78                _free_r
 .text.memmove  0x08006028       0xc8 c:/program files (x86)/gnu tools arm embedded/4.9 2014q4/bin/../lib/gcc/arm-none-eabi/4.9.3/../../../../arm-none-eabi/lib/armv7-m\libg.a(lib_a-memmove.o)
                0x08006028                memmove
 .text._realloc_r
                0x080060f0      0x3e0 c:/program files (x86)/gnu tools arm embedded/4.9 2014q4/bin/../lib/gcc/arm-none-eabi/4.9.3/../../../../arm-none-eabi/lib/armv7-m\libg.a(lib_a-reallocr.o)
                0x080060f0                _realloc_r
 .text          0x080064d0      0x424 c:/program files (x86)/gnu tools arm embedded/4.9 2014q4/bin/../lib/gcc/arm-none-eabi/4.9.3/armv7-m\libgcc.a(_arm_muldivdf3.o)
                0x080064d0                __aeabi_dmul
                0x080064d0                __muldf3
                0x08006724                __divdf3
                0x08006724                __aeabi_ddiv
 .text          0x080068f4       0x50 c:/program files (x86)/gnu tools arm embedded/4.9 2014q4/bin/../lib/gcc/arm-none-eabi/4.9.3/armv7-m\libgcc.a(_arm_fixdfsi.o)
                0x080068f4                __aeabi_d2iz
                0x080068f4                __fixdfsi
 .text          0x08006944       0x2c c:/program files (x86)/gnu tools arm embedded/4.9 2014q4/bin/../lib/gcc/arm-none-eabi/4.9.3/armv7-m\libgcc.a(_aeabi_uldivmod.o)
                0x08006944                __aeabi_uldivmod
 .text          0x08006970       0x60 c:/program files (x86)/gnu tools arm embedded/4.9 2014q4/bin/../lib/gcc/arm-none-eabi/4.9.3/armv7-m\libgcc.a(bpabi.o)
                0x08006970                __gnu_ldivmod_helper
                0x080069a0                __gnu_uldivmod_helper
 .text          0x080069d0        0x4 c:/program files (x86)/gnu tools arm embedded/4.9 2014q4/bin/../lib/gcc/arm-none-eabi/4.9.3/armv7-m\libgcc.a(_dvmd_tls.o)
                0x080069d0                __aeabi_idiv0
                0x080069d0                __aeabi_ldiv0
 .text          0x080069d4      0x2ac c:/program files (x86)/gnu tools arm embedded/4.9 2014q4/bin/../lib/gcc/arm-none-eabi/4.9.3/armv7-m\libgcc.a(_divdi3.o)
                0x080069d4                __divdi3
 .text          0x08006c80      0x270 c:/program files (x86)/gnu tools arm embedded/4.9 2014q4/bin/../lib/gcc/arm-none-eabi/4.9.3/armv7-m\libgcc.a(_udivdi3.o)
                0x08006c80                __udivdi3
 *(.rodata .rodata.*)
 .rodata.str1.4
                0x08006ef0       0x27 ./system/src/stm32f2-stdperiph/misc.o
                                 0x28 (size before relaxing)
 *fill*         0x08006f17        0x1 
 .rodata.str1.4
                0x08006f18       0x31 ./system/src/stm32f2-stdperiph/stm32f2xx_exti.o
                                 0x34 (size before relaxing)
 *fill*         0x08006f49        0x3 
 .rodata.str1.4
                0x08006f4c       0x31 ./system/src/stm32f2-stdperiph/stm32f2xx_gpio.o
                                 0x34 (size before relaxing)
 *fill*         0x08006f7d        0x3 
 .rodata.str1.4
                0x08006f80       0x30 ./system/src/stm32f2-stdperiph/stm32f2xx_i2c.o
 .rodata.str1.4
                0x08006fb0       0x30 ./system/src/stm32f2-stdperiph/stm32f2xx_rcc.o
 .rodata.str1.4
                0x08006fe0       0x33 ./system/src/stm32f2-stdperiph/stm32f2xx_syscfg.o
                                 0x34 (size before relaxing)
 *fill*         0x08007013        0x1 
 .rodata.str1.4
                0x08007014       0x14 ./system/src/newlib/_exit.o
 .rodata.str1.4
                0x08007028       0x6b ./system/src/newlib/assert.o
                                 0x70 (size before relaxing)
 *fill*         0x08007093        0x1 
 .rodata.str1.4
                0x08007094       0x2d ./system/src/diag/Trace.o
                                 0x30 (size before relaxing)
 *fill*         0x080070c1        0x3 
 .rodata._ZL16ASCII16x24_Table
                0x080070c4     0x11d0 ./src/Drivers/LCD/fonts.o
 .rodata._ZL15ASCII8x12_Table
                0x08008294      0x900 ./src/Drivers/LCD/fonts.o
 .rodata._ZL16ASCII12x12_Table
                0x08008b94      0x900 ./src/Drivers/LCD/fonts.o
 .rodata._ZL17BUTTON_PIN_SOURCE
                0x08009494        0x4 ./src/Drivers/LCD/stm322xg_eval.o
 .rodata._ZL10BUTTON_CLK
                0x08009498        0xc ./src/Drivers/LCD/stm322xg_eval.o
 .rodata._ZL16BUTTON_EXTI_LINE
                0x080094a4        0x8 ./src/Drivers/LCD/stm322xg_eval.o
 .rodata._ZL10BUTTON_PIN
                0x080094ac        0x8 ./src/Drivers/LCD/stm322xg_eval.o
 .rodata._ZL11BUTTON_IRQn
                0x080094b4        0x4 ./src/Drivers/LCD/stm322xg_eval.o
 .rodata._ZL18BUTTON_PORT_SOURCE
                0x080094b8        0x4 ./src/Drivers/LCD/stm322xg_eval.o
 .rodata.str1.4
                0x080094bc       0x24 ./src/Drivers/LCD/stm32f2xx_fsmc.o
 .rodata.str1.4
                0x080094e0       0xa2 ./src/main.o
                                 0xa8 (size before relaxing)
 *fill*         0x08009582        0x2 
 .rodata.str1.4
                0x08009584        0x2 c:/program files (x86)/gnu tools arm embedded/4.9 2014q4/bin/../lib/gcc/arm-none-eabi/4.9.3/../../../../arm-none-eabi/lib/armv7-m\libg.a(lib_a-impure.o)
                                  0x4 (size before relaxing)
 *fill*         0x08009586        0x2 
 .rodata.blanks.6794
                0x08009588       0x10 c:/program files (x86)/gnu tools arm embedded/4.9 2014q4/bin/../lib/gcc/arm-none-eabi/4.9.3/../../../../arm-none-eabi/lib/armv7-m\libg.a(lib_a-svfprintf.o)
 .rodata.str1.4
                0x08009598       0x42 c:/program files (x86)/gnu tools arm embedded/4.9 2014q4/bin/../lib/gcc/arm-none-eabi/4.9.3/../../../../arm-none-eabi/lib/armv7-m\libg.a(lib_a-svfprintf.o)
                                 0x44 (size before relaxing)
 *fill*         0x080095da        0x2 
 .rodata.zeroes.6795
                0x080095dc       0x10 c:/program files (x86)/gnu tools arm embedded/4.9 2014q4/bin/../lib/gcc/arm-none-eabi/4.9.3/../../../../arm-none-eabi/lib/armv7-m\libg.a(lib_a-svfprintf.o)
 .rodata.str1.4
                0x080095ec       0x10 c:/program files (x86)/gnu tools arm embedded/4.9 2014q4/bin/../lib/gcc/arm-none-eabi/4.9.3/../../../../arm-none-eabi/lib/armv7-m\libg.a(lib_a-dtoa.o)
                                 0x14 (size before relaxing)
 .rodata.str1.4
                0x080095fc        0xc c:/program files (x86)/gnu tools arm embedded/4.9 2014q4/bin/../lib/gcc/arm-none-eabi/4.9.3/../../../../arm-none-eabi/lib/armv7-m\libg.a(lib_a-locale.o)
                                 0x14 (size before relaxing)
 .rodata.__mprec_tens
                0x08009608       0xc8 c:/program files (x86)/gnu tools arm embedded/4.9 2014q4/bin/../lib/gcc/arm-none-eabi/4.9.3/../../../../arm-none-eabi/lib/armv7-m\libg.a(lib_a-mprec.o)
                0x08009608                __mprec_tens
 .rodata.__mprec_bigtens
                0x080096d0       0x28 c:/program files (x86)/gnu tools arm embedded/4.9 2014q4/bin/../lib/gcc/arm-none-eabi/4.9.3/../../../../arm-none-eabi/lib/armv7-m\libg.a(lib_a-mprec.o)
                0x080096d0                __mprec_bigtens
 .rodata.p05.5265
                0x080096f8        0xc c:/program files (x86)/gnu tools arm embedded/4.9 2014q4/bin/../lib/gcc/arm-none-eabi/4.9.3/../../../../arm-none-eabi/lib/armv7-m\libg.a(lib_a-mprec.o)
 *(vtable)
 *(.eh_frame*)
 .eh_frame      0x08009704        0x0 c:/program files (x86)/gnu tools arm embedded/4.9 2014q4/bin/../lib/gcc/arm-none-eabi/4.9.3/../../../../arm-none-eabi/lib/armv7-m\libg.a(lib_a-strcmp.o)
                                 0x38 (size before relaxing)
 *(.glue_7)
 .glue_7        0x00000000        0x0 linker stubs
 *(.glue_7t)
 .glue_7t       0x00000000        0x0 linker stubs

.vfp11_veneer   0x08009704        0x0
 .vfp11_veneer  0x00000000        0x0 linker stubs

.v4_bx          0x08009704        0x0
 .v4_bx         0x00000000        0x0 linker stubs

.iplt           0x08009704        0x0
 .iplt          0x00000000        0x0 ./system/src/stm32f2-stdperiph/misc.o

.ARM.extab
 *(.ARM.extab* .gnu.linkonce.armextab.*)
                0x08009704                __exidx_start = .

.ARM.exidx      0x08009704        0x8
 *(.ARM.exidx* .gnu.linkonce.armexidx.*)
 .ARM.exidx     0x08009704        0x8 c:/program files (x86)/gnu tools arm embedded/4.9 2014q4/bin/../lib/gcc/arm-none-eabi/4.9.3/armv7-m\libgcc.a(_divdi3.o)
 .ARM.exidx     0x0800970c        0x0 c:/program files (x86)/gnu tools arm embedded/4.9 2014q4/bin/../lib/gcc/arm-none-eabi/4.9.3/armv7-m\libgcc.a(_udivdi3.o)
                                  0x8 (size before relaxing)
                0x0800970c                __exidx_end = .

.rel.dyn        0x0800970c        0x0
 .rel.iplt      0x00000000        0x0 ./system/src/stm32f2-stdperiph/misc.o
                0x0800970c                . = ALIGN (0x4)
                0x0800970c                _etext = .
                0x0800970c                __etext = .
                0x0800970c                _sidata = _etext

.data           0x20000000      0x8d8 load address 0x0800970c
                0x20000000                . = ALIGN (0x4)
                0x20000000                _sdata = .
                0x20000000                __data_start__ = .
 *(.data_begin .data_begin.*)
 .data_begin    0x20000000        0x4 ./system/src/newlib/_startup.o
 *(.data .data.*)
 .data.APBAHBPrescTable
                0x20000004       0x10 ./system/src/stm32f2-stdperiph/stm32f2xx_rcc.o
 .data.argv.4510
                0x20000014        0x8 ./system/src/newlib/_syscalls.o
 .data.AHBPrescTable
                0x2000001c       0x10 ./system/src/cmsis/system_stm32f2xx.o
                0x2000001c                AHBPrescTable
 .data.SystemCoreClock
                0x2000002c        0x4 ./system/src/cmsis/system_stm32f2xx.o
                0x2000002c                SystemCoreClock
 .data.Font8x12
                0x20000030        0x8 ./src/Drivers/LCD/fonts.o
                0x20000030                Font8x12
 .data.Font12x12
                0x20000038        0x8 ./src/Drivers/LCD/fonts.o
                0x20000038                Font12x12
 .data.Font16x24
                0x20000040        0x8 ./src/Drivers/LCD/fonts.o
                0x20000040                Font16x24
 .data.BUTTON_PORT
                0x20000048        0xc ./src/Drivers/LCD/stm322xg_eval.o
                0x20000048                BUTTON_PORT
 .data.BackColor
                0x20000054        0x2 ./src/Drivers/LCD/stm322xg_eval_lcd.o
                0x20000054                BackColor
 *fill*         0x20000056        0x2 
 .data.address_to_intercept
                0x20000058        0x4 ./src/main.o
                0x20000058                address_to_intercept
 *fill*         0x2000005c        0x4 
 .data.impure_data
                0x20000060      0x428 c:/program files (x86)/gnu tools arm embedded/4.9 2014q4/bin/../lib/gcc/arm-none-eabi/4.9.3/../../../../arm-none-eabi/lib/armv7-m\libg.a(lib_a-impure.o)
 .data._impure_ptr
                0x20000488        0x4 c:/program files (x86)/gnu tools arm embedded/4.9 2014q4/bin/../lib/gcc/arm-none-eabi/4.9.3/../../../../arm-none-eabi/lib/armv7-m\libg.a(lib_a-impure.o)
                0x20000488                _impure_ptr
 .data.lconv    0x2000048c       0x38 c:/program files (x86)/gnu tools arm embedded/4.9 2014q4/bin/../lib/gcc/arm-none-eabi/4.9.3/../../../../arm-none-eabi/lib/armv7-m\libg.a(lib_a-locale.o)
 .data.__malloc_av_
                0x200004c4      0x408 c:/program files (x86)/gnu tools arm embedded/4.9 2014q4/bin/../lib/gcc/arm-none-eabi/4.9.3/../../../../arm-none-eabi/lib/armv7-m\libg.a(lib_a-mallocr.o)
                0x200004c4                __malloc_av_
 .data.__malloc_trim_threshold
                0x200008cc        0x4 c:/program files (x86)/gnu tools arm embedded/4.9 2014q4/bin/../lib/gcc/arm-none-eabi/4.9.3/../../../../arm-none-eabi/lib/armv7-m\libg.a(lib_a-mallocr.o)
                0x200008cc                __malloc_trim_threshold
 .data.__malloc_sbrk_base
                0x200008d0        0x4 c:/program files (x86)/gnu tools arm embedded/4.9 2014q4/bin/../lib/gcc/arm-none-eabi/4.9.3/../../../../arm-none-eabi/lib/armv7-m\libg.a(lib_a-mallocr.o)
                0x200008d0                __malloc_sbrk_base
 *(.data_end .data_end.*)
 .data_end      0x200008d4        0x4 ./system/src/newlib/_startup.o
                0x200008d8                . = ALIGN (0x4)
                0x200008d8                _edata = .
                0x200008d8                __data_end__ = .

.igot.plt       0x200008d8        0x0 load address 0x08009fe4
 .igot.plt      0x00000000        0x0 ./system/src/stm32f2-stdperiph/misc.o

.bss            0x200008d8      0x120 load address 0x08009fe4
                0x200008d8                . = ALIGN (0x4)
                0x200008d8                __bss_start__ = .
                0x200008d8                _sbss = .
 *(.bss_begin .bss_begin.*)
 .bss_begin     0x200008d8        0x4 ./system/src/newlib/_startup.o
 *(.bss .bss.*)
 .bss.current_heap_end.4304
                0x200008dc        0x4 ./system/src/newlib/_sbrk.o
 .bss.name.4509
                0x200008e0        0x4 ./system/src/newlib/_syscalls.o
 .bss.buf.5385  0x200008e4       0x80 ./system/src/diag/Trace.o
 .bss.LCD_Scrolled
                0x20000964        0x1 ./src/Drivers/LCD/lcd_log.o
                0x20000964                LCD_Scrolled
 *fill*         0x20000965        0x1 
 .bss.LCD_CacheBuffer_yptr_top
                0x20000966        0x2 ./src/Drivers/LCD/lcd_log.o
                0x20000966                LCD_CacheBuffer_yptr_top
 .bss.LCD_CacheBuffer_yptr_bottom_bak
                0x20000968        0x2 ./src/Drivers/LCD/lcd_log.o
                0x20000968                LCD_CacheBuffer_yptr_bottom_bak
 .bss.LCD_CacheBuffer_yptr_top_bak
                0x2000096a        0x2 ./src/Drivers/LCD/lcd_log.o
                0x2000096a                LCD_CacheBuffer_yptr_top_bak
 .bss.LCD_CacheBuffer_yptr_invert
                0x2000096c        0x1 ./src/Drivers/LCD/lcd_log.o
                0x2000096c                LCD_CacheBuffer_yptr_invert
 .bss.LCD_Lock  0x2000096d        0x1 ./src/Drivers/LCD/lcd_log.o
                0x2000096d                LCD_Lock
 .bss.LCD_CacheBuffer_yptr_bottom
                0x2000096e        0x2 ./src/Drivers/LCD/lcd_log.o
                0x2000096e                LCD_CacheBuffer_yptr_bottom
 .bss.LCD_ScrollActive
                0x20000970        0x1 ./src/Drivers/LCD/lcd_log.o
                0x20000970                LCD_ScrollActive
 *fill*         0x20000971        0x1 
 .bss.LCD_CacheBuffer_xptr
                0x20000972        0x2 ./src/Drivers/LCD/lcd_log.o
                0x20000972                LCD_CacheBuffer_xptr
 .bss.LCD_LineColor
                0x20000974        0x2 ./src/Drivers/LCD/lcd_log.o
                0x20000974                LCD_LineColor
 .bss.LCD_ScrollBackStep
                0x20000976        0x2 ./src/Drivers/LCD/lcd_log.o
                0x20000976                LCD_ScrollBackStep
 .bss._ZL16LCD_Currentfonts
                0x20000978        0x4 ./src/Drivers/LCD/stm322xg_eval_lcd.o
 .bss.TextColor
                0x2000097c        0x2 ./src/Drivers/LCD/stm322xg_eval_lcd.o
                0x2000097c                TextColor
 *fill*         0x2000097e        0x2 
 .bss._ZN5Timer13ms_delayCountE
                0x20000980        0x4 ./src/Timer.o
                0x20000980                Timer::ms_delayCount
 .bss.sdaPortIn
                0x20000984       0x10 ./src/main.o
                0x20000984                sdaPortIn
 .bss.sdaPortOut
                0x20000994       0x10 ./src/main.o
                0x20000994                sdaPortOut
 .bss.is_intercepting
                0x200009a4        0x1 ./src/main.o
                0x200009a4                is_intercepting
 .bss.is_flip   0x200009a5        0x1 ./src/main.o
                0x200009a5                is_flip
 .bss.match_index
                0x200009a6        0x1 ./src/main.o
                0x200009a6                match_index
 *fill*         0x200009a7        0x1 
 .bss.sclPortIn
                0x200009a8       0x10 ./src/main.o
                0x200009a8                sclPortIn
 .bss._ZZ16EXTI2_IRQHandlerE8temp_bit
                0x200009b8        0x1 ./src/main.o
 .bss.wait_for_start_bit
                0x200009b9        0x1 ./src/main.o
                0x200009b9                wait_for_start_bit
 .bss._ZL8scl_rise
                0x200009ba        0x1 ./src/main.o
 *fill*         0x200009bb        0x1 
 .bss.__malloc_max_total_mem
                0x200009bc        0x4 c:/program files (x86)/gnu tools arm embedded/4.9 2014q4/bin/../lib/gcc/arm-none-eabi/4.9.3/../../../../arm-none-eabi/lib/armv7-m\libg.a(lib_a-mallocr.o)
                0x200009bc                __malloc_max_total_mem
 .bss.__malloc_max_sbrked_mem
                0x200009c0        0x4 c:/program files (x86)/gnu tools arm embedded/4.9 2014q4/bin/../lib/gcc/arm-none-eabi/4.9.3/../../../../arm-none-eabi/lib/armv7-m\libg.a(lib_a-mallocr.o)
                0x200009c0                __malloc_max_sbrked_mem
 .bss.__malloc_top_pad
                0x200009c4        0x4 c:/program files (x86)/gnu tools arm embedded/4.9 2014q4/bin/../lib/gcc/arm-none-eabi/4.9.3/../../../../arm-none-eabi/lib/armv7-m\libg.a(lib_a-mallocr.o)
                0x200009c4                __malloc_top_pad
 .bss.__malloc_current_mallinfo
                0x200009c8       0x28 c:/program files (x86)/gnu tools arm embedded/4.9 2014q4/bin/../lib/gcc/arm-none-eabi/4.9.3/../../../../arm-none-eabi/lib/armv7-m\libg.a(lib_a-mallocr.o)
                0x200009c8                __malloc_current_mallinfo
 *(COMMON)
 COMMON         0x200009f0        0x4 ./system/src/newlib/_syscalls.o
                0x200009f0                errno
 *(.bss_end .bss_end.*)
 .bss_end       0x200009f4        0x4 ./system/src/newlib/_startup.o
                0x200009f8                . = ALIGN (0x4)
                0x200009f8                __bss_end__ = .
                0x200009f8                _ebss = .

.noinit         0x200009f8        0x0
                0x200009f8                . = ALIGN (0x4)
                0x200009f8                _noinit = .
 *(.noinit .noinit.*)
                0x200009f8                . = ALIGN (0x4)
                0x200009f8                _end_noinit = .
                0x200009f8                PROVIDE (end, _end_noinit)
                0x200009f8                PROVIDE (_end, _end_noinit)
                0x200009f8                PROVIDE (__end, _end_noinit)
                0x200009f8                PROVIDE (__end__, _end_noinit)

._check_stack   0x200009f8      0x100 load address 0x0800a104
                0x200009f8                . = ALIGN (0x4)
                0x20000af8                . = (. + _Minimum_Stack_Size)
 *fill*         0x200009f8      0x100 
                0x20000af8                . = ALIGN (0x4)

.bss_CCMRAM
 *(.bss.CCMRAM .bss.CCMRAM.*)

.b1text
 *(.b1text)
 *(.b1rodata)
 *(.b1rodata.*)

.eb0text
 *(.eb0text)
 *(.eb0rodata)
 *(.eb0rodata.*)

.eb1text
 *(.eb1text)
 *(.eb1rodata)
 *(.eb1rodata.*)

.eb2text
 *(.eb2text)
 *(.eb2rodata)
 *(.eb2rodata.*)

.eb3text
 *(.eb3text)
 *(.eb3rodata)
 *(.eb3rodata.*)

.stab
 *(.stab)

.stabstr
 *(.stabstr)

.stab.excl
 *(.stab.excl)

.stab.exclstr
 *(.stab.exclstr)

.stab.index
 *(.stab.index)

.stab.indexstr
 *(.stab.indexstr)

.comment        0x00000000       0x70
 *(.comment)
 .comment       0x00000000       0x70 ./system/src/stm32f2-stdperiph/misc.o
                                 0x71 (size before relaxing)
 .comment       0x00000000       0x71 ./system/src/stm32f2-stdperiph/stm32f2xx_exti.o
 .comment       0x00000000       0x71 ./system/src/stm32f2-stdperiph/stm32f2xx_gpio.o
 .comment       0x00000000       0x71 ./system/src/stm32f2-stdperiph/stm32f2xx_i2c.o
 .comment       0x00000000       0x71 ./system/src/stm32f2-stdperiph/stm32f2xx_rcc.o
 .comment       0x00000000       0x71 ./system/src/stm32f2-stdperiph/stm32f2xx_syscfg.o
 .comment       0x00000000       0x71 ./system/src/newlib/_exit.o
 .comment       0x00000000       0x71 ./system/src/newlib/_sbrk.o
 .comment       0x00000000       0x71 ./system/src/newlib/_startup.o
 .comment       0x00000000       0x71 ./system/src/newlib/_syscalls.o
 .comment       0x00000000       0x71 ./system/src/newlib/assert.o
 .comment       0x00000000       0x71 ./system/src/diag/Trace.o
 .comment       0x00000000       0x71 ./system/src/diag/trace_impl.o
 .comment       0x00000000       0x71 ./system/src/cortexm/_initialize_hardware.o
 .comment       0x00000000       0x71 ./system/src/cortexm/exception_handlers.o
 .comment       0x00000000       0x71 ./system/src/cmsis/system_stm32f2xx.o
 .comment       0x00000000       0x71 ./system/src/cmsis/vectors_stm32f2xx.o
 .comment       0x00000000       0x71 ./src/Drivers/LCD/fonts.o
 .comment       0x00000000       0x71 ./src/Drivers/LCD/lcd_log.o
 .comment       0x00000000       0x71 ./src/Drivers/LCD/stm322xg_eval.o
 .comment       0x00000000       0x71 ./src/Drivers/LCD/stm322xg_eval_lcd.o
 .comment       0x00000000       0x71 ./src/Drivers/LCD/stm32f2xx_fsmc.o
 .comment       0x00000000       0x71 ./src/Timer.o
 .comment       0x00000000       0x71 ./src/main.o

.ARM.attributes
                0x00000000       0x31
 .ARM.attributes
                0x00000000       0x33 ./system/src/stm32f2-stdperiph/misc.o
 .ARM.attributes
                0x00000033       0x33 ./system/src/stm32f2-stdperiph/stm32f2xx_exti.o
 .ARM.attributes
                0x00000066       0x33 ./system/src/stm32f2-stdperiph/stm32f2xx_gpio.o
 .ARM.attributes
                0x00000099       0x33 ./system/src/stm32f2-stdperiph/stm32f2xx_i2c.o
 .ARM.attributes
                0x000000cc       0x33 ./system/src/stm32f2-stdperiph/stm32f2xx_rcc.o
 .ARM.attributes
                0x000000ff       0x33 ./system/src/stm32f2-stdperiph/stm32f2xx_syscfg.o
 .ARM.attributes
                0x00000132       0x33 ./system/src/newlib/_exit.o
 .ARM.attributes
                0x00000165       0x33 ./system/src/newlib/_sbrk.o
 .ARM.attributes
                0x00000198       0x33 ./system/src/newlib/_startup.o
 .ARM.attributes
                0x000001cb       0x33 ./system/src/newlib/_syscalls.o
 .ARM.attributes
                0x000001fe       0x33 ./system/src/newlib/assert.o
 .ARM.attributes
                0x00000231       0x33 ./system/src/diag/Trace.o
 .ARM.attributes
                0x00000264       0x33 ./system/src/diag/trace_impl.o
 .ARM.attributes
                0x00000297       0x33 ./system/src/cortexm/_initialize_hardware.o
 .ARM.attributes
                0x000002ca       0x33 ./system/src/cortexm/exception_handlers.o
 .ARM.attributes
                0x000002fd       0x33 ./system/src/cmsis/system_stm32f2xx.o
 .ARM.attributes
                0x00000330       0x33 ./system/src/cmsis/vectors_stm32f2xx.o
 .ARM.attributes
                0x00000363       0x33 ./src/Drivers/LCD/fonts.o
 .ARM.attributes
                0x00000396       0x33 ./src/Drivers/LCD/lcd_log.o
 .ARM.attributes
                0x000003c9       0x33 ./src/Drivers/LCD/stm322xg_eval.o
 .ARM.attributes
                0x000003fc       0x33 ./src/Drivers/LCD/stm322xg_eval_lcd.o
 .ARM.attributes
                0x0000042f       0x33 ./src/Drivers/LCD/stm32f2xx_fsmc.o
 .ARM.attributes
                0x00000462       0x33 ./src/Timer.o
 .ARM.attributes
                0x00000495       0x33 ./src/main.o
 .ARM.attributes
                0x000004c8       0x1d c:/program files (x86)/gnu tools arm embedded/4.9 2014q4/bin/../lib/gcc/arm-none-eabi/4.9.3/armv7-m\libgcc.a(_arm_addsubdf3.o)
 .ARM.attributes
                0x000004e5       0x1d c:/program files (x86)/gnu tools arm embedded/4.9 2014q4/bin/../lib/gcc/arm-none-eabi/4.9.3/armv7-m\libgcc.a(_arm_cmpdf2.o)
 .ARM.attributes
                0x00000502       0x2d c:/program files (x86)/gnu tools arm embedded/4.9 2014q4/bin/../lib/gcc/arm-none-eabi/4.9.3/../../../../arm-none-eabi/lib/armv7-m\libg.a(lib_a-errno.o)
 .ARM.attributes
                0x0000052f       0x2d c:/program files (x86)/gnu tools arm embedded/4.9 2014q4/bin/../lib/gcc/arm-none-eabi/4.9.3/../../../../arm-none-eabi/lib/armv7-m\libg.a(lib_a-impure.o)
 .ARM.attributes
                0x0000055c       0x1b c:/program files (x86)/gnu tools arm embedded/4.9 2014q4/bin/../lib/gcc/arm-none-eabi/4.9.3/../../../../arm-none-eabi/lib/armv7-m\libg.a(lib_a-memcpy.o)
 .ARM.attributes
                0x00000577       0x2d c:/program files (x86)/gnu tools arm embedded/4.9 2014q4/bin/../lib/gcc/arm-none-eabi/4.9.3/../../../../arm-none-eabi/lib/armv7-m\libg.a(lib_a-memset.o)
 .ARM.attributes
                0x000005a4       0x2d c:/program files (x86)/gnu tools arm embedded/4.9 2014q4/bin/../lib/gcc/arm-none-eabi/4.9.3/../../../../arm-none-eabi/lib/armv7-m\libg.a(lib_a-strlen.o)
 .ARM.attributes
                0x000005d1       0x2d c:/program files (x86)/gnu tools arm embedded/4.9 2014q4/bin/../lib/gcc/arm-none-eabi/4.9.3/../../../../arm-none-eabi/lib/armv7-m\libg.a(lib_a-svfprintf.o)
 .ARM.attributes
                0x000005fe       0x2d c:/program files (x86)/gnu tools arm embedded/4.9 2014q4/bin/../lib/gcc/arm-none-eabi/4.9.3/../../../../arm-none-eabi/lib/armv7-m\libg.a(lib_a-vsnprintf.o)
 .ARM.attributes
                0x0000062b       0x2d c:/program files (x86)/gnu tools arm embedded/4.9 2014q4/bin/../lib/gcc/arm-none-eabi/4.9.3/../../../../arm-none-eabi/lib/armv7-m\libg.a(lib_a-dtoa.o)
 .ARM.attributes
                0x00000658       0x2d c:/program files (x86)/gnu tools arm embedded/4.9 2014q4/bin/../lib/gcc/arm-none-eabi/4.9.3/../../../../arm-none-eabi/lib/armv7-m\libg.a(lib_a-locale.o)
 .ARM.attributes
                0x00000685       0x2d c:/program files (x86)/gnu tools arm embedded/4.9 2014q4/bin/../lib/gcc/arm-none-eabi/4.9.3/../../../../arm-none-eabi/lib/armv7-m\libg.a(lib_a-mallocr.o)
 .ARM.attributes
                0x000006b2       0x2d c:/program files (x86)/gnu tools arm embedded/4.9 2014q4/bin/../lib/gcc/arm-none-eabi/4.9.3/../../../../arm-none-eabi/lib/armv7-m\libg.a(lib_a-memchr.o)
 .ARM.attributes
                0x000006df       0x2d c:/program files (x86)/gnu tools arm embedded/4.9 2014q4/bin/../lib/gcc/arm-none-eabi/4.9.3/../../../../arm-none-eabi/lib/armv7-m\libg.a(lib_a-mlock.o)
 .ARM.attributes
                0x0000070c       0x2d c:/program files (x86)/gnu tools arm embedded/4.9 2014q4/bin/../lib/gcc/arm-none-eabi/4.9.3/../../../../arm-none-eabi/lib/armv7-m\libg.a(lib_a-mprec.o)
 .ARM.attributes
                0x00000739       0x2d c:/program files (x86)/gnu tools arm embedded/4.9 2014q4/bin/../lib/gcc/arm-none-eabi/4.9.3/../../../../arm-none-eabi/lib/armv7-m\libg.a(lib_a-s_fpclassify.o)
 .ARM.attributes
                0x00000766       0x2d c:/program files (x86)/gnu tools arm embedded/4.9 2014q4/bin/../lib/gcc/arm-none-eabi/4.9.3/../../../../arm-none-eabi/lib/armv7-m\libg.a(lib_a-sbrkr.o)
 .ARM.attributes
                0x00000793       0x1b c:/program files (x86)/gnu tools arm embedded/4.9 2014q4/bin/../lib/gcc/arm-none-eabi/4.9.3/../../../../arm-none-eabi/lib/armv7-m\libg.a(lib_a-strcmp.o)
 .ARM.attributes
                0x000007ae       0x2d c:/program files (x86)/gnu tools arm embedded/4.9 2014q4/bin/../lib/gcc/arm-none-eabi/4.9.3/../../../../arm-none-eabi/lib/armv7-m\libg.a(lib_a-svfiprintf.o)
 .ARM.attributes
                0x000007db       0x2d c:/program files (x86)/gnu tools arm embedded/4.9 2014q4/bin/../lib/gcc/arm-none-eabi/4.9.3/../../../../arm-none-eabi/lib/armv7-m\libg.a(lib_a-callocr.o)
 .ARM.attributes
                0x00000808       0x2d c:/program files (x86)/gnu tools arm embedded/4.9 2014q4/bin/../lib/gcc/arm-none-eabi/4.9.3/../../../../arm-none-eabi/lib/armv7-m\libg.a(lib_a-freer.o)
 .ARM.attributes
                0x00000835       0x2d c:/program files (x86)/gnu tools arm embedded/4.9 2014q4/bin/../lib/gcc/arm-none-eabi/4.9.3/../../../../arm-none-eabi/lib/armv7-m\libg.a(lib_a-memmove.o)
 .ARM.attributes
                0x00000862       0x2d c:/program files (x86)/gnu tools arm embedded/4.9 2014q4/bin/../lib/gcc/arm-none-eabi/4.9.3/../../../../arm-none-eabi/lib/armv7-m\libg.a(lib_a-reallocr.o)
 .ARM.attributes
                0x0000088f       0x1d c:/program files (x86)/gnu tools arm embedded/4.9 2014q4/bin/../lib/gcc/arm-none-eabi/4.9.3/armv7-m\libgcc.a(_arm_muldivdf3.o)
 .ARM.attributes
                0x000008ac       0x1d c:/program files (x86)/gnu tools arm embedded/4.9 2014q4/bin/../lib/gcc/arm-none-eabi/4.9.3/armv7-m\libgcc.a(_arm_fixdfsi.o)
 .ARM.attributes
                0x000008c9       0x1d c:/program files (x86)/gnu tools arm embedded/4.9 2014q4/bin/../lib/gcc/arm-none-eabi/4.9.3/armv7-m\libgcc.a(_aeabi_uldivmod.o)
 .ARM.attributes
                0x000008e6       0x2d c:/program files (x86)/gnu tools arm embedded/4.9 2014q4/bin/../lib/gcc/arm-none-eabi/4.9.3/armv7-m\libgcc.a(bpabi.o)
 .ARM.attributes
                0x00000913       0x1d c:/program files (x86)/gnu tools arm embedded/4.9 2014q4/bin/../lib/gcc/arm-none-eabi/4.9.3/armv7-m\libgcc.a(_dvmd_tls.o)
 .ARM.attributes
                0x00000930       0x2d c:/program files (x86)/gnu tools arm embedded/4.9 2014q4/bin/../lib/gcc/arm-none-eabi/4.9.3/armv7-m\libgcc.a(_divdi3.o)
 .ARM.attributes
                0x0000095d       0x2d c:/program files (x86)/gnu tools arm embedded/4.9 2014q4/bin/../lib/gcc/arm-none-eabi/4.9.3/armv7-m\libgcc.a(_udivdi3.o)

.debug
 *(.debug)

.line
 *(.line)

.debug_srcinfo
 *(.debug_srcinfo)

.debug_sfnames
 *(.debug_sfnames)

.debug_aranges  0x00000000      0xa90
 *(.debug_aranges)
 .debug_aranges
                0x00000000       0x40 ./system/src/stm32f2-stdperiph/misc.o
 .debug_aranges
                0x00000040       0x58 ./system/src/stm32f2-stdperiph/stm32f2xx_exti.o
 .debug_aranges
                0x00000098       0x88 ./system/src/stm32f2-stdperiph/stm32f2xx_gpio.o
 .debug_aranges
                0x00000120      0x120 ./system/src/stm32f2-stdperiph/stm32f2xx_i2c.o
 .debug_aranges
                0x00000240      0x178 ./system/src/stm32f2-stdperiph/stm32f2xx_rcc.o
 .debug_aranges
                0x000003b8       0x48 ./system/src/stm32f2-stdperiph/stm32f2xx_syscfg.o
 .debug_aranges
                0x00000400       0x28 ./system/src/newlib/_exit.o
 .debug_aranges
                0x00000428       0x20 ./system/src/newlib/_sbrk.o
 .debug_aranges
                0x00000448       0x40 ./system/src/newlib/_startup.o
 .debug_aranges
                0x00000488       0xd0 ./system/src/newlib/_syscalls.o
 .debug_aranges
                0x00000558       0x28 ./system/src/newlib/assert.o
 .debug_aranges
                0x00000580       0x48 ./system/src/diag/Trace.o
 .debug_aranges
                0x000005c8       0x28 ./system/src/diag/trace_impl.o
 .debug_aranges
                0x000005f0       0x28 ./system/src/cortexm/_initialize_hardware.o
 .debug_aranges
                0x00000618       0x68 ./system/src/cortexm/exception_handlers.o
 .debug_aranges
                0x00000680       0x28 ./system/src/cmsis/system_stm32f2xx.o
 .debug_aranges
                0x000006a8       0x20 ./system/src/cmsis/vectors_stm32f2xx.o
 .debug_aranges
                0x000006c8       0x18 ./src/Drivers/LCD/fonts.o
 .debug_aranges
                0x000006e0       0x68 ./src/Drivers/LCD/lcd_log.o
 .debug_aranges
                0x00000748       0x88 ./src/Drivers/LCD/stm322xg_eval.o
 .debug_aranges
                0x000007d0      0x168 ./src/Drivers/LCD/stm322xg_eval_lcd.o
 .debug_aranges
                0x00000938       0xb0 ./src/Drivers/LCD/stm32f2xx_fsmc.o
 .debug_aranges
                0x000009e8       0x28 ./src/Timer.o
 .debug_aranges
                0x00000a10       0x80 ./src/main.o

.debug_pubnames
 *(.debug_pubnames)

.debug_info     0x00000000     0xeb6b
 *(.debug_info .gnu.linkonce.wi.*)
 .debug_info    0x00000000      0x65c ./system/src/stm32f2-stdperiph/misc.o
 .debug_info    0x0000065c      0x48f ./system/src/stm32f2-stdperiph/stm32f2xx_exti.o
 .debug_info    0x00000aeb      0xb10 ./system/src/stm32f2-stdperiph/stm32f2xx_gpio.o
 .debug_info    0x000015fb     0x133d ./system/src/stm32f2-stdperiph/stm32f2xx_i2c.o
 .debug_info    0x00002938     0x13f6 ./system/src/stm32f2-stdperiph/stm32f2xx_rcc.o
 .debug_info    0x00003d2e      0x364 ./system/src/stm32f2-stdperiph/stm32f2xx_syscfg.o
 .debug_info    0x00004092      0x100 ./system/src/newlib/_exit.o
 .debug_info    0x00004192      0x125 ./system/src/newlib/_sbrk.o
 .debug_info    0x000042b7      0x4f3 ./system/src/newlib/_startup.o
 .debug_info    0x000047aa      0x8f3 ./system/src/newlib/_syscalls.o
 .debug_info    0x0000509d      0x250 ./system/src/newlib/assert.o
 .debug_info    0x000052ed      0x445 ./system/src/diag/Trace.o
 .debug_info    0x00005732      0x3f8 ./system/src/diag/trace_impl.o
 .debug_info    0x00005b2a       0xea ./system/src/cortexm/_initialize_hardware.o
 .debug_info    0x00005c14       0xe9 ./system/src/cortexm/exception_handlers.o
 .debug_info    0x00005cfd      0x58c ./system/src/cmsis/system_stm32f2xx.o
 .debug_info    0x00006289       0xa8 ./system/src/cmsis/vectors_stm32f2xx.o
 .debug_info    0x00006331      0x1a2 ./src/Drivers/LCD/fonts.o
 .debug_info    0x000064d3      0x7b3 ./src/Drivers/LCD/lcd_log.o
 .debug_info    0x00006c86     0x1b3d ./src/Drivers/LCD/stm322xg_eval.o
 .debug_info    0x000087c3     0x2f4e ./src/Drivers/LCD/stm322xg_eval_lcd.o
 .debug_info    0x0000b711     0x11e3 ./src/Drivers/LCD/stm32f2xx_fsmc.o
 .debug_info    0x0000c8f4      0x1b6 ./src/Timer.o
 .debug_info    0x0000caaa     0x20c1 ./src/main.o

.debug_abbrev   0x00000000     0x2a0f
 *(.debug_abbrev)
 .debug_abbrev  0x00000000      0x188 ./system/src/stm32f2-stdperiph/misc.o
 .debug_abbrev  0x00000188      0x1f7 ./system/src/stm32f2-stdperiph/stm32f2xx_exti.o
 .debug_abbrev  0x0000037f      0x20a ./system/src/stm32f2-stdperiph/stm32f2xx_gpio.o
 .debug_abbrev  0x00000589      0x1e7 ./system/src/stm32f2-stdperiph/stm32f2xx_i2c.o
 .debug_abbrev  0x00000770      0x2ca ./system/src/stm32f2-stdperiph/stm32f2xx_rcc.o
 .debug_abbrev  0x00000a3a      0x178 ./system/src/stm32f2-stdperiph/stm32f2xx_syscfg.o
 .debug_abbrev  0x00000bb2       0xa4 ./system/src/newlib/_exit.o
 .debug_abbrev  0x00000c56       0xbb ./system/src/newlib/_sbrk.o
 .debug_abbrev  0x00000d11      0x22e ./system/src/newlib/_startup.o
 .debug_abbrev  0x00000f3f      0x178 ./system/src/newlib/_syscalls.o
 .debug_abbrev  0x000010b7      0x112 ./system/src/newlib/assert.o
 .debug_abbrev  0x000011c9      0x1cf ./system/src/diag/Trace.o
 .debug_abbrev  0x00001398      0x1a0 ./system/src/diag/trace_impl.o
 .debug_abbrev  0x00001538       0x8b ./system/src/cortexm/_initialize_hardware.o
 .debug_abbrev  0x000015c3       0x65 ./system/src/cortexm/exception_handlers.o
 .debug_abbrev  0x00001628      0x162 ./system/src/cmsis/system_stm32f2xx.o
 .debug_abbrev  0x0000178a       0xac ./system/src/cmsis/vectors_stm32f2xx.o
 .debug_abbrev  0x00001836       0xa5 ./src/Drivers/LCD/fonts.o
 .debug_abbrev  0x000018db      0x265 ./src/Drivers/LCD/lcd_log.o
 .debug_abbrev  0x00001b40      0x270 ./src/Drivers/LCD/stm322xg_eval.o
 .debug_abbrev  0x00001db0      0x2aa ./src/Drivers/LCD/stm322xg_eval_lcd.o
 .debug_abbrev  0x0000205a      0x1d1 ./src/Drivers/LCD/stm32f2xx_fsmc.o
 .debug_abbrev  0x0000222b      0x181 ./src/Timer.o
 .debug_abbrev  0x000023ac      0x663 ./src/main.o

.debug_line     0x00000000     0x8f3f
 *(.debug_line)
 .debug_line    0x00000000      0x578 ./system/src/stm32f2-stdperiph/misc.o
 .debug_line    0x00000578      0x67e ./system/src/stm32f2-stdperiph/stm32f2xx_exti.o
 .debug_line    0x00000bf6      0xa17 ./system/src/stm32f2-stdperiph/stm32f2xx_gpio.o
 .debug_line    0x0000160d      0xbe9 ./system/src/stm32f2-stdperiph/stm32f2xx_i2c.o
 .debug_line    0x000021f6      0xc2c ./system/src/stm32f2-stdperiph/stm32f2xx_rcc.o
 .debug_line    0x00002e22      0x537 ./system/src/stm32f2-stdperiph/stm32f2xx_syscfg.o
 .debug_line    0x00003359      0x2c1 ./system/src/newlib/_exit.o
 .debug_line    0x0000361a      0x26d ./system/src/newlib/_sbrk.o
 .debug_line    0x00003887      0x338 ./system/src/newlib/_startup.o
 .debug_line    0x00003bbf      0x4db ./system/src/newlib/_syscalls.o
 .debug_line    0x0000409a      0x33e ./system/src/newlib/assert.o
 .debug_line    0x000043d8      0x35f ./system/src/diag/Trace.o
 .debug_line    0x00004737      0x595 ./system/src/diag/trace_impl.o
 .debug_line    0x00004ccc      0x4c6 ./system/src/cortexm/_initialize_hardware.o
 .debug_line    0x00005192       0xbf ./system/src/cortexm/exception_handlers.o
 .debug_line    0x00005251      0x501 ./system/src/cmsis/system_stm32f2xx.o
 .debug_line    0x00005752       0x8e ./system/src/cmsis/vectors_stm32f2xx.o
 .debug_line    0x000057e0      0x1f0 ./src/Drivers/LCD/fonts.o
 .debug_line    0x000059d0      0x74b ./src/Drivers/LCD/lcd_log.o
 .debug_line    0x0000611b      0x675 ./src/Drivers/LCD/stm322xg_eval.o
 .debug_line    0x00006790      0xac6 ./src/Drivers/LCD/stm322xg_eval_lcd.o
 .debug_line    0x00007256      0xa54 ./src/Drivers/LCD/stm32f2xx_fsmc.o
 .debug_line    0x00007caa      0x4f0 ./src/Timer.o
 .debug_line    0x0000819a      0xda5 ./src/main.o

.debug_frame    0x00000000     0x2538
 *(.debug_frame)
 .debug_frame   0x00000000       0x94 ./system/src/stm32f2-stdperiph/misc.o
 .debug_frame   0x00000094       0xc0 ./system/src/stm32f2-stdperiph/stm32f2xx_exti.o
 .debug_frame   0x00000154      0x1e4 ./system/src/stm32f2-stdperiph/stm32f2xx_gpio.o
 .debug_frame   0x00000338      0x3a0 ./system/src/stm32f2-stdperiph/stm32f2xx_i2c.o
 .debug_frame   0x000006d8      0x474 ./system/src/stm32f2-stdperiph/stm32f2xx_rcc.o
 .debug_frame   0x00000b4c       0x9c ./system/src/stm32f2-stdperiph/stm32f2xx_syscfg.o
 .debug_frame   0x00000be8       0x38 ./system/src/newlib/_exit.o
 .debug_frame   0x00000c20       0x28 ./system/src/newlib/_sbrk.o
 .debug_frame   0x00000c48       0x80 ./system/src/newlib/_startup.o
 .debug_frame   0x00000cc8      0x230 ./system/src/newlib/_syscalls.o
 .debug_frame   0x00000ef8       0x44 ./system/src/newlib/assert.o
 .debug_frame   0x00000f3c      0x108 ./system/src/diag/Trace.o
 .debug_frame   0x00001044       0x48 ./system/src/diag/trace_impl.o
 .debug_frame   0x0000108c       0x30 ./system/src/cortexm/_initialize_hardware.o
 .debug_frame   0x000010bc       0xb8 ./system/src/cortexm/exception_handlers.o
 .debug_frame   0x00001174       0x48 ./system/src/cmsis/system_stm32f2xx.o
 .debug_frame   0x000011bc       0x20 ./system/src/cmsis/vectors_stm32f2xx.o
 .debug_frame   0x000011dc      0x11c ./src/Drivers/LCD/lcd_log.o
 .debug_frame   0x000012f8      0x1a8 ./src/Drivers/LCD/stm322xg_eval.o
 .debug_frame   0x000014a0      0x488 ./src/Drivers/LCD/stm322xg_eval_lcd.o
 .debug_frame   0x00001928      0x1e0 ./src/Drivers/LCD/stm32f2xx_fsmc.o
 .debug_frame   0x00001b08       0x30 ./src/Timer.o
 .debug_frame   0x00001b38      0x1c4 ./src/main.o
 .debug_frame   0x00001cfc       0x20 c:/program files (x86)/gnu tools arm embedded/4.9 2014q4/bin/../lib/gcc/arm-none-eabi/4.9.3/../../../../arm-none-eabi/lib/armv7-m\libg.a(lib_a-errno.o)
 .debug_frame   0x00001d1c       0x34 c:/program files (x86)/gnu tools arm embedded/4.9 2014q4/bin/../lib/gcc/arm-none-eabi/4.9.3/../../../../arm-none-eabi/lib/armv7-m\libg.a(lib_a-memset.o)
 .debug_frame   0x00001d50       0x20 c:/program files (x86)/gnu tools arm embedded/4.9 2014q4/bin/../lib/gcc/arm-none-eabi/4.9.3/../../../../arm-none-eabi/lib/armv7-m\libg.a(lib_a-strlen.o)
 .debug_frame   0x00001d70       0x40 c:/program files (x86)/gnu tools arm embedded/4.9 2014q4/bin/../lib/gcc/arm-none-eabi/4.9.3/../../../../arm-none-eabi/lib/armv7-m\libg.a(lib_a-svfprintf.o)
 .debug_frame   0x00001db0       0x60 c:/program files (x86)/gnu tools arm embedded/4.9 2014q4/bin/../lib/gcc/arm-none-eabi/4.9.3/../../../../arm-none-eabi/lib/armv7-m\libg.a(lib_a-vsnprintf.o)
 .debug_frame   0x00001e10       0x84 c:/program files (x86)/gnu tools arm embedded/4.9 2014q4/bin/../lib/gcc/arm-none-eabi/4.9.3/../../../../arm-none-eabi/lib/armv7-m\libg.a(lib_a-dtoa.o)
 .debug_frame   0x00001e94       0x9c c:/program files (x86)/gnu tools arm embedded/4.9 2014q4/bin/../lib/gcc/arm-none-eabi/4.9.3/../../../../arm-none-eabi/lib/armv7-m\libg.a(lib_a-locale.o)
 .debug_frame   0x00001f30       0x54 c:/program files (x86)/gnu tools arm embedded/4.9 2014q4/bin/../lib/gcc/arm-none-eabi/4.9.3/../../../../arm-none-eabi/lib/armv7-m\libg.a(lib_a-mallocr.o)
 .debug_frame   0x00001f84       0x3c c:/program files (x86)/gnu tools arm embedded/4.9 2014q4/bin/../lib/gcc/arm-none-eabi/4.9.3/../../../../arm-none-eabi/lib/armv7-m\libg.a(lib_a-memchr.o)
 .debug_frame   0x00001fc0       0x30 c:/program files (x86)/gnu tools arm embedded/4.9 2014q4/bin/../lib/gcc/arm-none-eabi/4.9.3/../../../../arm-none-eabi/lib/armv7-m\libg.a(lib_a-mlock.o)
 .debug_frame   0x00001ff0      0x268 c:/program files (x86)/gnu tools arm embedded/4.9 2014q4/bin/../lib/gcc/arm-none-eabi/4.9.3/../../../../arm-none-eabi/lib/armv7-m\libg.a(lib_a-mprec.o)
 .debug_frame   0x00002258       0x34 c:/program files (x86)/gnu tools arm embedded/4.9 2014q4/bin/../lib/gcc/arm-none-eabi/4.9.3/../../../../arm-none-eabi/lib/armv7-m\libg.a(lib_a-s_fpclassify.o)
 .debug_frame   0x0000228c       0x2c c:/program files (x86)/gnu tools arm embedded/4.9 2014q4/bin/../lib/gcc/arm-none-eabi/4.9.3/../../../../arm-none-eabi/lib/armv7-m\libg.a(lib_a-sbrkr.o)
 .debug_frame   0x000022b8       0x78 c:/program files (x86)/gnu tools arm embedded/4.9 2014q4/bin/../lib/gcc/arm-none-eabi/4.9.3/../../../../arm-none-eabi/lib/armv7-m\libg.a(lib_a-svfiprintf.o)
 .debug_frame   0x00002330       0x28 c:/program files (x86)/gnu tools arm embedded/4.9 2014q4/bin/../lib/gcc/arm-none-eabi/4.9.3/../../../../arm-none-eabi/lib/armv7-m\libg.a(lib_a-callocr.o)
 .debug_frame   0x00002358       0x74 c:/program files (x86)/gnu tools arm embedded/4.9 2014q4/bin/../lib/gcc/arm-none-eabi/4.9.3/../../../../arm-none-eabi/lib/armv7-m\libg.a(lib_a-freer.o)
 .debug_frame   0x000023cc       0x30 c:/program files (x86)/gnu tools arm embedded/4.9 2014q4/bin/../lib/gcc/arm-none-eabi/4.9.3/../../../../arm-none-eabi/lib/armv7-m\libg.a(lib_a-memmove.o)
 .debug_frame   0x000023fc       0x58 c:/program files (x86)/gnu tools arm embedded/4.9 2014q4/bin/../lib/gcc/arm-none-eabi/4.9.3/../../../../arm-none-eabi/lib/armv7-m\libg.a(lib_a-reallocr.o)
 .debug_frame   0x00002454       0x28 c:/program files (x86)/gnu tools arm embedded/4.9 2014q4/bin/../lib/gcc/arm-none-eabi/4.9.3/armv7-m\libgcc.a(_aeabi_uldivmod.o)
 .debug_frame   0x0000247c       0x54 c:/program files (x86)/gnu tools arm embedded/4.9 2014q4/bin/../lib/gcc/arm-none-eabi/4.9.3/armv7-m\libgcc.a(bpabi.o)
 .debug_frame   0x000024d0       0x34 c:/program files (x86)/gnu tools arm embedded/4.9 2014q4/bin/../lib/gcc/arm-none-eabi/4.9.3/armv7-m\libgcc.a(_divdi3.o)
 .debug_frame   0x00002504       0x34 c:/program files (x86)/gnu tools arm embedded/4.9 2014q4/bin/../lib/gcc/arm-none-eabi/4.9.3/armv7-m\libgcc.a(_udivdi3.o)

.debug_str      0x00000000    0x630fe
 *(.debug_str)
 .debug_str     0x00000000    0x54bf1 ./system/src/stm32f2-stdperiph/misc.o
                              0x54d99 (size before relaxing)
 .debug_str     0x00054bf1      0x295 ./system/src/stm32f2-stdperiph/stm32f2xx_exti.o
                              0x54d42 (size before relaxing)
 .debug_str     0x00054e86      0x29c ./system/src/stm32f2-stdperiph/stm32f2xx_gpio.o
                              0x54e6b (size before relaxing)
 .debug_str     0x00055122      0x4b0 ./system/src/stm32f2-stdperiph/stm32f2xx_i2c.o
                              0x55093 (size before relaxing)
 .debug_str     0x000555d2      0xa44 ./system/src/stm32f2-stdperiph/stm32f2xx_rcc.o
                              0x556c5 (size before relaxing)
 .debug_str     0x00056016      0x2aa ./system/src/stm32f2-stdperiph/stm32f2xx_syscfg.o
                              0x54e0c (size before relaxing)
 .debug_str     0x000562c0     0x3617 ./system/src/newlib/_exit.o
                               0x5db9 (size before relaxing)
 .debug_str     0x000598d7      0x4d6 ./system/src/newlib/_sbrk.o
                               0x452b (size before relaxing)
 .debug_str     0x00059dad      0x274 ./system/src/newlib/_startup.o
                               0x3fd3 (size before relaxing)
 .debug_str     0x0005a021      0xe41 ./system/src/newlib/_syscalls.o
                               0x622e (size before relaxing)
 .debug_str     0x0005ae62      0x833 ./system/src/newlib/assert.o
                               0x6f09 (size before relaxing)
 .debug_str     0x0005b695      0x178 ./system/src/diag/Trace.o
                               0x65f9 (size before relaxing)
 .debug_str     0x0005b80d       0xd2 ./system/src/diag/trace_impl.o
                              0x575d7 (size before relaxing)
 .debug_str     0x0005b8df       0x4e ./system/src/cortexm/_initialize_hardware.o
                              0x54b6d (size before relaxing)
 .debug_str     0x0005b92d       0xe8 ./system/src/cortexm/exception_handlers.o
                               0x25b1 (size before relaxing)
 .debug_str     0x0005ba15       0xb0 ./system/src/cmsis/system_stm32f2xx.o
                              0x54d63 (size before relaxing)
 .debug_str     0x0005bac5       0x57 ./system/src/cmsis/vectors_stm32f2xx.o
                               0x254e (size before relaxing)
 .debug_str     0x0005bb1c      0x503 ./src/Drivers/LCD/fonts.o
                               0x331b (size before relaxing)
 .debug_str     0x0005c01f     0x2b2b ./src/Drivers/LCD/lcd_log.o
                              0x5a7d0 (size before relaxing)
 .debug_str     0x0005eb4a      0xab8 ./src/Drivers/LCD/stm322xg_eval.o
                              0x5760f (size before relaxing)
 .debug_str     0x0005f602      0x6b0 ./src/Drivers/LCD/stm322xg_eval_lcd.o
                              0x57b45 (size before relaxing)
 .debug_str     0x0005fcb2      0x4d3 ./src/Drivers/LCD/stm32f2xx_fsmc.o
                              0x55265 (size before relaxing)
 .debug_str     0x00060185      0x1d1 ./src/Timer.o
                              0x54e29 (size before relaxing)
 .debug_str     0x00060356     0x2da8 ./src/main.o
                              0x5e13b (size before relaxing)

.debug_loc      0x00000000     0x5a47
 *(.debug_loc)
 .debug_loc     0x00000000      0x1c9 ./system/src/stm32f2-stdperiph/misc.o
 .debug_loc     0x000001c9      0x1c6 ./system/src/stm32f2-stdperiph/stm32f2xx_exti.o
 .debug_loc     0x0000038f      0x624 ./system/src/stm32f2-stdperiph/stm32f2xx_gpio.o
 .debug_loc     0x000009b3      0xd40 ./system/src/stm32f2-stdperiph/stm32f2xx_i2c.o
 .debug_loc     0x000016f3     0x11ef ./system/src/stm32f2-stdperiph/stm32f2xx_rcc.o
 .debug_loc     0x000028e2       0xfb ./system/src/stm32f2-stdperiph/stm32f2xx_syscfg.o
 .debug_loc     0x000029dd       0x6a ./system/src/newlib/_sbrk.o
 .debug_loc     0x00002a47      0x1ab ./system/src/newlib/_startup.o
 .debug_loc     0x00002bf2      0x549 ./system/src/newlib/_syscalls.o
 .debug_loc     0x0000313b      0x12f ./system/src/newlib/assert.o
 .debug_loc     0x0000326a      0x161 ./system/src/diag/Trace.o
 .debug_loc     0x000033cb       0xe3 ./system/src/diag/trace_impl.o
 .debug_loc     0x000034ae      0x155 ./system/src/cmsis/system_stm32f2xx.o
 .debug_loc     0x00003603      0x295 ./src/Drivers/LCD/lcd_log.o
 .debug_loc     0x00003898      0x255 ./src/Drivers/LCD/stm322xg_eval.o
 .debug_loc     0x00003aed     0x11c2 ./src/Drivers/LCD/stm322xg_eval_lcd.o
 .debug_loc     0x00004caf      0x685 ./src/Drivers/LCD/stm32f2xx_fsmc.o
 .debug_loc     0x00005334      0x713 ./src/main.o

.debug_macinfo
 *(.debug_macinfo)

.debug_weaknames
 *(.debug_weaknames)

.debug_funcnames
 *(.debug_funcnames)

.debug_typenames
 *(.debug_typenames)

.debug_varnames
 *(.debug_varnames)
OUTPUT(i2c_sniff.elf elf32-littlearm)

.debug_ranges   0x00000000      0xb88
 .debug_ranges  0x00000000       0x30 ./system/src/stm32f2-stdperiph/misc.o
 .debug_ranges  0x00000030       0x48 ./system/src/stm32f2-stdperiph/stm32f2xx_exti.o
 .debug_ranges  0x00000078       0x78 ./system/src/stm32f2-stdperiph/stm32f2xx_gpio.o
 .debug_ranges  0x000000f0      0x110 ./system/src/stm32f2-stdperiph/stm32f2xx_i2c.o
 .debug_ranges  0x00000200      0x180 ./system/src/stm32f2-stdperiph/stm32f2xx_rcc.o
 .debug_ranges  0x00000380       0x38 ./system/src/stm32f2-stdperiph/stm32f2xx_syscfg.o
 .debug_ranges  0x000003b8       0x18 ./system/src/newlib/_exit.o
 .debug_ranges  0x000003d0       0x10 ./system/src/newlib/_sbrk.o
 .debug_ranges  0x000003e0       0x88 ./system/src/newlib/_startup.o
 .debug_ranges  0x00000468       0xc0 ./system/src/newlib/_syscalls.o
 .debug_ranges  0x00000528       0x18 ./system/src/newlib/assert.o
 .debug_ranges  0x00000540       0x38 ./system/src/diag/Trace.o
 .debug_ranges  0x00000578       0x58 ./system/src/diag/trace_impl.o
 .debug_ranges  0x000005d0       0x18 ./system/src/cortexm/_initialize_hardware.o
 .debug_ranges  0x000005e8       0x58 ./system/src/cortexm/exception_handlers.o
 .debug_ranges  0x00000640       0x30 ./system/src/cmsis/system_stm32f2xx.o
 .debug_ranges  0x00000670       0x10 ./system/src/cmsis/vectors_stm32f2xx.o
 .debug_ranges  0x00000680       0x58 ./src/Drivers/LCD/lcd_log.o
 .debug_ranges  0x000006d8       0x78 ./src/Drivers/LCD/stm322xg_eval.o
 .debug_ranges  0x00000750      0x158 ./src/Drivers/LCD/stm322xg_eval_lcd.o
 .debug_ranges  0x000008a8       0xa0 ./src/Drivers/LCD/stm32f2xx_fsmc.o
 .debug_ranges  0x00000948       0x18 ./src/Timer.o
 .debug_ranges  0x00000960      0x228 ./src/main.o

.debug_macro    0x00000000    0x133ee
 .debug_macro   0x00000000      0x1a4 ./system/src/stm32f2-stdperiph/misc.o
 .debug_macro   0x000001a4      0x88c ./system/src/stm32f2-stdperiph/misc.o
 .debug_macro   0x00000a30       0x50 ./system/src/stm32f2-stdperiph/misc.o
 .debug_macro   0x00000a80       0x3a ./system/src/stm32f2-stdperiph/misc.o
 .debug_macro   0x00000aba       0x22 ./system/src/stm32f2-stdperiph/misc.o
 .debug_macro   0x00000adc       0x44 ./system/src/stm32f2-stdperiph/misc.o
 .debug_macro   0x00000b20       0x1c ./system/src/stm32f2-stdperiph/misc.o
 .debug_macro   0x00000b3c      0x1f7 ./system/src/stm32f2-stdperiph/misc.o
 .debug_macro   0x00000d33       0x2d ./system/src/stm32f2-stdperiph/misc.o
 .debug_macro   0x00000d60      0xbb1 ./system/src/stm32f2-stdperiph/misc.o
 .debug_macro   0x00001911     0x7f9a ./system/src/stm32f2-stdperiph/misc.o
 .debug_macro   0x000098ab      0x455 ./system/src/stm32f2-stdperiph/misc.o
 .debug_macro   0x00009d00      0x3cf ./system/src/stm32f2-stdperiph/misc.o
 .debug_macro   0x0000a0cf      0x111 ./system/src/stm32f2-stdperiph/misc.o
 .debug_macro   0x0000a1e0      0x188 ./system/src/stm32f2-stdperiph/misc.o
 .debug_macro   0x0000a368       0xb2 ./system/src/stm32f2-stdperiph/misc.o
 .debug_macro   0x0000a41a      0x149 ./system/src/stm32f2-stdperiph/misc.o
 .debug_macro   0x0000a563      0x477 ./system/src/stm32f2-stdperiph/misc.o
 .debug_macro   0x0000a9da       0xb4 ./system/src/stm32f2-stdperiph/misc.o
 .debug_macro   0x0000aa8e      0x242 ./system/src/stm32f2-stdperiph/misc.o
 .debug_macro   0x0000acd0      0x279 ./system/src/stm32f2-stdperiph/misc.o
 .debug_macro   0x0000af49       0xb5 ./system/src/stm32f2-stdperiph/misc.o
 .debug_macro   0x0000affe      0x25e ./system/src/stm32f2-stdperiph/misc.o
 .debug_macro   0x0000b25c      0x2b4 ./system/src/stm32f2-stdperiph/misc.o
 .debug_macro   0x0000b510       0x64 ./system/src/stm32f2-stdperiph/misc.o
 .debug_macro   0x0000b574       0x88 ./system/src/stm32f2-stdperiph/misc.o
 .debug_macro   0x0000b5fc      0x575 ./system/src/stm32f2-stdperiph/misc.o
 .debug_macro   0x0000bb71       0x40 ./system/src/stm32f2-stdperiph/misc.o
 .debug_macro   0x0000bbb1      0x3f3 ./system/src/stm32f2-stdperiph/misc.o
 .debug_macro   0x0000bfa4      0x344 ./system/src/stm32f2-stdperiph/misc.o
 .debug_macro   0x0000c2e8      0x358 ./system/src/stm32f2-stdperiph/misc.o
 .debug_macro   0x0000c640       0xe1 ./system/src/stm32f2-stdperiph/misc.o
 .debug_macro   0x0000c721      0x73b ./system/src/stm32f2-stdperiph/misc.o
 .debug_macro   0x0000ce5c      0x223 ./system/src/stm32f2-stdperiph/misc.o
 .debug_macro   0x0000d07f       0x34 ./system/src/stm32f2-stdperiph/misc.o
 .debug_macro   0x0000d0b3       0x35 ./system/src/stm32f2-stdperiph/misc.o
 .debug_macro   0x0000d0e8       0x7c ./system/src/stm32f2-stdperiph/misc.o
 .debug_macro   0x0000d164      0x1a4 ./system/src/stm32f2-stdperiph/stm32f2xx_exti.o
 .debug_macro   0x0000d308       0x82 ./system/src/stm32f2-stdperiph/stm32f2xx_exti.o
 .debug_macro   0x0000d38a       0xae ./system/src/stm32f2-stdperiph/stm32f2xx_exti.o
 .debug_macro   0x0000d438      0x19e ./system/src/stm32f2-stdperiph/stm32f2xx_gpio.o
 .debug_macro   0x0000d5d6      0x258 ./system/src/stm32f2-stdperiph/stm32f2xx_gpio.o
 .debug_macro   0x0000d82e      0x1b0 ./system/src/stm32f2-stdperiph/stm32f2xx_i2c.o
 .debug_macro   0x0000d9de      0x2ae ./system/src/stm32f2-stdperiph/stm32f2xx_i2c.o
 .debug_macro   0x0000dc8c      0x247 ./system/src/stm32f2-stdperiph/stm32f2xx_rcc.o
 .debug_macro   0x0000ded3      0x56f ./system/src/stm32f2-stdperiph/stm32f2xx_rcc.o
 .debug_macro   0x0000e442      0x1c8 ./system/src/stm32f2-stdperiph/stm32f2xx_syscfg.o
 .debug_macro   0x0000e60a       0xdb ./system/src/stm32f2-stdperiph/stm32f2xx_syscfg.o
 .debug_macro   0x0000e6e5      0x128 ./system/src/newlib/_exit.o
 .debug_macro   0x0000e80d       0x9c ./system/src/newlib/_exit.o
 .debug_macro   0x0000e8a9      0x10e ./system/src/newlib/_exit.o
 .debug_macro   0x0000e9b7       0x86 ./system/src/newlib/_exit.o
 .debug_macro   0x0000ea3d       0x43 ./system/src/newlib/_exit.o
 .debug_macro   0x0000ea80       0x35 ./system/src/newlib/_exit.o
 .debug_macro   0x0000eab5      0x27a ./system/src/newlib/_exit.o
 .debug_macro   0x0000ed2f       0xd1 ./system/src/newlib/_sbrk.o
 .debug_macro   0x0000ee00       0x19 ./system/src/newlib/_sbrk.o
 .debug_macro   0x0000ee19      0x16d ./system/src/newlib/_sbrk.o
 .debug_macro   0x0000ef86       0x10 ./system/src/newlib/_sbrk.o
 .debug_macro   0x0000ef96      0x23b ./system/src/newlib/_sbrk.o
 .debug_macro   0x0000f1d1       0xf0 ./system/src/newlib/_startup.o
 .debug_macro   0x0000f2c1      0x17c ./system/src/newlib/_syscalls.o
 .debug_macro   0x0000f43d       0x1c ./system/src/newlib/_syscalls.o
 .debug_macro   0x0000f459       0x10 ./system/src/newlib/_syscalls.o
 .debug_macro   0x0000f469       0x10 ./system/src/newlib/_syscalls.o
 .debug_macro   0x0000f479       0x10 ./system/src/newlib/_syscalls.o
 .debug_macro   0x0000f489       0x35 ./system/src/newlib/_syscalls.o
 .debug_macro   0x0000f4be      0x121 ./system/src/newlib/_syscalls.o
 .debug_macro   0x0000f5df       0x22 ./system/src/newlib/_syscalls.o
 .debug_macro   0x0000f601       0x2b ./system/src/newlib/_syscalls.o
 .debug_macro   0x0000f62c      0x118 ./system/src/newlib/_syscalls.o
 .debug_macro   0x0000f744      0x13e ./system/src/newlib/_syscalls.o
 .debug_macro   0x0000f882       0x16 ./system/src/newlib/_syscalls.o
 .debug_macro   0x0000f898      0x19f ./system/src/newlib/assert.o
 .debug_macro   0x0000fa37       0x1c ./system/src/newlib/assert.o
 .debug_macro   0x0000fa53       0x10 ./system/src/newlib/assert.o
 .debug_macro   0x0000fa63       0x1c ./system/src/newlib/assert.o
 .debug_macro   0x0000fa7f       0x10 ./system/src/newlib/assert.o
 .debug_macro   0x0000fa8f       0x16 ./system/src/newlib/assert.o
 .debug_macro   0x0000faa5      0x16d ./system/src/newlib/assert.o
 .debug_macro   0x0000fc12      0x14f ./system/src/diag/Trace.o
 .debug_macro   0x0000fd61       0x16 ./system/src/diag/Trace.o
 .debug_macro   0x0000fd77       0x97 ./system/src/diag/Trace.o
 .debug_macro   0x0000fe0e       0xf6 ./system/src/diag/Trace.o
 .debug_macro   0x0000ff04       0x52 ./system/src/diag/Trace.o
 .debug_macro   0x0000ff56       0x16 ./system/src/diag/Trace.o
 .debug_macro   0x0000ff6c      0x26b ./system/src/diag/trace_impl.o
 .debug_macro   0x000101d7       0x10 ./system/src/diag/trace_impl.o
 .debug_macro   0x000101e7       0xc8 ./system/src/diag/trace_impl.o
 .debug_macro   0x000102af       0xbe ./system/src/diag/trace_impl.o
 .debug_macro   0x0001036d      0x19e ./system/src/cortexm/_initialize_hardware.o
 .debug_macro   0x0001050b       0x1b ./system/src/cortexm/exception_handlers.o
 .debug_macro   0x00010526      0x1b7 ./system/src/cmsis/system_stm32f2xx.o
 .debug_macro   0x000106dd       0x1b ./system/src/cmsis/vectors_stm32f2xx.o
 .debug_macro   0x000106f8       0x60 ./src/Drivers/LCD/fonts.o
 .debug_macro   0x00010758       0x1c ./src/Drivers/LCD/fonts.o
 .debug_macro   0x00010774      0x2c2 ./src/Drivers/LCD/lcd_log.o
 .debug_macro   0x00010a36      0xbb1 ./src/Drivers/LCD/lcd_log.o
 .debug_macro   0x000115e7      0x3d4 ./src/Drivers/LCD/lcd_log.o
 .debug_macro   0x000119bb      0x2ea ./src/Drivers/LCD/lcd_log.o
 .debug_macro   0x00011ca5       0x10 ./src/Drivers/LCD/lcd_log.o
 .debug_macro   0x00011cb5      0x423 ./src/Drivers/LCD/lcd_log.o
 .debug_macro   0x000120d8       0x97 ./src/Drivers/LCD/lcd_log.o
 .debug_macro   0x0001216f       0xfd ./src/Drivers/LCD/lcd_log.o
 .debug_macro   0x0001226c       0x28 ./src/Drivers/LCD/lcd_log.o
 .debug_macro   0x00012294       0x2e ./src/Drivers/LCD/lcd_log.o
 .debug_macro   0x000122c2      0x1b1 ./src/Drivers/LCD/stm322xg_eval.o
 .debug_macro   0x00012473      0x1ed ./src/Drivers/LCD/stm322xg_eval_lcd.o
 .debug_macro   0x00012660      0x1ce ./src/Drivers/LCD/stm32f2xx_fsmc.o
 .debug_macro   0x0001282e      0x273 ./src/Drivers/LCD/stm32f2xx_fsmc.o
 .debug_macro   0x00012aa1      0x1b7 ./src/Timer.o
 .debug_macro   0x00012c58      0x54e ./src/main.o
 .debug_macro   0x000131a6       0x1c ./src/main.o
 .debug_macro   0x000131c2       0x6e ./src/main.o
 .debug_macro   0x00013230       0x28 ./src/main.o
 .debug_macro   0x00013258       0x11 ./src/main.o
 .debug_macro   0x00013269       0x12 ./src/main.o
 .debug_macro   0x0001327b       0x82 ./src/main.o
 .debug_macro   0x000132fd       0x12 ./src/main.o
 .debug_macro   0x0001330f       0x12 ./src/main.o
 .debug_macro   0x00013321       0x46 ./src/main.o
 .debug_macro   0x00013367       0x17 ./src/main.o
 .debug_macro   0x0001337e       0x10 ./src/main.o
 .debug_macro   0x0001338e       0x16 ./src/main.o
 .debug_macro   0x000133a4       0x2e ./src/main.o
 .debug_macro   0x000133d2       0x1c ./src/main.o
