Archive member included because of file (symbol)

c:/program files (x86)/gnu tools arm embedded/4.9 2014q4/bin/../lib/gcc/arm-none-eabi/4.9.3/armv7-m\libgcc.a(_arm_addsubdf3.o)
                              ./src/Drivers/LCD/stm322xg_eval_lcd.o (__aeabi_ui2d)
c:/program files (x86)/gnu tools arm embedded/4.9 2014q4/bin/../lib/gcc/arm-none-eabi/4.9.3/armv7-m\libgcc.a(_arm_cmpdf2.o)
                              ./src/Drivers/LCD/stm322xg_eval_lcd.o (__aeabi_dcmplt)
c:/program files (x86)/gnu tools arm embedded/4.9 2014q4/bin/../lib/gcc/arm-none-eabi/4.9.3/../../../../arm-none-eabi/lib/armv7-m\libg.a(lib_a-errno.o)
                              ./system/src/newlib/_sbrk.o (__errno)
c:/program files (x86)/gnu tools arm embedded/4.9 2014q4/bin/../lib/gcc/arm-none-eabi/4.9.3/../../../../arm-none-eabi/lib/armv7-m\libg.a(lib_a-impure.o)
                              c:/program files (x86)/gnu tools arm embedded/4.9 2014q4/bin/../lib/gcc/arm-none-eabi/4.9.3/../../../../arm-none-eabi/lib/armv7-m\libg.a(lib_a-errno.o) (_impure_ptr)
c:/program files (x86)/gnu tools arm embedded/4.9 2014q4/bin/../lib/gcc/arm-none-eabi/4.9.3/../../../../arm-none-eabi/lib/armv7-m\libg.a(lib_a-memset.o)
                              ./src/main.o (memset)
c:/program files (x86)/gnu tools arm embedded/4.9 2014q4/bin/../lib/gcc/arm-none-eabi/4.9.3/../../../../arm-none-eabi/lib/armv7-m\libg.a(lib_a-snprintf.o)
                              ./src/main.o (snprintf)
c:/program files (x86)/gnu tools arm embedded/4.9 2014q4/bin/../lib/gcc/arm-none-eabi/4.9.3/../../../../arm-none-eabi/lib/armv7-m\libg.a(lib_a-strlen.o)
                              ./system/src/diag/Trace.o (strlen)
c:/program files (x86)/gnu tools arm embedded/4.9 2014q4/bin/../lib/gcc/arm-none-eabi/4.9.3/../../../../arm-none-eabi/lib/armv7-m\libg.a(lib_a-svfprintf.o)
                              c:/program files (x86)/gnu tools arm embedded/4.9 2014q4/bin/../lib/gcc/arm-none-eabi/4.9.3/../../../../arm-none-eabi/lib/armv7-m\libg.a(lib_a-snprintf.o) (_svfprintf_r)
c:/program files (x86)/gnu tools arm embedded/4.9 2014q4/bin/../lib/gcc/arm-none-eabi/4.9.3/../../../../arm-none-eabi/lib/armv7-m\libg.a(lib_a-vsnprintf.o)
                              ./system/src/diag/Trace.o (vsnprintf)
c:/program files (x86)/gnu tools arm embedded/4.9 2014q4/bin/../lib/gcc/arm-none-eabi/4.9.3/../../../../arm-none-eabi/lib/armv7-m\libg.a(lib_a-dtoa.o)
                              c:/program files (x86)/gnu tools arm embedded/4.9 2014q4/bin/../lib/gcc/arm-none-eabi/4.9.3/../../../../arm-none-eabi/lib/armv7-m\libg.a(lib_a-svfprintf.o) (_dtoa_r)
c:/program files (x86)/gnu tools arm embedded/4.9 2014q4/bin/../lib/gcc/arm-none-eabi/4.9.3/../../../../arm-none-eabi/lib/armv7-m\libg.a(lib_a-locale.o)
                              c:/program files (x86)/gnu tools arm embedded/4.9 2014q4/bin/../lib/gcc/arm-none-eabi/4.9.3/../../../../arm-none-eabi/lib/armv7-m\libg.a(lib_a-svfprintf.o) (_localeconv_r)
c:/program files (x86)/gnu tools arm embedded/4.9 2014q4/bin/../lib/gcc/arm-none-eabi/4.9.3/../../../../arm-none-eabi/lib/armv7-m\libg.a(lib_a-mallocr.o)
                              c:/program files (x86)/gnu tools arm embedded/4.9 2014q4/bin/../lib/gcc/arm-none-eabi/4.9.3/../../../../arm-none-eabi/lib/armv7-m\libg.a(lib_a-svfprintf.o) (_malloc_r)
c:/program files (x86)/gnu tools arm embedded/4.9 2014q4/bin/../lib/gcc/arm-none-eabi/4.9.3/../../../../arm-none-eabi/lib/armv7-m\libg.a(lib_a-memchr.o)
                              c:/program files (x86)/gnu tools arm embedded/4.9 2014q4/bin/../lib/gcc/arm-none-eabi/4.9.3/../../../../arm-none-eabi/lib/armv7-m\libg.a(lib_a-svfprintf.o) (memchr)
c:/program files (x86)/gnu tools arm embedded/4.9 2014q4/bin/../lib/gcc/arm-none-eabi/4.9.3/../../../../arm-none-eabi/lib/armv7-m\libg.a(lib_a-memcpy.o)
                              c:/program files (x86)/gnu tools arm embedded/4.9 2014q4/bin/../lib/gcc/arm-none-eabi/4.9.3/../../../../arm-none-eabi/lib/armv7-m\libg.a(lib_a-dtoa.o) (memcpy)
c:/program files (x86)/gnu tools arm embedded/4.9 2014q4/bin/../lib/gcc/arm-none-eabi/4.9.3/../../../../arm-none-eabi/lib/armv7-m\libg.a(lib_a-mlock.o)
                              c:/program files (x86)/gnu tools arm embedded/4.9 2014q4/bin/../lib/gcc/arm-none-eabi/4.9.3/../../../../arm-none-eabi/lib/armv7-m\libg.a(lib_a-mallocr.o) (__malloc_lock)
c:/program files (x86)/gnu tools arm embedded/4.9 2014q4/bin/../lib/gcc/arm-none-eabi/4.9.3/../../../../arm-none-eabi/lib/armv7-m\libg.a(lib_a-mprec.o)
                              c:/program files (x86)/gnu tools arm embedded/4.9 2014q4/bin/../lib/gcc/arm-none-eabi/4.9.3/../../../../arm-none-eabi/lib/armv7-m\libg.a(lib_a-dtoa.o) (_Balloc)
c:/program files (x86)/gnu tools arm embedded/4.9 2014q4/bin/../lib/gcc/arm-none-eabi/4.9.3/../../../../arm-none-eabi/lib/armv7-m\libg.a(lib_a-s_fpclassify.o)
[...]
Memory Configuration

Name             Origin             Length             Attributes
RAM              0x20000000         0x00005000         xrw
CCMRAM           0x00000000         0x00000000         xrw
FLASH            0x08000000         0x00020000         xr
FLASHB1          0x00000000         0x00000000         xr
EXTMEMB0         0x00000000         0x00000000         xr
EXTMEMB1         0x00000000         0x00000000         xr
EXTMEMB2         0x00000000         0x00000000         xr
EXTMEMB3         0x00000000         0x00000000         xr
MEMORY_ARRAY     0x00000000         0x00000000         xrw
*default*        0x00000000         0xffffffff

Linker script and memory map

LOAD ./system/src/stm32f2-stdperiph/misc.o
LOAD ./system/src/stm32f2-stdperiph/stm32f2xx_gpio.o
LOAD ./system/src/stm32f2-stdperiph/stm32f2xx_rcc.o
LOAD ./system/src/newlib/_cxx.o
LOAD ./system/src/newlib/_exit.o
LOAD ./system/src/newlib/_sbrk.o
LOAD ./system/src/newlib/_startup.o
LOAD ./system/src/newlib/_syscalls.o
LOAD ./system/src/newlib/assert.o
LOAD ./system/src/diag/Trace.o
LOAD ./system/src/diag/trace_impl.o
LOAD ./system/src/cortexm/_initialize_hardware.o
LOAD ./system/src/cortexm/_reset_hardware.o
LOAD ./system/src/cortexm/exception_handlers.o
LOAD ./system/src/cmsis/system_stm32f2xx.o
LOAD ./system/src/cmsis/vectors_stm32f2xx.o
LOAD ./src/Drivers/LCD/fonts.o
LOAD ./src/Drivers/LCD/lcd_log.o
LOAD ./src/Drivers/LCD/stm322xg_eval.o
LOAD ./src/Drivers/LCD/stm322xg_eval_lcd.o
LOAD ./src/Drivers/LCD/stm32f2xx_fsmc.o
LOAD ./src/Drivers/I2C/i2c.o
LOAD ./src/Drivers/Ether/ether.o
LOAD ./src/Drivers/port.o
LOAD ./src/BlinkLed.o
LOAD ./src/Timer.o
LOAD ./src/_write.o
LOAD ./src/main.o
LOAD c:/program files (x86)/gnu tools arm embedded/4.9 2014q4/bin/../lib/gcc/arm-none-eabi/4.9.3/../../../../arm-none-eabi/lib/armv7-m\libstdc++.a
LOAD c:/program files (x86)/gnu tools arm embedded/4.9 2014q4/bin/../lib/gcc/arm-none-eabi/4.9.3/../../../../arm-none-eabi/lib/armv7-m\libm.a
START GROUP
LOAD c:/program files (x86)/gnu tools arm embedded/4.9 2014q4/bin/../lib/gcc/arm-none-eabi/4.9.3/armv7-m\libgcc.a
LOAD c:/program files (x86)/gnu tools arm embedded/4.9 2014q4/bin/../lib/gcc/arm-none-eabi/4.9.3/../../../../arm-none-eabi/lib/armv7-m\libg.a
LOAD c:/program files (x86)/gnu tools arm embedded/4.9 2014q4/bin/../lib/gcc/arm-none-eabi/4.9.3/../../../../arm-none-eabi/lib/armv7-m\libc.a
END GROUP
                0x20005000                __stack = (ORIGIN (RAM) + 0x5000)
                0x20005000                _estack = __stack
                0x00000400                __Main_Stack_Size = 0x400
                0x00000400                PROVIDE (_Main_Stack_Size, __Main_Stack_Size)
                0x20004c00                __Main_Stack_Limit = (__stack - __Main_Stack_Size)
                0x20004c00                PROVIDE (_Main_Stack_Limit, __Main_Stack_Limit)
                0x00000100                _Minimum_Stack_Size = 0x100
                0x20001744                PROVIDE (_Heap_Begin, _end_noinit)
                0x20004c00                PROVIDE (_Heap_Limit, (__stack - __Main_Stack_Size))

.isr_vector     0x08000000      0x2c8
                0x08000000                . = ALIGN (0x4)
 *(.isr_vector)
 .isr_vector    0x08000000      0x184 ./system/src/cmsis/vectors_stm32f2xx.o
                0x08000000                __isr_vectors
 *(.cfmconfig)
 *(.after_vectors .after_vectors.*)
 .after_vectors
                0x08000184      0x114 ./system/src/newlib/_startup.o
                0x08000184                _start
 .after_vectors
                0x08000298       0x2c ./system/src/cortexm/exception_handlers.o
                0x08000298                Reset_Handler
                0x080002a0                NMI_Handler
                0x080002a4                HardFault_Handler
                0x080002a8                MemManage_Handler
                0x080002ac                BusFault_Handler
                0x080002b0                UsageFault_Handler
                0x080002b4                SVC_Handler
                0x080002b8                DebugMon_Handler
                0x080002bc                PendSV_Handler
 .after_vectors
                0x080002c4        0x4 ./system/src/cmsis/vectors_stm32f2xx.o
                0x080002c4                RTC_Alarm_IRQHandler
                0x080002c4                HASH_RNG_IRQHandler
                0x080002c4                EXTI2_IRQHandler
                0x080002c4                TIM8_CC_IRQHandler
                0x080002c4                TIM1_CC_IRQHandler
                0x080002c4                DMA2_Stream5_IRQHandler
                0x080002c4                DMA1_Stream5_IRQHandler
                0x080002c4                PVD_IRQHandler
                0x080002c4                SDIO_IRQHandler
                0x080002c4                TAMP_STAMP_IRQHandler
                0x080002c4                CAN2_RX1_IRQHandler
                0x080002c4                EXTI3_IRQHandler
                0x080002c4                TIM8_TRG_COM_TIM14_IRQHandler
                0x080002c4                TIM1_UP_TIM10_IRQHandler
                0x080002c4                TIM8_UP_TIM13_IRQHandler
                0x080002c4                I2C3_ER_IRQHandler
                0x080002c4                EXTI0_IRQHandler
                0x080002c4                I2C2_EV_IRQHandler
                0x080002c4                DMA1_Stream2_IRQHandler
                0x080002c4                CAN1_RX0_IRQHandler
                0x080002c4                OTG_HS_WKUP_IRQHandler
                0x080002c4                CAN2_SCE_IRQHandler
                0x080002c4                DMA2_Stream2_IRQHandler
                0x080002c4                SPI1_IRQHandler
                0x080002c4                TIM6_DAC_IRQHandler
                0x080002c4                TIM1_BRK_TIM9_IRQHandler
                0x080002c4                DCMI_IRQHandler
                0x080002c4                CAN2_RX0_IRQHandler
                0x080002c4                DMA2_Stream3_IRQHandler
                0x080002c4                USART6_IRQHandler
                0x080002c4                USART3_IRQHandler
                0x080002c4                CRYP_IRQHandler
                0x080002c4                CAN1_RX1_IRQHandler
                0x080002c4                UART5_IRQHandler
                0x080002c4                DMA2_Stream0_IRQHandler
                0x080002c4                TIM4_IRQHandler
                0x080002c4                I2C1_EV_IRQHandler
                0x080002c4                DMA1_Stream6_IRQHandler
                0x080002c4                DMA1_Stream1_IRQHandler
                0x080002c4                UART4_IRQHandler
                0x080002c4                TIM3_IRQHandler
                0x080002c4                RCC_IRQHandler
                0x080002c4                TIM8_BRK_TIM12_IRQHandler
                0x080002c4                TIM1_TRG_COM_IRQHandler
                0x080002c4                Default_Handler
                0x080002c4                EXTI15_10_IRQHandler
                0x080002c4                ADC_IRQHandler
                0x080002c4                DMA1_Stream7_IRQHandler
                0x080002c4                TIM7_IRQHandler
                0x080002c4                CAN2_TX_IRQHandler
                0x080002c4                TIM5_IRQHandler
                0x080002c4                DMA2_Stream7_IRQHandler
                0x080002c4                I2C3_EV_IRQHandler
                0x080002c4                EXTI9_5_IRQHandler
                0x080002c4                RTC_WKUP_IRQHandler
                0x080002c4                ETH_WKUP_IRQHandler
                0x080002c4                SPI2_IRQHandler
                0x080002c4                OTG_HS_EP1_IN_IRQHandler
                0x080002c4                DMA1_Stream0_IRQHandler
                0x080002c4                CAN1_TX_IRQHandler
                0x080002c4                EXTI4_IRQHandler
                0x080002c4                FSMC_IRQHandler
                0x080002c4                ETH_IRQHandler
                0x080002c4                OTG_HS_EP1_OUT_IRQHandler
                0x080002c4                WWDG_IRQHandler
                0x080002c4                TIM2_IRQHandler
                0x080002c4                OTG_FS_WKUP_IRQHandler
                0x080002c4                TIM1_TRG_COM_TIM11_IRQHandler
                0x080002c4                OTG_HS_IRQHandler
                0x080002c4                EXTI1_IRQHandler
                0x080002c4                USART2_IRQHandler
                0x080002c4                I2C2_ER_IRQHandler
                0x080002c4                DMA2_Stream1_IRQHandler
                0x080002c4                CAN1_SCE_IRQHandler
                0x080002c4                FLASH_IRQHandler
                0x080002c4                DMA2_Stream4_IRQHandler
                0x080002c4                USART1_IRQHandler
                0x080002c4                OTG_FS_IRQHandler
                0x080002c4                SPI3_IRQHandler
                0x080002c4                DMA1_Stream4_IRQHandler
                0x080002c4                I2C1_ER_IRQHandler
                0x080002c4                DMA2_Stream6_IRQHandler
                0x080002c4                DMA1_Stream3_IRQHandler
                0x080002c8                . = ALIGN (0x4)

.inits          0x080002c8        0x0
                0x080002c8                . = ALIGN (0x4)
 *(.init)
 *(.fini)
                0x080002c8                . = ALIGN (0x4)
                0x080002c8                PROVIDE (__preinit_array_start, .)
 *(.preinit_array_sysinit .preinit_array_sysinit.*)
 *(.preinit_array_platform .preinit_array_platform.*)
 *(.preinit_array .preinit_array.*)
                0x080002c8                PROVIDE (__preinit_array_end, .)
                0x080002c8                . = ALIGN (0x4)
                0x080002c8                PROVIDE (__init_array_start, .)
 *(SORT(.init_array.*))
 *(.init_array)
                0x080002c8                PROVIDE (__init_array_end, .)
                0x080002c8                . = ALIGN (0x4)
                0x080002c8                PROVIDE (__fini_array_start, .)
 *(SORT(.fini_array.*))
 *(.fini_array)
                0x080002c8                PROVIDE (__fini_array_end, .)
                0x080002c8                . = ALIGN (0x4)

.flashtext      0x080002c8        0x0
                0x080002c8                . = ALIGN (0x4)
 *(.flashtext .flashtext.*)
                0x080002c8                . = ALIGN (0x4)

.text           0x080002c8     0x87dc
                0x080002c8                . = ALIGN (0x4)
 *(.text .text.*)
 .text.GPIO_Init
                0x080002c8      0x12c ./system/src/stm32f2-stdperiph/stm32f2xx_gpio.o
                0x080002c8                GPIO_Init
 .text.GPIO_ReadInputDataBit
                0x080003f4       0xc8 ./system/src/stm32f2-stdperiph/stm32f2xx_gpio.o
                0x080003f4                GPIO_ReadInputDataBit
 .text.GPIO_PinAFConfig
                0x080004bc       0xec ./system/src/stm32f2-stdperiph/stm32f2xx_gpio.o
                0x080004bc                GPIO_PinAFConfig
 .text.RCC_AHB1PeriphClockCmd
                0x080005a8       0x4c ./system/src/stm32f2-stdperiph/stm32f2xx_rcc.o
                0x080005a8                RCC_AHB1PeriphClockCmd
 .text.RCC_AHB3PeriphClockCmd
                0x080005f4       0x48 ./system/src/stm32f2-stdperiph/stm32f2xx_rcc.o
                0x080005f4                RCC_AHB3PeriphClockCmd
 .text._exit    0x0800063c        0x4 ./system/src/newlib/_exit.o
                0x0800063c                _exit
 .text.abort    0x08000640       0x14 ./system/src/newlib/_exit.o
                0x08000640                abort
 .text._sbrk    0x08000654       0x44 ./system/src/newlib/_sbrk.o
                0x08000654                _sbrk
 .text.__initialize_args
                0x08000698       0x10 ./system/src/newlib/_syscalls.o
                0x08000698                __initialize_args
 .text.assert_failed
                0x080006a8       0x18 ./system/src/newlib/assert.o
                0x080006a8                assert_failed
 .text.trace_printf
                0x080006c0       0x34 ./system/src/diag/Trace.o
                0x080006c0                trace_printf
 .text.trace_puts
                0x080006f4       0x20 ./system/src/diag/Trace.o
                0x080006f4                trace_puts
 .text._trace_write_itm
                0x08000714       0x48 ./system/src/diag/trace_impl.o
 .text.trace_write
                0x0800075c        0x8 ./system/src/diag/trace_impl.o
                0x0800075c                trace_write
 .text.__initialize_hardware_early
                0x08000764        0x8 ./system/src/cortexm/_initialize_hardware.o
                0x08000764                __initialize_hardware_early
 .text.__initialize_hardware
                0x0800076c        0x8 ./system/src/cortexm/_initialize_hardware.o
                0x0800076c                __initialize_hardware
 .text.SetSysClock
                0x08000774       0xac ./system/src/cmsis/system_stm32f2xx.o
 .text.SystemInit
                0x08000820       0x44 ./system/src/cmsis/system_stm32f2xx.o
                0x08000820                SystemInit
 .text.SystemCoreClockUpdate
                0x08000864       0xa4 ./system/src/cmsis/system_stm32f2xx.o
                0x08000864                SystemCoreClockUpdate
 .text._ZL21LCD_LOG_UpdateDisplayv
                0x08000908       0xa4 ./src/Drivers/LCD/lcd_log.o
 .text._ZL9_put_charc
                0x080009ac      0x138 ./src/Drivers/LCD/lcd_log.o
 .text._Z14LCD_LOG_DeInitv
                0x08000ae4       0x64 ./src/Drivers/LCD/lcd_log.o
                0x08000ae4                LCD_LOG_DeInit()
 .text._Z12LCD_LOG_Initv
                0x08000b48       0x10 ./src/Drivers/LCD/lcd_log.o
                0x08000b48                LCD_LOG_Init()
 .text._Z17LCD_LOG_SetHeaderPh
                0x08000b58       0xa0 ./src/Drivers/LCD/lcd_log.o
                0x08000b58                LCD_LOG_SetHeader(unsigned char*)
 .text.puts     0x08000bf8       0x18 ./src/Drivers/LCD/lcd_log.o
                0x08000bf8                puts
 .text._ZL5delaym
                0x08000c10       0x28 ./src/Drivers/LCD/stm322xg_eval_lcd.o
 .text.LCD_SetTextColor
                0x08000c38       0x18 ./src/Drivers/LCD/stm322xg_eval_lcd.o
                0x08000c38                LCD_SetTextColor
 .text.LCD_SetBackColor
                0x08000c50       0x18 ./src/Drivers/LCD/stm322xg_eval_lcd.o
                0x08000c50                LCD_SetBackColor
 .text.LCD_SetFont
                0x08000c68        0xc ./src/Drivers/LCD/stm322xg_eval_lcd.o
                0x08000c68                LCD_SetFont
 .text.LCD_GetFont
                0x08000c74        0xc ./src/Drivers/LCD/stm322xg_eval_lcd.o
                0x08000c74                LCD_GetFont
 .text.LCD_WriteReg
                0x08000c80        0xc ./src/Drivers/LCD/stm322xg_eval_lcd.o
                0x08000c80                LCD_WriteReg
 .text.LCD_SetCursor
                0x08000c8c       0x18 ./src/Drivers/LCD/stm322xg_eval_lcd.o
                0x08000c8c                LCD_SetCursor
 .text.LCD_ReadReg
                0x08000ca4        0xc ./src/Drivers/LCD/stm322xg_eval_lcd.o
                0x08000ca4                LCD_ReadReg
 .text.LCD_WriteRAM_Prepare
                0x08000cb0        0xc ./src/Drivers/LCD/stm322xg_eval_lcd.o
                0x08000cb0                LCD_WriteRAM_Prepare
 .text.LCD_Clear
                0x08000cbc       0x28 ./src/Drivers/LCD/stm322xg_eval_lcd.o
                0x08000cbc                LCD_Clear
 .text.LCD_WriteRAM
                0x08000ce4        0x8 ./src/Drivers/LCD/stm322xg_eval_lcd.o
                0x08000ce4                LCD_WriteRAM
 .text.LCD_DrawChar
                0x08000cec       0x94 ./src/Drivers/LCD/stm322xg_eval_lcd.o
                0x08000cec                LCD_DrawChar
 .text.LCD_DisplayChar
                0x08000d80       0x20 ./src/Drivers/LCD/stm322xg_eval_lcd.o
                0x08000d80                LCD_DisplayChar
 .text.LCD_ClearLine
                0x08000da0       0x34 ./src/Drivers/LCD/stm322xg_eval_lcd.o
                0x08000da0                LCD_ClearLine
 .text.LCD_DisplayStringLine
                0x08000dd4       0x38 ./src/Drivers/LCD/stm322xg_eval_lcd.o
                0x08000dd4                LCD_DisplayStringLine
 .text.LCD_CtrlLinesConfig
                0x08000e0c      0x134 ./src/Drivers/LCD/stm322xg_eval_lcd.o
                0x08000e0c                LCD_CtrlLinesConfig
 .text.LCD_FSMCConfig
                0x08000f40       0x5c ./src/Drivers/LCD/stm322xg_eval_lcd.o
                0x08000f40                LCD_FSMCConfig
 .text.STM322xG_LCD_Init
                0x08000f9c      0x420 ./src/Drivers/LCD/stm322xg_eval_lcd.o
                0x08000f9c                STM322xG_LCD_Init
 .text.FSMC_NORSRAMInit
                0x080013bc      0x2ac ./src/Drivers/LCD/stm32f2xx_fsmc.o
                0x080013bc                FSMC_NORSRAMInit
 .text.FSMC_NORSRAMCmd
                0x08001668       0x5c ./src/Drivers/LCD/stm32f2xx_fsmc.o
                0x08001668                FSMC_NORSRAMCmd
 .text._ZN4Port4initEv
                0x080016c4       0x48 ./src/Drivers/port.o
                0x080016c4                Port::init()
 .text._ZN6InPortC2Emm17GPIOSpeed_TypeDef17GPIOOType_TypeDef16GPIOPuPd_TypeDef
                0x0800170c       0x24 ./src/Drivers/port.o
                0x0800170c                InPort::InPort(unsigned long, unsigned long, GPIOSpeed_TypeDef, GPIOOType_TypeDef, GPIOPuPd_TypeDef)
                0x0800170c                InPort::InPort(unsigned long, unsigned long, GPIOSpeed_TypeDef, GPIOOType_TypeDef, GPIOPuPd_TypeDef)
 .text._ZN6InPort4readEv
                0x08001730       0x1c ./src/Drivers/port.o
                0x08001730                InPort::read()
 .text.SysTick_Handler
                0x0800174c       0x14 ./src/Timer.o
                0x0800174c                SysTick_Handler
 .text._Z8init_lcdv
                0x08001760       0x2c ./src/main.o
                0x08001760                init_lcd()
 .text._Z8do_inputv
                0x0800178c      0x14c ./src/main.o
                0x0800178c                do_input()
 .text.main     0x080018d8        0xc ./src/main.o
                0x080018d8                main
 .text          0x080018e4      0x370 c:/program files (x86)/gnu tools arm embedded/4.9 2014q4/bin/../lib/gcc/arm-none-eabi/4.9.3/armv7-m\libgcc.a(_arm_addsubdf3.o)
                0x080018e4                __aeabi_drsub
                0x080018ec                __aeabi_dsub
                0x080018ec                __subdf3
                0x080018f0                __aeabi_dadd
                0x080018f0                __adddf3
                0x08001b68                __floatunsidf
                0x08001b68                __aeabi_ui2d
                0x08001b88                __floatsidf
                0x08001b88                __aeabi_i2d
                0x08001bac                __aeabi_f2d
                0x08001bac                __extendsfdf2
                0x08001be8                __floatundidf
                0x08001be8                __aeabi_ul2d
                0x08001bf8                __floatdidf
                0x08001bf8                __aeabi_l2d
 .text          0x08001c54      0x110 c:/program files (x86)/gnu tools arm embedded/4.9 2014q4/bin/../lib/gcc/arm-none-eabi/4.9.3/armv7-m\libgcc.a(_arm_cmpdf2.o)
                0x08001c54                __gtdf2
                0x08001c54                __gedf2
                0x08001c5c                __ltdf2
                0x08001c5c                __ledf2
                0x08001c64                __nedf2
                0x08001c64                __eqdf2
                0x08001c64                __cmpdf2
                0x08001ce0                __aeabi_cdrcmple
                0x08001cf0                __aeabi_cdcmpeq
                0x08001cf0                __aeabi_cdcmple
                0x08001d00                __aeabi_dcmpeq
                0x08001d14                __aeabi_dcmplt
                0x08001d28                __aeabi_dcmple
                0x08001d3c                __aeabi_dcmpge
                0x08001d50                __aeabi_dcmpgt
 .text.__errno  0x08001d64        0xc c:/program files (x86)/gnu tools arm embedded/4.9 2014q4/bin/../lib/gcc/arm-none-eabi/4.9.3/../../../../arm-none-eabi/lib/armv7-m\libg.a(lib_a-errno.o)
                0x08001d64                __errno
 .text.memset   0x08001d70       0x9c c:/program files (x86)/gnu tools arm embedded/4.9 2014q4/bin/../lib/gcc/arm-none-eabi/4.9.3/../../../../arm-none-eabi/lib/armv7-m\libg.a(lib_a-memset.o)
                0x08001d70                memset
 .text.snprintf
                0x08001e0c       0x98 c:/program files (x86)/gnu tools arm embedded/4.9 2014q4/bin/../lib/gcc/arm-none-eabi/4.9.3/../../../../arm-none-eabi/lib/armv7-m\libg.a(lib_a-snprintf.o)
                0x08001e0c                snprintf
 .text.strlen   0x08001ea4       0x5c c:/program files (x86)/gnu tools arm embedded/4.9 2014q4/bin/../lib/gcc/arm-none-eabi/4.9.3/../../../../arm-none-eabi/lib/armv7-m\libg.a(lib_a-strlen.o)
                0x08001ea4                strlen
 .text._svfprintf_r
                0x08001f00     0x14f4 c:/program files (x86)/gnu tools arm embedded/4.9 2014q4/bin/../lib/gcc/arm-none-eabi/4.9.3/../../../../arm-none-eabi/lib/armv7-m\libg.a(lib_a-svfprintf.o)
                0x08001f00                _svfprintf_r
 .text._vsnprintf_r
                0x080033f4       0x70 c:/program files (x86)/gnu tools arm embedded/4.9 2014q4/bin/../lib/gcc/arm-none-eabi/4.9.3/../../../../arm-none-eabi/lib/armv7-m\libg.a(lib_a-vsnprintf.o)
                0x080033f4                _vsnprintf_r
 .text.vsnprintf
                0x08003464       0x20 c:/program files (x86)/gnu tools arm embedded/4.9 2014q4/bin/../lib/gcc/arm-none-eabi/4.9.3/../../../../arm-none-eabi/lib/armv7-m\libg.a(lib_a-vsnprintf.o)
                0x08003464                vsnprintf
 .text.quorem   0x08003484      0x130 c:/program files (x86)/gnu tools arm embedded/4.9 2014q4/bin/../lib/gcc/arm-none-eabi/4.9.3/../../../../arm-none-eabi/lib/armv7-m\libg.a(lib_a-dtoa.o)
 *fill*         0x080035b4        0x4 
 .text._dtoa_r  0x080035b8      0xea8 c:/program files (x86)/gnu tools arm embedded/4.9 2014q4/bin/../lib/gcc/arm-none-eabi/4.9.3/../../../../arm-none-eabi/lib/armv7-m\libg.a(lib_a-dtoa.o)
                0x080035b8                _dtoa_r
 .text._localeconv_r
                0x08004460        0x8 c:/program files (x86)/gnu tools arm embedded/4.9 2014q4/bin/../lib/gcc/arm-none-eabi/4.9.3/../../../../arm-none-eabi/lib/armv7-m\libg.a(lib_a-locale.o)
                0x08004460                _localeconv_r
 .text._malloc_r
                0x08004468      0x504 c:/program files (x86)/gnu tools arm embedded/4.9 2014q4/bin/../lib/gcc/arm-none-eabi/4.9.3/../../../../arm-none-eabi/lib/armv7-m\libg.a(lib_a-mallocr.o)
                0x08004468                _malloc_r
 .text.memchr   0x0800496c       0x94 c:/program files (x86)/gnu tools arm embedded/4.9 2014q4/bin/../lib/gcc/arm-none-eabi/4.9.3/../../../../arm-none-eabi/lib/armv7-m\libg.a(lib_a-memchr.o)
                0x0800496c                memchr
 .text          0x08004a00       0xec c:/program files (x86)/gnu tools arm embedded/4.9 2014q4/bin/../lib/gcc/arm-none-eabi/4.9.3/../../../../arm-none-eabi/lib/armv7-m\libg.a(lib_a-memcpy.o)
                0x08004a00                memcpy
 .text.__malloc_lock
                0x08004aec        0x4 c:/program files (x86)/gnu tools arm embedded/4.9 2014q4/bin/../lib/gcc/arm-none-eabi/4.9.3/../../../../arm-none-eabi/lib/armv7-m\libg.a(lib_a-mlock.o)
                0x08004aec                __malloc_lock
 .text.__malloc_unlock
                0x08004af0        0x4 c:/program files (x86)/gnu tools arm embedded/4.9 2014q4/bin/../lib/gcc/arm-none-eabi/4.9.3/../../../../arm-none-eabi/lib/armv7-m\libg.a(lib_a-mlock.o)
                0x08004af0                __malloc_unlock
 .text._Balloc  0x08004af4       0x50 c:/program files (x86)/gnu tools arm embedded/4.9 2014q4/bin/../lib/gcc/arm-none-eabi/4.9.3/../../../../arm-none-eabi/lib/armv7-m\libg.a(lib_a-mprec.o)
                0x08004af4                _Balloc
 .text._Bfree   0x08004b44       0x14 c:/program files (x86)/gnu tools arm embedded/4.9 2014q4/bin/../lib/gcc/arm-none-eabi/4.9.3/../../../../arm-none-eabi/lib/armv7-m\libg.a(lib_a-mprec.o)
                0x08004b44                _Bfree
 .text.__multadd
                0x08004b58       0x84 c:/program files (x86)/gnu tools arm embedded/4.9 2014q4/bin/../lib/gcc/arm-none-eabi/4.9.3/../../../../arm-none-eabi/lib/armv7-m\libg.a(lib_a-mprec.o)
                0x08004b58                __multadd
 .text.__hi0bits
                0x08004bdc       0x40 c:/program files (x86)/gnu tools arm embedded/4.9 2014q4/bin/../lib/gcc/arm-none-eabi/4.9.3/../../../../arm-none-eabi/lib/armv7-m\libg.a(lib_a-mprec.o)
                0x08004bdc                __hi0bits
 .text.__lo0bits
                0x08004c1c       0x5c c:/program files (x86)/gnu tools arm embedded/4.9 2014q4/bin/../lib/gcc/arm-none-eabi/4.9.3/../../../../arm-none-eabi/lib/armv7-m\libg.a(lib_a-mprec.o)
                0x08004c1c                __lo0bits
 .text.__i2b    0x08004c78       0x14 c:/program files (x86)/gnu tools arm embedded/4.9 2014q4/bin/../lib/gcc/arm-none-eabi/4.9.3/../../../../arm-none-eabi/lib/armv7-m\libg.a(lib_a-mprec.o)
                0x08004c78                __i2b
 .text.__multiply
                0x08004c8c      0x140 c:/program files (x86)/gnu tools arm embedded/4.9 2014q4/bin/../lib/gcc/arm-none-eabi/4.9.3/../../../../arm-none-eabi/lib/armv7-m\libg.a(lib_a-mprec.o)
                0x08004c8c                __multiply
 .text.__pow5mult
                0x08004dcc       0xa0 c:/program files (x86)/gnu tools arm embedded/4.9 2014q4/bin/../lib/gcc/arm-none-eabi/4.9.3/../../../../arm-none-eabi/lib/armv7-m\libg.a(lib_a-mprec.o)
                0x08004dcc                __pow5mult
 .text.__lshift
                0x08004e6c       0xb0 c:/program files (x86)/gnu tools arm embedded/4.9 2014q4/bin/../lib/gcc/arm-none-eabi/4.9.3/../../../../arm-none-eabi/lib/armv7-m\libg.a(lib_a-mprec.o)
                0x08004e6c                __lshift
 .text.__mcmp   0x08004f1c       0x48 c:/program files (x86)/gnu tools arm embedded/4.9 2014q4/bin/../lib/gcc/arm-none-eabi/4.9.3/../../../../arm-none-eabi/lib/armv7-m\libg.a(lib_a-mprec.o)
                0x08004f1c                __mcmp
 .text.__mdiff  0x08004f64       0xe4 c:/program files (x86)/gnu tools arm embedded/4.9 2014q4/bin/../lib/gcc/arm-none-eabi/4.9.3/../../../../arm-none-eabi/lib/armv7-m\libg.a(lib_a-mprec.o)
                0x08004f64                __mdiff
 .text.__d2b    0x08005048       0xa8 c:/program files (x86)/gnu tools arm embedded/4.9 2014q4/bin/../lib/gcc/arm-none-eabi/4.9.3/../../../../arm-none-eabi/lib/armv7-m\libg.a(lib_a-mprec.o)
                0x08005048                __d2b
 .text.__fpclassifyd
                0x080050f0       0x58 c:/program files (x86)/gnu tools arm embedded/4.9 2014q4/bin/../lib/gcc/arm-none-eabi/4.9.3/../../../../arm-none-eabi/lib/armv7-m\libg.a(lib_a-s_fpclassify.o)
                0x080050f0                __fpclassifyd
 .text._sbrk_r  0x08005148       0x24 c:/program files (x86)/gnu tools arm embedded/4.9 2014q4/bin/../lib/gcc/arm-none-eabi/4.9.3/../../../../arm-none-eabi/lib/armv7-m\libg.a(lib_a-sbrkr.o)
                0x08005148                _sbrk_r
 .text.__ssprint_r
                0x0800516c      0x104 c:/program files (x86)/gnu tools arm embedded/4.9 2014q4/bin/../lib/gcc/arm-none-eabi/4.9.3/../../../../arm-none-eabi/lib/armv7-m\libg.a(lib_a-svfiprintf.o)
                0x0800516c                __ssprint_r
 .text._calloc_r
                0x08005270       0x60 c:/program files (x86)/gnu tools arm embedded/4.9 2014q4/bin/../lib/gcc/arm-none-eabi/4.9.3/../../../../arm-none-eabi/lib/armv7-m\libg.a(lib_a-callocr.o)
                0x08005270                _calloc_r
 .text._malloc_trim_r
                0x080052d0       0x9c c:/program files (x86)/gnu tools arm embedded/4.9 2014q4/bin/../lib/gcc/arm-none-eabi/4.9.3/../../../../arm-none-eabi/lib/armv7-m\libg.a(lib_a-freer.o)
                0x080052d0                _malloc_trim_r
 .text._free_r  0x0800536c      0x1b0 c:/program files (x86)/gnu tools arm embedded/4.9 2014q4/bin/../lib/gcc/arm-none-eabi/4.9.3/../../../../arm-none-eabi/lib/armv7-m\libg.a(lib_a-freer.o)
                0x0800536c                _free_r
 .text.memmove  0x0800551c       0xc8 c:/program files (x86)/gnu tools arm embedded/4.9 2014q4/bin/../lib/gcc/arm-none-eabi/4.9.3/../../../../arm-none-eabi/lib/armv7-m\libg.a(lib_a-memmove.o)
                0x0800551c                memmove
 .text._realloc_r
                0x080055e4      0x3e0 c:/program files (x86)/gnu tools arm embedded/4.9 2014q4/bin/../lib/gcc/arm-none-eabi/4.9.3/../../../../arm-none-eabi/lib/armv7-m\libg.a(lib_a-reallocr.o)
                0x080055e4                _realloc_r
 .text          0x080059c4      0x424 c:/program files (x86)/gnu tools arm embedded/4.9 2014q4/bin/../lib/gcc/arm-none-eabi/4.9.3/armv7-m\libgcc.a(_arm_muldivdf3.o)
                0x080059c4                __aeabi_dmul
                0x080059c4                __muldf3
                0x08005c18                __divdf3
                0x08005c18                __aeabi_ddiv
 .text          0x08005de8       0x50 c:/program files (x86)/gnu tools arm embedded/4.9 2014q4/bin/../lib/gcc/arm-none-eabi/4.9.3/armv7-m\libgcc.a(_arm_fixdfsi.o)
                0x08005de8                __aeabi_d2iz
                0x08005de8                __fixdfsi
 .text          0x08005e38       0x2c c:/program files (x86)/gnu tools arm embedded/4.9 2014q4/bin/../lib/gcc/arm-none-eabi/4.9.3/armv7-m\libgcc.a(_aeabi_uldivmod.o)
                0x08005e38                __aeabi_uldivmod
 .text          0x08005e64       0x60 c:/program files (x86)/gnu tools arm embedded/4.9 2014q4/bin/../lib/gcc/arm-none-eabi/4.9.3/armv7-m\libgcc.a(bpabi.o)
                0x08005e64                __gnu_ldivmod_helper
                0x08005e94                __gnu_uldivmod_helper
 .text          0x08005ec4        0x4 c:/program files (x86)/gnu tools arm embedded/4.9 2014q4/bin/../lib/gcc/arm-none-eabi/4.9.3/armv7-m\libgcc.a(_dvmd_tls.o)
                0x08005ec4                __aeabi_idiv0
                0x08005ec4                __aeabi_ldiv0
 .text          0x08005ec8      0x2ac c:/program files (x86)/gnu tools arm embedded/4.9 2014q4/bin/../lib/gcc/arm-none-eabi/4.9.3/armv7-m\libgcc.a(_divdi3.o)
                0x08005ec8                __divdi3
 .text          0x08006174      0x270 c:/program files (x86)/gnu tools arm embedded/4.9 2014q4/bin/../lib/gcc/arm-none-eabi/4.9.3/armv7-m\libgcc.a(_udivdi3.o)
                0x08006174                __udivdi3
 *(.rodata .rodata.*)
 .rodata.str1.4
                0x080063e4       0x31 ./system/src/stm32f2-stdperiph/stm32f2xx_gpio.o
                                 0x34 (size before relaxing)
 *fill*         0x08006415        0x3 
 .rodata.str1.4
                0x08006418       0x30 ./system/src/stm32f2-stdperiph/stm32f2xx_rcc.o
 .rodata.str1.4
                0x08006448       0x14 ./system/src/newlib/_exit.o
 .rodata.str1.4
                0x0800645c       0x6b ./system/src/newlib/assert.o
                                 0x70 (size before relaxing)
 *fill*         0x080064c7        0x1 
 .rodata.str1.4
                0x080064c8       0x29 ./system/src/diag/Trace.o
                                 0x30 (size before relaxing)
 *fill*         0x080064f1        0x3 
 .rodata._ZL16ASCII16x24_Table
                0x080064f4     0x11d0 ./src/Drivers/LCD/fonts.o
 .rodata._ZL15ASCII8x12_Table
                0x080076c4      0x900 ./src/Drivers/LCD/fonts.o
 .rodata._ZL16ASCII12x12_Table
                0x08007fc4      0x900 ./src/Drivers/LCD/fonts.o
 .rodata.str1.4
                0x080088c4       0x24 ./src/Drivers/LCD/stm32f2xx_fsmc.o
 .rodata.str1.4
                0x080088e8       0x3a ./src/main.o
                                 0x3c (size before relaxing)
 *fill*         0x08008922        0x2 
 .rodata.str1.4
                0x08008924        0x2 c:/program files (x86)/gnu tools arm embedded/4.9 2014q4/bin/../lib/gcc/arm-none-eabi/4.9.3/../../../../arm-none-eabi/lib/armv7-m\libg.a(lib_a-impure.o)
                                  0x4 (size before relaxing)
 *fill*         0x08008926        0x2 
 .rodata.blanks.6794
                0x08008928       0x10 c:/program files (x86)/gnu tools arm embedded/4.9 2014q4/bin/../lib/gcc/arm-none-eabi/4.9.3/../../../../arm-none-eabi/lib/armv7-m\libg.a(lib_a-svfprintf.o)
 .rodata.str1.4
                0x08008938       0x42 c:/program files (x86)/gnu tools arm embedded/4.9 2014q4/bin/../lib/gcc/arm-none-eabi/4.9.3/../../../../arm-none-eabi/lib/armv7-m\libg.a(lib_a-svfprintf.o)
                                 0x44 (size before relaxing)
 *fill*         0x0800897a        0x2 
 .rodata.zeroes.6795
                0x0800897c       0x10 c:/program files (x86)/gnu tools arm embedded/4.9 2014q4/bin/../lib/gcc/arm-none-eabi/4.9.3/../../../../arm-none-eabi/lib/armv7-m\libg.a(lib_a-svfprintf.o)
 .rodata.str1.4
                0x0800898c       0x10 c:/program files (x86)/gnu tools arm embedded/4.9 2014q4/bin/../lib/gcc/arm-none-eabi/4.9.3/../../../../arm-none-eabi/lib/armv7-m\libg.a(lib_a-dtoa.o)
                                 0x14 (size before relaxing)
 .rodata.str1.4
                0x0800899c        0xc c:/program files (x86)/gnu tools arm embedded/4.9 2014q4/bin/../lib/gcc/arm-none-eabi/4.9.3/../../../../arm-none-eabi/lib/armv7-m\libg.a(lib_a-locale.o)
                                 0x14 (size before relaxing)
 .rodata.__mprec_tens
                0x080089a8       0xc8 c:/program files (x86)/gnu tools arm embedded/4.9 2014q4/bin/../lib/gcc/arm-none-eabi/4.9.3/../../../../arm-none-eabi/lib/armv7-m\libg.a(lib_a-mprec.o)
                0x080089a8                __mprec_tens
 .rodata.__mprec_bigtens
                0x08008a70       0x28 c:/program files (x86)/gnu tools arm embedded/4.9 2014q4/bin/../lib/gcc/arm-none-eabi/4.9.3/../../../../arm-none-eabi/lib/armv7-m\libg.a(lib_a-mprec.o)
                0x08008a70                __mprec_bigtens
 .rodata.p05.5265
                0x08008a98        0xc c:/program files (x86)/gnu tools arm embedded/4.9 2014q4/bin/../lib/gcc/arm-none-eabi/4.9.3/../../../../arm-none-eabi/lib/armv7-m\libg.a(lib_a-mprec.o)
 *(vtable)
 *(.eh_frame*)
 .eh_frame      0x08008aa4        0x0 c:/program files (x86)/gnu tools arm embedded/4.9 2014q4/bin/../lib/gcc/arm-none-eabi/4.9.3/../../../../arm-none-eabi/lib/armv7-m\libg.a(lib_a-strcmp.o)
                                 0x38 (size before relaxing)
 *(.glue_7)
 .glue_7        0x00000000        0x0 linker stubs
 *(.glue_7t)
 .glue_7t       0x00000000        0x0 linker stubs

.vfp11_veneer   0x08008aa4        0x0
 .vfp11_veneer  0x00000000        0x0 linker stubs

.v4_bx          0x08008aa4        0x0
 .v4_bx         0x00000000        0x0 linker stubs

.iplt           0x08008aa4        0x0
 .iplt          0x00000000        0x0 ./system/src/stm32f2-stdperiph/misc.o

.ARM.extab
 *(.ARM.extab* .gnu.linkonce.armextab.*)
                0x08008aa4                __exidx_start = .

.ARM.exidx      0x08008aa4        0x8
 *(.ARM.exidx* .gnu.linkonce.armexidx.*)
 .ARM.exidx     0x08008aa4        0x8 c:/program files (x86)/gnu tools arm embedded/4.9 2014q4/bin/../lib/gcc/arm-none-eabi/4.9.3/armv7-m\libgcc.a(_divdi3.o)
 .ARM.exidx     0x08008aac        0x0 c:/program files (x86)/gnu tools arm embedded/4.9 2014q4/bin/../lib/gcc/arm-none-eabi/4.9.3/armv7-m\libgcc.a(_udivdi3.o)
                                  0x8 (size before relaxing)
                0x08008aac                __exidx_end = .

.rel.dyn        0x08008aac        0x0
 .rel.iplt      0x00000000        0x0 ./system/src/stm32f2-stdperiph/misc.o
                0x08008aac                . = ALIGN (0x4)
                0x08008aac                _etext = .
                0x08008aac                __etext = .
                0x08008aac                _sidata = _etext

.data           0x20000000      0x8b8 load address 0x08008aac
                0x20000000                . = ALIGN (0x4)
                0x20000000                _sdata = .
                0x20000000                __data_start__ = .
 *(.data_begin .data_begin.*)
 .data_begin    0x20000000        0x4 ./system/src/newlib/_startup.o
 *(.data .data.*)
 .data.argv.4510
                0x20000004        0x8 ./system/src/newlib/_syscalls.o
 .data.AHBPrescTable
                0x2000000c       0x10 ./system/src/cmsis/system_stm32f2xx.o
                0x2000000c                AHBPrescTable
 .data.SystemCoreClock
                0x2000001c        0x4 ./system/src/cmsis/system_stm32f2xx.o
                0x2000001c                SystemCoreClock
 .data.Font8x12
                0x20000020        0x8 ./src/Drivers/LCD/fonts.o
                0x20000020                Font8x12
 .data.Font12x12
                0x20000028        0x8 ./src/Drivers/LCD/fonts.o
                0x20000028                Font12x12
 .data.Font16x24
                0x20000030        0x8 ./src/Drivers/LCD/fonts.o
                0x20000030                Font16x24
 .data.BackColor
                0x20000038        0x2 ./src/Drivers/LCD/stm322xg_eval_lcd.o
                0x20000038                BackColor
 *fill*         0x2000003a        0x6 
 .data.impure_data
                0x20000040      0x428 c:/program files (x86)/gnu tools arm embedded/4.9 2014q4/bin/../lib/gcc/arm-none-eabi/4.9.3/../../../../arm-none-eabi/lib/armv7-m\libg.a(lib_a-impure.o)
 .data._impure_ptr
                0x20000468        0x4 c:/program files (x86)/gnu tools arm embedded/4.9 2014q4/bin/../lib/gcc/arm-none-eabi/4.9.3/../../../../arm-none-eabi/lib/armv7-m\libg.a(lib_a-impure.o)
                0x20000468                _impure_ptr
 .data.lconv    0x2000046c       0x38 c:/program files (x86)/gnu tools arm embedded/4.9 2014q4/bin/../lib/gcc/arm-none-eabi/4.9.3/../../../../arm-none-eabi/lib/armv7-m\libg.a(lib_a-locale.o)
 .data.__malloc_av_
                0x200004a4      0x408 c:/program files (x86)/gnu tools arm embedded/4.9 2014q4/bin/../lib/gcc/arm-none-eabi/4.9.3/../../../../arm-none-eabi/lib/armv7-m\libg.a(lib_a-mallocr.o)
                0x200004a4                __malloc_av_
 .data.__malloc_trim_threshold
                0x200008ac        0x4 c:/program files (x86)/gnu tools arm embedded/4.9 2014q4/bin/../lib/gcc/arm-none-eabi/4.9.3/../../../../arm-none-eabi/lib/armv7-m\libg.a(lib_a-mallocr.o)
                0x200008ac                __malloc_trim_threshold
 .data.__malloc_sbrk_base
                0x200008b0        0x4 c:/program files (x86)/gnu tools arm embedded/4.9 2014q4/bin/../lib/gcc/arm-none-eabi/4.9.3/../../../../arm-none-eabi/lib/armv7-m\libg.a(lib_a-mallocr.o)
                0x200008b0                __malloc_sbrk_base
 *(.data_end .data_end.*)
 .data_end      0x200008b4        0x4 ./system/src/newlib/_startup.o
                0x200008b8                . = ALIGN (0x4)
                0x200008b8                _edata = .
                0x200008b8                __data_end__ = .

.igot.plt       0x200008b8        0x0 load address 0x08009364
 .igot.plt      0x00000000        0x0 ./system/src/stm32f2-stdperiph/misc.o

.bss            0x200008b8      0xe8c load address 0x08009364
                0x200008b8                . = ALIGN (0x4)
                0x200008b8                __bss_start__ = .
                0x200008b8                _sbss = .
 *(.bss_begin .bss_begin.*)
 .bss_begin     0x200008b8        0x4 ./system/src/newlib/_startup.o
 *(.bss .bss.*)
 .bss.current_heap_end.4304
                0x200008bc        0x4 ./system/src/newlib/_sbrk.o
 .bss.name.4509
                0x200008c0        0x4 ./system/src/newlib/_syscalls.o
 .bss.buf.5385  0x200008c4       0x80 ./system/src/diag/Trace.o
 .bss.LCD_Scrolled
                0x20000944        0x1 ./src/Drivers/LCD/lcd_log.o
                0x20000944                LCD_Scrolled
 *fill*         0x20000945        0x1 
 .bss.LCD_CacheBuffer_yptr_top
                0x20000946        0x2 ./src/Drivers/LCD/lcd_log.o
                0x20000946                LCD_CacheBuffer_yptr_top
 .bss.LCD_CacheBuffer_yptr_bottom_bak
                0x20000948        0x2 ./src/Drivers/LCD/lcd_log.o
                0x20000948                LCD_CacheBuffer_yptr_bottom_bak
 *fill*         0x2000094a        0x2 
 .bss.temp_offset
                0x2000094c        0x4 ./src/Drivers/LCD/lcd_log.o
                0x2000094c                temp_offset
 .bss.LCD_CacheBuffer
                0x20000950      0xc98 ./src/Drivers/LCD/lcd_log.o
                0x20000950                LCD_CacheBuffer
 .bss.LCD_CacheBuffer_yptr_top_bak
                0x200015e8        0x2 ./src/Drivers/LCD/lcd_log.o
                0x200015e8                LCD_CacheBuffer_yptr_top_bak
 .bss.LCD_CacheBuffer_yptr_invert
                0x200015ea        0x1 ./src/Drivers/LCD/lcd_log.o
                0x200015ea                LCD_CacheBuffer_yptr_invert
 .bss.LCD_Lock  0x200015eb        0x1 ./src/Drivers/LCD/lcd_log.o
                0x200015eb                LCD_Lock
 .bss.lcd_line_counter
                0x200015ec        0x4 ./src/Drivers/LCD/lcd_log.o
                0x200015ec                lcd_line_counter
 .bss.LCD_CacheBuffer_yptr_bottom
                0x200015f0        0x2 ./src/Drivers/LCD/lcd_log.o
                0x200015f0                LCD_CacheBuffer_yptr_bottom
 *fill*         0x200015f2        0x2 
 .bss.lcd_temp_buf
                0x200015f4      0x100 ./src/Drivers/LCD/lcd_log.o
                0x200015f4                lcd_temp_buf
 .bss.LCD_ScrollActive
                0x200016f4        0x1 ./src/Drivers/LCD/lcd_log.o
                0x200016f4                LCD_ScrollActive
 *fill*         0x200016f5        0x1 
 .bss.LCD_CacheBuffer_xptr
                0x200016f6        0x2 ./src/Drivers/LCD/lcd_log.o
                0x200016f6                LCD_CacheBuffer_xptr
 .bss.LCD_LineColor
                0x200016f8        0x2 ./src/Drivers/LCD/lcd_log.o
                0x200016f8                LCD_LineColor
 .bss.LCD_ScrollBackStep
                0x200016fa        0x2 ./src/Drivers/LCD/lcd_log.o
                0x200016fa                LCD_ScrollBackStep
 .bss._ZL16LCD_Currentfonts
                0x200016fc        0x4 ./src/Drivers/LCD/stm322xg_eval_lcd.o
 .bss.TextColor
                0x20001700        0x2 ./src/Drivers/LCD/stm322xg_eval_lcd.o
                0x20001700                TextColor
 *fill*         0x20001702        0x2 
 .bss._ZN5Timer13ms_delayCountE
                0x20001704        0x4 ./src/Timer.o
                0x20001704                Timer::ms_delayCount
 .bss.__malloc_max_total_mem
                0x20001708        0x4 c:/program files (x86)/gnu tools arm embedded/4.9 2014q4/bin/../lib/gcc/arm-none-eabi/4.9.3/../../../../arm-none-eabi/lib/armv7-m\libg.a(lib_a-mallocr.o)
                0x20001708                __malloc_max_total_mem
 .bss.__malloc_max_sbrked_mem
                0x2000170c        0x4 c:/program files (x86)/gnu tools arm embedded/4.9 2014q4/bin/../lib/gcc/arm-none-eabi/4.9.3/../../../../arm-none-eabi/lib/armv7-m\libg.a(lib_a-mallocr.o)
                0x2000170c                __malloc_max_sbrked_mem
 .bss.__malloc_top_pad
                0x20001710        0x4 c:/program files (x86)/gnu tools arm embedded/4.9 2014q4/bin/../lib/gcc/arm-none-eabi/4.9.3/../../../../arm-none-eabi/lib/armv7-m\libg.a(lib_a-mallocr.o)
                0x20001710                __malloc_top_pad
 .bss.__malloc_current_mallinfo
                0x20001714       0x28 c:/program files (x86)/gnu tools arm embedded/4.9 2014q4/bin/../lib/gcc/arm-none-eabi/4.9.3/../../../../arm-none-eabi/lib/armv7-m\libg.a(lib_a-mallocr.o)
                0x20001714                __malloc_current_mallinfo
 *(COMMON)
 COMMON         0x2000173c        0x4 ./system/src/newlib/_syscalls.o
                0x2000173c                errno
 *(.bss_end .bss_end.*)
 .bss_end       0x20001740        0x4 ./system/src/newlib/_startup.o
                0x20001744                . = ALIGN (0x4)
                0x20001744                __bss_end__ = .
                0x20001744                _ebss = .

.noinit         0x20001744        0x0
                0x20001744                . = ALIGN (0x4)
                0x20001744                _noinit = .
 *(.noinit .noinit.*)
                0x20001744                . = ALIGN (0x4)
                0x20001744                _end_noinit = .
                0x20001744                PROVIDE (end, _end_noinit)
                0x20001744                PROVIDE (_end, _end_noinit)
                0x20001744                PROVIDE (__end, _end_noinit)
                0x20001744                PROVIDE (__end__, _end_noinit)

._check_stack   0x20001744      0x100 load address 0x0800a1f0
                0x20001744                . = ALIGN (0x4)
                0x20001844                . = (. + _Minimum_Stack_Size)
 *fill*         0x20001744      0x100 
                0x20001844                . = ALIGN (0x4)

.bss_CCMRAM
 *(.bss.CCMRAM .bss.CCMRAM.*)

.b1text
 *(.b1text)
 *(.b1rodata)
 *(.b1rodata.*)

.eb0text
 *(.eb0text)
 *(.eb0rodata)
 *(.eb0rodata.*)

.eb1text
 *(.eb1text)
 *(.eb1rodata)
 *(.eb1rodata.*)

.eb2text
 *(.eb2text)
 *(.eb2rodata)
 *(.eb2rodata.*)

.eb3text
 *(.eb3text)
 *(.eb3rodata)
 *(.eb3rodata.*)

.stab
 *(.stab)

.stabstr
 *(.stabstr)

.stab.excl
 *(.stab.excl)

.stab.exclstr
 *(.stab.exclstr)

.stab.index
 *(.stab.index)

.stab.indexstr
 *(.stab.indexstr)

.comment        0x00000000       0x70
 *(.comment)
 .comment       0x00000000       0x70 ./system/src/stm32f2-stdperiph/stm32f2xx_gpio.o
                                 0x71 (size before relaxing)
 .comment       0x00000000       0x71 ./system/src/stm32f2-stdperiph/stm32f2xx_rcc.o
 .comment       0x00000000       0x71 ./system/src/newlib/_exit.o
 .comment       0x00000000       0x71 ./system/src/newlib/_sbrk.o
 .comment       0x00000000       0x71 ./system/src/newlib/_startup.o
 .comment       0x00000000       0x71 ./system/src/newlib/_syscalls.o
 .comment       0x00000000       0x71 ./system/src/newlib/assert.o
 .comment       0x00000000       0x71 ./system/src/diag/Trace.o
 .comment       0x00000000       0x71 ./system/src/diag/trace_impl.o
 .comment       0x00000000       0x71 ./system/src/cortexm/_initialize_hardware.o
 .comment       0x00000000       0x71 ./system/src/cortexm/exception_handlers.o
 .comment       0x00000000       0x71 ./system/src/cmsis/system_stm32f2xx.o
 .comment       0x00000000       0x71 ./system/src/cmsis/vectors_stm32f2xx.o
 .comment       0x00000000       0x71 ./src/Drivers/LCD/fonts.o
 .comment       0x00000000       0x71 ./src/Drivers/LCD/lcd_log.o
 .comment       0x00000000       0x71 ./src/Drivers/LCD/stm322xg_eval_lcd.o
 .comment       0x00000000       0x71 ./src/Drivers/LCD/stm32f2xx_fsmc.o
 .comment       0x00000000       0x71 ./src/Drivers/port.o
 .comment       0x00000000       0x71 ./src/Timer.o
 .comment       0x00000000       0x71 ./src/main.o

.ARM.attributes
                0x00000000       0x31
 .ARM.attributes
                0x00000000       0x33 ./system/src/stm32f2-stdperiph/stm32f2xx_gpio.o
 .ARM.attributes
                0x00000033       0x33 ./system/src/stm32f2-stdperiph/stm32f2xx_rcc.o
 .ARM.attributes
                0x00000066       0x33 ./system/src/newlib/_exit.o
 .ARM.attributes
                0x00000099       0x33 ./system/src/newlib/_sbrk.o
 .ARM.attributes
                0x000000cc       0x33 ./system/src/newlib/_startup.o
 .ARM.attributes
                0x000000ff       0x33 ./system/src/newlib/_syscalls.o
 .ARM.attributes
                0x00000132       0x33 ./system/src/newlib/assert.o
 .ARM.attributes
                0x00000165       0x33 ./system/src/diag/Trace.o
 .ARM.attributes
                0x00000198       0x33 ./system/src/diag/trace_impl.o
 .ARM.attributes
                0x000001cb       0x33 ./system/src/cortexm/_initialize_hardware.o
 .ARM.attributes
                0x000001fe       0x33 ./system/src/cortexm/exception_handlers.o
 .ARM.attributes
                0x00000231       0x33 ./system/src/cmsis/system_stm32f2xx.o
 .ARM.attributes
                0x00000264       0x33 ./system/src/cmsis/vectors_stm32f2xx.o
 .ARM.attributes
                0x00000297       0x33 ./src/Drivers/LCD/fonts.o
 .ARM.attributes
                0x000002ca       0x33 ./src/Drivers/LCD/lcd_log.o
 .ARM.attributes
                0x000002fd       0x33 ./src/Drivers/LCD/stm322xg_eval_lcd.o
 .ARM.attributes
                0x00000330       0x33 ./src/Drivers/LCD/stm32f2xx_fsmc.o
 .ARM.attributes
                0x00000363       0x33 ./src/Drivers/port.o
 .ARM.attributes
                0x00000396       0x33 ./src/Timer.o
 .ARM.attributes
                0x000003c9       0x33 ./src/main.o
 .ARM.attributes
                0x000003fc       0x1d c:/program files (x86)/gnu tools arm embedded/4.9 2014q4/bin/../lib/gcc/arm-none-eabi/4.9.3/armv7-m\libgcc.a(_arm_addsubdf3.o)
 .ARM.attributes
                0x00000419       0x1d c:/program files (x86)/gnu tools arm embedded/4.9 2014q4/bin/../lib/gcc/arm-none-eabi/4.9.3/armv7-m\libgcc.a(_arm_cmpdf2.o)
 .ARM.attributes
                0x00000436       0x2d c:/program files (x86)/gnu tools arm embedded/4.9 2014q4/bin/../lib/gcc/arm-none-eabi/4.9.3/../../../../arm-none-eabi/lib/armv7-m\libg.a(lib_a-errno.o)
 .ARM.attributes
                0x00000463       0x2d c:/program files (x86)/gnu tools arm embedded/4.9 2014q4/bin/../lib/gcc/arm-none-eabi/4.9.3/../../../../arm-none-eabi/lib/armv7-m\libg.a(lib_a-impure.o)
 .ARM.attributes
                0x00000490       0x2d c:/program files (x86)/gnu tools arm embedded/4.9 2014q4/bin/../lib/gcc/arm-none-eabi/4.9.3/../../../../arm-none-eabi/lib/armv7-m\libg.a(lib_a-memset.o)
 .ARM.attributes
                0x000004bd       0x2d c:/program files (x86)/gnu tools arm embedded/4.9 2014q4/bin/../lib/gcc/arm-none-eabi/4.9.3/../../../../arm-none-eabi/lib/armv7-m\libg.a(lib_a-snprintf.o)
 .ARM.attributes
                0x000004ea       0x2d c:/program files (x86)/gnu tools arm embedded/4.9 2014q4/bin/../lib/gcc/arm-none-eabi/4.9.3/../../../../arm-none-eabi/lib/armv7-m\libg.a(lib_a-strlen.o)
 .ARM.attributes
                0x00000517       0x2d c:/program files (x86)/gnu tools arm embedded/4.9 2014q4/bin/../lib/gcc/arm-none-eabi/4.9.3/../../../../arm-none-eabi/lib/armv7-m\libg.a(lib_a-svfprintf.o)
 .ARM.attributes
                0x00000544       0x2d c:/program files (x86)/gnu tools arm embedded/4.9 2014q4/bin/../lib/gcc/arm-none-eabi/4.9.3/../../../../arm-none-eabi/lib/armv7-m\libg.a(lib_a-vsnprintf.o)
 .ARM.attributes
                0x00000571       0x2d c:/program files (x86)/gnu tools arm embedded/4.9 2014q4/bin/../lib/gcc/arm-none-eabi/4.9.3/../../../../arm-none-eabi/lib/armv7-m\libg.a(lib_a-dtoa.o)
 .ARM.attributes
                0x0000059e       0x2d c:/program files (x86)/gnu tools arm embedded/4.9 2014q4/bin/../lib/gcc/arm-none-eabi/4.9.3/../../../../arm-none-eabi/lib/armv7-m\libg.a(lib_a-locale.o)
 .ARM.attributes
                0x000005cb       0x2d c:/program files (x86)/gnu tools arm embedded/4.9 2014q4/bin/../lib/gcc/arm-none-eabi/4.9.3/../../../../arm-none-eabi/lib/armv7-m\libg.a(lib_a-mallocr.o)
 .ARM.attributes
                0x000005f8       0x2d c:/program files (x86)/gnu tools arm embedded/4.9 2014q4/bin/../lib/gcc/arm-none-eabi/4.9.3/../../../../arm-none-eabi/lib/armv7-m\libg.a(lib_a-memchr.o)
 .ARM.attributes
                0x00000625       0x1b c:/program files (x86)/gnu tools arm embedded/4.9 2014q4/bin/../lib/gcc/arm-none-eabi/4.9.3/../../../../arm-none-eabi/lib/armv7-m\libg.a(lib_a-memcpy.o)
 .ARM.attributes
                0x00000640       0x2d c:/program files (x86)/gnu tools arm embedded/4.9 2014q4/bin/../lib/gcc/arm-none-eabi/4.9.3/../../../../arm-none-eabi/lib/armv7-m\libg.a(lib_a-mlock.o)
 .ARM.attributes
                0x0000066d       0x2d c:/program files (x86)/gnu tools arm embedded/4.9 2014q4/bin/../lib/gcc/arm-none-eabi/4.9.3/../../../../arm-none-eabi/lib/armv7-m\libg.a(lib_a-mprec.o)
 .ARM.attributes
                0x0000069a       0x2d c:/program files (x86)/gnu tools arm embedded/4.9 2014q4/bin/../lib/gcc/arm-none-eabi/4.9.3/../../../../arm-none-eabi/lib/armv7-m\libg.a(lib_a-s_fpclassify.o)
 .ARM.attributes
                0x000006c7       0x2d c:/program files (x86)/gnu tools arm embedded/4.9 2014q4/bin/../lib/gcc/arm-none-eabi/4.9.3/../../../../arm-none-eabi/lib/armv7-m\libg.a(lib_a-sbrkr.o)
 .ARM.attributes
                0x000006f4       0x1b c:/program files (x86)/gnu tools arm embedded/4.9 2014q4/bin/../lib/gcc/arm-none-eabi/4.9.3/../../../../arm-none-eabi/lib/armv7-m\libg.a(lib_a-strcmp.o)
 .ARM.attributes
                0x0000070f       0x2d c:/program files (x86)/gnu tools arm embedded/4.9 2014q4/bin/../lib/gcc/arm-none-eabi/4.9.3/../../../../arm-none-eabi/lib/armv7-m\libg.a(lib_a-svfiprintf.o)
 .ARM.attributes
                0x0000073c       0x2d c:/program files (x86)/gnu tools arm embedded/4.9 2014q4/bin/../lib/gcc/arm-none-eabi/4.9.3/../../../../arm-none-eabi/lib/armv7-m\libg.a(lib_a-callocr.o)
 .ARM.attributes
                0x00000769       0x2d c:/program files (x86)/gnu tools arm embedded/4.9 2014q4/bin/../lib/gcc/arm-none-eabi/4.9.3/../../../../arm-none-eabi/lib/armv7-m\libg.a(lib_a-freer.o)
 .ARM.attributes
                0x00000796       0x2d c:/program files (x86)/gnu tools arm embedded/4.9 2014q4/bin/../lib/gcc/arm-none-eabi/4.9.3/../../../../arm-none-eabi/lib/armv7-m\libg.a(lib_a-memmove.o)
 .ARM.attributes
                0x000007c3       0x2d c:/program files (x86)/gnu tools arm embedded/4.9 2014q4/bin/../lib/gcc/arm-none-eabi/4.9.3/../../../../arm-none-eabi/lib/armv7-m\libg.a(lib_a-reallocr.o)
 .ARM.attributes
                0x000007f0       0x1d c:/program files (x86)/gnu tools arm embedded/4.9 2014q4/bin/../lib/gcc/arm-none-eabi/4.9.3/armv7-m\libgcc.a(_arm_muldivdf3.o)
 .ARM.attributes
                0x0000080d       0x1d c:/program files (x86)/gnu tools arm embedded/4.9 2014q4/bin/../lib/gcc/arm-none-eabi/4.9.3/armv7-m\libgcc.a(_arm_fixdfsi.o)
 .ARM.attributes
                0x0000082a       0x1d c:/program files (x86)/gnu tools arm embedded/4.9 2014q4/bin/../lib/gcc/arm-none-eabi/4.9.3/armv7-m\libgcc.a(_aeabi_uldivmod.o)
 .ARM.attributes
                0x00000847       0x2d c:/program files (x86)/gnu tools arm embedded/4.9 2014q4/bin/../lib/gcc/arm-none-eabi/4.9.3/armv7-m\libgcc.a(bpabi.o)
 .ARM.attributes
                0x00000874       0x1d c:/program files (x86)/gnu tools arm embedded/4.9 2014q4/bin/../lib/gcc/arm-none-eabi/4.9.3/armv7-m\libgcc.a(_dvmd_tls.o)
 .ARM.attributes
                0x00000891       0x2d c:/program files (x86)/gnu tools arm embedded/4.9 2014q4/bin/../lib/gcc/arm-none-eabi/4.9.3/armv7-m\libgcc.a(_divdi3.o)
 .ARM.attributes
                0x000008be       0x2d c:/program files (x86)/gnu tools arm embedded/4.9 2014q4/bin/../lib/gcc/arm-none-eabi/4.9.3/armv7-m\libgcc.a(_udivdi3.o)

.debug
 *(.debug)

.line
 *(.line)

.debug_srcinfo
 *(.debug_srcinfo)

.debug_sfnames
 *(.debug_sfnames)

.debug_aranges  0x00000000      0x800
 *(.debug_aranges)
 .debug_aranges
                0x00000000       0x88 ./system/src/stm32f2-stdperiph/stm32f2xx_gpio.o
 .debug_aranges
                0x00000088      0x178 ./system/src/stm32f2-stdperiph/stm32f2xx_rcc.o
 .debug_aranges
                0x00000200       0x28 ./system/src/newlib/_exit.o
 .debug_aranges
                0x00000228       0x20 ./system/src/newlib/_sbrk.o
 .debug_aranges
                0x00000248       0x40 ./system/src/newlib/_startup.o
 .debug_aranges
                0x00000288       0xd0 ./system/src/newlib/_syscalls.o
 .debug_aranges
                0x00000358       0x28 ./system/src/newlib/assert.o
 .debug_aranges
                0x00000380       0x38 ./system/src/diag/Trace.o
 .debug_aranges
                0x000003b8       0x30 ./system/src/diag/trace_impl.o
 .debug_aranges
                0x000003e8       0x28 ./system/src/cortexm/_initialize_hardware.o
 .debug_aranges
                0x00000410       0x68 ./system/src/cortexm/exception_handlers.o
 .debug_aranges
                0x00000478       0x30 ./system/src/cmsis/system_stm32f2xx.o
 .debug_aranges
                0x000004a8       0x20 ./system/src/cmsis/vectors_stm32f2xx.o
 .debug_aranges
                0x000004c8       0x18 ./src/Drivers/LCD/fonts.o
 .debug_aranges
                0x000004e0       0x68 ./src/Drivers/LCD/lcd_log.o
 .debug_aranges
                0x00000548      0x168 ./src/Drivers/LCD/stm322xg_eval_lcd.o
 .debug_aranges
                0x000006b0       0xb0 ./src/Drivers/LCD/stm32f2xx_fsmc.o
 .debug_aranges
                0x00000760       0x40 ./src/Drivers/port.o
 .debug_aranges
                0x000007a0       0x28 ./src/Timer.o
 .debug_aranges
                0x000007c8       0x38 ./src/main.o

.debug_pubnames
 *(.debug_pubnames)

.debug_info     0x00000000     0xa377
 *(.debug_info .gnu.linkonce.wi.*)
 .debug_info    0x00000000      0xb10 ./system/src/stm32f2-stdperiph/stm32f2xx_gpio.o
 .debug_info    0x00000b10     0x138d ./system/src/stm32f2-stdperiph/stm32f2xx_rcc.o
 .debug_info    0x00001e9d      0x100 ./system/src/newlib/_exit.o
 .debug_info    0x00001f9d      0x125 ./system/src/newlib/_sbrk.o
 .debug_info    0x000020c2      0x47f ./system/src/newlib/_startup.o
 .debug_info    0x00002541      0x8f3 ./system/src/newlib/_syscalls.o
 .debug_info    0x00002e34      0x1c6 ./system/src/newlib/assert.o
 .debug_info    0x00002ffa      0x32b ./system/src/diag/Trace.o
 .debug_info    0x00003325      0x3fe ./system/src/diag/trace_impl.o
 .debug_info    0x00003723       0xea ./system/src/cortexm/_initialize_hardware.o
 .debug_info    0x0000380d       0xe9 ./system/src/cortexm/exception_handlers.o
 .debug_info    0x000038f6      0x57e ./system/src/cmsis/system_stm32f2xx.o
 .debug_info    0x00003e74       0x92 ./system/src/cmsis/vectors_stm32f2xx.o
 .debug_info    0x00003f06      0x1a2 ./src/Drivers/LCD/fonts.o
 .debug_info    0x000040a8      0x7b3 ./src/Drivers/LCD/lcd_log.o
 .debug_info    0x0000485b     0x2f4e ./src/Drivers/LCD/stm322xg_eval_lcd.o
 .debug_info    0x000077a9     0x11e3 ./src/Drivers/LCD/stm32f2xx_fsmc.o
 .debug_info    0x0000898c      0x812 ./src/Drivers/port.o
 .debug_info    0x0000919e      0x1b6 ./src/Timer.o
 .debug_info    0x00009354     0x1023 ./src/main.o

.debug_abbrev   0x00000000     0x1f38
 *(.debug_abbrev)
 .debug_abbrev  0x00000000      0x1ec ./system/src/stm32f2-stdperiph/stm32f2xx_gpio.o
 .debug_abbrev  0x000001ec      0x228 ./system/src/stm32f2-stdperiph/stm32f2xx_rcc.o
 .debug_abbrev  0x00000414       0xa4 ./system/src/newlib/_exit.o
 .debug_abbrev  0x000004b8       0xbb ./system/src/newlib/_sbrk.o
 .debug_abbrev  0x00000573      0x1e9 ./system/src/newlib/_startup.o
 .debug_abbrev  0x0000075c      0x178 ./system/src/newlib/_syscalls.o
 .debug_abbrev  0x000008d4       0xc9 ./system/src/newlib/assert.o
 .debug_abbrev  0x0000099d      0x178 ./system/src/diag/Trace.o
 .debug_abbrev  0x00000b15      0x188 ./system/src/diag/trace_impl.o
 .debug_abbrev  0x00000c9d       0x88 ./system/src/cortexm/_initialize_hardware.o
 .debug_abbrev  0x00000d25       0x65 ./system/src/cortexm/exception_handlers.o
 .debug_abbrev  0x00000d8a      0x157 ./system/src/cmsis/system_stm32f2xx.o
 .debug_abbrev  0x00000ee1       0x92 ./system/src/cmsis/vectors_stm32f2xx.o
 .debug_abbrev  0x00000f73       0xa5 ./src/Drivers/LCD/fonts.o
 .debug_abbrev  0x00001018      0x265 ./src/Drivers/LCD/lcd_log.o
 .debug_abbrev  0x0000127d      0x2aa ./src/Drivers/LCD/stm322xg_eval_lcd.o
 .debug_abbrev  0x00001527      0x1d1 ./src/Drivers/LCD/stm32f2xx_fsmc.o
 .debug_abbrev  0x000016f8      0x297 ./src/Drivers/port.o
 .debug_abbrev  0x0000198f      0x181 ./src/Timer.o
 .debug_abbrev  0x00001b10      0x428 ./src/main.o

.debug_line     0x00000000     0x68c3
 *(.debug_line)
 .debug_line    0x00000000      0x9e8 ./system/src/stm32f2-stdperiph/stm32f2xx_gpio.o
 .debug_line    0x000009e8      0xbf2 ./system/src/stm32f2-stdperiph/stm32f2xx_rcc.o
 .debug_line    0x000015da      0x2c1 ./system/src/newlib/_exit.o
 .debug_line    0x0000189b      0x264 ./system/src/newlib/_sbrk.o
 .debug_line    0x00001aff      0x32b ./system/src/newlib/_startup.o
 .debug_line    0x00001e2a      0x4da ./system/src/newlib/_syscalls.o
 .debug_line    0x00002304      0x301 ./system/src/newlib/assert.o
 .debug_line    0x00002605      0x31c ./system/src/diag/Trace.o
 .debug_line    0x00002921      0x5a8 ./system/src/diag/trace_impl.o
 .debug_line    0x00002ec9      0x4c6 ./system/src/cortexm/_initialize_hardware.o
 .debug_line    0x0000338f       0xbf ./system/src/cortexm/exception_handlers.o
 .debug_line    0x0000344e      0x507 ./system/src/cmsis/system_stm32f2xx.o
 .debug_line    0x00003955       0x8e ./system/src/cmsis/vectors_stm32f2xx.o
 .debug_line    0x000039e3      0x1f0 ./src/Drivers/LCD/fonts.o
 .debug_line    0x00003bd3      0x74b ./src/Drivers/LCD/lcd_log.o
 .debug_line    0x0000431e      0xac6 ./src/Drivers/LCD/stm322xg_eval_lcd.o
 .debug_line    0x00004de4      0xa54 ./src/Drivers/LCD/stm32f2xx_fsmc.o
 .debug_line    0x00005838      0x509 ./src/Drivers/port.o
 .debug_line    0x00005d41      0x4f0 ./src/Timer.o
 .debug_line    0x00006231      0x692 ./src/main.o

.debug_frame    0x00000000     0x1d74
 *(.debug_frame)
 .debug_frame   0x00000000      0x188 ./system/src/stm32f2-stdperiph/stm32f2xx_gpio.o
 .debug_frame   0x00000188      0x474 ./system/src/stm32f2-stdperiph/stm32f2xx_rcc.o
 .debug_frame   0x000005fc       0x38 ./system/src/newlib/_exit.o
 .debug_frame   0x00000634       0x28 ./system/src/newlib/_sbrk.o
 .debug_frame   0x0000065c       0x7c ./system/src/newlib/_startup.o
 .debug_frame   0x000006d8      0x230 ./system/src/newlib/_syscalls.o
 .debug_frame   0x00000908       0x40 ./system/src/newlib/assert.o
 .debug_frame   0x00000948       0x94 ./system/src/diag/Trace.o
 .debug_frame   0x000009dc       0x54 ./system/src/diag/trace_impl.o
 .debug_frame   0x00000a30       0x40 ./system/src/cortexm/_initialize_hardware.o
 .debug_frame   0x00000a70       0xb8 ./system/src/cortexm/exception_handlers.o
 .debug_frame   0x00000b28       0x50 ./system/src/cmsis/system_stm32f2xx.o
 .debug_frame   0x00000b78       0x20 ./system/src/cmsis/vectors_stm32f2xx.o
 .debug_frame   0x00000b98      0x11c ./src/Drivers/LCD/lcd_log.o
 .debug_frame   0x00000cb4      0x488 ./src/Drivers/LCD/stm322xg_eval_lcd.o
 .debug_frame   0x0000113c      0x1e0 ./src/Drivers/LCD/stm32f2xx_fsmc.o
 .debug_frame   0x0000131c       0x90 ./src/Drivers/port.o
 .debug_frame   0x000013ac       0x30 ./src/Timer.o
 .debug_frame   0x000013dc       0x8c ./src/main.o
 .debug_frame   0x00001468       0x20 c:/program files (x86)/gnu tools arm embedded/4.9 2014q4/bin/../lib/gcc/arm-none-eabi/4.9.3/../../../../arm-none-eabi/lib/armv7-m\libg.a(lib_a-errno.o)
 .debug_frame   0x00001488       0x34 c:/program files (x86)/gnu tools arm embedded/4.9 2014q4/bin/../lib/gcc/arm-none-eabi/4.9.3/../../../../arm-none-eabi/lib/armv7-m\libg.a(lib_a-memset.o)
 .debug_frame   0x000014bc       0xd0 c:/program files (x86)/gnu tools arm embedded/4.9 2014q4/bin/../lib/gcc/arm-none-eabi/4.9.3/../../../../arm-none-eabi/lib/armv7-m\libg.a(lib_a-snprintf.o)
 .debug_frame   0x0000158c       0x20 c:/program files (x86)/gnu tools arm embedded/4.9 2014q4/bin/../lib/gcc/arm-none-eabi/4.9.3/../../../../arm-none-eabi/lib/armv7-m\libg.a(lib_a-strlen.o)
 .debug_frame   0x000015ac       0x40 c:/program files (x86)/gnu tools arm embedded/4.9 2014q4/bin/../lib/gcc/arm-none-eabi/4.9.3/../../../../arm-none-eabi/lib/armv7-m\libg.a(lib_a-svfprintf.o)
 .debug_frame   0x000015ec       0x60 c:/program files (x86)/gnu tools arm embedded/4.9 2014q4/bin/../lib/gcc/arm-none-eabi/4.9.3/../../../../arm-none-eabi/lib/armv7-m\libg.a(lib_a-vsnprintf.o)
 .debug_frame   0x0000164c       0x84 c:/program files (x86)/gnu tools arm embedded/4.9 2014q4/bin/../lib/gcc/arm-none-eabi/4.9.3/../../../../arm-none-eabi/lib/armv7-m\libg.a(lib_a-dtoa.o)
 .debug_frame   0x000016d0       0x9c c:/program files (x86)/gnu tools arm embedded/4.9 2014q4/bin/../lib/gcc/arm-none-eabi/4.9.3/../../../../arm-none-eabi/lib/armv7-m\libg.a(lib_a-locale.o)
 .debug_frame   0x0000176c       0x54 c:/program files (x86)/gnu tools arm embedded/4.9 2014q4/bin/../lib/gcc/arm-none-eabi/4.9.3/../../../../arm-none-eabi/lib/armv7-m\libg.a(lib_a-mallocr.o)
 .debug_frame   0x000017c0       0x3c c:/program files (x86)/gnu tools arm embedded/4.9 2014q4/bin/../lib/gcc/arm-none-eabi/4.9.3/../../../../arm-none-eabi/lib/armv7-m\libg.a(lib_a-memchr.o)
 .debug_frame   0x000017fc       0x30 c:/program files (x86)/gnu tools arm embedded/4.9 2014q4/bin/../lib/gcc/arm-none-eabi/4.9.3/../../../../arm-none-eabi/lib/armv7-m\libg.a(lib_a-mlock.o)
 .debug_frame   0x0000182c      0x268 c:/program files (x86)/gnu tools arm embedded/4.9 2014q4/bin/../lib/gcc/arm-none-eabi/4.9.3/../../../../arm-none-eabi/lib/armv7-m\libg.a(lib_a-mprec.o)
 .debug_frame   0x00001a94       0x34 c:/program files (x86)/gnu tools arm embedded/4.9 2014q4/bin/../lib/gcc/arm-none-eabi/4.9.3/../../../../arm-none-eabi/lib/armv7-m\libg.a(lib_a-s_fpclassify.o)
 .debug_frame   0x00001ac8       0x2c c:/program files (x86)/gnu tools arm embedded/4.9 2014q4/bin/../lib/gcc/arm-none-eabi/4.9.3/../../../../arm-none-eabi/lib/armv7-m\libg.a(lib_a-sbrkr.o)
 .debug_frame   0x00001af4       0x78 c:/program files (x86)/gnu tools arm embedded/4.9 2014q4/bin/../lib/gcc/arm-none-eabi/4.9.3/../../../../arm-none-eabi/lib/armv7-m\libg.a(lib_a-svfiprintf.o)
 .debug_frame   0x00001b6c       0x28 c:/program files (x86)/gnu tools arm embedded/4.9 2014q4/bin/../lib/gcc/arm-none-eabi/4.9.3/../../../../arm-none-eabi/lib/armv7-m\libg.a(lib_a-callocr.o)
 .debug_frame   0x00001b94       0x74 c:/program files (x86)/gnu tools arm embedded/4.9 2014q4/bin/../lib/gcc/arm-none-eabi/4.9.3/../../../../arm-none-eabi/lib/armv7-m\libg.a(lib_a-freer.o)
 .debug_frame   0x00001c08       0x30 c:/program files (x86)/gnu tools arm embedded/4.9 2014q4/bin/../lib/gcc/arm-none-eabi/4.9.3/../../../../arm-none-eabi/lib/armv7-m\libg.a(lib_a-memmove.o)
 .debug_frame   0x00001c38       0x58 c:/program files (x86)/gnu tools arm embedded/4.9 2014q4/bin/../lib/gcc/arm-none-eabi/4.9.3/../../../../arm-none-eabi/lib/armv7-m\libg.a(lib_a-reallocr.o)
 .debug_frame   0x00001c90       0x28 c:/program files (x86)/gnu tools arm embedded/4.9 2014q4/bin/../lib/gcc/arm-none-eabi/4.9.3/armv7-m\libgcc.a(_aeabi_uldivmod.o)
 .debug_frame   0x00001cb8       0x54 c:/program files (x86)/gnu tools arm embedded/4.9 2014q4/bin/../lib/gcc/arm-none-eabi/4.9.3/armv7-m\libgcc.a(bpabi.o)
 .debug_frame   0x00001d0c       0x34 c:/program files (x86)/gnu tools arm embedded/4.9 2014q4/bin/../lib/gcc/arm-none-eabi/4.9.3/armv7-m\libgcc.a(_divdi3.o)
 .debug_frame   0x00001d40       0x34 c:/program files (x86)/gnu tools arm embedded/4.9 2014q4/bin/../lib/gcc/arm-none-eabi/4.9.3/armv7-m\libgcc.a(_udivdi3.o)

.debug_str      0x00000000    0x5f5f6
 *(.debug_str)
 .debug_str     0x00000000    0x54c45 ./system/src/stm32f2-stdperiph/stm32f2xx_gpio.o
                              0x54e93 (size before relaxing)
 .debug_str     0x00054c45      0xb23 ./system/src/stm32f2-stdperiph/stm32f2xx_rcc.o
                              0x556ed (size before relaxing)
 .debug_str     0x00055768     0x362d ./system/src/newlib/_exit.o
                               0x5de1 (size before relaxing)
 .debug_str     0x00058d95      0x4de ./system/src/newlib/_sbrk.o
                               0x4553 (size before relaxing)
 .debug_str     0x00059273      0x260 ./system/src/newlib/_startup.o
                               0x3fed (size before relaxing)
 .debug_str     0x000594d3      0xe41 ./system/src/newlib/_syscalls.o
                               0x6256 (size before relaxing)
 .debug_str     0x0005a314       0xd0 ./system/src/newlib/assert.o
                               0x67b4 (size before relaxing)
 .debug_str     0x0005a3e4      0x8db ./system/src/diag/Trace.o
                               0x6621 (size before relaxing)
 .debug_str     0x0005acbf       0xd2 ./system/src/diag/trace_impl.o
                              0x575ff (size before relaxing)
 .debug_str     0x0005ad91       0x4e ./system/src/cortexm/_initialize_hardware.o
                              0x54b95 (size before relaxing)
 .debug_str     0x0005addf       0xe8 ./system/src/cortexm/exception_handlers.o
                               0x25d9 (size before relaxing)
 .debug_str     0x0005aec7       0xfb ./system/src/cmsis/system_stm32f2xx.o
                              0x54d8b (size before relaxing)
 .debug_str     0x0005afc2       0x57 ./system/src/cmsis/vectors_stm32f2xx.o
                               0x2576 (size before relaxing)
 .debug_str     0x0005b019      0x503 ./src/Drivers/LCD/fonts.o
                               0x3343 (size before relaxing)
 .debug_str     0x0005b51c     0x2b31 ./src/Drivers/LCD/lcd_log.o
                              0x5a7f8 (size before relaxing)
 .debug_str     0x0005e04d      0x731 ./src/Drivers/LCD/stm322xg_eval_lcd.o
                              0x57b6d (size before relaxing)
 .debug_str     0x0005e77e      0x4d3 ./src/Drivers/LCD/stm32f2xx_fsmc.o
                              0x5528d (size before relaxing)
 .debug_str     0x0005ec51      0x1fa ./src/Drivers/port.o
                              0x55223 (size before relaxing)
 .debug_str     0x0005ee4b       0xa4 ./src/Timer.o
                              0x54e51 (size before relaxing)
 .debug_str     0x0005eeef      0x707 ./src/main.o
                              0x5b146 (size before relaxing)

.debug_loc      0x00000000     0x3fad
 *(.debug_loc)
 .debug_loc     0x00000000      0x4ec ./system/src/stm32f2-stdperiph/stm32f2xx_gpio.o
 .debug_loc     0x000004ec      0xf1f ./system/src/stm32f2-stdperiph/stm32f2xx_rcc.o
 .debug_loc     0x0000140b       0x82 ./system/src/newlib/_sbrk.o
 .debug_loc     0x0000148d      0x265 ./system/src/newlib/_startup.o
 .debug_loc     0x000016f2      0x549 ./system/src/newlib/_syscalls.o
 .debug_loc     0x00001c3b       0xec ./system/src/newlib/assert.o
 .debug_loc     0x00001d27       0xf7 ./system/src/diag/Trace.o
 .debug_loc     0x00001e1e       0x97 ./system/src/diag/trace_impl.o
 .debug_loc     0x00001eb5      0x137 ./system/src/cmsis/system_stm32f2xx.o
 .debug_loc     0x00001fec      0x295 ./src/Drivers/LCD/lcd_log.o
 .debug_loc     0x00002281     0x11c2 ./src/Drivers/LCD/stm322xg_eval_lcd.o
 .debug_loc     0x00003443      0x685 ./src/Drivers/LCD/stm32f2xx_fsmc.o
 .debug_loc     0x00003ac8      0x2b5 ./src/Drivers/port.o
 .debug_loc     0x00003d7d      0x230 ./src/main.o

.debug_macinfo
 *(.debug_macinfo)

.debug_weaknames
 *(.debug_weaknames)

.debug_funcnames
 *(.debug_funcnames)

.debug_typenames
 *(.debug_typenames)

.debug_varnames
 *(.debug_varnames)
OUTPUT(i2c_sniff.elf elf32-littlearm)

.debug_ranges   0x00000000      0x6d0
 .debug_ranges  0x00000000       0x78 ./system/src/stm32f2-stdperiph/stm32f2xx_gpio.o
 .debug_ranges  0x00000078      0x168 ./system/src/stm32f2-stdperiph/stm32f2xx_rcc.o
 .debug_ranges  0x000001e0       0x18 ./system/src/newlib/_exit.o
 .debug_ranges  0x000001f8       0x10 ./system/src/newlib/_sbrk.o
 .debug_ranges  0x00000208       0x48 ./system/src/newlib/_startup.o
 .debug_ranges  0x00000250       0xc0 ./system/src/newlib/_syscalls.o
 .debug_ranges  0x00000310       0x18 ./system/src/newlib/assert.o
 .debug_ranges  0x00000328       0x28 ./system/src/diag/Trace.o
 .debug_ranges  0x00000350       0x20 ./system/src/diag/trace_impl.o
 .debug_ranges  0x00000370       0x18 ./system/src/cortexm/_initialize_hardware.o
 .debug_ranges  0x00000388       0x58 ./system/src/cortexm/exception_handlers.o
 .debug_ranges  0x000003e0       0x20 ./system/src/cmsis/system_stm32f2xx.o
 .debug_ranges  0x00000400       0x10 ./system/src/cmsis/vectors_stm32f2xx.o
 .debug_ranges  0x00000410       0x58 ./src/Drivers/LCD/lcd_log.o
 .debug_ranges  0x00000468      0x158 ./src/Drivers/LCD/stm322xg_eval_lcd.o
 .debug_ranges  0x000005c0       0xa0 ./src/Drivers/LCD/stm32f2xx_fsmc.o
 .debug_ranges  0x00000660       0x30 ./src/Drivers/port.o
 .debug_ranges  0x00000690       0x18 ./src/Timer.o
 .debug_ranges  0x000006a8       0x28 ./src/main.o

.debug_macro    0x00000000     0x5482
 .debug_macro   0x00000000      0x19e ./system/src/stm32f2-stdperiph/stm32f2xx_gpio.o
 .debug_macro   0x0000019e       0x82 ./system/src/stm32f2-stdperiph/stm32f2xx_gpio.o
 .debug_macro   0x00000220      0x258 ./system/src/stm32f2-stdperiph/stm32f2xx_gpio.o
 .debug_macro   0x00000478      0x247 ./system/src/stm32f2-stdperiph/stm32f2xx_rcc.o
 .debug_macro   0x000006bf      0x56f ./system/src/stm32f2-stdperiph/stm32f2xx_rcc.o
 .debug_macro   0x00000c2e      0x128 ./system/src/newlib/_exit.o
 .debug_macro   0x00000d56       0x9c ./system/src/newlib/_exit.o
 .debug_macro   0x00000df2      0x10e ./system/src/newlib/_exit.o
 .debug_macro   0x00000f00       0x86 ./system/src/newlib/_exit.o
 .debug_macro   0x00000f86       0x43 ./system/src/newlib/_exit.o
 .debug_macro   0x00000fc9       0x35 ./system/src/newlib/_exit.o
 .debug_macro   0x00000ffe      0x27a ./system/src/newlib/_exit.o
 .debug_macro   0x00001278       0xd1 ./system/src/newlib/_sbrk.o
 .debug_macro   0x00001349       0x19 ./system/src/newlib/_sbrk.o
 .debug_macro   0x00001362      0x16d ./system/src/newlib/_sbrk.o
 .debug_macro   0x000014cf       0x10 ./system/src/newlib/_sbrk.o
 .debug_macro   0x000014df      0x23b ./system/src/newlib/_sbrk.o
 .debug_macro   0x0000171a       0xf0 ./system/src/newlib/_startup.o
 .debug_macro   0x0000180a      0x17c ./system/src/newlib/_syscalls.o
 .debug_macro   0x00001986       0x1c ./system/src/newlib/_syscalls.o
 .debug_macro   0x000019a2       0x10 ./system/src/newlib/_syscalls.o
 .debug_macro   0x000019b2       0x10 ./system/src/newlib/_syscalls.o
 .debug_macro   0x000019c2       0x10 ./system/src/newlib/_syscalls.o
 .debug_macro   0x000019d2       0x35 ./system/src/newlib/_syscalls.o
 .debug_macro   0x00001a07      0x121 ./system/src/newlib/_syscalls.o
 .debug_macro   0x00001b28       0x22 ./system/src/newlib/_syscalls.o
 .debug_macro   0x00001b4a       0x2b ./system/src/newlib/_syscalls.o
 .debug_macro   0x00001b75      0x118 ./system/src/newlib/_syscalls.o
 .debug_macro   0x00001c8d      0x13e ./system/src/newlib/_syscalls.o
 .debug_macro   0x00001dcb       0x16 ./system/src/newlib/_syscalls.o
 .debug_macro   0x00001de1      0x153 ./system/src/newlib/assert.o
 .debug_macro   0x00001f34       0x1c ./system/src/newlib/assert.o
 .debug_macro   0x00001f50      0x14f ./system/src/diag/Trace.o
 .debug_macro   0x0000209f       0x16 ./system/src/diag/Trace.o
 .debug_macro   0x000020b5       0x97 ./system/src/diag/Trace.o
 .debug_macro   0x0000214c       0xf6 ./system/src/diag/Trace.o
 .debug_macro   0x00002242       0x10 ./system/src/diag/Trace.o
 .debug_macro   0x00002252       0x16 ./system/src/diag/Trace.o
 .debug_macro   0x00002268      0x16d ./system/src/diag/Trace.o
 .debug_macro   0x000023d5       0x52 ./system/src/diag/Trace.o
 .debug_macro   0x00002427       0x16 ./system/src/diag/Trace.o
 .debug_macro   0x0000243d      0x26b ./system/src/diag/trace_impl.o
 .debug_macro   0x000026a8       0x10 ./system/src/diag/trace_impl.o
 .debug_macro   0x000026b8       0xc8 ./system/src/diag/trace_impl.o
 .debug_macro   0x00002780       0xbe ./system/src/diag/trace_impl.o
 .debug_macro   0x0000283e      0x19e ./system/src/cortexm/_initialize_hardware.o
 .debug_macro   0x000029dc       0x1b ./system/src/cortexm/exception_handlers.o
 .debug_macro   0x000029f7      0x1b7 ./system/src/cmsis/system_stm32f2xx.o
 .debug_macro   0x00002bae       0x1b ./system/src/cmsis/vectors_stm32f2xx.o
 .debug_macro   0x00002bc9       0x60 ./src/Drivers/LCD/fonts.o
 .debug_macro   0x00002c29       0x1c ./src/Drivers/LCD/fonts.o
 .debug_macro   0x00002c45      0x2c2 ./src/Drivers/LCD/lcd_log.o
 .debug_macro   0x00002f07      0xbb1 ./src/Drivers/LCD/lcd_log.o
 .debug_macro   0x00003ab8      0x3d4 ./src/Drivers/LCD/lcd_log.o
 .debug_macro   0x00003e8c      0x2ea ./src/Drivers/LCD/lcd_log.o
 .debug_macro   0x00004176       0x10 ./src/Drivers/LCD/lcd_log.o
 .debug_macro   0x00004186      0x423 ./src/Drivers/LCD/lcd_log.o
 .debug_macro   0x000045a9       0x97 ./src/Drivers/LCD/lcd_log.o
 .debug_macro   0x00004640       0xfd ./src/Drivers/LCD/lcd_log.o
 .debug_macro   0x0000473d       0x28 ./src/Drivers/LCD/lcd_log.o
 .debug_macro   0x00004765       0x2e ./src/Drivers/LCD/lcd_log.o
 .debug_macro   0x00004793      0x1ed ./src/Drivers/LCD/stm322xg_eval_lcd.o
 .debug_macro   0x00004980      0x1ce ./src/Drivers/LCD/stm32f2xx_fsmc.o
 .debug_macro   0x00004b4e      0x273 ./src/Drivers/LCD/stm32f2xx_fsmc.o
 .debug_macro   0x00004dc1      0x1a8 ./src/Drivers/port.o
 .debug_macro   0x00004f69       0x16 ./src/Drivers/port.o
 .debug_macro   0x00004f7f      0x1b7 ./src/Timer.o
 .debug_macro   0x00005136      0x302 ./src/main.o
 .debug_macro   0x00005438       0x2e ./src/main.o
 .debug_macro   0x00005466       0x1c ./src/main.o
