Archive member included because of file (symbol)

c:/program files (x86)/gnu tools arm embedded/4.9 2014q4/bin/../lib/gcc/arm-none-eabi/4.9.3/armv7-m\libgcc.a(_arm_addsubdf3.o)
                              ./src/Drivers/LCD/stm322xg_eval_lcd.o (__aeabi_ui2d)
c:/program files (x86)/gnu tools arm embedded/4.9 2014q4/bin/../lib/gcc/arm-none-eabi/4.9.3/armv7-m\libgcc.a(_arm_cmpdf2.o)
                              ./src/Drivers/LCD/stm322xg_eval_lcd.o (__aeabi_dcmplt)
c:/program files (x86)/gnu tools arm embedded/4.9 2014q4/bin/../lib/gcc/arm-none-eabi/4.9.3/../../../../arm-none-eabi/lib/armv7-m\libg.a(lib_a-errno.o)
                              ./system/src/newlib/_sbrk.o (__errno)
c:/program files (x86)/gnu tools arm embedded/4.9 2014q4/bin/../lib/gcc/arm-none-eabi/4.9.3/../../../../arm-none-eabi/lib/armv7-m\libg.a(lib_a-impure.o)
                              c:/program files (x86)/gnu tools arm embedded/4.9 2014q4/bin/../lib/gcc/arm-none-eabi/4.9.3/../../../../arm-none-eabi/lib/armv7-m\libg.a(lib_a-errno.o) (_impure_ptr)
c:/program files (x86)/gnu tools arm embedded/4.9 2014q4/bin/../lib/gcc/arm-none-eabi/4.9.3/../../../../arm-none-eabi/lib/armv7-m\libg.a(lib_a-memcpy.o)
                              ./system/src/newlib/_startup.o (memcpy)
c:/program files (x86)/gnu tools arm embedded/4.9 2014q4/bin/../lib/gcc/arm-none-eabi/4.9.3/../../../../arm-none-eabi/lib/armv7-m\libg.a(lib_a-memset.o)
                              ./system/src/newlib/_startup.o (memset)
c:/program files (x86)/gnu tools arm embedded/4.9 2014q4/bin/../lib/gcc/arm-none-eabi/4.9.3/../../../../arm-none-eabi/lib/armv7-m\libg.a(lib_a-snprintf.o)
                              ./system/src/newlib/assert.o (snprintf)
c:/program files (x86)/gnu tools arm embedded/4.9 2014q4/bin/../lib/gcc/arm-none-eabi/4.9.3/../../../../arm-none-eabi/lib/armv7-m\libg.a(lib_a-strlen.o)
                              ./system/src/diag/Trace.o (strlen)
c:/program files (x86)/gnu tools arm embedded/4.9 2014q4/bin/../lib/gcc/arm-none-eabi/4.9.3/../../../../arm-none-eabi/lib/armv7-m\libg.a(lib_a-svfprintf.o)
                              c:/program files (x86)/gnu tools arm embedded/4.9 2014q4/bin/../lib/gcc/arm-none-eabi/4.9.3/../../../../arm-none-eabi/lib/armv7-m\libg.a(lib_a-snprintf.o) (_svfprintf_r)
c:/program files (x86)/gnu tools arm embedded/4.9 2014q4/bin/../lib/gcc/arm-none-eabi/4.9.3/../../../../arm-none-eabi/lib/armv7-m\libg.a(lib_a-vsnprintf.o)
                              ./system/src/diag/Trace.o (vsnprintf)
c:/program files (x86)/gnu tools arm embedded/4.9 2014q4/bin/../lib/gcc/arm-none-eabi/4.9.3/../../../../arm-none-eabi/lib/armv7-m\libg.a(lib_a-dtoa.o)
                              c:/program files (x86)/gnu tools arm embedded/4.9 2014q4/bin/../lib/gcc/arm-none-eabi/4.9.3/../../../../arm-none-eabi/lib/armv7-m\libg.a(lib_a-svfprintf.o) (_dtoa_r)
c:/program files (x86)/gnu tools arm embedded/4.9 2014q4/bin/../lib/gcc/arm-none-eabi/4.9.3/../../../../arm-none-eabi/lib/armv7-m\libg.a(lib_a-locale.o)
                              c:/program files (x86)/gnu tools arm embedded/4.9 2014q4/bin/../lib/gcc/arm-none-eabi/4.9.3/../../../../arm-none-eabi/lib/armv7-m\libg.a(lib_a-svfprintf.o) (_localeconv_r)
c:/program files (x86)/gnu tools arm embedded/4.9 2014q4/bin/../lib/gcc/arm-none-eabi/4.9.3/../../../../arm-none-eabi/lib/armv7-m\libg.a(lib_a-mallocr.o)
                              c:/program files (x86)/gnu tools arm embedded/4.9 2014q4/bin/../lib/gcc/arm-none-eabi/4.9.3/../../../../arm-none-eabi/lib/armv7-m\libg.a(lib_a-svfprintf.o) (_malloc_r)
c:/program files (x86)/gnu tools arm embedded/4.9 2014q4/bin/../lib/gcc/arm-none-eabi/4.9.3/../../../../arm-none-eabi/lib/armv7-m\libg.a(lib_a-memchr.o)
                              c:/program files (x86)/gnu tools arm embedded/4.9 2014q4/bin/../lib/gcc/arm-none-eabi/4.9.3/../../../../arm-none-eabi/lib/armv7-m\libg.a(lib_a-svfprintf.o) (memchr)
c:/program files (x86)/gnu tools arm embedded/4.9 2014q4/bin/../lib/gcc/arm-none-eabi/4.9.3/../../../../arm-none-eabi/lib/armv7-m\libg.a(lib_a-mlock.o)
                              c:/program files (x86)/gnu tools arm embedded/4.9 2014q4/bin/../lib/gcc/arm-none-eabi/4.9.3/../../../../arm-none-eabi/lib/armv7-m\libg.a(lib_a-mallocr.o) (__malloc_lock)
c:/program files (x86)/gnu tools arm embedded/4.9 2014q4/bin/../lib/gcc/arm-none-eabi/4.9.3/../../../../arm-none-eabi/lib/armv7-m\libg.a(lib_a-mprec.o)
                              c:/program files (x86)/gnu tools arm embedded/4.9 2014q4/bin/../lib/gcc/arm-none-eabi/4.9.3/../../../../arm-none-eabi/lib/armv7-m\libg.a(lib_a-dtoa.o) (_Balloc)
c:/program files (x86)/gnu tools arm embedded/4.9 2014q4/bin/../lib/gcc/arm-none-eabi/4.9.3/../../../../arm-none-eabi/lib/armv7-m\libg.a(lib_a-s_fpclassify.o)
[...]
Memory Configuration

Name             Origin             Length             Attributes
RAM              0x20000000         0x00005000         xrw
CCMRAM           0x00000000         0x00000000         xrw
FLASH            0x08000000         0x00020000         xr
FLASHB1          0x00000000         0x00000000         xr
EXTMEMB0         0x00000000         0x00000000         xr
EXTMEMB1         0x00000000         0x00000000         xr
EXTMEMB2         0x00000000         0x00000000         xr
EXTMEMB3         0x00000000         0x00000000         xr
MEMORY_ARRAY     0x00000000         0x00000000         xrw
*default*        0x00000000         0xffffffff

Linker script and memory map

LOAD ./system/src/stm32f2-stdperiph/misc.o
LOAD ./system/src/stm32f2-stdperiph/stm32f2xx_exti.o
LOAD ./system/src/stm32f2-stdperiph/stm32f2xx_gpio.o
LOAD ./system/src/stm32f2-stdperiph/stm32f2xx_i2c.o
LOAD ./system/src/stm32f2-stdperiph/stm32f2xx_rcc.o
LOAD ./system/src/stm32f2-stdperiph/stm32f2xx_syscfg.o
LOAD ./system/src/newlib/_cxx.o
LOAD ./system/src/newlib/_exit.o
LOAD ./system/src/newlib/_sbrk.o
LOAD ./system/src/newlib/_startup.o
LOAD ./system/src/newlib/_syscalls.o
LOAD ./system/src/newlib/assert.o
LOAD ./system/src/diag/Trace.o
LOAD ./system/src/diag/trace_impl.o
LOAD ./system/src/cortexm/_initialize_hardware.o
LOAD ./system/src/cortexm/_reset_hardware.o
LOAD ./system/src/cortexm/exception_handlers.o
LOAD ./system/src/cmsis/system_stm32f2xx.o
LOAD ./system/src/cmsis/vectors_stm32f2xx.o
LOAD ./src/Drivers/LCD/fonts.o
LOAD ./src/Drivers/LCD/lcd_log.o
LOAD ./src/Drivers/LCD/stm322xg_eval.o
LOAD ./src/Drivers/LCD/stm322xg_eval_lcd.o
LOAD ./src/Drivers/LCD/stm32f2xx_fsmc.o
LOAD ./src/Drivers/port.o
LOAD ./src/_write.o
LOAD ./src/main.o
LOAD ./src/utils.o
LOAD c:/program files (x86)/gnu tools arm embedded/4.9 2014q4/bin/../lib/gcc/arm-none-eabi/4.9.3/../../../../arm-none-eabi/lib/armv7-m\libstdc++.a
LOAD c:/program files (x86)/gnu tools arm embedded/4.9 2014q4/bin/../lib/gcc/arm-none-eabi/4.9.3/../../../../arm-none-eabi/lib/armv7-m\libm.a
START GROUP
LOAD c:/program files (x86)/gnu tools arm embedded/4.9 2014q4/bin/../lib/gcc/arm-none-eabi/4.9.3/armv7-m\libgcc.a
LOAD c:/program files (x86)/gnu tools arm embedded/4.9 2014q4/bin/../lib/gcc/arm-none-eabi/4.9.3/../../../../arm-none-eabi/lib/armv7-m\libg.a
LOAD c:/program files (x86)/gnu tools arm embedded/4.9 2014q4/bin/../lib/gcc/arm-none-eabi/4.9.3/../../../../arm-none-eabi/lib/armv7-m\libc.a
END GROUP
                0x20005000                __stack = (ORIGIN (RAM) + 0x5000)
                0x20005000                _estack = __stack
                0x00000400                __Main_Stack_Size = 0x400
                0x00000400                PROVIDE (_Main_Stack_Size, __Main_Stack_Size)
                0x20004c00                __Main_Stack_Limit = (__stack - __Main_Stack_Size)
                0x20004c00                PROVIDE (_Main_Stack_Limit, __Main_Stack_Limit)
                0x00000100                _Minimum_Stack_Size = 0x100
                0x200009f8                PROVIDE (_Heap_Begin, _end_noinit)
                0x20004c00                PROVIDE (_Heap_Limit, (__stack - __Main_Stack_Size))

.isr_vector     0x08000000      0x2cc
                0x08000000                . = ALIGN (0x4)
 *(.isr_vector)
 .isr_vector    0x08000000      0x184 ./system/src/cmsis/vectors_stm32f2xx.o
                0x08000000                __isr_vectors
 *(.cfmconfig)
 *(.after_vectors .after_vectors.*)
 .after_vectors
                0x08000184      0x118 ./system/src/newlib/_startup.o
                0x08000184                _start
 .after_vectors
                0x0800029c       0x2c ./system/src/cortexm/exception_handlers.o
                0x0800029c                Reset_Handler
                0x080002a4                NMI_Handler
                0x080002a8                HardFault_Handler
                0x080002ac                MemManage_Handler
                0x080002b0                BusFault_Handler
                0x080002b4                UsageFault_Handler
                0x080002b8                SVC_Handler
                0x080002bc                DebugMon_Handler
                0x080002c0                PendSV_Handler
                0x080002c4                SysTick_Handler
 .after_vectors
                0x080002c8        0x4 ./system/src/cmsis/vectors_stm32f2xx.o
                0x080002c8                RTC_Alarm_IRQHandler
                0x080002c8                HASH_RNG_IRQHandler
                0x080002c8                TIM8_CC_IRQHandler
                0x080002c8                TIM1_CC_IRQHandler
                0x080002c8                DMA2_Stream5_IRQHandler
                0x080002c8                DMA1_Stream5_IRQHandler
                0x080002c8                PVD_IRQHandler
                0x080002c8                SDIO_IRQHandler
                0x080002c8                TAMP_STAMP_IRQHandler
                0x080002c8                CAN2_RX1_IRQHandler
                0x080002c8                EXTI3_IRQHandler
                0x080002c8                TIM8_TRG_COM_TIM14_IRQHandler
                0x080002c8                TIM1_UP_TIM10_IRQHandler
                0x080002c8                TIM8_UP_TIM13_IRQHandler
                0x080002c8                I2C3_ER_IRQHandler
                0x080002c8                I2C2_EV_IRQHandler
                0x080002c8                DMA1_Stream2_IRQHandler
                0x080002c8                CAN1_RX0_IRQHandler
                0x080002c8                OTG_HS_WKUP_IRQHandler
                0x080002c8                CAN2_SCE_IRQHandler
                0x080002c8                DMA2_Stream2_IRQHandler
                0x080002c8                SPI1_IRQHandler
                0x080002c8                TIM6_DAC_IRQHandler
                0x080002c8                TIM1_BRK_TIM9_IRQHandler
                0x080002c8                DCMI_IRQHandler
                0x080002c8                CAN2_RX0_IRQHandler
                0x080002c8                DMA2_Stream3_IRQHandler
                0x080002c8                USART6_IRQHandler
                0x080002c8                USART3_IRQHandler
                0x080002c8                CRYP_IRQHandler
                0x080002c8                CAN1_RX1_IRQHandler
                0x080002c8                UART5_IRQHandler
                0x080002c8                DMA2_Stream0_IRQHandler
                0x080002c8                TIM4_IRQHandler
                0x080002c8                DMA1_Stream6_IRQHandler
                0x080002c8                DMA1_Stream1_IRQHandler
                0x080002c8                UART4_IRQHandler
                0x080002c8                TIM3_IRQHandler
                0x080002c8                RCC_IRQHandler
                0x080002c8                TIM8_BRK_TIM12_IRQHandler
                0x080002c8                TIM1_TRG_COM_IRQHandler
                0x080002c8                Default_Handler
                0x080002c8                ADC_IRQHandler
                0x080002c8                DMA1_Stream7_IRQHandler
                0x080002c8                TIM7_IRQHandler
                0x080002c8                CAN2_TX_IRQHandler
                0x080002c8                TIM5_IRQHandler
                0x080002c8                DMA2_Stream7_IRQHandler
                0x080002c8                I2C3_EV_IRQHandler
                0x080002c8                EXTI9_5_IRQHandler
                0x080002c8                RTC_WKUP_IRQHandler
                0x080002c8                ETH_WKUP_IRQHandler
                0x080002c8                SPI2_IRQHandler
                0x080002c8                OTG_HS_EP1_IN_IRQHandler
                0x080002c8                DMA1_Stream0_IRQHandler
                0x080002c8                CAN1_TX_IRQHandler
                0x080002c8                EXTI4_IRQHandler
                0x080002c8                FSMC_IRQHandler
                0x080002c8                ETH_IRQHandler
                0x080002c8                OTG_HS_EP1_OUT_IRQHandler
                0x080002c8                WWDG_IRQHandler
                0x080002c8                TIM2_IRQHandler
                0x080002c8                OTG_FS_WKUP_IRQHandler
                0x080002c8                TIM1_TRG_COM_TIM11_IRQHandler
                0x080002c8                OTG_HS_IRQHandler
                0x080002c8                EXTI1_IRQHandler
                0x080002c8                USART2_IRQHandler
                0x080002c8                I2C2_ER_IRQHandler
                0x080002c8                DMA2_Stream1_IRQHandler
                0x080002c8                CAN1_SCE_IRQHandler
                0x080002c8                FLASH_IRQHandler
                0x080002c8                DMA2_Stream4_IRQHandler
                0x080002c8                USART1_IRQHandler
                0x080002c8                OTG_FS_IRQHandler
                0x080002c8                SPI3_IRQHandler
                0x080002c8                DMA1_Stream4_IRQHandler
                0x080002c8                DMA2_Stream6_IRQHandler
                0x080002c8                DMA1_Stream3_IRQHandler
                0x080002cc                . = ALIGN (0x4)

.inits          0x080002cc        0x4
                0x080002cc                . = ALIGN (0x4)
 *(.init)
 *(.fini)
                0x080002cc                . = ALIGN (0x4)
                0x080002cc                PROVIDE (__preinit_array_start, .)
 *(.preinit_array_sysinit .preinit_array_sysinit.*)
 *(.preinit_array_platform .preinit_array_platform.*)
 *(.preinit_array .preinit_array.*)
                0x080002cc                PROVIDE (__preinit_array_end, .)
                0x080002cc                . = ALIGN (0x4)
                0x080002cc                PROVIDE (__init_array_start, .)
 *(SORT(.init_array.*))
 *(.init_array)
 .init_array    0x080002cc        0x4 ./src/main.o
                0x080002d0                PROVIDE (__init_array_end, .)
                0x080002d0                . = ALIGN (0x4)
                0x080002d0                PROVIDE (__fini_array_start, .)
 *(SORT(.fini_array.*))
 *(.fini_array)
                0x080002d0                PROVIDE (__fini_array_end, .)
                0x080002d0                . = ALIGN (0x4)

.flashtext      0x080002d0        0x0
                0x080002d0                . = ALIGN (0x4)
 *(.flashtext .flashtext.*)
                0x080002d0                . = ALIGN (0x4)

.text           0x080002d0     0x9564
                0x080002d0                . = ALIGN (0x4)
 *(.text .text.*)
 .text.NVIC_PriorityGroupConfig
                0x080002d0       0x3c ./system/src/stm32f2-stdperiph/misc.o
                0x080002d0                NVIC_PriorityGroupConfig
 .text.NVIC_Init
                0x0800030c       0xa0 ./system/src/stm32f2-stdperiph/misc.o
                0x0800030c                NVIC_Init
 .text.EXTI_Init
                0x080003ac       0xcc ./system/src/stm32f2-stdperiph/stm32f2xx_exti.o
                0x080003ac                EXTI_Init
 .text.EXTI_ClearFlag
                0x08000478       0x24 ./system/src/stm32f2-stdperiph/stm32f2xx_exti.o
                0x08000478                EXTI_ClearFlag
 .text.EXTI_GetITStatus
                0x0800049c       0xa4 ./system/src/stm32f2-stdperiph/stm32f2xx_exti.o
                0x0800049c                EXTI_GetITStatus
 .text.EXTI_ClearITPendingBit
                0x08000540       0x24 ./system/src/stm32f2-stdperiph/stm32f2xx_exti.o
                0x08000540                EXTI_ClearITPendingBit
 .text.GPIO_Init
                0x08000564      0x14c ./system/src/stm32f2-stdperiph/stm32f2xx_gpio.o
                0x08000564                GPIO_Init
 .text.GPIO_ReadInputDataBit
                0x080006b0       0xc4 ./system/src/stm32f2-stdperiph/stm32f2xx_gpio.o
                0x080006b0                GPIO_ReadInputDataBit
 .text.GPIO_WriteBit
                0x08000774       0xe0 ./system/src/stm32f2-stdperiph/stm32f2xx_gpio.o
                0x08000774                GPIO_WriteBit
 .text.GPIO_PinAFConfig
                0x08000854       0xa4 ./system/src/stm32f2-stdperiph/stm32f2xx_gpio.o
                0x08000854                GPIO_PinAFConfig
 .text.I2C_DeInit
                0x080008f8       0x74 ./system/src/stm32f2-stdperiph/stm32f2xx_i2c.o
                0x080008f8                I2C_DeInit
 .text.I2C_Init
                0x0800096c      0x198 ./system/src/stm32f2-stdperiph/stm32f2xx_i2c.o
                0x0800096c                I2C_Init
 .text.I2C_Cmd  0x08000b04       0x5c ./system/src/stm32f2-stdperiph/stm32f2xx_i2c.o
                0x08000b04                I2C_Cmd
 .text.I2C_SoftwareResetCmd
                0x08000b60       0x5c ./system/src/stm32f2-stdperiph/stm32f2xx_i2c.o
                0x08000b60                I2C_SoftwareResetCmd
 .text.I2C_SendData
                0x08000bbc       0x34 ./system/src/stm32f2-stdperiph/stm32f2xx_i2c.o
                0x08000bbc                I2C_SendData
 .text.I2C_ReadRegister
                0x08000bf0       0x60 ./system/src/stm32f2-stdperiph/stm32f2xx_i2c.o
                0x08000bf0                I2C_ReadRegister
 .text.I2C_ITConfig
                0x08000c50       0x6c ./system/src/stm32f2-stdperiph/stm32f2xx_i2c.o
                0x08000c50                I2C_ITConfig
 .text.I2C_GetLastEvent
                0x08000cbc       0x3c ./system/src/stm32f2-stdperiph/stm32f2xx_i2c.o
                0x08000cbc                I2C_GetLastEvent
 .text.I2C_GetFlagStatus
                0x08000cf8       0xfc ./system/src/stm32f2-stdperiph/stm32f2xx_i2c.o
                0x08000cf8                I2C_GetFlagStatus
 .text.RCC_GetClocksFreq
                0x08000df4       0xa8 ./system/src/stm32f2-stdperiph/stm32f2xx_rcc.o
                0x08000df4                RCC_GetClocksFreq
 .text.RCC_AHB1PeriphClockCmd
                0x08000e9c       0x50 ./system/src/stm32f2-stdperiph/stm32f2xx_rcc.o
                0x08000e9c                RCC_AHB1PeriphClockCmd
 .text.RCC_AHB3PeriphClockCmd
                0x08000eec       0x4c ./system/src/stm32f2-stdperiph/stm32f2xx_rcc.o
                0x08000eec                RCC_AHB3PeriphClockCmd
 .text.RCC_APB1PeriphClockCmd
                0x08000f38       0x50 ./system/src/stm32f2-stdperiph/stm32f2xx_rcc.o
                0x08000f38                RCC_APB1PeriphClockCmd
 .text.RCC_APB2PeriphClockCmd
                0x08000f88       0x50 ./system/src/stm32f2-stdperiph/stm32f2xx_rcc.o
                0x08000f88                RCC_APB2PeriphClockCmd
 .text.RCC_APB1PeriphResetCmd
                0x08000fd8       0x50 ./system/src/stm32f2-stdperiph/stm32f2xx_rcc.o
                0x08000fd8                RCC_APB1PeriphResetCmd
 .text.SYSCFG_EXTILineConfig
                0x08001028       0x4c ./system/src/stm32f2-stdperiph/stm32f2xx_syscfg.o
                0x08001028                SYSCFG_EXTILineConfig
 .text._exit    0x08001074        0x4 ./system/src/newlib/_exit.o
                0x08001074                _exit
 .text.abort    0x08001078       0x14 ./system/src/newlib/_exit.o
                0x08001078                abort
 .text._sbrk    0x0800108c       0x40 ./system/src/newlib/_sbrk.o
                0x0800108c                _sbrk
 .text.__initialize_args
                0x080010cc       0x10 ./system/src/newlib/_syscalls.o
                0x080010cc                __initialize_args
 .text.assert_failed
                0x080010dc       0x18 ./system/src/newlib/assert.o
                0x080010dc                assert_failed
 .text.trace_printf
                0x080010f4       0x34 ./system/src/diag/Trace.o
                0x080010f4                trace_printf
 .text.trace_puts
                0x08001128       0x20 ./system/src/diag/Trace.o
                0x08001128                trace_puts
 .text.trace_write
                0x08001148       0x58 ./system/src/diag/trace_impl.o
                0x08001148                trace_write
 .text.__initialize_hardware_early
                0x080011a0        0x4 ./system/src/cortexm/_initialize_hardware.o
                0x080011a0                __initialize_hardware_early
 .text.__initialize_hardware
                0x080011a4        0x4 ./system/src/cortexm/_initialize_hardware.o
                0x080011a4                __initialize_hardware
 .text.SystemInit
                0x080011a8       0xdc ./system/src/cmsis/system_stm32f2xx.o
                0x080011a8                SystemInit
 .text.SystemCoreClockUpdate
                0x08001284       0x84 ./system/src/cmsis/system_stm32f2xx.o
                0x08001284                SystemCoreClockUpdate
 .text._Z12LCD_LOG_Initv
                0x08001308       0x84 ./src/Drivers/LCD/lcd_log.o
                0x08001308                LCD_LOG_Init()
 .text._Z17LCD_LOG_SetHeaderPh
                0x0800138c       0x9c ./src/Drivers/LCD/lcd_log.o
                0x0800138c                LCD_LOG_SetHeader(unsigned char*)
 .text.STM_EVAL_PBInit
                0x08001428       0xb0 ./src/Drivers/LCD/stm322xg_eval.o
                0x08001428                STM_EVAL_PBInit
 .text.LCD_SetTextColor
                0x080014d8       0x18 ./src/Drivers/LCD/stm322xg_eval_lcd.o
                0x080014d8                LCD_SetTextColor
 .text.LCD_SetBackColor
                0x080014f0       0x18 ./src/Drivers/LCD/stm322xg_eval_lcd.o
                0x080014f0                LCD_SetBackColor
 .text.LCD_SetFont
                0x08001508        0xc ./src/Drivers/LCD/stm322xg_eval_lcd.o
                0x08001508                LCD_SetFont
 .text.LCD_GetFont
                0x08001514        0xc ./src/Drivers/LCD/stm322xg_eval_lcd.o
                0x08001514                LCD_GetFont
 .text.LCD_ClearLine
                0x08001520      0x110 ./src/Drivers/LCD/stm322xg_eval_lcd.o
                0x08001520                LCD_ClearLine
 .text.LCD_Clear
                0x08001630       0x30 ./src/Drivers/LCD/stm322xg_eval_lcd.o
                0x08001630                LCD_Clear
 .text.LCD_DisplayStringLine
                0x08001660      0x138 ./src/Drivers/LCD/stm322xg_eval_lcd.o
                0x08001660                LCD_DisplayStringLine
 .text.LCD_CtrlLinesConfig
                0x08001798      0x138 ./src/Drivers/LCD/stm322xg_eval_lcd.o
                0x08001798                LCD_CtrlLinesConfig
 .text.STM322xG_LCD_Init
                0x080018d0      0x5d8 ./src/Drivers/LCD/stm322xg_eval_lcd.o
                0x080018d0                STM322xG_LCD_Init
 .text.FSMC_NORSRAMInit
                0x08001ea8      0x280 ./src/Drivers/LCD/stm32f2xx_fsmc.o
                0x08001ea8                FSMC_NORSRAMInit
 .text.FSMC_NORSRAMCmd
                0x08002128       0x50 ./src/Drivers/LCD/stm32f2xx_fsmc.o
                0x08002128                FSMC_NORSRAMCmd
 .text._Z8init_lcdv
                0x08002178       0x18 ./src/main.o
                0x08002178                init_lcd()
 .text._Z20init_gpio_interruptsv
                0x08002190       0x84 ./src/main.o
                0x08002190                init_gpio_interrupts()
 .text.I2C1_ER_IRQHandler
                0x08002214       0x20 ./src/main.o
                0x08002214                I2C1_ER_IRQHandler
 .text.I2C1_EV_IRQHandler
                0x08002234       0x78 ./src/main.o
                0x08002234                I2C1_EV_IRQHandler
 .text.EXTI15_10_IRQHandler
                0x080022ac       0x20 ./src/main.o
                0x080022ac                EXTI15_10_IRQHandler
 .text.EXTI0_IRQHandler
                0x080022cc       0x6c ./src/main.o
                0x080022cc                EXTI0_IRQHandler
 .text.EXTI2_IRQHandler
                0x08002338      0x114 ./src/main.o
                0x08002338                EXTI2_IRQHandler
 .text.startup.main
                0x0800244c      0x150 ./src/main.o
                0x0800244c                main
 .text.startup._GLOBAL__sub_I_sdaPortIn
                0x0800259c       0xb8 ./src/main.o
 .text          0x08002654      0x370 c:/program files (x86)/gnu tools arm embedded/4.9 2014q4/bin/../lib/gcc/arm-none-eabi/4.9.3/armv7-m\libgcc.a(_arm_addsubdf3.o)
                0x08002654                __aeabi_drsub
                0x0800265c                __aeabi_dsub
                0x0800265c                __subdf3
                0x08002660                __aeabi_dadd
                0x08002660                __adddf3
                0x080028d8                __floatunsidf
                0x080028d8                __aeabi_ui2d
                0x080028f8                __floatsidf
                0x080028f8                __aeabi_i2d
                0x0800291c                __aeabi_f2d
                0x0800291c                __extendsfdf2
                0x08002958                __floatundidf
                0x08002958                __aeabi_ul2d
                0x08002968                __floatdidf
                0x08002968                __aeabi_l2d
 .text          0x080029c4      0x110 c:/program files (x86)/gnu tools arm embedded/4.9 2014q4/bin/../lib/gcc/arm-none-eabi/4.9.3/armv7-m\libgcc.a(_arm_cmpdf2.o)
                0x080029c4                __gtdf2
                0x080029c4                __gedf2
                0x080029cc                __ltdf2
                0x080029cc                __ledf2
                0x080029d4                __nedf2
                0x080029d4                __eqdf2
                0x080029d4                __cmpdf2
                0x08002a50                __aeabi_cdrcmple
                0x08002a60                __aeabi_cdcmpeq
                0x08002a60                __aeabi_cdcmple
                0x08002a70                __aeabi_dcmpeq
                0x08002a84                __aeabi_dcmplt
                0x08002a98                __aeabi_dcmple
                0x08002aac                __aeabi_dcmpge
                0x08002ac0                __aeabi_dcmpgt
 .text.__errno  0x08002ad4        0xc c:/program files (x86)/gnu tools arm embedded/4.9 2014q4/bin/../lib/gcc/arm-none-eabi/4.9.3/../../../../arm-none-eabi/lib/armv7-m\libg.a(lib_a-errno.o)
                0x08002ad4                __errno
 .text          0x08002ae0       0xec c:/program files (x86)/gnu tools arm embedded/4.9 2014q4/bin/../lib/gcc/arm-none-eabi/4.9.3/../../../../arm-none-eabi/lib/armv7-m\libg.a(lib_a-memcpy.o)
                0x08002ae0                memcpy
 .text.memset   0x08002bcc       0x9c c:/program files (x86)/gnu tools arm embedded/4.9 2014q4/bin/../lib/gcc/arm-none-eabi/4.9.3/../../../../arm-none-eabi/lib/armv7-m\libg.a(lib_a-memset.o)
                0x08002bcc                memset
 .text.strlen   0x08002c68       0x5c c:/program files (x86)/gnu tools arm embedded/4.9 2014q4/bin/../lib/gcc/arm-none-eabi/4.9.3/../../../../arm-none-eabi/lib/armv7-m\libg.a(lib_a-strlen.o)
                0x08002c68                strlen
 .text._svfprintf_r
                0x08002cc4     0x14f4 c:/program files (x86)/gnu tools arm embedded/4.9 2014q4/bin/../lib/gcc/arm-none-eabi/4.9.3/../../../../arm-none-eabi/lib/armv7-m\libg.a(lib_a-svfprintf.o)
                0x08002cc4                _svfprintf_r
 .text._vsnprintf_r
                0x080041b8       0x70 c:/program files (x86)/gnu tools arm embedded/4.9 2014q4/bin/../lib/gcc/arm-none-eabi/4.9.3/../../../../arm-none-eabi/lib/armv7-m\libg.a(lib_a-vsnprintf.o)
                0x080041b8                _vsnprintf_r
 .text.vsnprintf
                0x08004228       0x20 c:/program files (x86)/gnu tools arm embedded/4.9 2014q4/bin/../lib/gcc/arm-none-eabi/4.9.3/../../../../arm-none-eabi/lib/armv7-m\libg.a(lib_a-vsnprintf.o)
                0x08004228                vsnprintf
 .text.quorem   0x08004248      0x130 c:/program files (x86)/gnu tools arm embedded/4.9 2014q4/bin/../lib/gcc/arm-none-eabi/4.9.3/../../../../arm-none-eabi/lib/armv7-m\libg.a(lib_a-dtoa.o)
 .text._dtoa_r  0x08004378      0xea8 c:/program files (x86)/gnu tools arm embedded/4.9 2014q4/bin/../lib/gcc/arm-none-eabi/4.9.3/../../../../arm-none-eabi/lib/armv7-m\libg.a(lib_a-dtoa.o)
                0x08004378                _dtoa_r
 .text._localeconv_r
                0x08005220        0x8 c:/program files (x86)/gnu tools arm embedded/4.9 2014q4/bin/../lib/gcc/arm-none-eabi/4.9.3/../../../../arm-none-eabi/lib/armv7-m\libg.a(lib_a-locale.o)
                0x08005220                _localeconv_r
 .text._malloc_r
                0x08005228      0x504 c:/program files (x86)/gnu tools arm embedded/4.9 2014q4/bin/../lib/gcc/arm-none-eabi/4.9.3/../../../../arm-none-eabi/lib/armv7-m\libg.a(lib_a-mallocr.o)
                0x08005228                _malloc_r
 .text.memchr   0x0800572c       0x94 c:/program files (x86)/gnu tools arm embedded/4.9 2014q4/bin/../lib/gcc/arm-none-eabi/4.9.3/../../../../arm-none-eabi/lib/armv7-m\libg.a(lib_a-memchr.o)
                0x0800572c                memchr
 .text.__malloc_lock
                0x080057c0        0x4 c:/program files (x86)/gnu tools arm embedded/4.9 2014q4/bin/../lib/gcc/arm-none-eabi/4.9.3/../../../../arm-none-eabi/lib/armv7-m\libg.a(lib_a-mlock.o)
                0x080057c0                __malloc_lock
 .text.__malloc_unlock
                0x080057c4        0x4 c:/program files (x86)/gnu tools arm embedded/4.9 2014q4/bin/../lib/gcc/arm-none-eabi/4.9.3/../../../../arm-none-eabi/lib/armv7-m\libg.a(lib_a-mlock.o)
                0x080057c4                __malloc_unlock
 .text._Balloc  0x080057c8       0x50 c:/program files (x86)/gnu tools arm embedded/4.9 2014q4/bin/../lib/gcc/arm-none-eabi/4.9.3/../../../../arm-none-eabi/lib/armv7-m\libg.a(lib_a-mprec.o)
                0x080057c8                _Balloc
 .text._Bfree   0x08005818       0x14 c:/program files (x86)/gnu tools arm embedded/4.9 2014q4/bin/../lib/gcc/arm-none-eabi/4.9.3/../../../../arm-none-eabi/lib/armv7-m\libg.a(lib_a-mprec.o)
                0x08005818                _Bfree
 .text.__multadd
                0x0800582c       0x84 c:/program files (x86)/gnu tools arm embedded/4.9 2014q4/bin/../lib/gcc/arm-none-eabi/4.9.3/../../../../arm-none-eabi/lib/armv7-m\libg.a(lib_a-mprec.o)
                0x0800582c                __multadd
 .text.__hi0bits
                0x080058b0       0x40 c:/program files (x86)/gnu tools arm embedded/4.9 2014q4/bin/../lib/gcc/arm-none-eabi/4.9.3/../../../../arm-none-eabi/lib/armv7-m\libg.a(lib_a-mprec.o)
                0x080058b0                __hi0bits
 .text.__lo0bits
                0x080058f0       0x5c c:/program files (x86)/gnu tools arm embedded/4.9 2014q4/bin/../lib/gcc/arm-none-eabi/4.9.3/../../../../arm-none-eabi/lib/armv7-m\libg.a(lib_a-mprec.o)
                0x080058f0                __lo0bits
 .text.__i2b    0x0800594c       0x14 c:/program files (x86)/gnu tools arm embedded/4.9 2014q4/bin/../lib/gcc/arm-none-eabi/4.9.3/../../../../arm-none-eabi/lib/armv7-m\libg.a(lib_a-mprec.o)
                0x0800594c                __i2b
 .text.__multiply
                0x08005960      0x140 c:/program files (x86)/gnu tools arm embedded/4.9 2014q4/bin/../lib/gcc/arm-none-eabi/4.9.3/../../../../arm-none-eabi/lib/armv7-m\libg.a(lib_a-mprec.o)
                0x08005960                __multiply
 .text.__pow5mult
                0x08005aa0       0xa0 c:/program files (x86)/gnu tools arm embedded/4.9 2014q4/bin/../lib/gcc/arm-none-eabi/4.9.3/../../../../arm-none-eabi/lib/armv7-m\libg.a(lib_a-mprec.o)
                0x08005aa0                __pow5mult
 .text.__lshift
                0x08005b40       0xb0 c:/program files (x86)/gnu tools arm embedded/4.9 2014q4/bin/../lib/gcc/arm-none-eabi/4.9.3/../../../../arm-none-eabi/lib/armv7-m\libg.a(lib_a-mprec.o)
                0x08005b40                __lshift
 .text.__mcmp   0x08005bf0       0x48 c:/program files (x86)/gnu tools arm embedded/4.9 2014q4/bin/../lib/gcc/arm-none-eabi/4.9.3/../../../../arm-none-eabi/lib/armv7-m\libg.a(lib_a-mprec.o)
                0x08005bf0                __mcmp
 .text.__mdiff  0x08005c38       0xe4 c:/program files (x86)/gnu tools arm embedded/4.9 2014q4/bin/../lib/gcc/arm-none-eabi/4.9.3/../../../../arm-none-eabi/lib/armv7-m\libg.a(lib_a-mprec.o)
                0x08005c38                __mdiff
 .text.__d2b    0x08005d1c       0xa8 c:/program files (x86)/gnu tools arm embedded/4.9 2014q4/bin/../lib/gcc/arm-none-eabi/4.9.3/../../../../arm-none-eabi/lib/armv7-m\libg.a(lib_a-mprec.o)
                0x08005d1c                __d2b
 .text.__fpclassifyd
                0x08005dc4       0x58 c:/program files (x86)/gnu tools arm embedded/4.9 2014q4/bin/../lib/gcc/arm-none-eabi/4.9.3/../../../../arm-none-eabi/lib/armv7-m\libg.a(lib_a-s_fpclassify.o)
                0x08005dc4                __fpclassifyd
 .text._sbrk_r  0x08005e1c       0x24 c:/program files (x86)/gnu tools arm embedded/4.9 2014q4/bin/../lib/gcc/arm-none-eabi/4.9.3/../../../../arm-none-eabi/lib/armv7-m\libg.a(lib_a-sbrkr.o)
                0x08005e1c                _sbrk_r
 .text.__ssprint_r
                0x08005e40      0x104 c:/program files (x86)/gnu tools arm embedded/4.9 2014q4/bin/../lib/gcc/arm-none-eabi/4.9.3/../../../../arm-none-eabi/lib/armv7-m\libg.a(lib_a-svfiprintf.o)
                0x08005e40                __ssprint_r
 .text._calloc_r
                0x08005f44       0x60 c:/program files (x86)/gnu tools arm embedded/4.9 2014q4/bin/../lib/gcc/arm-none-eabi/4.9.3/../../../../arm-none-eabi/lib/armv7-m\libg.a(lib_a-callocr.o)
                0x08005f44                _calloc_r
 .text._malloc_trim_r
                0x08005fa4       0x9c c:/program files (x86)/gnu tools arm embedded/4.9 2014q4/bin/../lib/gcc/arm-none-eabi/4.9.3/../../../../arm-none-eabi/lib/armv7-m\libg.a(lib_a-freer.o)
                0x08005fa4                _malloc_trim_r
 .text._free_r  0x08006040      0x1b0 c:/program files (x86)/gnu tools arm embedded/4.9 2014q4/bin/../lib/gcc/arm-none-eabi/4.9.3/../../../../arm-none-eabi/lib/armv7-m\libg.a(lib_a-freer.o)
                0x08006040                _free_r
 .text.memmove  0x080061f0       0xc8 c:/program files (x86)/gnu tools arm embedded/4.9 2014q4/bin/../lib/gcc/arm-none-eabi/4.9.3/../../../../arm-none-eabi/lib/armv7-m\libg.a(lib_a-memmove.o)
                0x080061f0                memmove
 .text._realloc_r
                0x080062b8      0x3e0 c:/program files (x86)/gnu tools arm embedded/4.9 2014q4/bin/../lib/gcc/arm-none-eabi/4.9.3/../../../../arm-none-eabi/lib/armv7-m\libg.a(lib_a-reallocr.o)
                0x080062b8                _realloc_r
 .text          0x08006698      0x424 c:/program files (x86)/gnu tools arm embedded/4.9 2014q4/bin/../lib/gcc/arm-none-eabi/4.9.3/armv7-m\libgcc.a(_arm_muldivdf3.o)
                0x08006698                __aeabi_dmul
                0x08006698                __muldf3
                0x080068ec                __divdf3
                0x080068ec                __aeabi_ddiv
 .text          0x08006abc       0x50 c:/program files (x86)/gnu tools arm embedded/4.9 2014q4/bin/../lib/gcc/arm-none-eabi/4.9.3/armv7-m\libgcc.a(_arm_fixdfsi.o)
                0x08006abc                __aeabi_d2iz
                0x08006abc                __fixdfsi
 .text          0x08006b0c       0x2c c:/program files (x86)/gnu tools arm embedded/4.9 2014q4/bin/../lib/gcc/arm-none-eabi/4.9.3/armv7-m\libgcc.a(_aeabi_uldivmod.o)
                0x08006b0c                __aeabi_uldivmod
 .text          0x08006b38       0x60 c:/program files (x86)/gnu tools arm embedded/4.9 2014q4/bin/../lib/gcc/arm-none-eabi/4.9.3/armv7-m\libgcc.a(bpabi.o)
                0x08006b38                __gnu_ldivmod_helper
                0x08006b68                __gnu_uldivmod_helper
 .text          0x08006b98        0x4 c:/program files (x86)/gnu tools arm embedded/4.9 2014q4/bin/../lib/gcc/arm-none-eabi/4.9.3/armv7-m\libgcc.a(_dvmd_tls.o)
                0x08006b98                __aeabi_idiv0
                0x08006b98                __aeabi_ldiv0
 .text          0x08006b9c      0x2ac c:/program files (x86)/gnu tools arm embedded/4.9 2014q4/bin/../lib/gcc/arm-none-eabi/4.9.3/armv7-m\libgcc.a(_divdi3.o)
                0x08006b9c                __divdi3
 .text          0x08006e48      0x270 c:/program files (x86)/gnu tools arm embedded/4.9 2014q4/bin/../lib/gcc/arm-none-eabi/4.9.3/armv7-m\libgcc.a(_udivdi3.o)
                0x08006e48                __udivdi3
 *(.rodata .rodata.*)
 .rodata.str1.4
                0x080070b8       0x27 ./system/src/stm32f2-stdperiph/misc.o
                                 0x28 (size before relaxing)
 *fill*         0x080070df        0x1 
 .rodata.str1.4
                0x080070e0       0x31 ./system/src/stm32f2-stdperiph/stm32f2xx_exti.o
                                 0x34 (size before relaxing)
 *fill*         0x08007111        0x3 
 .rodata.str1.4
                0x08007114       0x31 ./system/src/stm32f2-stdperiph/stm32f2xx_gpio.o
                                 0x34 (size before relaxing)
 *fill*         0x08007145        0x3 
 .rodata.str1.4
                0x08007148       0x30 ./system/src/stm32f2-stdperiph/stm32f2xx_i2c.o
 .rodata.str1.4
                0x08007178       0x30 ./system/src/stm32f2-stdperiph/stm32f2xx_rcc.o
 .rodata.str1.4
                0x080071a8       0x33 ./system/src/stm32f2-stdperiph/stm32f2xx_syscfg.o
                                 0x34 (size before relaxing)
 *fill*         0x080071db        0x1 
 .rodata.str1.4
                0x080071dc       0x14 ./system/src/newlib/_exit.o
 .rodata.str1.4
                0x080071f0       0x6b ./system/src/newlib/assert.o
                                 0x70 (size before relaxing)
 *fill*         0x0800725b        0x1 
 .rodata.str1.4
                0x0800725c       0x2d ./system/src/diag/Trace.o
                                 0x30 (size before relaxing)
 *fill*         0x08007289        0x3 
 .rodata._ZL16ASCII16x24_Table
                0x0800728c     0x11d0 ./src/Drivers/LCD/fonts.o
 .rodata._ZL15ASCII8x12_Table
                0x0800845c      0x900 ./src/Drivers/LCD/fonts.o
 .rodata._ZL16ASCII12x12_Table
                0x08008d5c      0x900 ./src/Drivers/LCD/fonts.o
 .rodata._ZL17BUTTON_PIN_SOURCE
                0x0800965c        0x4 ./src/Drivers/LCD/stm322xg_eval.o
 .rodata._ZL10BUTTON_CLK
                0x08009660        0xc ./src/Drivers/LCD/stm322xg_eval.o
 .rodata._ZL16BUTTON_EXTI_LINE
                0x0800966c        0x8 ./src/Drivers/LCD/stm322xg_eval.o
 .rodata._ZL10BUTTON_PIN
                0x08009674        0x8 ./src/Drivers/LCD/stm322xg_eval.o
 .rodata._ZL11BUTTON_IRQn
                0x0800967c        0x4 ./src/Drivers/LCD/stm322xg_eval.o
 .rodata._ZL18BUTTON_PORT_SOURCE
                0x08009680        0x4 ./src/Drivers/LCD/stm322xg_eval.o
 .rodata.str1.4
                0x08009684       0x24 ./src/Drivers/LCD/stm32f2xx_fsmc.o
 .rodata.str1.4
                0x080096a8        0xc ./src/main.o
 .rodata.str1.4
                0x080096b4        0x2 c:/program files (x86)/gnu tools arm embedded/4.9 2014q4/bin/../lib/gcc/arm-none-eabi/4.9.3/../../../../arm-none-eabi/lib/armv7-m\libg.a(lib_a-impure.o)
                                  0x4 (size before relaxing)
 *fill*         0x080096b6        0x2 
 .rodata.blanks.6794
                0x080096b8       0x10 c:/program files (x86)/gnu tools arm embedded/4.9 2014q4/bin/../lib/gcc/arm-none-eabi/4.9.3/../../../../arm-none-eabi/lib/armv7-m\libg.a(lib_a-svfprintf.o)
 .rodata.str1.4
                0x080096c8       0x42 c:/program files (x86)/gnu tools arm embedded/4.9 2014q4/bin/../lib/gcc/arm-none-eabi/4.9.3/../../../../arm-none-eabi/lib/armv7-m\libg.a(lib_a-svfprintf.o)
                                 0x44 (size before relaxing)
 *fill*         0x0800970a        0x2 
 .rodata.zeroes.6795
                0x0800970c       0x10 c:/program files (x86)/gnu tools arm embedded/4.9 2014q4/bin/../lib/gcc/arm-none-eabi/4.9.3/../../../../arm-none-eabi/lib/armv7-m\libg.a(lib_a-svfprintf.o)
 .rodata.str1.4
                0x0800971c       0x10 c:/program files (x86)/gnu tools arm embedded/4.9 2014q4/bin/../lib/gcc/arm-none-eabi/4.9.3/../../../../arm-none-eabi/lib/armv7-m\libg.a(lib_a-dtoa.o)
                                 0x14 (size before relaxing)
 .rodata.str1.4
                0x0800972c        0xc c:/program files (x86)/gnu tools arm embedded/4.9 2014q4/bin/../lib/gcc/arm-none-eabi/4.9.3/../../../../arm-none-eabi/lib/armv7-m\libg.a(lib_a-locale.o)
                                 0x14 (size before relaxing)
 .rodata.__mprec_tens
                0x08009738       0xc8 c:/program files (x86)/gnu tools arm embedded/4.9 2014q4/bin/../lib/gcc/arm-none-eabi/4.9.3/../../../../arm-none-eabi/lib/armv7-m\libg.a(lib_a-mprec.o)
                0x08009738                __mprec_tens
 .rodata.__mprec_bigtens
                0x08009800       0x28 c:/program files (x86)/gnu tools arm embedded/4.9 2014q4/bin/../lib/gcc/arm-none-eabi/4.9.3/../../../../arm-none-eabi/lib/armv7-m\libg.a(lib_a-mprec.o)
                0x08009800                __mprec_bigtens
 .rodata.p05.5265
                0x08009828        0xc c:/program files (x86)/gnu tools arm embedded/4.9 2014q4/bin/../lib/gcc/arm-none-eabi/4.9.3/../../../../arm-none-eabi/lib/armv7-m\libg.a(lib_a-mprec.o)
 *(vtable)
 *(.eh_frame*)
 .eh_frame      0x08009834        0x0 c:/program files (x86)/gnu tools arm embedded/4.9 2014q4/bin/../lib/gcc/arm-none-eabi/4.9.3/../../../../arm-none-eabi/lib/armv7-m\libg.a(lib_a-strcmp.o)
                                 0x38 (size before relaxing)
 *(.glue_7)
 .glue_7        0x00000000        0x0 linker stubs
 *(.glue_7t)
 .glue_7t       0x00000000        0x0 linker stubs

.vfp11_veneer   0x08009834        0x0
 .vfp11_veneer  0x00000000        0x0 linker stubs

.v4_bx          0x08009834        0x0
 .v4_bx         0x00000000        0x0 linker stubs

.iplt           0x08009834        0x0
 .iplt          0x00000000        0x0 ./system/src/stm32f2-stdperiph/misc.o

.ARM.extab
 *(.ARM.extab* .gnu.linkonce.armextab.*)
                0x08009834                __exidx_start = .

.ARM.exidx      0x08009834        0x8
 *(.ARM.exidx* .gnu.linkonce.armexidx.*)
 .ARM.exidx     0x08009834        0x8 c:/program files (x86)/gnu tools arm embedded/4.9 2014q4/bin/../lib/gcc/arm-none-eabi/4.9.3/armv7-m\libgcc.a(_divdi3.o)
 .ARM.exidx     0x0800983c        0x0 c:/program files (x86)/gnu tools arm embedded/4.9 2014q4/bin/../lib/gcc/arm-none-eabi/4.9.3/armv7-m\libgcc.a(_udivdi3.o)
                                  0x8 (size before relaxing)
                0x0800983c                __exidx_end = .

.rel.dyn        0x0800983c        0x0
 .rel.iplt      0x00000000        0x0 ./system/src/stm32f2-stdperiph/misc.o
                0x0800983c                . = ALIGN (0x4)
                0x0800983c                _etext = .
                0x0800983c                __etext = .
                0x0800983c                _sidata = _etext

.data           0x20000000      0x8d8 load address 0x0800983c
                0x20000000                . = ALIGN (0x4)
                0x20000000                _sdata = .
                0x20000000                __data_start__ = .
 *(.data_begin .data_begin.*)
 .data_begin    0x20000000        0x4 ./system/src/newlib/_startup.o
 *(.data .data.*)
 .data.APBAHBPrescTable
                0x20000004       0x10 ./system/src/stm32f2-stdperiph/stm32f2xx_rcc.o
 .data.argv.4510
                0x20000014        0x8 ./system/src/newlib/_syscalls.o
 .data.AHBPrescTable
                0x2000001c       0x10 ./system/src/cmsis/system_stm32f2xx.o
                0x2000001c                AHBPrescTable
 .data.SystemCoreClock
                0x2000002c        0x4 ./system/src/cmsis/system_stm32f2xx.o
                0x2000002c                SystemCoreClock
 .data.Font8x12
                0x20000030        0x8 ./src/Drivers/LCD/fonts.o
                0x20000030                Font8x12
 .data.Font12x12
                0x20000038        0x8 ./src/Drivers/LCD/fonts.o
                0x20000038                Font12x12
 .data.Font16x24
                0x20000040        0x8 ./src/Drivers/LCD/fonts.o
                0x20000040                Font16x24
 .data.BUTTON_PORT
                0x20000048        0xc ./src/Drivers/LCD/stm322xg_eval.o
                0x20000048                BUTTON_PORT
 .data.BackColor
                0x20000054        0x2 ./src/Drivers/LCD/stm322xg_eval_lcd.o
                0x20000054                BackColor
 *fill*         0x20000056        0x2 
 .data.address_to_intercept
                0x20000058        0x4 ./src/main.o
                0x20000058                address_to_intercept
 *fill*         0x2000005c        0x4 
 .data.impure_data
                0x20000060      0x428 c:/program files (x86)/gnu tools arm embedded/4.9 2014q4/bin/../lib/gcc/arm-none-eabi/4.9.3/../../../../arm-none-eabi/lib/armv7-m\libg.a(lib_a-impure.o)
 .data._impure_ptr
                0x20000488        0x4 c:/program files (x86)/gnu tools arm embedded/4.9 2014q4/bin/../lib/gcc/arm-none-eabi/4.9.3/../../../../arm-none-eabi/lib/armv7-m\libg.a(lib_a-impure.o)
                0x20000488                _impure_ptr
 .data.lconv    0x2000048c       0x38 c:/program files (x86)/gnu tools arm embedded/4.9 2014q4/bin/../lib/gcc/arm-none-eabi/4.9.3/../../../../arm-none-eabi/lib/armv7-m\libg.a(lib_a-locale.o)
 .data.__malloc_av_
                0x200004c4      0x408 c:/program files (x86)/gnu tools arm embedded/4.9 2014q4/bin/../lib/gcc/arm-none-eabi/4.9.3/../../../../arm-none-eabi/lib/armv7-m\libg.a(lib_a-mallocr.o)
                0x200004c4                __malloc_av_
 .data.__malloc_trim_threshold
                0x200008cc        0x4 c:/program files (x86)/gnu tools arm embedded/4.9 2014q4/bin/../lib/gcc/arm-none-eabi/4.9.3/../../../../arm-none-eabi/lib/armv7-m\libg.a(lib_a-mallocr.o)
                0x200008cc                __malloc_trim_threshold
 .data.__malloc_sbrk_base
                0x200008d0        0x4 c:/program files (x86)/gnu tools arm embedded/4.9 2014q4/bin/../lib/gcc/arm-none-eabi/4.9.3/../../../../arm-none-eabi/lib/armv7-m\libg.a(lib_a-mallocr.o)
                0x200008d0                __malloc_sbrk_base
 *(.data_end .data_end.*)
 .data_end      0x200008d4        0x4 ./system/src/newlib/_startup.o
                0x200008d8                . = ALIGN (0x4)
                0x200008d8                _edata = .
                0x200008d8                __data_end__ = .

.igot.plt       0x200008d8        0x0 load address 0x0800a114
 .igot.plt      0x00000000        0x0 ./system/src/stm32f2-stdperiph/misc.o

.bss            0x200008d8      0x120 load address 0x0800a114
                0x200008d8                . = ALIGN (0x4)
                0x200008d8                __bss_start__ = .
                0x200008d8                _sbss = .
 *(.bss_begin .bss_begin.*)
 .bss_begin     0x200008d8        0x4 ./system/src/newlib/_startup.o
 *(.bss .bss.*)
 .bss.current_heap_end.4304
                0x200008dc        0x4 ./system/src/newlib/_sbrk.o
 .bss.name.4509
                0x200008e0        0x4 ./system/src/newlib/_syscalls.o
 .bss.buf.5385  0x200008e4       0x80 ./system/src/diag/Trace.o
 .bss.LCD_Scrolled
                0x20000964        0x1 ./src/Drivers/LCD/lcd_log.o
                0x20000964                LCD_Scrolled
 *fill*         0x20000965        0x1 
 .bss.LCD_CacheBuffer_yptr_top
                0x20000966        0x2 ./src/Drivers/LCD/lcd_log.o
                0x20000966                LCD_CacheBuffer_yptr_top
 .bss.LCD_CacheBuffer_yptr_bottom_bak
                0x20000968        0x2 ./src/Drivers/LCD/lcd_log.o
                0x20000968                LCD_CacheBuffer_yptr_bottom_bak
 .bss.LCD_CacheBuffer_yptr_top_bak
                0x2000096a        0x2 ./src/Drivers/LCD/lcd_log.o
                0x2000096a                LCD_CacheBuffer_yptr_top_bak
 .bss.LCD_CacheBuffer_yptr_invert
                0x2000096c        0x1 ./src/Drivers/LCD/lcd_log.o
                0x2000096c                LCD_CacheBuffer_yptr_invert
 .bss.LCD_Lock  0x2000096d        0x1 ./src/Drivers/LCD/lcd_log.o
                0x2000096d                LCD_Lock
 .bss.LCD_CacheBuffer_yptr_bottom
                0x2000096e        0x2 ./src/Drivers/LCD/lcd_log.o
                0x2000096e                LCD_CacheBuffer_yptr_bottom
 .bss.LCD_ScrollActive
                0x20000970        0x1 ./src/Drivers/LCD/lcd_log.o
                0x20000970                LCD_ScrollActive
 *fill*         0x20000971        0x1 
 .bss.LCD_CacheBuffer_xptr
                0x20000972        0x2 ./src/Drivers/LCD/lcd_log.o
                0x20000972                LCD_CacheBuffer_xptr
 .bss.LCD_LineColor
                0x20000974        0x2 ./src/Drivers/LCD/lcd_log.o
                0x20000974                LCD_LineColor
 .bss.LCD_ScrollBackStep
                0x20000976        0x2 ./src/Drivers/LCD/lcd_log.o
                0x20000976                LCD_ScrollBackStep
 .bss._ZL16LCD_Currentfonts
                0x20000978        0x4 ./src/Drivers/LCD/stm322xg_eval_lcd.o
 .bss.TextColor
                0x2000097c        0x2 ./src/Drivers/LCD/stm322xg_eval_lcd.o
                0x2000097c                TextColor
 *fill*         0x2000097e        0x2 
 .bss.sdaPortIn
                0x20000980       0x10 ./src/main.o
                0x20000980                sdaPortIn
 .bss.is_intercepting
                0x20000990        0x1 ./src/main.o
                0x20000990                is_intercepting
 *fill*         0x20000991        0x3 
 .bss.sdaPortOut
                0x20000994       0x10 ./src/main.o
                0x20000994                sdaPortOut
 .bss.is_flip   0x200009a4        0x1 ./src/main.o
                0x200009a4                is_flip
 .bss.match_index
                0x200009a5        0x1 ./src/main.o
                0x200009a5                match_index
 *fill*         0x200009a6        0x2 
 .bss.sclPortIn
                0x200009a8       0x10 ./src/main.o
                0x200009a8                sclPortIn
 .bss._ZZ16EXTI2_IRQHandlerE8temp_bit
                0x200009b8        0x1 ./src/main.o
 .bss.wait_for_start_bit
                0x200009b9        0x1 ./src/main.o
                0x200009b9                wait_for_start_bit
 .bss._ZL8scl_rise
                0x200009ba        0x1 ./src/main.o
 *fill*         0x200009bb        0x1 
 .bss.__malloc_max_total_mem
                0x200009bc        0x4 c:/program files (x86)/gnu tools arm embedded/4.9 2014q4/bin/../lib/gcc/arm-none-eabi/4.9.3/../../../../arm-none-eabi/lib/armv7-m\libg.a(lib_a-mallocr.o)
                0x200009bc                __malloc_max_total_mem
 .bss.__malloc_max_sbrked_mem
                0x200009c0        0x4 c:/program files (x86)/gnu tools arm embedded/4.9 2014q4/bin/../lib/gcc/arm-none-eabi/4.9.3/../../../../arm-none-eabi/lib/armv7-m\libg.a(lib_a-mallocr.o)
                0x200009c0                __malloc_max_sbrked_mem
 .bss.__malloc_top_pad
                0x200009c4        0x4 c:/program files (x86)/gnu tools arm embedded/4.9 2014q4/bin/../lib/gcc/arm-none-eabi/4.9.3/../../../../arm-none-eabi/lib/armv7-m\libg.a(lib_a-mallocr.o)
                0x200009c4                __malloc_top_pad
 .bss.__malloc_current_mallinfo
                0x200009c8       0x28 c:/program files (x86)/gnu tools arm embedded/4.9 2014q4/bin/../lib/gcc/arm-none-eabi/4.9.3/../../../../arm-none-eabi/lib/armv7-m\libg.a(lib_a-mallocr.o)
                0x200009c8                __malloc_current_mallinfo
 *(COMMON)
 COMMON         0x200009f0        0x4 ./system/src/newlib/_syscalls.o
                0x200009f0                errno
 *(.bss_end .bss_end.*)
 .bss_end       0x200009f4        0x4 ./system/src/newlib/_startup.o
                0x200009f8                . = ALIGN (0x4)
                0x200009f8                __bss_end__ = .
                0x200009f8                _ebss = .

.noinit         0x200009f8        0x0
                0x200009f8                . = ALIGN (0x4)
                0x200009f8                _noinit = .
 *(.noinit .noinit.*)
                0x200009f8                . = ALIGN (0x4)
                0x200009f8                _end_noinit = .
                0x200009f8                PROVIDE (end, _end_noinit)
                0x200009f8                PROVIDE (_end, _end_noinit)
                0x200009f8                PROVIDE (__end, _end_noinit)
                0x200009f8                PROVIDE (__end__, _end_noinit)

._check_stack   0x200009f8      0x100 load address 0x0800a234
                0x200009f8                . = ALIGN (0x4)
                0x20000af8                . = (. + _Minimum_Stack_Size)
 *fill*         0x200009f8      0x100 
                0x20000af8                . = ALIGN (0x4)

.bss_CCMRAM
 *(.bss.CCMRAM .bss.CCMRAM.*)

.b1text
 *(.b1text)
 *(.b1rodata)
 *(.b1rodata.*)

.eb0text
 *(.eb0text)
 *(.eb0rodata)
 *(.eb0rodata.*)

.eb1text
 *(.eb1text)
 *(.eb1rodata)
 *(.eb1rodata.*)

.eb2text
 *(.eb2text)
 *(.eb2rodata)
 *(.eb2rodata.*)

.eb3text
 *(.eb3text)
 *(.eb3rodata)
 *(.eb3rodata.*)

.stab
 *(.stab)

.stabstr
 *(.stabstr)

.stab.excl
 *(.stab.excl)

.stab.exclstr
 *(.stab.exclstr)

.stab.index
 *(.stab.index)

.stab.indexstr
 *(.stab.indexstr)

.comment        0x00000000       0x70
 *(.comment)
 .comment       0x00000000       0x70 ./system/src/stm32f2-stdperiph/misc.o
                                 0x71 (size before relaxing)
 .comment       0x00000000       0x71 ./system/src/stm32f2-stdperiph/stm32f2xx_exti.o
 .comment       0x00000000       0x71 ./system/src/stm32f2-stdperiph/stm32f2xx_gpio.o
 .comment       0x00000000       0x71 ./system/src/stm32f2-stdperiph/stm32f2xx_i2c.o
 .comment       0x00000000       0x71 ./system/src/stm32f2-stdperiph/stm32f2xx_rcc.o
 .comment       0x00000000       0x71 ./system/src/stm32f2-stdperiph/stm32f2xx_syscfg.o
 .comment       0x00000000       0x71 ./system/src/newlib/_exit.o
 .comment       0x00000000       0x71 ./system/src/newlib/_sbrk.o
 .comment       0x00000000       0x71 ./system/src/newlib/_startup.o
 .comment       0x00000000       0x71 ./system/src/newlib/_syscalls.o
 .comment       0x00000000       0x71 ./system/src/newlib/assert.o
 .comment       0x00000000       0x71 ./system/src/diag/Trace.o
 .comment       0x00000000       0x71 ./system/src/diag/trace_impl.o
 .comment       0x00000000       0x71 ./system/src/cortexm/_initialize_hardware.o
 .comment       0x00000000       0x71 ./system/src/cortexm/exception_handlers.o
 .comment       0x00000000       0x71 ./system/src/cmsis/system_stm32f2xx.o
 .comment       0x00000000       0x71 ./system/src/cmsis/vectors_stm32f2xx.o
 .comment       0x00000000       0x71 ./src/Drivers/LCD/fonts.o
 .comment       0x00000000       0x71 ./src/Drivers/LCD/lcd_log.o
 .comment       0x00000000       0x71 ./src/Drivers/LCD/stm322xg_eval.o
 .comment       0x00000000       0x71 ./src/Drivers/LCD/stm322xg_eval_lcd.o
 .comment       0x00000000       0x71 ./src/Drivers/LCD/stm32f2xx_fsmc.o
 .comment       0x00000000       0x71 ./src/main.o

.ARM.attributes
                0x00000000       0x31
 .ARM.attributes
                0x00000000       0x33 ./system/src/stm32f2-stdperiph/misc.o
 .ARM.attributes
                0x00000033       0x33 ./system/src/stm32f2-stdperiph/stm32f2xx_exti.o
 .ARM.attributes
                0x00000066       0x33 ./system/src/stm32f2-stdperiph/stm32f2xx_gpio.o
 .ARM.attributes
                0x00000099       0x33 ./system/src/stm32f2-stdperiph/stm32f2xx_i2c.o
 .ARM.attributes
                0x000000cc       0x33 ./system/src/stm32f2-stdperiph/stm32f2xx_rcc.o
 .ARM.attributes
                0x000000ff       0x33 ./system/src/stm32f2-stdperiph/stm32f2xx_syscfg.o
 .ARM.attributes
                0x00000132       0x33 ./system/src/newlib/_exit.o
 .ARM.attributes
                0x00000165       0x33 ./system/src/newlib/_sbrk.o
 .ARM.attributes
                0x00000198       0x33 ./system/src/newlib/_startup.o
 .ARM.attributes
                0x000001cb       0x33 ./system/src/newlib/_syscalls.o
 .ARM.attributes
                0x000001fe       0x33 ./system/src/newlib/assert.o
 .ARM.attributes
                0x00000231       0x33 ./system/src/diag/Trace.o
 .ARM.attributes
                0x00000264       0x33 ./system/src/diag/trace_impl.o
 .ARM.attributes
                0x00000297       0x33 ./system/src/cortexm/_initialize_hardware.o
 .ARM.attributes
                0x000002ca       0x33 ./system/src/cortexm/exception_handlers.o
 .ARM.attributes
                0x000002fd       0x33 ./system/src/cmsis/system_stm32f2xx.o
 .ARM.attributes
                0x00000330       0x33 ./system/src/cmsis/vectors_stm32f2xx.o
 .ARM.attributes
                0x00000363       0x33 ./src/Drivers/LCD/fonts.o
 .ARM.attributes
                0x00000396       0x33 ./src/Drivers/LCD/lcd_log.o
 .ARM.attributes
                0x000003c9       0x33 ./src/Drivers/LCD/stm322xg_eval.o
 .ARM.attributes
                0x000003fc       0x33 ./src/Drivers/LCD/stm322xg_eval_lcd.o
 .ARM.attributes
                0x0000042f       0x33 ./src/Drivers/LCD/stm32f2xx_fsmc.o
 .ARM.attributes
                0x00000462       0x33 ./src/main.o
 .ARM.attributes
                0x00000495       0x1d c:/program files (x86)/gnu tools arm embedded/4.9 2014q4/bin/../lib/gcc/arm-none-eabi/4.9.3/armv7-m\libgcc.a(_arm_addsubdf3.o)
 .ARM.attributes
                0x000004b2       0x1d c:/program files (x86)/gnu tools arm embedded/4.9 2014q4/bin/../lib/gcc/arm-none-eabi/4.9.3/armv7-m\libgcc.a(_arm_cmpdf2.o)
 .ARM.attributes
                0x000004cf       0x2d c:/program files (x86)/gnu tools arm embedded/4.9 2014q4/bin/../lib/gcc/arm-none-eabi/4.9.3/../../../../arm-none-eabi/lib/armv7-m\libg.a(lib_a-errno.o)
 .ARM.attributes
                0x000004fc       0x2d c:/program files (x86)/gnu tools arm embedded/4.9 2014q4/bin/../lib/gcc/arm-none-eabi/4.9.3/../../../../arm-none-eabi/lib/armv7-m\libg.a(lib_a-impure.o)
 .ARM.attributes
                0x00000529       0x1b c:/program files (x86)/gnu tools arm embedded/4.9 2014q4/bin/../lib/gcc/arm-none-eabi/4.9.3/../../../../arm-none-eabi/lib/armv7-m\libg.a(lib_a-memcpy.o)
 .ARM.attributes
                0x00000544       0x2d c:/program files (x86)/gnu tools arm embedded/4.9 2014q4/bin/../lib/gcc/arm-none-eabi/4.9.3/../../../../arm-none-eabi/lib/armv7-m\libg.a(lib_a-memset.o)
 .ARM.attributes
                0x00000571       0x2d c:/program files (x86)/gnu tools arm embedded/4.9 2014q4/bin/../lib/gcc/arm-none-eabi/4.9.3/../../../../arm-none-eabi/lib/armv7-m\libg.a(lib_a-strlen.o)
 .ARM.attributes
                0x0000059e       0x2d c:/program files (x86)/gnu tools arm embedded/4.9 2014q4/bin/../lib/gcc/arm-none-eabi/4.9.3/../../../../arm-none-eabi/lib/armv7-m\libg.a(lib_a-svfprintf.o)
 .ARM.attributes
                0x000005cb       0x2d c:/program files (x86)/gnu tools arm embedded/4.9 2014q4/bin/../lib/gcc/arm-none-eabi/4.9.3/../../../../arm-none-eabi/lib/armv7-m\libg.a(lib_a-vsnprintf.o)
 .ARM.attributes
                0x000005f8       0x2d c:/program files (x86)/gnu tools arm embedded/4.9 2014q4/bin/../lib/gcc/arm-none-eabi/4.9.3/../../../../arm-none-eabi/lib/armv7-m\libg.a(lib_a-dtoa.o)
 .ARM.attributes
                0x00000625       0x2d c:/program files (x86)/gnu tools arm embedded/4.9 2014q4/bin/../lib/gcc/arm-none-eabi/4.9.3/../../../../arm-none-eabi/lib/armv7-m\libg.a(lib_a-locale.o)
 .ARM.attributes
                0x00000652       0x2d c:/program files (x86)/gnu tools arm embedded/4.9 2014q4/bin/../lib/gcc/arm-none-eabi/4.9.3/../../../../arm-none-eabi/lib/armv7-m\libg.a(lib_a-mallocr.o)
 .ARM.attributes
                0x0000067f       0x2d c:/program files (x86)/gnu tools arm embedded/4.9 2014q4/bin/../lib/gcc/arm-none-eabi/4.9.3/../../../../arm-none-eabi/lib/armv7-m\libg.a(lib_a-memchr.o)
 .ARM.attributes
                0x000006ac       0x2d c:/program files (x86)/gnu tools arm embedded/4.9 2014q4/bin/../lib/gcc/arm-none-eabi/4.9.3/../../../../arm-none-eabi/lib/armv7-m\libg.a(lib_a-mlock.o)
 .ARM.attributes
                0x000006d9       0x2d c:/program files (x86)/gnu tools arm embedded/4.9 2014q4/bin/../lib/gcc/arm-none-eabi/4.9.3/../../../../arm-none-eabi/lib/armv7-m\libg.a(lib_a-mprec.o)
 .ARM.attributes
                0x00000706       0x2d c:/program files (x86)/gnu tools arm embedded/4.9 2014q4/bin/../lib/gcc/arm-none-eabi/4.9.3/../../../../arm-none-eabi/lib/armv7-m\libg.a(lib_a-s_fpclassify.o)
 .ARM.attributes
                0x00000733       0x2d c:/program files (x86)/gnu tools arm embedded/4.9 2014q4/bin/../lib/gcc/arm-none-eabi/4.9.3/../../../../arm-none-eabi/lib/armv7-m\libg.a(lib_a-sbrkr.o)
 .ARM.attributes
                0x00000760       0x1b c:/program files (x86)/gnu tools arm embedded/4.9 2014q4/bin/../lib/gcc/arm-none-eabi/4.9.3/../../../../arm-none-eabi/lib/armv7-m\libg.a(lib_a-strcmp.o)
 .ARM.attributes
                0x0000077b       0x2d c:/program files (x86)/gnu tools arm embedded/4.9 2014q4/bin/../lib/gcc/arm-none-eabi/4.9.3/../../../../arm-none-eabi/lib/armv7-m\libg.a(lib_a-svfiprintf.o)
 .ARM.attributes
                0x000007a8       0x2d c:/program files (x86)/gnu tools arm embedded/4.9 2014q4/bin/../lib/gcc/arm-none-eabi/4.9.3/../../../../arm-none-eabi/lib/armv7-m\libg.a(lib_a-callocr.o)
 .ARM.attributes
                0x000007d5       0x2d c:/program files (x86)/gnu tools arm embedded/4.9 2014q4/bin/../lib/gcc/arm-none-eabi/4.9.3/../../../../arm-none-eabi/lib/armv7-m\libg.a(lib_a-freer.o)
 .ARM.attributes
                0x00000802       0x2d c:/program files (x86)/gnu tools arm embedded/4.9 2014q4/bin/../lib/gcc/arm-none-eabi/4.9.3/../../../../arm-none-eabi/lib/armv7-m\libg.a(lib_a-memmove.o)
 .ARM.attributes
                0x0000082f       0x2d c:/program files (x86)/gnu tools arm embedded/4.9 2014q4/bin/../lib/gcc/arm-none-eabi/4.9.3/../../../../arm-none-eabi/lib/armv7-m\libg.a(lib_a-reallocr.o)
 .ARM.attributes
                0x0000085c       0x1d c:/program files (x86)/gnu tools arm embedded/4.9 2014q4/bin/../lib/gcc/arm-none-eabi/4.9.3/armv7-m\libgcc.a(_arm_muldivdf3.o)
 .ARM.attributes
                0x00000879       0x1d c:/program files (x86)/gnu tools arm embedded/4.9 2014q4/bin/../lib/gcc/arm-none-eabi/4.9.3/armv7-m\libgcc.a(_arm_fixdfsi.o)
 .ARM.attributes
                0x00000896       0x1d c:/program files (x86)/gnu tools arm embedded/4.9 2014q4/bin/../lib/gcc/arm-none-eabi/4.9.3/armv7-m\libgcc.a(_aeabi_uldivmod.o)
 .ARM.attributes
                0x000008b3       0x2d c:/program files (x86)/gnu tools arm embedded/4.9 2014q4/bin/../lib/gcc/arm-none-eabi/4.9.3/armv7-m\libgcc.a(bpabi.o)
 .ARM.attributes
                0x000008e0       0x1d c:/program files (x86)/gnu tools arm embedded/4.9 2014q4/bin/../lib/gcc/arm-none-eabi/4.9.3/armv7-m\libgcc.a(_dvmd_tls.o)
 .ARM.attributes
                0x000008fd       0x2d c:/program files (x86)/gnu tools arm embedded/4.9 2014q4/bin/../lib/gcc/arm-none-eabi/4.9.3/armv7-m\libgcc.a(_divdi3.o)
 .ARM.attributes
                0x0000092a       0x2d c:/program files (x86)/gnu tools arm embedded/4.9 2014q4/bin/../lib/gcc/arm-none-eabi/4.9.3/armv7-m\libgcc.a(_udivdi3.o)

.debug
 *(.debug)

.line
 *(.line)

.debug_srcinfo
 *(.debug_srcinfo)

.debug_sfnames
 *(.debug_sfnames)

.debug_aranges  0x00000000      0xa28
 *(.debug_aranges)
 .debug_aranges
                0x00000000       0x40 ./system/src/stm32f2-stdperiph/misc.o
 .debug_aranges
                0x00000040       0x58 ./system/src/stm32f2-stdperiph/stm32f2xx_exti.o
 .debug_aranges
                0x00000098       0x88 ./system/src/stm32f2-stdperiph/stm32f2xx_gpio.o
 .debug_aranges
                0x00000120      0x120 ./system/src/stm32f2-stdperiph/stm32f2xx_i2c.o
 .debug_aranges
                0x00000240      0x178 ./system/src/stm32f2-stdperiph/stm32f2xx_rcc.o
 .debug_aranges
                0x000003b8       0x48 ./system/src/stm32f2-stdperiph/stm32f2xx_syscfg.o
 .debug_aranges
                0x00000400       0x28 ./system/src/newlib/_exit.o
 .debug_aranges
                0x00000428       0x20 ./system/src/newlib/_sbrk.o
 .debug_aranges
                0x00000448       0x40 ./system/src/newlib/_startup.o
 .debug_aranges
                0x00000488       0xd0 ./system/src/newlib/_syscalls.o
 .debug_aranges
                0x00000558       0x28 ./system/src/newlib/assert.o
 .debug_aranges
                0x00000580       0x48 ./system/src/diag/Trace.o
 .debug_aranges
                0x000005c8       0x28 ./system/src/diag/trace_impl.o
 .debug_aranges
                0x000005f0       0x28 ./system/src/cortexm/_initialize_hardware.o
 .debug_aranges
                0x00000618       0x68 ./system/src/cortexm/exception_handlers.o
 .debug_aranges
                0x00000680       0x28 ./system/src/cmsis/system_stm32f2xx.o
 .debug_aranges
                0x000006a8       0x20 ./system/src/cmsis/vectors_stm32f2xx.o
 .debug_aranges
                0x000006c8       0x18 ./src/Drivers/LCD/fonts.o
 .debug_aranges
                0x000006e0       0x58 ./src/Drivers/LCD/lcd_log.o
 .debug_aranges
                0x00000738       0x88 ./src/Drivers/LCD/stm322xg_eval.o
 .debug_aranges
                0x000007c0      0x150 ./src/Drivers/LCD/stm322xg_eval_lcd.o
 .debug_aranges
                0x00000910       0xb0 ./src/Drivers/LCD/stm32f2xx_fsmc.o
 .debug_aranges
                0x000009c0       0x68 ./src/main.o

.debug_pubnames
 *(.debug_pubnames)

.debug_info     0x00000000    0x11476
 *(.debug_info .gnu.linkonce.wi.*)
 .debug_info    0x00000000      0x65c ./system/src/stm32f2-stdperiph/misc.o
 .debug_info    0x0000065c      0x48f ./system/src/stm32f2-stdperiph/stm32f2xx_exti.o
 .debug_info    0x00000aeb      0xb10 ./system/src/stm32f2-stdperiph/stm32f2xx_gpio.o
 .debug_info    0x000015fb     0x133d ./system/src/stm32f2-stdperiph/stm32f2xx_i2c.o
 .debug_info    0x00002938     0x13f6 ./system/src/stm32f2-stdperiph/stm32f2xx_rcc.o
 .debug_info    0x00003d2e      0x364 ./system/src/stm32f2-stdperiph/stm32f2xx_syscfg.o
 .debug_info    0x00004092      0x100 ./system/src/newlib/_exit.o
 .debug_info    0x00004192      0x125 ./system/src/newlib/_sbrk.o
 .debug_info    0x000042b7      0x4f3 ./system/src/newlib/_startup.o
 .debug_info    0x000047aa      0x8f3 ./system/src/newlib/_syscalls.o
 .debug_info    0x0000509d      0x250 ./system/src/newlib/assert.o
 .debug_info    0x000052ed      0x445 ./system/src/diag/Trace.o
 .debug_info    0x00005732      0x3f8 ./system/src/diag/trace_impl.o
 .debug_info    0x00005b2a       0xea ./system/src/cortexm/_initialize_hardware.o
 .debug_info    0x00005c14       0xe9 ./system/src/cortexm/exception_handlers.o
 .debug_info    0x00005cfd      0x58c ./system/src/cmsis/system_stm32f2xx.o
 .debug_info    0x00006289       0xa8 ./system/src/cmsis/vectors_stm32f2xx.o
 .debug_info    0x00006331      0x1a2 ./src/Drivers/LCD/fonts.o
 .debug_info    0x000064d3      0x97e ./src/Drivers/LCD/lcd_log.o
 .debug_info    0x00006e51     0x1af5 ./src/Drivers/LCD/stm322xg_eval.o
 .debug_info    0x00008946     0x5d17 ./src/Drivers/LCD/stm322xg_eval_lcd.o
 .debug_info    0x0000e65d     0x11e0 ./src/Drivers/LCD/stm32f2xx_fsmc.o
 .debug_info    0x0000f83d     0x1c39 ./src/main.o

.debug_abbrev   0x00000000     0x2a02
 *(.debug_abbrev)
 .debug_abbrev  0x00000000      0x188 ./system/src/stm32f2-stdperiph/misc.o
 .debug_abbrev  0x00000188      0x1f7 ./system/src/stm32f2-stdperiph/stm32f2xx_exti.o
 .debug_abbrev  0x0000037f      0x20a ./system/src/stm32f2-stdperiph/stm32f2xx_gpio.o
 .debug_abbrev  0x00000589      0x205 ./system/src/stm32f2-stdperiph/stm32f2xx_i2c.o
 .debug_abbrev  0x0000078e      0x2ca ./system/src/stm32f2-stdperiph/stm32f2xx_rcc.o
 .debug_abbrev  0x00000a58      0x186 ./system/src/stm32f2-stdperiph/stm32f2xx_syscfg.o
 .debug_abbrev  0x00000bde       0xa4 ./system/src/newlib/_exit.o
 .debug_abbrev  0x00000c82       0xbb ./system/src/newlib/_sbrk.o
 .debug_abbrev  0x00000d3d      0x22e ./system/src/newlib/_startup.o
 .debug_abbrev  0x00000f6b      0x178 ./system/src/newlib/_syscalls.o
 .debug_abbrev  0x000010e3      0x112 ./system/src/newlib/assert.o
 .debug_abbrev  0x000011f5      0x1cf ./system/src/diag/Trace.o
 .debug_abbrev  0x000013c4      0x1a0 ./system/src/diag/trace_impl.o
 .debug_abbrev  0x00001564       0x8b ./system/src/cortexm/_initialize_hardware.o
 .debug_abbrev  0x000015ef       0x65 ./system/src/cortexm/exception_handlers.o
 .debug_abbrev  0x00001654      0x162 ./system/src/cmsis/system_stm32f2xx.o
 .debug_abbrev  0x000017b6       0xac ./system/src/cmsis/vectors_stm32f2xx.o
 .debug_abbrev  0x00001862       0xa5 ./src/Drivers/LCD/fonts.o
 .debug_abbrev  0x00001907      0x317 ./src/Drivers/LCD/lcd_log.o
 .debug_abbrev  0x00001c1e      0x285 ./src/Drivers/LCD/stm322xg_eval.o
 .debug_abbrev  0x00001ea3      0x3d3 ./src/Drivers/LCD/stm322xg_eval_lcd.o
 .debug_abbrev  0x00002276      0x1e0 ./src/Drivers/LCD/stm32f2xx_fsmc.o
 .debug_abbrev  0x00002456      0x5ac ./src/main.o

.debug_line     0x00000000     0x975e
 *(.debug_line)
 .debug_line    0x00000000      0x578 ./system/src/stm32f2-stdperiph/misc.o
 .debug_line    0x00000578      0x6a1 ./system/src/stm32f2-stdperiph/stm32f2xx_exti.o
 .debug_line    0x00000c19      0xa17 ./system/src/stm32f2-stdperiph/stm32f2xx_gpio.o
 .debug_line    0x00001630      0xc95 ./system/src/stm32f2-stdperiph/stm32f2xx_i2c.o
 .debug_line    0x000022c5      0xc2c ./system/src/stm32f2-stdperiph/stm32f2xx_rcc.o
 .debug_line    0x00002ef1      0x53a ./system/src/stm32f2-stdperiph/stm32f2xx_syscfg.o
 .debug_line    0x0000342b      0x2c1 ./system/src/newlib/_exit.o
 .debug_line    0x000036ec      0x26d ./system/src/newlib/_sbrk.o
 .debug_line    0x00003959      0x338 ./system/src/newlib/_startup.o
 .debug_line    0x00003c91      0x4db ./system/src/newlib/_syscalls.o
 .debug_line    0x0000416c      0x33e ./system/src/newlib/assert.o
 .debug_line    0x000044aa      0x35f ./system/src/diag/Trace.o
 .debug_line    0x00004809      0x595 ./system/src/diag/trace_impl.o
 .debug_line    0x00004d9e      0x4c6 ./system/src/cortexm/_initialize_hardware.o
 .debug_line    0x00005264       0xbf ./system/src/cortexm/exception_handlers.o
 .debug_line    0x00005323      0x501 ./system/src/cmsis/system_stm32f2xx.o
 .debug_line    0x00005824       0x8e ./system/src/cmsis/vectors_stm32f2xx.o
 .debug_line    0x000058b2      0x1f0 ./src/Drivers/LCD/fonts.o
 .debug_line    0x00005aa2      0x7e3 ./src/Drivers/LCD/lcd_log.o
 .debug_line    0x00006285      0x75e ./src/Drivers/LCD/stm322xg_eval.o
 .debug_line    0x000069e3     0x16b0 ./src/Drivers/LCD/stm322xg_eval_lcd.o
 .debug_line    0x00008093      0x9fe ./src/Drivers/LCD/stm32f2xx_fsmc.o
 .debug_line    0x00008a91      0xccd ./src/main.o

.debug_frame    0x00000000     0x25e4
 *(.debug_frame)
 .debug_frame   0x00000000       0x94 ./system/src/stm32f2-stdperiph/misc.o
 .debug_frame   0x00000094       0xc4 ./system/src/stm32f2-stdperiph/stm32f2xx_exti.o
 .debug_frame   0x00000158      0x1e4 ./system/src/stm32f2-stdperiph/stm32f2xx_gpio.o
 .debug_frame   0x0000033c      0x3d0 ./system/src/stm32f2-stdperiph/stm32f2xx_i2c.o
 .debug_frame   0x0000070c      0x474 ./system/src/stm32f2-stdperiph/stm32f2xx_rcc.o
 .debug_frame   0x00000b80       0xa0 ./system/src/stm32f2-stdperiph/stm32f2xx_syscfg.o
 .debug_frame   0x00000c20       0x38 ./system/src/newlib/_exit.o
 .debug_frame   0x00000c58       0x28 ./system/src/newlib/_sbrk.o
 .debug_frame   0x00000c80       0x80 ./system/src/newlib/_startup.o
 .debug_frame   0x00000d00      0x230 ./system/src/newlib/_syscalls.o
 .debug_frame   0x00000f30       0x44 ./system/src/newlib/assert.o
 .debug_frame   0x00000f74      0x108 ./system/src/diag/Trace.o
 .debug_frame   0x0000107c       0x48 ./system/src/diag/trace_impl.o
 .debug_frame   0x000010c4       0x30 ./system/src/cortexm/_initialize_hardware.o
 .debug_frame   0x000010f4       0xb8 ./system/src/cortexm/exception_handlers.o
 .debug_frame   0x000011ac       0x48 ./system/src/cmsis/system_stm32f2xx.o
 .debug_frame   0x000011f4       0x20 ./system/src/cmsis/vectors_stm32f2xx.o
 .debug_frame   0x00001214      0x154 ./src/Drivers/LCD/lcd_log.o
 .debug_frame   0x00001368      0x1d4 ./src/Drivers/LCD/stm322xg_eval.o
 .debug_frame   0x0000153c      0x518 ./src/Drivers/LCD/stm322xg_eval_lcd.o
 .debug_frame   0x00001a54      0x214 ./src/Drivers/LCD/stm32f2xx_fsmc.o
 .debug_frame   0x00001c68      0x140 ./src/main.o
 .debug_frame   0x00001da8       0x20 c:/program files (x86)/gnu tools arm embedded/4.9 2014q4/bin/../lib/gcc/arm-none-eabi/4.9.3/../../../../arm-none-eabi/lib/armv7-m\libg.a(lib_a-errno.o)
 .debug_frame   0x00001dc8       0x34 c:/program files (x86)/gnu tools arm embedded/4.9 2014q4/bin/../lib/gcc/arm-none-eabi/4.9.3/../../../../arm-none-eabi/lib/armv7-m\libg.a(lib_a-memset.o)
 .debug_frame   0x00001dfc       0x20 c:/program files (x86)/gnu tools arm embedded/4.9 2014q4/bin/../lib/gcc/arm-none-eabi/4.9.3/../../../../arm-none-eabi/lib/armv7-m\libg.a(lib_a-strlen.o)
 .debug_frame   0x00001e1c       0x40 c:/program files (x86)/gnu tools arm embedded/4.9 2014q4/bin/../lib/gcc/arm-none-eabi/4.9.3/../../../../arm-none-eabi/lib/armv7-m\libg.a(lib_a-svfprintf.o)
 .debug_frame   0x00001e5c       0x60 c:/program files (x86)/gnu tools arm embedded/4.9 2014q4/bin/../lib/gcc/arm-none-eabi/4.9.3/../../../../arm-none-eabi/lib/armv7-m\libg.a(lib_a-vsnprintf.o)
 .debug_frame   0x00001ebc       0x84 c:/program files (x86)/gnu tools arm embedded/4.9 2014q4/bin/../lib/gcc/arm-none-eabi/4.9.3/../../../../arm-none-eabi/lib/armv7-m\libg.a(lib_a-dtoa.o)
 .debug_frame   0x00001f40       0x9c c:/program files (x86)/gnu tools arm embedded/4.9 2014q4/bin/../lib/gcc/arm-none-eabi/4.9.3/../../../../arm-none-eabi/lib/armv7-m\libg.a(lib_a-locale.o)
 .debug_frame   0x00001fdc       0x54 c:/program files (x86)/gnu tools arm embedded/4.9 2014q4/bin/../lib/gcc/arm-none-eabi/4.9.3/../../../../arm-none-eabi/lib/armv7-m\libg.a(lib_a-mallocr.o)
 .debug_frame   0x00002030       0x3c c:/program files (x86)/gnu tools arm embedded/4.9 2014q4/bin/../lib/gcc/arm-none-eabi/4.9.3/../../../../arm-none-eabi/lib/armv7-m\libg.a(lib_a-memchr.o)
 .debug_frame   0x0000206c       0x30 c:/program files (x86)/gnu tools arm embedded/4.9 2014q4/bin/../lib/gcc/arm-none-eabi/4.9.3/../../../../arm-none-eabi/lib/armv7-m\libg.a(lib_a-mlock.o)
 .debug_frame   0x0000209c      0x268 c:/program files (x86)/gnu tools arm embedded/4.9 2014q4/bin/../lib/gcc/arm-none-eabi/4.9.3/../../../../arm-none-eabi/lib/armv7-m\libg.a(lib_a-mprec.o)
 .debug_frame   0x00002304       0x34 c:/program files (x86)/gnu tools arm embedded/4.9 2014q4/bin/../lib/gcc/arm-none-eabi/4.9.3/../../../../arm-none-eabi/lib/armv7-m\libg.a(lib_a-s_fpclassify.o)
 .debug_frame   0x00002338       0x2c c:/program files (x86)/gnu tools arm embedded/4.9 2014q4/bin/../lib/gcc/arm-none-eabi/4.9.3/../../../../arm-none-eabi/lib/armv7-m\libg.a(lib_a-sbrkr.o)
 .debug_frame   0x00002364       0x78 c:/program files (x86)/gnu tools arm embedded/4.9 2014q4/bin/../lib/gcc/arm-none-eabi/4.9.3/../../../../arm-none-eabi/lib/armv7-m\libg.a(lib_a-svfiprintf.o)
 .debug_frame   0x000023dc       0x28 c:/program files (x86)/gnu tools arm embedded/4.9 2014q4/bin/../lib/gcc/arm-none-eabi/4.9.3/../../../../arm-none-eabi/lib/armv7-m\libg.a(lib_a-callocr.o)
 .debug_frame   0x00002404       0x74 c:/program files (x86)/gnu tools arm embedded/4.9 2014q4/bin/../lib/gcc/arm-none-eabi/4.9.3/../../../../arm-none-eabi/lib/armv7-m\libg.a(lib_a-freer.o)
 .debug_frame   0x00002478       0x30 c:/program files (x86)/gnu tools arm embedded/4.9 2014q4/bin/../lib/gcc/arm-none-eabi/4.9.3/../../../../arm-none-eabi/lib/armv7-m\libg.a(lib_a-memmove.o)
 .debug_frame   0x000024a8       0x58 c:/program files (x86)/gnu tools arm embedded/4.9 2014q4/bin/../lib/gcc/arm-none-eabi/4.9.3/../../../../arm-none-eabi/lib/armv7-m\libg.a(lib_a-reallocr.o)
 .debug_frame   0x00002500       0x28 c:/program files (x86)/gnu tools arm embedded/4.9 2014q4/bin/../lib/gcc/arm-none-eabi/4.9.3/armv7-m\libgcc.a(_aeabi_uldivmod.o)
 .debug_frame   0x00002528       0x54 c:/program files (x86)/gnu tools arm embedded/4.9 2014q4/bin/../lib/gcc/arm-none-eabi/4.9.3/armv7-m\libgcc.a(bpabi.o)
 .debug_frame   0x0000257c       0x34 c:/program files (x86)/gnu tools arm embedded/4.9 2014q4/bin/../lib/gcc/arm-none-eabi/4.9.3/armv7-m\libgcc.a(_divdi3.o)
 .debug_frame   0x000025b0       0x34 c:/program files (x86)/gnu tools arm embedded/4.9 2014q4/bin/../lib/gcc/arm-none-eabi/4.9.3/armv7-m\libgcc.a(_udivdi3.o)

.debug_str      0x00000000    0x62ce1
 *(.debug_str)
 .debug_str     0x00000000    0x54bf1 ./system/src/stm32f2-stdperiph/misc.o
                              0x54d99 (size before relaxing)
 .debug_str     0x00054bf1      0x1c2 ./system/src/stm32f2-stdperiph/stm32f2xx_exti.o
                              0x54d42 (size before relaxing)
 .debug_str     0x00054db3      0x29c ./system/src/stm32f2-stdperiph/stm32f2xx_gpio.o
                              0x54e6b (size before relaxing)
 .debug_str     0x0005504f      0x4b0 ./system/src/stm32f2-stdperiph/stm32f2xx_i2c.o
                              0x55093 (size before relaxing)
 .debug_str     0x000554ff      0xa44 ./system/src/stm32f2-stdperiph/stm32f2xx_rcc.o
                              0x556c5 (size before relaxing)
 .debug_str     0x00055f43      0x2aa ./system/src/stm32f2-stdperiph/stm32f2xx_syscfg.o
                              0x54e0c (size before relaxing)
 .debug_str     0x000561ed     0x3617 ./system/src/newlib/_exit.o
                               0x5db9 (size before relaxing)
 .debug_str     0x00059804      0x4d6 ./system/src/newlib/_sbrk.o
                               0x452b (size before relaxing)
 .debug_str     0x00059cda      0x26d ./system/src/newlib/_startup.o
                               0x3fd3 (size before relaxing)
 .debug_str     0x00059f47      0xe41 ./system/src/newlib/_syscalls.o
                               0x622e (size before relaxing)
 .debug_str     0x0005ad88      0x833 ./system/src/newlib/assert.o
                               0x6f09 (size before relaxing)
 .debug_str     0x0005b5bb      0x178 ./system/src/diag/Trace.o
                               0x65f9 (size before relaxing)
 .debug_str     0x0005b733       0xd2 ./system/src/diag/trace_impl.o
                              0x575d7 (size before relaxing)
 .debug_str     0x0005b805       0x4e ./system/src/cortexm/_initialize_hardware.o
                              0x54b6d (size before relaxing)
 .debug_str     0x0005b853       0xe8 ./system/src/cortexm/exception_handlers.o
                               0x25b1 (size before relaxing)
 .debug_str     0x0005b93b       0xb0 ./system/src/cmsis/system_stm32f2xx.o
                              0x54d63 (size before relaxing)
 .debug_str     0x0005b9eb       0x57 ./system/src/cmsis/vectors_stm32f2xx.o
                               0x254e (size before relaxing)
 .debug_str     0x0005ba42      0x503 ./src/Drivers/LCD/fonts.o
                               0x331b (size before relaxing)
 .debug_str     0x0005bf45     0x2b3c ./src/Drivers/LCD/lcd_log.o
                              0x5a7ef (size before relaxing)
 .debug_str     0x0005ea81      0xab8 ./src/Drivers/LCD/stm322xg_eval.o
                              0x5760f (size before relaxing)
 .debug_str     0x0005f539      0x6b0 ./src/Drivers/LCD/stm322xg_eval_lcd.o
                              0x57b45 (size before relaxing)
 .debug_str     0x0005fbe9      0x4d3 ./src/Drivers/LCD/stm32f2xx_fsmc.o
                              0x55265 (size before relaxing)
 .debug_str     0x000600bc     0x2c25 ./src/main.o
                              0x5df59 (size before relaxing)

.debug_loc      0x00000000     0x9ece
 *(.debug_loc)
 .debug_loc     0x00000000      0x1c9 ./system/src/stm32f2-stdperiph/misc.o
 .debug_loc     0x000001c9      0x254 ./system/src/stm32f2-stdperiph/stm32f2xx_exti.o
 .debug_loc     0x0000041d      0x624 ./system/src/stm32f2-stdperiph/stm32f2xx_gpio.o
 .debug_loc     0x00000a41      0xe4f ./system/src/stm32f2-stdperiph/stm32f2xx_i2c.o
 .debug_loc     0x00001890     0x11ef ./system/src/stm32f2-stdperiph/stm32f2xx_rcc.o
 .debug_loc     0x00002a7f      0x150 ./system/src/stm32f2-stdperiph/stm32f2xx_syscfg.o
 .debug_loc     0x00002bcf       0x6a ./system/src/newlib/_sbrk.o
 .debug_loc     0x00002c39      0x1ab ./system/src/newlib/_startup.o
 .debug_loc     0x00002de4      0x549 ./system/src/newlib/_syscalls.o
 .debug_loc     0x0000332d      0x12f ./system/src/newlib/assert.o
 .debug_loc     0x0000345c      0x161 ./system/src/diag/Trace.o
 .debug_loc     0x000035bd       0xe3 ./system/src/diag/trace_impl.o
 .debug_loc     0x000036a0      0x155 ./system/src/cmsis/system_stm32f2xx.o
 .debug_loc     0x000037f5      0x537 ./src/Drivers/LCD/lcd_log.o
 .debug_loc     0x00003d2c      0x254 ./src/Drivers/LCD/stm322xg_eval.o
 .debug_loc     0x00003f80     0x56b2 ./src/Drivers/LCD/stm322xg_eval_lcd.o
 .debug_loc     0x00009632      0x714 ./src/Drivers/LCD/stm32f2xx_fsmc.o
 .debug_loc     0x00009d46      0x188 ./src/main.o

.debug_macinfo
 *(.debug_macinfo)

.debug_weaknames
 *(.debug_weaknames)

.debug_funcnames
 *(.debug_funcnames)

.debug_typenames
 *(.debug_typenames)

.debug_varnames
 *(.debug_varnames)
OUTPUT(i2c_sniff.elf elf32-littlearm)

.debug_ranges   0x00000000     0x3370
 .debug_ranges  0x00000000       0x30 ./system/src/stm32f2-stdperiph/misc.o
 .debug_ranges  0x00000030       0x48 ./system/src/stm32f2-stdperiph/stm32f2xx_exti.o
 .debug_ranges  0x00000078       0x78 ./system/src/stm32f2-stdperiph/stm32f2xx_gpio.o
 .debug_ranges  0x000000f0      0x110 ./system/src/stm32f2-stdperiph/stm32f2xx_i2c.o
 .debug_ranges  0x00000200      0x180 ./system/src/stm32f2-stdperiph/stm32f2xx_rcc.o
 .debug_ranges  0x00000380       0x38 ./system/src/stm32f2-stdperiph/stm32f2xx_syscfg.o
 .debug_ranges  0x000003b8       0x18 ./system/src/newlib/_exit.o
 .debug_ranges  0x000003d0       0x10 ./system/src/newlib/_sbrk.o
 .debug_ranges  0x000003e0       0x88 ./system/src/newlib/_startup.o
 .debug_ranges  0x00000468       0xc0 ./system/src/newlib/_syscalls.o
 .debug_ranges  0x00000528       0x18 ./system/src/newlib/assert.o
 .debug_ranges  0x00000540       0x38 ./system/src/diag/Trace.o
 .debug_ranges  0x00000578       0x58 ./system/src/diag/trace_impl.o
 .debug_ranges  0x000005d0       0x18 ./system/src/cortexm/_initialize_hardware.o
 .debug_ranges  0x000005e8       0x58 ./system/src/cortexm/exception_handlers.o
 .debug_ranges  0x00000640       0x30 ./system/src/cmsis/system_stm32f2xx.o
 .debug_ranges  0x00000670       0x10 ./system/src/cmsis/vectors_stm32f2xx.o
 .debug_ranges  0x00000680       0xf8 ./src/Drivers/LCD/lcd_log.o
 .debug_ranges  0x00000778      0x140 ./src/Drivers/LCD/stm322xg_eval.o
 .debug_ranges  0x000008b8     0x28a8 ./src/Drivers/LCD/stm322xg_eval_lcd.o
 .debug_ranges  0x00003160       0xa0 ./src/Drivers/LCD/stm32f2xx_fsmc.o
 .debug_ranges  0x00003200      0x170 ./src/main.o

.debug_macro    0x00000000    0x131f6
 .debug_macro   0x00000000      0x1a4 ./system/src/stm32f2-stdperiph/misc.o
 .debug_macro   0x000001a4      0x88c ./system/src/stm32f2-stdperiph/misc.o
 .debug_macro   0x00000a30       0x50 ./system/src/stm32f2-stdperiph/misc.o
 .debug_macro   0x00000a80       0x3a ./system/src/stm32f2-stdperiph/misc.o
 .debug_macro   0x00000aba       0x22 ./system/src/stm32f2-stdperiph/misc.o
 .debug_macro   0x00000adc       0x44 ./system/src/stm32f2-stdperiph/misc.o
 .debug_macro   0x00000b20       0x1c ./system/src/stm32f2-stdperiph/misc.o
 .debug_macro   0x00000b3c      0x1f7 ./system/src/stm32f2-stdperiph/misc.o
 .debug_macro   0x00000d33       0x2d ./system/src/stm32f2-stdperiph/misc.o
 .debug_macro   0x00000d60      0xbb1 ./system/src/stm32f2-stdperiph/misc.o
 .debug_macro   0x00001911     0x7f9a ./system/src/stm32f2-stdperiph/misc.o
 .debug_macro   0x000098ab      0x455 ./system/src/stm32f2-stdperiph/misc.o
 .debug_macro   0x00009d00      0x3cf ./system/src/stm32f2-stdperiph/misc.o
 .debug_macro   0x0000a0cf      0x111 ./system/src/stm32f2-stdperiph/misc.o
 .debug_macro   0x0000a1e0      0x188 ./system/src/stm32f2-stdperiph/misc.o
 .debug_macro   0x0000a368       0xb2 ./system/src/stm32f2-stdperiph/misc.o
 .debug_macro   0x0000a41a      0x149 ./system/src/stm32f2-stdperiph/misc.o
 .debug_macro   0x0000a563      0x477 ./system/src/stm32f2-stdperiph/misc.o
 .debug_macro   0x0000a9da       0xb4 ./system/src/stm32f2-stdperiph/misc.o
 .debug_macro   0x0000aa8e      0x242 ./system/src/stm32f2-stdperiph/misc.o
 .debug_macro   0x0000acd0      0x279 ./system/src/stm32f2-stdperiph/misc.o
 .debug_macro   0x0000af49       0xb5 ./system/src/stm32f2-stdperiph/misc.o
 .debug_macro   0x0000affe      0x25e ./system/src/stm32f2-stdperiph/misc.o
 .debug_macro   0x0000b25c      0x2b4 ./system/src/stm32f2-stdperiph/misc.o
 .debug_macro   0x0000b510       0x64 ./system/src/stm32f2-stdperiph/misc.o
 .debug_macro   0x0000b574       0x88 ./system/src/stm32f2-stdperiph/misc.o
 .debug_macro   0x0000b5fc      0x575 ./system/src/stm32f2-stdperiph/misc.o
 .debug_macro   0x0000bb71       0x40 ./system/src/stm32f2-stdperiph/misc.o
 .debug_macro   0x0000bbb1      0x3f3 ./system/src/stm32f2-stdperiph/misc.o
 .debug_macro   0x0000bfa4      0x344 ./system/src/stm32f2-stdperiph/misc.o
 .debug_macro   0x0000c2e8      0x358 ./system/src/stm32f2-stdperiph/misc.o
 .debug_macro   0x0000c640       0xe1 ./system/src/stm32f2-stdperiph/misc.o
 .debug_macro   0x0000c721      0x73b ./system/src/stm32f2-stdperiph/misc.o
 .debug_macro   0x0000ce5c      0x223 ./system/src/stm32f2-stdperiph/misc.o
 .debug_macro   0x0000d07f       0x34 ./system/src/stm32f2-stdperiph/misc.o
 .debug_macro   0x0000d0b3       0x35 ./system/src/stm32f2-stdperiph/misc.o
 .debug_macro   0x0000d0e8       0x7c ./system/src/stm32f2-stdperiph/misc.o
 .debug_macro   0x0000d164      0x1a4 ./system/src/stm32f2-stdperiph/stm32f2xx_exti.o
 .debug_macro   0x0000d308       0x82 ./system/src/stm32f2-stdperiph/stm32f2xx_exti.o
 .debug_macro   0x0000d38a       0xae ./system/src/stm32f2-stdperiph/stm32f2xx_exti.o
 .debug_macro   0x0000d438      0x19e ./system/src/stm32f2-stdperiph/stm32f2xx_gpio.o
 .debug_macro   0x0000d5d6      0x258 ./system/src/stm32f2-stdperiph/stm32f2xx_gpio.o
 .debug_macro   0x0000d82e      0x1b0 ./system/src/stm32f2-stdperiph/stm32f2xx_i2c.o
 .debug_macro   0x0000d9de      0x2ae ./system/src/stm32f2-stdperiph/stm32f2xx_i2c.o
 .debug_macro   0x0000dc8c      0x247 ./system/src/stm32f2-stdperiph/stm32f2xx_rcc.o
 .debug_macro   0x0000ded3      0x56f ./system/src/stm32f2-stdperiph/stm32f2xx_rcc.o
 .debug_macro   0x0000e442      0x1c8 ./system/src/stm32f2-stdperiph/stm32f2xx_syscfg.o
 .debug_macro   0x0000e60a       0xdb ./system/src/stm32f2-stdperiph/stm32f2xx_syscfg.o
 .debug_macro   0x0000e6e5      0x128 ./system/src/newlib/_exit.o
 .debug_macro   0x0000e80d       0x9c ./system/src/newlib/_exit.o
 .debug_macro   0x0000e8a9      0x10e ./system/src/newlib/_exit.o
 .debug_macro   0x0000e9b7       0x86 ./system/src/newlib/_exit.o
 .debug_macro   0x0000ea3d       0x43 ./system/src/newlib/_exit.o
 .debug_macro   0x0000ea80       0x35 ./system/src/newlib/_exit.o
 .debug_macro   0x0000eab5      0x27a ./system/src/newlib/_exit.o
 .debug_macro   0x0000ed2f       0xd1 ./system/src/newlib/_sbrk.o
 .debug_macro   0x0000ee00       0x19 ./system/src/newlib/_sbrk.o
 .debug_macro   0x0000ee19      0x16d ./system/src/newlib/_sbrk.o
 .debug_macro   0x0000ef86       0x10 ./system/src/newlib/_sbrk.o
 .debug_macro   0x0000ef96      0x23b ./system/src/newlib/_sbrk.o
 .debug_macro   0x0000f1d1       0xf0 ./system/src/newlib/_startup.o
 .debug_macro   0x0000f2c1      0x17c ./system/src/newlib/_syscalls.o
 .debug_macro   0x0000f43d       0x1c ./system/src/newlib/_syscalls.o
 .debug_macro   0x0000f459       0x10 ./system/src/newlib/_syscalls.o
 .debug_macro   0x0000f469       0x10 ./system/src/newlib/_syscalls.o
 .debug_macro   0x0000f479       0x10 ./system/src/newlib/_syscalls.o
 .debug_macro   0x0000f489       0x35 ./system/src/newlib/_syscalls.o
 .debug_macro   0x0000f4be      0x121 ./system/src/newlib/_syscalls.o
 .debug_macro   0x0000f5df       0x22 ./system/src/newlib/_syscalls.o
 .debug_macro   0x0000f601       0x2b ./system/src/newlib/_syscalls.o
 .debug_macro   0x0000f62c      0x118 ./system/src/newlib/_syscalls.o
 .debug_macro   0x0000f744      0x13e ./system/src/newlib/_syscalls.o
 .debug_macro   0x0000f882       0x16 ./system/src/newlib/_syscalls.o
 .debug_macro   0x0000f898      0x19f ./system/src/newlib/assert.o
 .debug_macro   0x0000fa37       0x1c ./system/src/newlib/assert.o
 .debug_macro   0x0000fa53       0x10 ./system/src/newlib/assert.o
 .debug_macro   0x0000fa63       0x1c ./system/src/newlib/assert.o
 .debug_macro   0x0000fa7f       0x10 ./system/src/newlib/assert.o
 .debug_macro   0x0000fa8f       0x16 ./system/src/newlib/assert.o
 .debug_macro   0x0000faa5      0x16d ./system/src/newlib/assert.o
 .debug_macro   0x0000fc12      0x14f ./system/src/diag/Trace.o
 .debug_macro   0x0000fd61       0x16 ./system/src/diag/Trace.o
 .debug_macro   0x0000fd77       0x97 ./system/src/diag/Trace.o
 .debug_macro   0x0000fe0e       0xf6 ./system/src/diag/Trace.o
 .debug_macro   0x0000ff04       0x52 ./system/src/diag/Trace.o
 .debug_macro   0x0000ff56       0x16 ./system/src/diag/Trace.o
 .debug_macro   0x0000ff6c      0x26b ./system/src/diag/trace_impl.o
 .debug_macro   0x000101d7       0x10 ./system/src/diag/trace_impl.o
 .debug_macro   0x000101e7       0xc8 ./system/src/diag/trace_impl.o
 .debug_macro   0x000102af       0xbe ./system/src/diag/trace_impl.o
 .debug_macro   0x0001036d      0x19e ./system/src/cortexm/_initialize_hardware.o
 .debug_macro   0x0001050b       0x1b ./system/src/cortexm/exception_handlers.o
 .debug_macro   0x00010526      0x1b7 ./system/src/cmsis/system_stm32f2xx.o
 .debug_macro   0x000106dd       0x1b ./system/src/cmsis/vectors_stm32f2xx.o
 .debug_macro   0x000106f8       0x60 ./src/Drivers/LCD/fonts.o
 .debug_macro   0x00010758       0x1c ./src/Drivers/LCD/fonts.o
 .debug_macro   0x00010774      0x2c2 ./src/Drivers/LCD/lcd_log.o
 .debug_macro   0x00010a36      0xbb1 ./src/Drivers/LCD/lcd_log.o
 .debug_macro   0x000115e7      0x3d4 ./src/Drivers/LCD/lcd_log.o
 .debug_macro   0x000119bb      0x2ea ./src/Drivers/LCD/lcd_log.o
 .debug_macro   0x00011ca5       0x10 ./src/Drivers/LCD/lcd_log.o
 .debug_macro   0x00011cb5      0x423 ./src/Drivers/LCD/lcd_log.o
 .debug_macro   0x000120d8       0x97 ./src/Drivers/LCD/lcd_log.o
 .debug_macro   0x0001216f       0xfd ./src/Drivers/LCD/lcd_log.o
 .debug_macro   0x0001226c       0x28 ./src/Drivers/LCD/lcd_log.o
 .debug_macro   0x00012294       0x2e ./src/Drivers/LCD/lcd_log.o
 .debug_macro   0x000122c2      0x1b1 ./src/Drivers/LCD/stm322xg_eval.o
 .debug_macro   0x00012473      0x1ed ./src/Drivers/LCD/stm322xg_eval_lcd.o
 .debug_macro   0x00012660      0x1ce ./src/Drivers/LCD/stm32f2xx_fsmc.o
 .debug_macro   0x0001282e      0x273 ./src/Drivers/LCD/stm32f2xx_fsmc.o
 .debug_macro   0x00012aa1      0x53b ./src/main.o
 .debug_macro   0x00012fdc       0x1c ./src/main.o
 .debug_macro   0x00012ff8       0x6e ./src/main.o
 .debug_macro   0x00013066       0x28 ./src/main.o
 .debug_macro   0x0001308e       0x11 ./src/main.o
 .debug_macro   0x0001309f       0x12 ./src/main.o
 .debug_macro   0x000130b1       0x82 ./src/main.o
 .debug_macro   0x00013133       0x12 ./src/main.o
 .debug_macro   0x00013145       0x12 ./src/main.o
 .debug_macro   0x00013157       0x46 ./src/main.o
 .debug_macro   0x0001319d       0x17 ./src/main.o
 .debug_macro   0x000131b4       0x10 ./src/main.o
 .debug_macro   0x000131c4       0x16 ./src/main.o
 .debug_macro   0x000131da       0x1c ./src/main.o
